../Core/Src/main.c:100:5:main	1
../Core/Src/main.c:159:6:SystemClock_Config	3
../Core/Src/main.c:206:13:MX_ADC1_Init	7
../Core/Src/main.c:301:13:MX_CORDIC_Init	2
../Core/Src/main.c:327:13:MX_I2C2_Init	4
../Core/Src/main.c:375:13:MX_SPI1_Init	2
../Core/Src/main.c:415:13:MX_SPI2_Init	2
../Core/Src/main.c:455:13:MX_SPI3_Init	2
../Core/Src/main.c:495:13:MX_TIM1_Init	7
../Core/Src/main.c:577:13:MX_TIM20_Init	7
../Core/Src/main.c:659:13:MX_USART2_UART_Init	5
../Core/Src/main.c:707:13:MX_USART3_UART_Init	5
../Core/Src/main.c:753:13:MX_DMA_Init	1
../Core/Src/main.c:797:13:MX_GPIO_Init	1
../Core/Src/main.c:949:6:HAL_TIM_PeriodElapsedCallback	2
../Core/Src/main.c:967:6:Error_Handler	1
