Archive member included because of file (symbol)

d:/programy/4.5.0.202105191637/eclipse/arm-gcc-49/bin/../lib/gcc/arm-none-eabi/4.9.3/../../../../arm-none-eabi/lib/armv7e-m/softfp\libg_nano.a(lib_a-errno.o)
                              ./Libraries/Newlib/syscalls.o (__errno)
d:/programy/4.5.0.202105191637/eclipse/arm-gcc-49/bin/../lib/gcc/arm-none-eabi/4.9.3/../../../../arm-none-eabi/lib/armv7e-m/softfp\libg_nano.a(lib_a-impure.o)
                              d:/programy/4.5.0.202105191637/eclipse/arm-gcc-49/bin/../lib/gcc/arm-none-eabi/4.9.3/../../../../arm-none-eabi/lib/armv7e-m/softfp\libg_nano.a(lib_a-errno.o) (_impure_ptr)
d:/programy/4.5.0.202105191637/eclipse/arm-gcc-49/bin/../lib/gcc/arm-none-eabi/4.9.3/../../../../arm-none-eabi/lib/armv7e-m/softfp\libg_nano.a(lib_a-init.o)
                              ./Startup/startup_XMC4200.o (__libc_init_array)
d:/programy/4.5.0.202105191637/eclipse/arm-gcc-49/bin/../lib/gcc/arm-none-eabi/4.9.3/../../../../arm-none-eabi/lib/armv7e-m/softfp\libg_nano.a(lib_a-memcpy.o)
                              ./Libraries/XMCLib/src/xmc_usbd.o (memcpy)
d:/programy/4.5.0.202105191637/eclipse/arm-gcc-49/bin/../lib/gcc/arm-none-eabi/4.9.3/../../../../arm-none-eabi/lib/armv7e-m/softfp\libg_nano.a(lib_a-memset.o)
                              ./Libraries/XMCLib/src/xmc_usbd.o (memset)

Allocating common symbols
Common symbol       size              file

rx_data             0xa               ./main.o
xmc_device          0x208             ./Libraries/XMCLib/src/xmc_usbd.o
tx_data             0xa               ./main.o

Discarded input sections

 .text          0x00000000        0x0 ./Startup/startup_XMC4200.o
 .data          0x00000000        0x0 ./Startup/startup_XMC4200.o
 .bss           0x00000000        0x0 ./Startup/startup_XMC4200.o
 .text          0x00000000        0x0 ./Startup/system_XMC4200.o
 .data          0x00000000        0x0 ./Startup/system_XMC4200.o
 .bss           0x00000000        0x0 ./Startup/system_XMC4200.o
 .text.delay    0x00000000       0x28 ./Startup/system_XMC4200.o
 .text.SystemCoreSetup
                0x00000000       0x70 ./Startup/system_XMC4200.o
 .text.SystemCoreClockSetup
                0x00000000      0x1e8 ./Startup/system_XMC4200.o
 .comment       0x00000000       0x71 ./Startup/system_XMC4200.o
 .text          0x00000000        0x0 ./Libraries/XMCLib/src/xmc4_eru.o
 .data          0x00000000        0x0 ./Libraries/XMCLib/src/xmc4_eru.o
 .bss           0x00000000        0x0 ./Libraries/XMCLib/src/xmc4_eru.o
 .text.XMC_ERU_Enable
                0x00000000       0x2c ./Libraries/XMCLib/src/xmc4_eru.o
 .text.XMC_ERU_Disable
                0x00000000       0x2c ./Libraries/XMCLib/src/xmc4_eru.o
 .debug_info    0x00000000      0x5be ./Libraries/XMCLib/src/xmc4_eru.o
 .debug_abbrev  0x00000000      0x180 ./Libraries/XMCLib/src/xmc4_eru.o
 .debug_loc     0x00000000       0xa0 ./Libraries/XMCLib/src/xmc4_eru.o
 .debug_aranges
                0x00000000       0x28 ./Libraries/XMCLib/src/xmc4_eru.o
 .debug_ranges  0x00000000       0x18 ./Libraries/XMCLib/src/xmc4_eru.o
 .debug_line    0x00000000      0x288 ./Libraries/XMCLib/src/xmc4_eru.o
 .debug_str     0x00000000      0x791 ./Libraries/XMCLib/src/xmc4_eru.o
 .comment       0x00000000       0x71 ./Libraries/XMCLib/src/xmc4_eru.o
 .debug_frame   0x00000000       0x60 ./Libraries/XMCLib/src/xmc4_eru.o
 .ARM.attributes
                0x00000000       0x37 ./Libraries/XMCLib/src/xmc4_eru.o
 .text          0x00000000        0x0 ./Libraries/XMCLib/src/xmc4_flash.o
 .data          0x00000000        0x0 ./Libraries/XMCLib/src/xmc4_flash.o
 .bss           0x00000000        0x0 ./Libraries/XMCLib/src/xmc4_flash.o
 .text.XMC_FLASH_lEnterPageModeCommand
                0x00000000       0x20 ./Libraries/XMCLib/src/xmc4_flash.o
 .text.XMC_FLASH_lLoadPageCommand
                0x00000000       0x30 ./Libraries/XMCLib/src/xmc4_flash.o
 .text.XMC_FLASH_lWritePageCommand
                0x00000000       0x44 ./Libraries/XMCLib/src/xmc4_flash.o
 .text.XMC_FLASH_lWriteUCBPageCommand
                0x00000000       0x44 ./Libraries/XMCLib/src/xmc4_flash.o
 .text.XMC_FLASH_lEraseSectorCommand
                0x00000000       0x58 ./Libraries/XMCLib/src/xmc4_flash.o
 .text.XMC_FLASH_lDisableSectorWriteProtectionCommand
                0x00000000       0x64 ./Libraries/XMCLib/src/xmc4_flash.o
 .text.XMC_FLASH_lDisableReadProtectionCommand
                0x00000000       0x60 ./Libraries/XMCLib/src/xmc4_flash.o
 .text.XMC_FLASH_lClearStatusCommand
                0x00000000       0x20 ./Libraries/XMCLib/src/xmc4_flash.o
 .text.XMC_FLASH_ClearStatus
                0x00000000        0xc ./Libraries/XMCLib/src/xmc4_flash.o
 .text.XMC_FLASH_GetStatus
                0x00000000       0x1c ./Libraries/XMCLib/src/xmc4_flash.o
 .text.XMC_FLASH_EnableEvent
                0x00000000       0x30 ./Libraries/XMCLib/src/xmc4_flash.o
 .text.XMC_FLASH_DisableEvent
[...]
Memory Configuration

Name             Origin             Length             Attributes
FLASH_1_cached   0x08000000         0x00040000         xr
FLASH_1_uncached 0x0c000000         0x00040000         xr
PSRAM_1          0x1fffc000         0x00004000         !xr
DSRAM_1_system   0x20000000         0x00006000         !xr
SRAM_combined    0x1fffc000         0x0000a000         !xr
*default*        0x00000000         0xffffffff

Linker script and memory map

LOAD ./Startup/startup_XMC4200.o
LOAD ./Startup/system_XMC4200.o
LOAD ./Libraries/XMCLib/src/xmc4_eru.o
LOAD ./Libraries/XMCLib/src/xmc4_flash.o
LOAD ./Libraries/XMCLib/src/xmc4_gpio.o
LOAD ./Libraries/XMCLib/src/xmc4_rtc.o
LOAD ./Libraries/XMCLib/src/xmc4_scu.o
LOAD ./Libraries/XMCLib/src/xmc_can.o
LOAD ./Libraries/XMCLib/src/xmc_ccu4.o
LOAD ./Libraries/XMCLib/src/xmc_ccu8.o
LOAD ./Libraries/XMCLib/src/xmc_common.o
LOAD ./Libraries/XMCLib/src/xmc_dac.o
LOAD ./Libraries/XMCLib/src/xmc_dma.o
LOAD ./Libraries/XMCLib/src/xmc_dsd.o
LOAD ./Libraries/XMCLib/src/xmc_ebu.o
LOAD ./Libraries/XMCLib/src/xmc_ecat.o
LOAD ./Libraries/XMCLib/src/xmc_eru.o
LOAD ./Libraries/XMCLib/src/xmc_eth_mac.o
LOAD ./Libraries/XMCLib/src/xmc_eth_phy_dp83848.o
LOAD ./Libraries/XMCLib/src/xmc_eth_phy_ksz8031rnl.o
LOAD ./Libraries/XMCLib/src/xmc_eth_phy_ksz8081rnb.o
LOAD ./Libraries/XMCLib/src/xmc_fce.o
LOAD ./Libraries/XMCLib/src/xmc_gpio.o
LOAD ./Libraries/XMCLib/src/xmc_hrpwm.o
LOAD ./Libraries/XMCLib/src/xmc_i2c.o
LOAD ./Libraries/XMCLib/src/xmc_i2s.o
LOAD ./Libraries/XMCLib/src/xmc_ledts.o
LOAD ./Libraries/XMCLib/src/xmc_posif.o
LOAD ./Libraries/XMCLib/src/xmc_rtc.o
LOAD ./Libraries/XMCLib/src/xmc_sdmmc.o
LOAD ./Libraries/XMCLib/src/xmc_spi.o
LOAD ./Libraries/XMCLib/src/xmc_uart.o
LOAD ./Libraries/XMCLib/src/xmc_usbd.o
LOAD ./Libraries/XMCLib/src/xmc_usbh.o
LOAD ./Libraries/XMCLib/src/xmc_usic.o
LOAD ./Libraries/XMCLib/src/xmc_vadc.o
LOAD ./Libraries/XMCLib/src/xmc_wdt.o
LOAD ./Libraries/Newlib/syscalls.o
LOAD ./Dave/Generated/UART/uart.o
LOAD ./Dave/Generated/UART/uart_conf.o
LOAD ./Dave/Generated/SPI_SLAVE/spi_slave.o
LOAD ./Dave/Generated/SPI_SLAVE/spi_slave_conf.o
LOAD ./Dave/Generated/PWM_CCU8/pwm_ccu8.o
LOAD ./Dave/Generated/PWM_CCU8/pwm_ccu8_conf.o
LOAD ./Dave/Generated/PWM_CCU4/pwm_ccu4.o
LOAD ./Dave/Generated/PWM_CCU4/pwm_ccu4_conf.o
LOAD ./Dave/Generated/I2C_MASTER/i2c_master.o
LOAD ./Dave/Generated/I2C_MASTER/i2c_master_conf.o
LOAD ./Dave/Generated/GLOBAL_CCU8/global_ccu8.o
LOAD ./Dave/Generated/GLOBAL_CCU8/global_ccu8_conf.o
LOAD ./Dave/Generated/GLOBAL_CCU4/global_ccu4.o
LOAD ./Dave/Generated/GLOBAL_CCU4/global_ccu4_conf.o
LOAD ./Dave/Generated/DIGITAL_IO/digital_io.o
LOAD ./Dave/Generated/DIGITAL_IO/digital_io_conf.o
LOAD ./Dave/Generated/CPU_CTRL_XMC4/cpu_ctrl_xmc4.o
LOAD ./Dave/Generated/CPU_CTRL_XMC4/cpu_ctrl_xmc4_conf.o
LOAD ./Dave/Generated/CLOCK_XMC4/clock_xmc4.o
LOAD ./Dave/Generated/CLOCK_XMC4/clock_xmc4_conf.o
LOAD ./Dave/Generated/DAVE.o
LOAD ./main.o
LOAD d:/programy/4.5.0.202105191637/eclipse/arm-gcc-49/bin/../lib/gcc/arm-none-eabi/4.9.3/../../../../arm-none-eabi/lib/armv7e-m/softfp\libm.a
START GROUP
LOAD d:/programy/4.5.0.202105191637/eclipse/arm-gcc-49/bin/../lib/gcc/arm-none-eabi/4.9.3/armv7e-m/softfp\libgcc.a
LOAD d:/programy/4.5.0.202105191637/eclipse/arm-gcc-49/bin/../lib/gcc/arm-none-eabi/4.9.3/../../../../arm-none-eabi/lib/armv7e-m/softfp\libg_nano.a
LOAD d:/programy/4.5.0.202105191637/eclipse/arm-gcc-49/bin/../lib/gcc/arm-none-eabi/4.9.3/../../../../arm-none-eabi/lib/armv7e-m/softfp\libc_nano.a
END GROUP
START GROUP
LOAD d:/programy/4.5.0.202105191637/eclipse/arm-gcc-49/bin/../lib/gcc/arm-none-eabi/4.9.3/armv7e-m/softfp\libgcc.a
LOAD d:/programy/4.5.0.202105191637/eclipse/arm-gcc-49/bin/../lib/gcc/arm-none-eabi/4.9.3/../../../../arm-none-eabi/lib/armv7e-m/softfp\libc_nano.a
LOAD d:/programy/4.5.0.202105191637/eclipse/arm-gcc-49/bin/../lib/gcc/arm-none-eabi/4.9.3/../../../../arm-none-eabi/lib/armv7e-m/softfp\libnosys.a
END GROUP
START GROUP
LOAD d:/programy/4.5.0.202105191637/eclipse/arm-gcc-49/bin/../lib/gcc/arm-none-eabi/4.9.3/armv7e-m/softfp\libgcc.a
LOAD d:/programy/4.5.0.202105191637/eclipse/arm-gcc-49/bin/../lib/gcc/arm-none-eabi/4.9.3/../../../../arm-none-eabi/lib/armv7e-m/softfp\libc_nano.a
LOAD d:/programy/4.5.0.202105191637/eclipse/arm-gcc-49/bin/../lib/gcc/arm-none-eabi/4.9.3/../../../../arm-none-eabi/lib/armv7e-m/softfp\libnosys.a
END GROUP
                0x00000800                stack_size = DEFINED (stack_size)?stack_size:0x800
                0x00000040                no_init_size = 0x40

.text           0x08000000     0x5a88 load address 0x0c000000
                0x08000000                sText = .
 *(.reset)
 .reset         0x08000000      0x294 ./Startup/startup_XMC4200.o
                0x08000000                __Vectors
                0x08000200                Reset_Handler
                0x08000290                DebugMon_Handler
                0x08000290                VADC0_C0_0_IRQHandler
                0x08000290                CAN0_4_IRQHandler
                0x08000290                POSIF0_0_IRQHandler
                0x08000290                HardFault_Handler
                0x08000290                VADC0_G1_1_IRQHandler
                0x08000290                SysTick_Handler
                0x08000290                PendSV_Handler
                0x08000290                NMI_Handler
                0x08000290                USIC1_3_IRQHandler
                0x08000290                CCU40_2_IRQHandler
                0x08000290                SCU_0_IRQHandler
                0x08000290                ERU0_0_IRQHandler
                0x08000290                CCU41_0_IRQHandler
                0x08000290                USIC1_5_IRQHandler
                0x08000290                CCU80_1_IRQHandler
                0x08000290                HRPWM_0_IRQHandler
                0x08000290                HRPWM_1_IRQHandler
                0x08000290                UsageFault_Handler
                0x08000290                USIC0_0_IRQHandler
                0x08000290                ERU0_2_IRQHandler
                0x08000290                ERU1_1_IRQHandler
                0x08000290                ERU0_3_IRQHandler
                0x08000290                VADC0_C0_3_IRQHandler
                0x08000290                CAN0_6_IRQHandler
                0x08000290                VADC0_G0_1_IRQHandler
                0x08000290                CCU40_0_IRQHandler
                0x08000290                CAN0_0_IRQHandler
                0x08000290                ERU1_0_IRQHandler
                0x08000290                HRPWM_3_IRQHandler
                0x08000290                Default_Handler
                0x08000290                USIC1_4_IRQHandler
                0x08000290                ERU1_3_IRQHandler
                0x08000290                POSIF0_1_IRQHandler
                0x08000290                VADC0_G0_0_IRQHandler
                0x08000290                CCU80_3_IRQHandler
                0x08000290                CCU41_3_IRQHandler
                0x08000290                CCU80_2_IRQHandler
                0x08000290                VADC0_G1_3_IRQHandler
                0x08000290                VADC0_G0_3_IRQHandler
                0x08000290                GPDMA0_0_IRQHandler
                0x08000290                PMU0_0_IRQHandler
                0x08000290                CAN0_7_IRQHandler
                0x08000290                CCU41_2_IRQHandler
                0x08000290                VADC0_C0_1_IRQHandler
                0x08000290                MemManage_Handler
                0x08000290                DAC0_0_IRQHandler
                0x08000290                SVC_Handler
                0x08000290                ERU1_2_IRQHandler
                0x08000290                CCU41_1_IRQHandler
                0x08000290                VADC0_G1_2_IRQHandler
                0x08000290                CAN0_2_IRQHandler
                0x08000290                VADC0_G0_2_IRQHandler
                0x08000290                CAN0_3_IRQHandler
                0x08000290                HRPWM_2_IRQHandler
                0x08000290                VADC0_C0_2_IRQHandler
                0x08000290                FCE0_0_IRQHandler
                0x08000290                VADC0_G1_0_IRQHandler
                0x08000290                USB0_0_IRQHandler
                0x08000290                CAN0_5_IRQHandler
                0x08000290                CCU80_0_IRQHandler
                0x08000290                CCU40_1_IRQHandler
                0x08000290                USIC0_1_IRQHandler
                0x08000290                CCU40_3_IRQHandler
                0x08000290                BusFault_Handler
                0x08000290                LEDTS0_0_IRQHandler
                0x08000290                USIC0_4_IRQHandler
                0x08000290                ERU0_1_IRQHandler
                0x08000290                USIC1_2_IRQHandler
                0x08000290                CAN0_1_IRQHandler
                0x08000290                USIC0_2_IRQHandler
                0x08000290                DAC0_1_IRQHandler
 *(.text .text.* .gnu.linkonce.t.*)
 .text.SystemInit
                0x08000294       0x34 ./Startup/system_XMC4200.o
                0x08000294                SystemInit
 .text.SystemCoreClockUpdate
                0x080002c8       0xd4 ./Startup/system_XMC4200.o
                0x080002c8                SystemCoreClockUpdate
 .text.OSCHP_GetFrequency
                0x0800039c       0x14 ./Startup/system_XMC4200.o
                0x0800039c                OSCHP_GetFrequency
 .text.XMC_GPIO_Init
                0x080003b0      0x140 ./Libraries/XMCLib/src/xmc4_gpio.o
                0x080003b0                XMC_GPIO_Init
 .text.XMC_SCU_CLOCK_GetCpuClockFrequency
                0x080004f0       0x18 ./Libraries/XMCLib/src/xmc4_scu.o
 .text.XMC_SCU_GetMirrorStatus
                0x08000508       0x18 ./Libraries/XMCLib/src/xmc4_scu.o
 .text.XMC_SCU_lDelay
                0x08000520       0x44 ./Libraries/XMCLib/src/xmc4_scu.o
 .text.XMC_SCU_INTERUPT_GetEventStatus
                0x08000564       0x18 ./Libraries/XMCLib/src/xmc4_scu.o
                0x08000564                XMC_SCU_INTERUPT_GetEventStatus
 .text.XMC_SCU_INTERRUPT_ClearEventStatus
                0x0800057c       0x1c ./Libraries/XMCLib/src/xmc4_scu.o
                0x0800057c                XMC_SCU_INTERRUPT_ClearEventStatus
 .text.XMC_SCU_CLOCK_Init
                0x08000598       0xf8 ./Libraries/XMCLib/src/xmc4_scu.o
                0x08000598                XMC_SCU_CLOCK_Init
 .text.XMC_SCU_RESET_DeassertPeripheralReset
                0x08000690       0x38 ./Libraries/XMCLib/src/xmc4_scu.o
                0x08000690                XMC_SCU_RESET_DeassertPeripheralReset
 .text.XMC_SCU_RESET_IsPeripheralResetAsserted
                0x080006c8       0x48 ./Libraries/XMCLib/src/xmc4_scu.o
                0x080006c8                XMC_SCU_RESET_IsPeripheralResetAsserted
 .text.XMC_SCU_CLOCK_GetPeripheralClockFrequency
                0x08000710       0x20 ./Libraries/XMCLib/src/xmc4_scu.o
                0x08000710                XMC_SCU_CLOCK_GetPeripheralClockFrequency
 .text.XMC_SCU_CLOCK_SetSystemClockSource
                0x08000730       0x28 ./Libraries/XMCLib/src/xmc4_scu.o
                0x08000730                XMC_SCU_CLOCK_SetSystemClockSource
 .text.XMC_SCU_CLOCK_SetWdtClockSource
                0x08000758       0x28 ./Libraries/XMCLib/src/xmc4_scu.o
                0x08000758                XMC_SCU_CLOCK_SetWdtClockSource
 .text.XMC_SCU_CLOCK_SetSystemPllClockSource
                0x08000780       0x40 ./Libraries/XMCLib/src/xmc4_scu.o
                0x08000780                XMC_SCU_CLOCK_SetSystemPllClockSource
 .text.XMC_SCU_HIB_SetRtcClockSource
                0x080007c0       0x3c ./Libraries/XMCLib/src/xmc4_scu.o
                0x080007c0                XMC_SCU_HIB_SetRtcClockSource
 .text.XMC_SCU_HIB_SetStandbyClockSource
                0x080007fc       0x3c ./Libraries/XMCLib/src/xmc4_scu.o
                0x080007fc                XMC_SCU_HIB_SetStandbyClockSource
 .text.XMC_SCU_CLOCK_SetSystemClockDivider
                0x08000838       0x28 ./Libraries/XMCLib/src/xmc4_scu.o
                0x08000838                XMC_SCU_CLOCK_SetSystemClockDivider
 .text.XMC_SCU_CLOCK_SetCcuClockDivider
                0x08000860       0x28 ./Libraries/XMCLib/src/xmc4_scu.o
                0x08000860                XMC_SCU_CLOCK_SetCcuClockDivider
 .text.XMC_SCU_CLOCK_SetCpuClockDivider
                0x08000888       0x28 ./Libraries/XMCLib/src/xmc4_scu.o
                0x08000888                XMC_SCU_CLOCK_SetCpuClockDivider
 .text.XMC_SCU_CLOCK_SetPeripheralClockDivider
                0x080008b0       0x28 ./Libraries/XMCLib/src/xmc4_scu.o
                0x080008b0                XMC_SCU_CLOCK_SetPeripheralClockDivider
 .text.XMC_SCU_CLOCK_SetWdtClockDivider
                0x080008d8       0x28 ./Libraries/XMCLib/src/xmc4_scu.o
                0x080008d8                XMC_SCU_CLOCK_SetWdtClockDivider
 .text.XMC_SCU_CLOCK_EnableClock
                0x08000900       0x20 ./Libraries/XMCLib/src/xmc4_scu.o
                0x08000900                XMC_SCU_CLOCK_EnableClock
 .text.XMC_SCU_CLOCK_UngatePeripheralClock
                0x08000920       0x38 ./Libraries/XMCLib/src/xmc4_scu.o
                0x08000920                XMC_SCU_CLOCK_UngatePeripheralClock
 .text.XMC_SCU_CLOCK_IsPeripheralClockGated
                0x08000958       0x48 ./Libraries/XMCLib/src/xmc4_scu.o
                0x08000958                XMC_SCU_CLOCK_IsPeripheralClockGated
 .text.XMC_SCU_CLOCK_SetBackupClockCalibrationMode
                0x080009a0       0x4c ./Libraries/XMCLib/src/xmc4_scu.o
                0x080009a0                XMC_SCU_CLOCK_SetBackupClockCalibrationMode
 .text.XMC_SCU_HIB_EnableHibernateDomain
                0x080009ec       0x58 ./Libraries/XMCLib/src/xmc4_scu.o
                0x080009ec                XMC_SCU_HIB_EnableHibernateDomain
 .text.XMC_SCU_CLOCK_IsLowPowerOscillatorStable
                0x08000a44       0x24 ./Libraries/XMCLib/src/xmc4_scu.o
                0x08000a44                XMC_SCU_CLOCK_IsLowPowerOscillatorStable
 .text.XMC_SCU_CLOCK_EnableLowPowerOscillator
                0x08000a68       0x70 ./Libraries/XMCLib/src/xmc4_scu.o
                0x08000a68                XMC_SCU_CLOCK_EnableLowPowerOscillator
 .text.XMC_SCU_CLOCK_EnableHighPerformanceOscillator
                0x08000ad8       0x50 ./Libraries/XMCLib/src/xmc4_scu.o
                0x08000ad8                XMC_SCU_CLOCK_EnableHighPerformanceOscillator
 .text.XMC_SCU_CLOCK_IsHighPerformanceOscillatorStable
                0x08000b28       0x28 ./Libraries/XMCLib/src/xmc4_scu.o
                0x08000b28                XMC_SCU_CLOCK_IsHighPerformanceOscillatorStable
 .text.XMC_SCU_CLOCK_EnableSystemPll
                0x08000b50       0x20 ./Libraries/XMCLib/src/xmc4_scu.o
                0x08000b50                XMC_SCU_CLOCK_EnableSystemPll
 .text.XMC_SCU_CLOCK_DisableSystemPll
                0x08000b70       0x20 ./Libraries/XMCLib/src/xmc4_scu.o
                0x08000b70                XMC_SCU_CLOCK_DisableSystemPll
 .text.XMC_SCU_CLOCK_StartSystemPll
                0x08000b90      0x19c ./Libraries/XMCLib/src/xmc4_scu.o
                0x08000b90                XMC_SCU_CLOCK_StartSystemPll
 .text.XMC_SCU_CLOCK_StepSystemPllFrequency
                0x08000d2c       0x3c ./Libraries/XMCLib/src/xmc4_scu.o
                0x08000d2c                XMC_SCU_CLOCK_StepSystemPllFrequency
 .text.XMC_CCU4_StartPrescaler
                0x08000d68       0x1c ./Libraries/XMCLib/src/xmc_ccu4.o
 .text.XMC_CCU4_lDeassertReset
                0x08000d84       0x34 ./Libraries/XMCLib/src/xmc_ccu4.o
 .text.XMC_CCU4_lUngateClock
                0x08000db8       0x34 ./Libraries/XMCLib/src/xmc_ccu4.o
 .text.XMC_CCU4_EnableModule
                0x08000dec       0x20 ./Libraries/XMCLib/src/xmc_ccu4.o
                0x08000dec                XMC_CCU4_EnableModule
 .text.XMC_CCU4_Init
                0x08000e0c       0x3c ./Libraries/XMCLib/src/xmc_ccu4.o
                0x08000e0c                XMC_CCU4_Init
 .text.XMC_CCU4_SetMultiChannelShadowTransferMode
                0x08000e48       0x38 ./Libraries/XMCLib/src/xmc_ccu4.o
                0x08000e48                XMC_CCU4_SetMultiChannelShadowTransferMode
 .text.XMC_CCU4_SLICE_CompareInit
                0x08000e80       0x6c ./Libraries/XMCLib/src/xmc_ccu4.o
                0x08000e80                XMC_CCU4_SLICE_CompareInit
 .text.XMC_CCU4_SLICE_StartConfig
                0x08000eec       0x5c ./Libraries/XMCLib/src/xmc_ccu4.o
                0x08000eec                XMC_CCU4_SLICE_StartConfig
 .text.XMC_CCU4_SLICE_StopConfig
                0x08000f48       0x58 ./Libraries/XMCLib/src/xmc_ccu4.o
                0x08000f48                XMC_CCU4_SLICE_StopConfig
 .text.XMC_CCU4_SLICE_LoadConfig
                0x08000fa0       0x34 ./Libraries/XMCLib/src/xmc_ccu4.o
                0x08000fa0                XMC_CCU4_SLICE_LoadConfig
 .text.XMC_CCU4_SLICE_ModulationConfig
                0x08000fd4       0x80 ./Libraries/XMCLib/src/xmc_ccu4.o
                0x08000fd4                XMC_CCU4_SLICE_ModulationConfig
 .text.XMC_CCU4_SLICE_CountConfig
                0x08001054       0x34 ./Libraries/XMCLib/src/xmc_ccu4.o
                0x08001054                XMC_CCU4_SLICE_CountConfig
 .text.XMC_CCU4_SLICE_GateConfig
                0x08001088       0x34 ./Libraries/XMCLib/src/xmc_ccu4.o
                0x08001088                XMC_CCU4_SLICE_GateConfig
 .text.XMC_CCU4_SLICE_DirectionConfig
                0x080010bc       0x34 ./Libraries/XMCLib/src/xmc_ccu4.o
                0x080010bc                XMC_CCU4_SLICE_DirectionConfig
 .text.XMC_CCU4_SLICE_StatusBitOverrideConfig
                0x080010f0       0x30 ./Libraries/XMCLib/src/xmc_ccu4.o
                0x080010f0                XMC_CCU4_SLICE_StatusBitOverrideConfig
 .text.XMC_CCU4_SLICE_TrapConfig
                0x08001120       0x74 ./Libraries/XMCLib/src/xmc_ccu4.o
                0x08001120                XMC_CCU4_SLICE_TrapConfig
 .text.XMC_CCU4_SLICE_ConfigureStatusBitOverrideEvent
                0x08001194       0xc4 ./Libraries/XMCLib/src/xmc_ccu4.o
                0x08001194                XMC_CCU4_SLICE_ConfigureStatusBitOverrideEvent
 .text.XMC_CCU4_SLICE_ConfigureEvent
                0x08001258       0xd4 ./Libraries/XMCLib/src/xmc_ccu4.o
                0x08001258                XMC_CCU4_SLICE_ConfigureEvent
 .text.XMC_CCU4_SLICE_SetInterruptNode
                0x0800132c       0xc8 ./Libraries/XMCLib/src/xmc_ccu4.o
                0x0800132c                XMC_CCU4_SLICE_SetInterruptNode
 .text.XMC_CCU8_StartPrescaler
                0x080013f4       0x1c ./Libraries/XMCLib/src/xmc_ccu8.o
 .text.XMC_CCU8_SLICE_StopTimer
                0x08001410       0x18 ./Libraries/XMCLib/src/xmc_ccu8.o
 .text.XMC_CCU8_lDeassertReset
                0x08001428       0x20 ./Libraries/XMCLib/src/xmc_ccu8.o
 .text.XMC_CCU8_lUngateClock
                0x08001448       0x20 ./Libraries/XMCLib/src/xmc_ccu8.o
 .text.XMC_CCU8_EnableModule
                0x08001468       0x20 ./Libraries/XMCLib/src/xmc_ccu8.o
                0x08001468                XMC_CCU8_EnableModule
 .text.XMC_CCU8_Init
                0x08001488       0x3c ./Libraries/XMCLib/src/xmc_ccu8.o
                0x08001488                XMC_CCU8_Init
 .text.XMC_CCU8_SLICE_CompareInit
                0x080014c4       0x74 ./Libraries/XMCLib/src/xmc_ccu8.o
                0x080014c4                XMC_CCU8_SLICE_CompareInit
 .text.XMC_CCU8_SetMultiChannelShadowTransferMode
                0x08001538       0x38 ./Libraries/XMCLib/src/xmc_ccu8.o
                0x08001538                XMC_CCU8_SetMultiChannelShadowTransferMode
 .text.XMC_CCU8_SLICE_StartConfig
                0x08001570       0x5c ./Libraries/XMCLib/src/xmc_ccu8.o
                0x08001570                XMC_CCU8_SLICE_StartConfig
 .text.XMC_CCU8_SLICE_StopConfig
                0x080015cc       0x58 ./Libraries/XMCLib/src/xmc_ccu8.o
                0x080015cc                XMC_CCU8_SLICE_StopConfig
 .text.XMC_CCU8_SLICE_LoadConfig
                0x08001624       0x34 ./Libraries/XMCLib/src/xmc_ccu8.o
                0x08001624                XMC_CCU8_SLICE_LoadConfig
 .text.XMC_CCU8_SLICE_LoadSelector
                0x08001658       0x34 ./Libraries/XMCLib/src/xmc_ccu8.o
                0x08001658                XMC_CCU8_SLICE_LoadSelector
 .text.XMC_CCU8_SLICE_ModulationConfig
                0x0800168c       0x90 ./Libraries/XMCLib/src/xmc_ccu8.o
                0x0800168c                XMC_CCU8_SLICE_ModulationConfig
 .text.XMC_CCU8_SLICE_CountConfig
                0x0800171c       0x34 ./Libraries/XMCLib/src/xmc_ccu8.o
                0x0800171c                XMC_CCU8_SLICE_CountConfig
 .text.XMC_CCU8_SLICE_GateConfig
                0x08001750       0x34 ./Libraries/XMCLib/src/xmc_ccu8.o
                0x08001750                XMC_CCU8_SLICE_GateConfig
 .text.XMC_CCU8_SLICE_DirectionConfig
                0x08001784       0x34 ./Libraries/XMCLib/src/xmc_ccu8.o
                0x08001784                XMC_CCU8_SLICE_DirectionConfig
 .text.XMC_CCU8_SLICE_StatusBitOverrideConfig
                0x080017b8       0x30 ./Libraries/XMCLib/src/xmc_ccu8.o
                0x080017b8                XMC_CCU8_SLICE_StatusBitOverrideConfig
 .text.XMC_CCU8_SLICE_TrapConfig
                0x080017e8       0x74 ./Libraries/XMCLib/src/xmc_ccu8.o
                0x080017e8                XMC_CCU8_SLICE_TrapConfig
 .text.XMC_CCU8_SLICE_ConfigureStatusBitOverrideEvent
                0x0800185c       0xc4 ./Libraries/XMCLib/src/xmc_ccu8.o
                0x0800185c                XMC_CCU8_SLICE_ConfigureStatusBitOverrideEvent
 .text.XMC_CCU8_SLICE_ConfigureEvent
                0x08001920       0xd4 ./Libraries/XMCLib/src/xmc_ccu8.o
                0x08001920                XMC_CCU8_SLICE_ConfigureEvent
 .text.XMC_CCU8_SLICE_SetTimerPeriodMatch
                0x080019f4       0x1c ./Libraries/XMCLib/src/xmc_ccu8.o
                0x080019f4                XMC_CCU8_SLICE_SetTimerPeriodMatch
 .text.XMC_CCU8_SLICE_SetTimerCompareMatch
                0x08001a10       0x30 ./Libraries/XMCLib/src/xmc_ccu8.o
                0x08001a10                XMC_CCU8_SLICE_SetTimerCompareMatch
 .text.XMC_CCU8_SLICE_SetInterruptNode
                0x08001a40       0xd0 ./Libraries/XMCLib/src/xmc_ccu8.o
                0x08001a40                XMC_CCU8_SLICE_SetInterruptNode
 .text.XMC_CCU8_SLICE_DeadTimeInit
                0x08001b10       0x2c ./Libraries/XMCLib/src/xmc_ccu8.o
                0x08001b10                XMC_CCU8_SLICE_DeadTimeInit
 .text.XMC_GPIO_SetMode
                0x08001b3c       0x80 ./Libraries/XMCLib/src/xmc_gpio.o
                0x08001b3c                XMC_GPIO_SetMode
 .text.XMC_GPIO_SetHardwareControl
                0x08001bbc       0x44 ./Libraries/XMCLib/src/xmc_gpio.o
                0x08001bbc                XMC_GPIO_SetHardwareControl
 .text.XMC_USIC_CH_GetTransmitBufferStatus
                0x08001c00       0x20 ./Libraries/XMCLib/src/xmc_i2c.o
 .text.XMC_I2C_CH_ClearStatusFlag
                0x08001c20       0x20 ./Libraries/XMCLib/src/xmc_i2c.o
 .text.XMC_I2C_CH_InitEx
                0x08001c40       0x60 ./Libraries/XMCLib/src/xmc_i2c.o
                0x08001c40                XMC_I2C_CH_InitEx
 .text.XMC_I2C_CH_SetSlaveAddress
                0x08001ca0       0x54 ./Libraries/XMCLib/src/xmc_i2c.o
                0x08001ca0                XMC_I2C_CH_SetSlaveAddress
 .text.XMC_I2C_CH_SetBaudrateEx
                0x08001cf4       0x9c ./Libraries/XMCLib/src/xmc_i2c.o
                0x08001cf4                XMC_I2C_CH_SetBaudrateEx
 .text.XMC_I2C_CH_MasterStop
                0x08001d90       0x4c ./Libraries/XMCLib/src/xmc_i2c.o
                0x08001d90                XMC_I2C_CH_MasterStop
 .text.XMC_I2C_CH_MasterTransmit
                0x08001ddc       0x4c ./Libraries/XMCLib/src/xmc_i2c.o
                0x08001ddc                XMC_I2C_CH_MasterTransmit
 .text.XMC_I2C_CH_MasterReceiveAck
                0x08001e28       0x4c ./Libraries/XMCLib/src/xmc_i2c.o
                0x08001e28                XMC_I2C_CH_MasterReceiveAck
 .text.XMC_I2C_CH_MasterReceiveNack
                0x08001e74       0x4c ./Libraries/XMCLib/src/xmc_i2c.o
                0x08001e74                XMC_I2C_CH_MasterReceiveNack
 .text.XMC_I2C_CH_GetReceivedData
                0x08001ec0       0x34 ./Libraries/XMCLib/src/xmc_i2c.o
                0x08001ec0                XMC_I2C_CH_GetReceivedData
 .text.XMC_I2C_CH_DisableEvent
                0x08001ef4       0x3c ./Libraries/XMCLib/src/xmc_i2c.o
                0x08001ef4                XMC_I2C_CH_DisableEvent
 .text.XMC_USIC_CH_GetTransmitBufferStatus
                0x08001f30       0x20 ./Libraries/XMCLib/src/xmc_spi.o
 .text.XMC_SPI_CH_ClearStatusFlag
                0x08001f50       0x20 ./Libraries/XMCLib/src/xmc_spi.o
 .text.XMC_SPI_CH_InitEx
                0x08001f70       0x8c ./Libraries/XMCLib/src/xmc_spi.o
                0x08001f70                XMC_SPI_CH_InitEx
 .text.XMC_SPI_CH_Transmit
                0x08001ffc       0x6c ./Libraries/XMCLib/src/xmc_spi.o
                0x08001ffc                XMC_SPI_CH_Transmit
 .text.XMC_SPI_CH_GetReceivedData
                0x08002068       0x34 ./Libraries/XMCLib/src/xmc_spi.o
                0x08002068                XMC_SPI_CH_GetReceivedData
 .text.XMC_USIC_CH_GetTransmitBufferStatus
                0x0800209c       0x20 ./Libraries/XMCLib/src/xmc_uart.o
 .text.XMC_UART_CH_ClearStatusFlag
                0x080020bc       0x1c ./Libraries/XMCLib/src/xmc_uart.o
 .text.XMC_UART_CH_InitEx
                0x080020d8       0xd4 ./Libraries/XMCLib/src/xmc_uart.o
                0x080020d8                XMC_UART_CH_InitEx
 .text.XMC_UART_CH_Transmit
                0x080021ac       0x4c ./Libraries/XMCLib/src/xmc_uart.o
                0x080021ac                XMC_UART_CH_Transmit
 .text.XMC_UART_CH_GetReceivedData
                0x080021f8       0x34 ./Libraries/XMCLib/src/xmc_uart.o
                0x080021f8                XMC_UART_CH_GetReceivedData
 .text.XMC_USIC_CH_Enable
                0x0800222c       0x74 ./Libraries/XMCLib/src/xmc_usic.o
                0x0800222c                XMC_USIC_CH_Enable
 .text.XMC_USIC_CH_SetBaudrate
                0x080022a0       0xe4 ./Libraries/XMCLib/src/xmc_usic.o
                0x080022a0                XMC_USIC_CH_SetBaudrate
 .text.XMC_USIC_CH_SetBaudrateEx
                0x08002384      0x100 ./Libraries/XMCLib/src/xmc_usic.o
                0x08002384                XMC_USIC_CH_SetBaudrateEx
 .text.XMC_USIC_CH_TXFIFO_Configure
                0x08002484       0x50 ./Libraries/XMCLib/src/xmc_usic.o
                0x08002484                XMC_USIC_CH_TXFIFO_Configure
 .text.XMC_USIC_CH_RXFIFO_Configure
                0x080024d4       0x54 ./Libraries/XMCLib/src/xmc_usic.o
                0x080024d4                XMC_USIC_CH_RXFIFO_Configure
 .text.XMC_USIC_CH_RXFIFO_SetSizeTriggerLimit
                0x08002528       0x30 ./Libraries/XMCLib/src/xmc_usic.o
                0x08002528                XMC_USIC_CH_RXFIFO_SetSizeTriggerLimit
 .text.XMC_USIC_CH_SetInterruptNodePointer
                0x08002558       0x38 ./Libraries/XMCLib/src/xmc_usic.o
                0x08002558                XMC_USIC_CH_SetInterruptNodePointer
 .text.XMC_USIC_CH_TXFIFO_SetInterruptNodePointer
                0x08002590       0x3c ./Libraries/XMCLib/src/xmc_usic.o
                0x08002590                XMC_USIC_CH_TXFIFO_SetInterruptNodePointer
 .text.XMC_USIC_CH_RXFIFO_SetInterruptNodePointer
                0x080025cc       0x3c ./Libraries/XMCLib/src/xmc_usic.o
                0x080025cc                XMC_USIC_CH_RXFIFO_SetInterruptNodePointer
 .text.XMC_USIC_Enable
                0x08002608       0x84 ./Libraries/XMCLib/src/xmc_usic.o
                0x08002608                XMC_USIC_Enable
 .text._init    0x0800268c        0xc ./Libraries/Newlib/syscalls.o
                0x0800268c                _init
 .text.XMC_USIC_CH_DisableEvent
                0x08002698       0x24 ./Dave/Generated/UART/uart.o
 .text.XMC_USIC_CH_GetTransmitBufferStatus
                0x080026bc       0x20 ./Dave/Generated/UART/uart.o
 .text.XMC_USIC_CH_TXFIFO_DisableEvent
                0x080026dc       0x28 ./Dave/Generated/UART/uart.o
 .text.XMC_USIC_CH_TXFIFO_IsFull
                0x08002704       0x28 ./Dave/Generated/UART/uart.o
 .text.XMC_USIC_CH_TXFIFO_IsEmpty
                0x0800272c       0x28 ./Dave/Generated/UART/uart.o
 .text.XMC_USIC_CH_RXFIFO_DisableEvent
                0x08002754       0x28 ./Dave/Generated/UART/uart.o
 .text.XMC_USIC_CH_RXFIFO_IsEmpty
                0x0800277c       0x28 ./Dave/Generated/UART/uart.o
 .text.UART_Init
                0x080027a4       0x24 ./Dave/Generated/UART/uart.o
                0x080027a4                UART_Init
 .text.UART_lTransmitHandler
                0x080027c8      0x10c ./Dave/Generated/UART/uart.o
                0x080027c8                UART_lTransmitHandler
 .text.UART_lReceiveHandler
                0x080028d4      0x120 ./Dave/Generated/UART/uart.o
                0x080028d4                UART_lReceiveHandler
 .text.UART_lReconfigureRxFIFO
                0x080029f4       0x50 ./Dave/Generated/UART/uart.o
 .text.__NVIC_GetPriorityGrouping
                0x08002a44       0x1c ./Dave/Generated/UART/uart_conf.o
 .text.__NVIC_EnableIRQ
                0x08002a60       0x38 ./Dave/Generated/UART/uart_conf.o
 .text.__NVIC_SetPriority
                0x08002a98       0x54 ./Dave/Generated/UART/uart_conf.o
 .text.NVIC_EncodePriority
                0x08002aec       0x64 ./Dave/Generated/UART/uart_conf.o
 .text.XMC_USIC_CH_SetInputSource
                0x08002b50       0x3c ./Dave/Generated/UART/uart_conf.o
 .text.XMC_UART_CH_Init
                0x08002b8c       0x1c ./Dave/Generated/UART/uart_conf.o
 .text.XMC_UART_CH_Start
                0x08002ba8       0x24 ./Dave/Generated/UART/uart_conf.o
 .text.UART_DEBUG_init
                0x08002bcc       0xd4 ./Dave/Generated/UART/uart_conf.o
                0x08002bcc                UART_DEBUG_init
 .text.USIC0_3_IRQHandler
                0x08002ca0       0x10 ./Dave/Generated/UART/uart_conf.o
                0x08002ca0                USIC0_3_IRQHandler
 .text.USIC0_5_IRQHandler
                0x08002cb0       0x10 ./Dave/Generated/UART/uart_conf.o
                0x08002cb0                USIC0_5_IRQHandler
 .text.XMC_USIC_CH_SetTransmitBufferStatus
                0x08002cc0       0x1c ./Dave/Generated/SPI_SLAVE/spi_slave.o
 .text.XMC_USIC_CH_TXFIFO_Flush
                0x08002cdc       0x1c ./Dave/Generated/SPI_SLAVE/spi_slave.o
 .text.XMC_USIC_CH_TXFIFO_IsFull
                0x08002cf8       0x28 ./Dave/Generated/SPI_SLAVE/spi_slave.o
 .text.XMC_USIC_CH_TXFIFO_IsEmpty
                0x08002d20       0x28 ./Dave/Generated/SPI_SLAVE/spi_slave.o
 .text.XMC_USIC_CH_RXFIFO_Flush
                0x08002d48       0x1c ./Dave/Generated/SPI_SLAVE/spi_slave.o
 .text.XMC_USIC_CH_RXFIFO_IsEmpty
                0x08002d64       0x28 ./Dave/Generated/SPI_SLAVE/spi_slave.o
 .text.XMC_SPI_CH_Receive
                0x08002d8c       0x28 ./Dave/Generated/SPI_SLAVE/spi_slave.o
 .text.XMC_SPI_CH_GetStatusFlag
                0x08002db4       0x18 ./Dave/Generated/SPI_SLAVE/spi_slave.o
 .text.XMC_SPI_CH_ClearStatusFlag
                0x08002dcc       0x20 ./Dave/Generated/SPI_SLAVE/spi_slave.o
 .text.SPI_SLAVE_Init
                0x08002dec       0x24 ./Dave/Generated/SPI_SLAVE/spi_slave.o
                0x08002dec                SPI_SLAVE_Init
 .text.SPI_SLAVE_Transmit
                0x08002e10       0x60 ./Dave/Generated/SPI_SLAVE/spi_slave.o
                0x08002e10                SPI_SLAVE_Transmit
 .text.SPI_SLAVE_Receive
                0x08002e70       0x60 ./Dave/Generated/SPI_SLAVE/spi_slave.o
                0x08002e70                SPI_SLAVE_Receive
 .text.SPI_SLAVE_lTransmitPolling
                0x08002ed0      0x110 ./Dave/Generated/SPI_SLAVE/spi_slave.o
 .text.SPI_SLAVE_lReceivePolling
                0x08002fe0      0x114 ./Dave/Generated/SPI_SLAVE/spi_slave.o
 .text.XMC_USIC_CH_SetInputSource
                0x080030f4       0x3c ./Dave/Generated/SPI_SLAVE/spi_slave_conf.o
 .text.XMC_USIC_CH_EnableInputInversion
                0x08003130       0x34 ./Dave/Generated/SPI_SLAVE/spi_slave_conf.o
 .text.XMC_USIC_CH_SetWordLength
                0x08003164       0x2c ./Dave/Generated/SPI_SLAVE/spi_slave_conf.o
 .text.XMC_USIC_CH_SetFrameLength
                0x08003190       0x2c ./Dave/Generated/SPI_SLAVE/spi_slave_conf.o
 .text.XMC_USIC_CH_SetMode
                0x080031bc       0x28 ./Dave/Generated/SPI_SLAVE/spi_slave_conf.o
 .text.XMC_SPI_CH_Init
                0x080031e4       0x1c ./Dave/Generated/SPI_SLAVE/spi_slave_conf.o
 .text.XMC_SPI_CH_Start
                0x08003200       0x18 ./Dave/Generated/SPI_SLAVE/spi_slave_conf.o
 .text.XMC_SPI_CH_SetBitOrderMsbFirst
                0x08003218       0x20 ./Dave/Generated/SPI_SLAVE/spi_slave_conf.o
 .text.XMC_SPI_CH_SetWordLength
                0x08003238       0x1c ./Dave/Generated/SPI_SLAVE/spi_slave_conf.o
 .text.XMC_SPI_CH_SetFrameLength
                0x08003254       0x1c ./Dave/Generated/SPI_SLAVE/spi_slave_conf.o
 .text.XMC_SPI_CH_SetInputSource
                0x08003270       0x44 ./Dave/Generated/SPI_SLAVE/spi_slave_conf.o
 .text.XMC_SPI_CH_EnableInputInversion
                0x080032b4       0x1c ./Dave/Generated/SPI_SLAVE/spi_slave_conf.o
 .text.SPI_SLAVE_0_init
                0x080032d0       0xe4 ./Dave/Generated/SPI_SLAVE/spi_slave_conf.o
                0x080032d0                SPI_SLAVE_0_init
 .text.XMC_CCU8_EnableClock
                0x080033b4       0x20 ./Dave/Generated/PWM_CCU8/pwm_ccu8.o
 .text.XMC_CCU8_SLICE_EnableTrap
                0x080033d4       0x24 ./Dave/Generated/PWM_CCU8/pwm_ccu8.o
 .text.XMC_CCU8_SLICE_StartTimer
                0x080033f8       0x18 ./Dave/Generated/PWM_CCU8/pwm_ccu8.o
 .text.XMC_CCU8_EnableShadowTransfer
                0x08003410       0x1c ./Dave/Generated/PWM_CCU8/pwm_ccu8.o
 .text.XMC_CCU8_SLICE_EnableEvent
                0x0800342c       0x2c ./Dave/Generated/PWM_CCU8/pwm_ccu8.o
 .text.XMC_CCU8_SLICE_SetShadowTransferMode
                0x08003458       0x30 ./Dave/Generated/PWM_CCU8/pwm_ccu8.o
 .text.PWM_CCU8_Init
                0x08003488      0x170 ./Dave/Generated/PWM_CCU8/pwm_ccu8.o
                0x08003488                PWM_CCU8_Init
 .text.PWM_CCU8_lInit_Interrupt
                0x080035f8      0x188 ./Dave/Generated/PWM_CCU8/pwm_ccu8.o
 .text.PWM_CCU8_lInit_GPIO
                0x08003780       0xbc ./Dave/Generated/PWM_CCU8/pwm_ccu8.o
 .text.PWM_CCU8_lConfigure_Events
                0x0800383c      0x1e0 ./Dave/Generated/PWM_CCU8/pwm_ccu8.o
 .text.PWM_CCU8_Start
                0x08003a1c       0x58 ./Dave/Generated/PWM_CCU8/pwm_ccu8.o
                0x08003a1c                PWM_CCU8_Start
 .text.XMC_CCU4_EnableClock
                0x08003a74       0x20 ./Dave/Generated/PWM_CCU4/pwm_ccu4.o
 .text.XMC_CCU4_SLICE_EnableTrap
                0x08003a94       0x20 ./Dave/Generated/PWM_CCU4/pwm_ccu4.o
 .text.XMC_CCU4_SLICE_StartTimer
                0x08003ab4       0x18 ./Dave/Generated/PWM_CCU4/pwm_ccu4.o
 .text.XMC_CCU4_SLICE_SetTimerPeriodMatch
                0x08003acc       0x1c ./Dave/Generated/PWM_CCU4/pwm_ccu4.o
 .text.XMC_CCU4_SLICE_SetTimerCompareMatch
                0x08003ae8       0x1c ./Dave/Generated/PWM_CCU4/pwm_ccu4.o
 .text.XMC_CCU4_EnableShadowTransfer
                0x08003b04       0x1c ./Dave/Generated/PWM_CCU4/pwm_ccu4.o
 .text.XMC_CCU4_SLICE_EnableEvent
                0x08003b20       0x2c ./Dave/Generated/PWM_CCU4/pwm_ccu4.o
 .text.PWM_CCU4_Init
                0x08003b4c      0x140 ./Dave/Generated/PWM_CCU4/pwm_ccu4.o
                0x08003b4c                PWM_CCU4_Init
 .text.PWM_CCU4_lInit_Interrupt
                0x08003c8c      0x134 ./Dave/Generated/PWM_CCU4/pwm_ccu4.o
 .text.PWM_CCU4_lConfigure_Events
                0x08003dc0      0x1c8 ./Dave/Generated/PWM_CCU4/pwm_ccu4.o
 .text.PWM_CCU4_Start
                0x08003f88       0x58 ./Dave/Generated/PWM_CCU4/pwm_ccu4.o
                0x08003f88                PWM_CCU4_Start
 .text.__NVIC_ClearPendingIRQ
                0x08003fe0       0x3c ./Dave/Generated/I2C_MASTER/i2c_master.o
 .text.XMC_USIC_CH_DisableEvent
                0x0800401c       0x24 ./Dave/Generated/I2C_MASTER/i2c_master.o
 .text.XMC_USIC_CH_GetTransmitBufferStatus
                0x08004040       0x20 ./Dave/Generated/I2C_MASTER/i2c_master.o
 .text.XMC_USIC_CH_TXFIFO_EnableEvent
                0x08004060       0x24 ./Dave/Generated/I2C_MASTER/i2c_master.o
 .text.XMC_USIC_CH_TXFIFO_DisableEvent
                0x08004084       0x28 ./Dave/Generated/I2C_MASTER/i2c_master.o
 .text.XMC_USIC_CH_TXFIFO_IsFull
                0x080040ac       0x28 ./Dave/Generated/I2C_MASTER/i2c_master.o
 .text.XMC_USIC_CH_TXFIFO_IsEmpty
                0x080040d4       0x28 ./Dave/Generated/I2C_MASTER/i2c_master.o
 .text.XMC_USIC_CH_RXFIFO_DisableEvent
                0x080040fc       0x28 ./Dave/Generated/I2C_MASTER/i2c_master.o
 .text.XMC_USIC_CH_RXFIFO_IsEmpty
                0x08004124       0x28 ./Dave/Generated/I2C_MASTER/i2c_master.o
 .text.XMC_I2C_CH_GetStatusFlag
                0x0800414c       0x18 ./Dave/Generated/I2C_MASTER/i2c_master.o
 .text.XMC_I2C_CH_ClearStatusFlag
                0x08004164       0x20 ./Dave/Generated/I2C_MASTER/i2c_master.o
 .text.I2C_MASTER_SetRXFIFOTriggerLimit
                0x08004184       0x24 ./Dave/Generated/I2C_MASTER/i2c_master.o
 .text.I2C_MASTER_IsTXFIFOFull
                0x080041a8       0x1c ./Dave/Generated/I2C_MASTER/i2c_master.o
 .text.I2C_MASTER_IsRXFIFOEmpty
                0x080041c4       0x1c ./Dave/Generated/I2C_MASTER/i2c_master.o
 .text.I2C_MASTER_GetReceivedByte
                0x080041e0       0x1c ./Dave/Generated/I2C_MASTER/i2c_master.o
 .text.I2C_MASTER_TransmitByte
                0x080041fc       0x20 ./Dave/Generated/I2C_MASTER/i2c_master.o
 .text.I2C_MASTER_DisableEvent
                0x0800421c       0x1c ./Dave/Generated/I2C_MASTER/i2c_master.o
 .text.I2C_MASTER_ReceiveACK
                0x08004238       0x18 ./Dave/Generated/I2C_MASTER/i2c_master.o
 .text.I2C_MASTER_ReceiveNACK
                0x08004250       0x18 ./Dave/Generated/I2C_MASTER/i2c_master.o
 .text.I2C_MASTER_SendStop
                0x08004268       0x24 ./Dave/Generated/I2C_MASTER/i2c_master.o
 .text.calculate_minfifosize
                0x0800428c       0x2c ./Dave/Generated/I2C_MASTER/i2c_master.o
 .text.I2C_MASTER_Init
                0x080042b8       0x2c ./Dave/Generated/I2C_MASTER/i2c_master.o
                0x080042b8                I2C_MASTER_Init
 .text.I2C_MASTER_GetFlagStatus
                0x080042e4       0x24 ./Dave/Generated/I2C_MASTER/i2c_master.o
                0x080042e4                I2C_MASTER_GetFlagStatus
 .text.I2C_MASTER_ClearFlag
                0x08004308       0x1c ./Dave/Generated/I2C_MASTER/i2c_master.o
                0x08004308                I2C_MASTER_ClearFlag
 .text.I2C_MASTER_TransmitHandler
                0x08004324      0x258 ./Dave/Generated/I2C_MASTER/i2c_master.o
                0x08004324                I2C_MASTER_TransmitHandler
 .text.I2C_MASTER_lSendStop_JumpTo_TxCallback
                0x0800457c       0x60 ./Dave/Generated/I2C_MASTER/i2c_master.o
 .text.I2C_MASTER_ReceiveHandler
                0x080045dc      0x248 ./Dave/Generated/I2C_MASTER/i2c_master.o
                0x080045dc                I2C_MASTER_ReceiveHandler
 .text.I2C_MASTER_lSendStop_JumpTo_RxCallback
                0x08004824       0x70 ./Dave/Generated/I2C_MASTER/i2c_master.o
 .text.I2C_MASTER_ProtocolHandler
                0x08004894       0x88 ./Dave/Generated/I2C_MASTER/i2c_master.o
                0x08004894                I2C_MASTER_ProtocolHandler
 .text.I2C_MASTER_lReconfigureRxFIFO
                0x0800491c       0x74 ./Dave/Generated/I2C_MASTER/i2c_master.o
 .text.__NVIC_GetPriorityGrouping
                0x08004990       0x1c ./Dave/Generated/I2C_MASTER/i2c_master_conf.o
 .text.__NVIC_EnableIRQ
                0x080049ac       0x38 ./Dave/Generated/I2C_MASTER/i2c_master_conf.o
 .text.__NVIC_SetPriority
                0x080049e4       0x54 ./Dave/Generated/I2C_MASTER/i2c_master_conf.o
 .text.NVIC_EncodePriority
                0x08004a38       0x64 ./Dave/Generated/I2C_MASTER/i2c_master_conf.o
 .text.XMC_USIC_CH_SetInputSource
                0x08004a9c       0x3c ./Dave/Generated/I2C_MASTER/i2c_master_conf.o
 .text.XMC_USIC_CH_TXFIFO_EnableEvent
                0x08004ad8       0x24 ./Dave/Generated/I2C_MASTER/i2c_master_conf.o
 .text.XMC_USIC_CH_RXFIFO_EnableEvent
                0x08004afc       0x24 ./Dave/Generated/I2C_MASTER/i2c_master_conf.o
 .text.XMC_USIC_CH_SetMode
                0x08004b20       0x28 ./Dave/Generated/I2C_MASTER/i2c_master_conf.o
 .text.XMC_I2C_CH_Init
                0x08004b48       0x1c ./Dave/Generated/I2C_MASTER/i2c_master_conf.o
 .text.XMC_I2C_CH_Start
                0x08004b64       0x18 ./Dave/Generated/I2C_MASTER/i2c_master_conf.o
 .text.I2C_BUS_disable_io
                0x08004b7c       0x24 ./Dave/Generated/I2C_MASTER/i2c_master_conf.o
 .text.I2C_BUS_enable_io
                0x08004ba0       0x28 ./Dave/Generated/I2C_MASTER/i2c_master_conf.o
 .text.I2C_BUS_init
                0x08004bc8       0xf4 ./Dave/Generated/I2C_MASTER/i2c_master_conf.o
                0x08004bc8                I2C_BUS_init
 .text.USIC1_1_IRQHandler
                0x08004cbc       0x10 ./Dave/Generated/I2C_MASTER/i2c_master_conf.o
                0x08004cbc                USIC1_1_IRQHandler
 .text.USIC1_0_IRQHandler
                0x08004ccc       0x10 ./Dave/Generated/I2C_MASTER/i2c_master_conf.o
                0x08004ccc                USIC1_0_IRQHandler
 .text.XMC_CCU8_StartPrescaler
                0x08004cdc       0x1c ./Dave/Generated/GLOBAL_CCU8/global_ccu8.o
 .text.GLOBAL_CCU8_Init
                0x08004cf8       0x40 ./Dave/Generated/GLOBAL_CCU8/global_ccu8.o
                0x08004cf8                GLOBAL_CCU8_Init
 .text.XMC_CCU4_StartPrescaler
                0x08004d38       0x1c ./Dave/Generated/GLOBAL_CCU4/global_ccu4.o
 .text.GLOBAL_CCU4_Init
                0x08004d54       0x40 ./Dave/Generated/GLOBAL_CCU4/global_ccu4.o
                0x08004d54                GLOBAL_CCU4_Init
 .text.DIGITAL_IO_Init
                0x08004d94       0x40 ./Dave/Generated/DIGITAL_IO/digital_io.o
                0x08004d94                DIGITAL_IO_Init
 .text.__NVIC_SetPriorityGrouping
                0x08004dd4       0x48 ./Dave/Generated/CPU_CTRL_XMC4/cpu_ctrl_xmc4_conf.o
 .text.SystemCoreSetup
                0x08004e1c       0xa0 ./Dave/Generated/CPU_CTRL_XMC4/cpu_ctrl_xmc4_conf.o
                0x08004e1c                SystemCoreSetup
 .text.CLOCK_XMC4_Init
                0x08004ebc       0x20 ./Dave/Generated/CLOCK_XMC4/clock_xmc4.o
                0x08004ebc                CLOCK_XMC4_Init
 .text.SystemCoreClockSetup
                0x08004edc       0x38 ./Dave/Generated/CLOCK_XMC4/clock_xmc4_conf.o
                0x08004edc                SystemCoreClockSetup
 .text.DAVE_Init
                0x08004f14      0x204 ./Dave/Generated/DAVE.o
                0x08004f14                DAVE_Init
 .text.XMC_GPIO_GetInput
                0x08005118       0x28 ./main.o
 .text.main     0x08005140       0x5c ./main.o
                0x08005140                main
 .text.__libc_init_array
                0x0800519c       0x4c d:/programy/4.5.0.202105191637/eclipse/arm-gcc-49/bin/../lib/gcc/arm-none-eabi/4.9.3/../../../../arm-none-eabi/lib/armv7e-m/softfp\libg_nano.a(lib_a-init.o)
                0x0800519c                __libc_init_array
 .text.memset   0x080051e8       0x10 d:/programy/4.5.0.202105191637/eclipse/arm-gcc-49/bin/../lib/gcc/arm-none-eabi/4.9.3/../../../../arm-none-eabi/lib/armv7e-m/softfp\libg_nano.a(lib_a-memset.o)
                0x080051e8                memset
 *(.init)
 *(.fini)
 *crtbegin.o(.ctors)
 *crtbegin?.o(.ctors)
 *(EXCLUDE_FILE(*crtend.o *crtend?.o) .ctors)
 *(SORT(.ctors.*))
 *(.ctors)
 *crtbegin.o(.dtors)
 *crtbegin?.o(.dtors)
 *(EXCLUDE_FILE(*crtend.o *crtend?.o) .dtors)
 *(SORT(.dtors.*))
 *(.dtors)
 *(.rodata .rodata.*)
 .rodata.UART_DEBUG_channel_config
                0x080051f8        0xc ./Dave/Generated/UART/uart_conf.o
                0x080051f8                UART_DEBUG_channel_config
 .rodata.UART_DEBUG_tx_pin_config
                0x08005204        0xc ./Dave/Generated/UART/uart_conf.o
                0x08005204                UART_DEBUG_tx_pin_config
 .rodata.UART_DEBUG_tx_pin
                0x08005210        0xc ./Dave/Generated/UART/uart_conf.o
                0x08005210                UART_DEBUG_tx_pin
 .rodata.UART_DEBUG_config
                0x0800521c       0x30 ./Dave/Generated/UART/uart_conf.o
                0x0800521c                UART_DEBUG_config
 .rodata.UART_DEBUG_rx_pin_config
                0x0800524c        0xc ./Dave/Generated/UART/uart_conf.o
                0x0800524c                UART_DEBUG_rx_pin_config
 .rodata.SPI_SLAVE_0_channel_config
                0x08005258        0xc ./Dave/Generated/SPI_SLAVE/spi_slave_conf.o
                0x08005258                SPI_SLAVE_0_channel_config
 .rodata.SPI_SLAVE_0_mosi1_pin_config
                0x08005264        0xc ./Dave/Generated/SPI_SLAVE/spi_slave_conf.o
                0x08005264                SPI_SLAVE_0_mosi1_pin_config
 .rodata.SPI_SLAVE_0_miso_pin
                0x08005270        0xc ./Dave/Generated/SPI_SLAVE/spi_slave_conf.o
                0x08005270                SPI_SLAVE_0_miso_pin
 .rodata.SPI_SLAVE_0_mosi_pin_config
                0x0800527c        0xc ./Dave/Generated/SPI_SLAVE/spi_slave_conf.o
                0x0800527c                SPI_SLAVE_0_mosi_pin_config
 .rodata.SPI_SLAVE_0_mosi_pin
                0x08005288        0xc ./Dave/Generated/SPI_SLAVE/spi_slave_conf.o
                0x08005288                SPI_SLAVE_0_mosi_pin
 .rodata.SPI_SLAVE_0_sclk_pin_config
                0x08005294        0xc ./Dave/Generated/SPI_SLAVE/spi_slave_conf.o
                0x08005294                SPI_SLAVE_0_sclk_pin_config
 .rodata.SPI_SLAVE_0_slavesel_pin_config
                0x080052a0        0xc ./Dave/Generated/SPI_SLAVE/spi_slave_conf.o
                0x080052a0                SPI_SLAVE_0_slavesel_pin_config
 .rodata.SPI_SLAVE_0_conf
                0x080052ac       0x20 ./Dave/Generated/SPI_SLAVE/spi_slave_conf.o
                0x080052ac                SPI_SLAVE_0_conf
 .rodata.PWM_CCU8_0_timer_handle
                0x080052cc       0x10 ./Dave/Generated/PWM_CCU8/pwm_ccu8_conf.o
                0x080052cc                PWM_CCU8_0_timer_handle
 .rodata.PWM_CCU8_0_event0_config
                0x080052dc        0x4 ./Dave/Generated/PWM_CCU8/pwm_ccu8_conf.o
                0x080052dc                PWM_CCU8_0_event0_config
 .rodata.PWM_CCU8_0_event1_config
                0x080052e0        0x4 ./Dave/Generated/PWM_CCU8/pwm_ccu8_conf.o
                0x080052e0                PWM_CCU8_0_event1_config
 .rodata.PWM_CCU8_0_event2_config
                0x080052e4        0x4 ./Dave/Generated/PWM_CCU8/pwm_ccu8_conf.o
                0x080052e4                PWM_CCU8_0_event2_config
 .rodata.PWM_CCU8_0_dt_config
                0x080052e8        0xc ./Dave/Generated/PWM_CCU8/pwm_ccu8_conf.o
                0x080052e8                PWM_CCU8_0_dt_config
 .rodata.PWM_CCU8_0_ch1_out0_config
                0x080052f4        0xc ./Dave/Generated/PWM_CCU8/pwm_ccu8_conf.o
                0x080052f4                PWM_CCU8_0_ch1_out0_config
 .rodata.PWM_CCU8_0_config_handle
                0x08005300       0x90 ./Dave/Generated/PWM_CCU8/pwm_ccu8_conf.o
                0x08005300                PWM_CCU8_0_config_handle
 .rodata.PWM_CCU8_1_timer_handle
                0x08005390       0x10 ./Dave/Generated/PWM_CCU8/pwm_ccu8_conf.o
                0x08005390                PWM_CCU8_1_timer_handle
 .rodata.PWM_CCU8_1_event0_config
                0x080053a0        0x4 ./Dave/Generated/PWM_CCU8/pwm_ccu8_conf.o
                0x080053a0                PWM_CCU8_1_event0_config
 .rodata.PWM_CCU8_1_event1_config
                0x080053a4        0x4 ./Dave/Generated/PWM_CCU8/pwm_ccu8_conf.o
                0x080053a4                PWM_CCU8_1_event1_config
 .rodata.PWM_CCU8_1_event2_config
                0x080053a8        0x4 ./Dave/Generated/PWM_CCU8/pwm_ccu8_conf.o
                0x080053a8                PWM_CCU8_1_event2_config
 .rodata.PWM_CCU8_1_dt_config
                0x080053ac        0xc ./Dave/Generated/PWM_CCU8/pwm_ccu8_conf.o
                0x080053ac                PWM_CCU8_1_dt_config
 .rodata.PWM_CCU8_1_ch1_out0_config
                0x080053b8        0xc ./Dave/Generated/PWM_CCU8/pwm_ccu8_conf.o
                0x080053b8                PWM_CCU8_1_ch1_out0_config
 .rodata.PWM_CCU8_1_config_handle
                0x080053c4       0x90 ./Dave/Generated/PWM_CCU8/pwm_ccu8_conf.o
                0x080053c4                PWM_CCU8_1_config_handle
 .rodata.PWM_CCU8_2_timer_handle
                0x08005454       0x10 ./Dave/Generated/PWM_CCU8/pwm_ccu8_conf.o
                0x08005454                PWM_CCU8_2_timer_handle
 .rodata.PWM_CCU8_2_event0_config
                0x08005464        0x4 ./Dave/Generated/PWM_CCU8/pwm_ccu8_conf.o
                0x08005464                PWM_CCU8_2_event0_config
 .rodata.PWM_CCU8_2_event1_config
                0x08005468        0x4 ./Dave/Generated/PWM_CCU8/pwm_ccu8_conf.o
                0x08005468                PWM_CCU8_2_event1_config
 .rodata.PWM_CCU8_2_event2_config
                0x0800546c        0x4 ./Dave/Generated/PWM_CCU8/pwm_ccu8_conf.o
                0x0800546c                PWM_CCU8_2_event2_config
 .rodata.PWM_CCU8_2_dt_config
                0x08005470        0xc ./Dave/Generated/PWM_CCU8/pwm_ccu8_conf.o
                0x08005470                PWM_CCU8_2_dt_config
 .rodata.PWM_CCU8_2_ch1_out0_config
                0x0800547c        0xc ./Dave/Generated/PWM_CCU8/pwm_ccu8_conf.o
                0x0800547c                PWM_CCU8_2_ch1_out0_config
 .rodata.PWM_CCU8_2_ch2_out2_config
                0x08005488        0xc ./Dave/Generated/PWM_CCU8/pwm_ccu8_conf.o
                0x08005488                PWM_CCU8_2_ch2_out2_config
 .rodata.PWM_CCU8_2_config_handle
                0x08005494       0x90 ./Dave/Generated/PWM_CCU8/pwm_ccu8_conf.o
                0x08005494                PWM_CCU8_2_config_handle
 .rodata.PWM_CCU8_3_timer_handle
                0x08005524       0x10 ./Dave/Generated/PWM_CCU8/pwm_ccu8_conf.o
                0x08005524                PWM_CCU8_3_timer_handle
 .rodata.PWM_CCU8_3_event0_config
                0x08005534        0x4 ./Dave/Generated/PWM_CCU8/pwm_ccu8_conf.o
                0x08005534                PWM_CCU8_3_event0_config
 .rodata.PWM_CCU8_3_event1_config
                0x08005538        0x4 ./Dave/Generated/PWM_CCU8/pwm_ccu8_conf.o
                0x08005538                PWM_CCU8_3_event1_config
 .rodata.PWM_CCU8_3_event2_config
                0x0800553c        0x4 ./Dave/Generated/PWM_CCU8/pwm_ccu8_conf.o
                0x0800553c                PWM_CCU8_3_event2_config
 .rodata.PWM_CCU8_3_dt_config
                0x08005540        0xc ./Dave/Generated/PWM_CCU8/pwm_ccu8_conf.o
                0x08005540                PWM_CCU8_3_dt_config
 .rodata.PWM_CCU8_3_ch1_out0_config
                0x0800554c        0xc ./Dave/Generated/PWM_CCU8/pwm_ccu8_conf.o
                0x0800554c                PWM_CCU8_3_ch1_out0_config
 .rodata.PWM_CCU8_3_ch2_out2_config
                0x08005558        0xc ./Dave/Generated/PWM_CCU8/pwm_ccu8_conf.o
                0x08005558                PWM_CCU8_3_ch2_out2_config
 .rodata.PWM_CCU8_3_config_handle
                0x08005564       0x90 ./Dave/Generated/PWM_CCU8/pwm_ccu8_conf.o
                0x08005564                PWM_CCU8_3_config_handle
 .rodata.PWM_CCU4_0_timer_handle
                0x080055f4        0x8 ./Dave/Generated/PWM_CCU4/pwm_ccu4_conf.o
                0x080055f4                PWM_CCU4_0_timer_handle
 .rodata.PWM_CCU4_0_event0_config
                0x080055fc        0x4 ./Dave/Generated/PWM_CCU4/pwm_ccu4_conf.o
                0x080055fc                PWM_CCU4_0_event0_config
 .rodata.PWM_CCU4_0_event1_config
                0x08005600        0x4 ./Dave/Generated/PWM_CCU4/pwm_ccu4_conf.o
                0x08005600                PWM_CCU4_0_event1_config
 .rodata.PWM_CCU4_0_event2_config
                0x08005604        0x4 ./Dave/Generated/PWM_CCU4/pwm_ccu4_conf.o
                0x08005604                PWM_CCU4_0_event2_config
 .rodata.PWM_CCU4_0_ch1_out0_config
                0x08005608        0xc ./Dave/Generated/PWM_CCU4/pwm_ccu4_conf.o
                0x08005608                PWM_CCU4_0_ch1_out0_config
 .rodata.PWM_CCU4_0_config_handle
                0x08005614       0x50 ./Dave/Generated/PWM_CCU4/pwm_ccu4_conf.o
                0x08005614                PWM_CCU4_0_config_handle
 .rodata.PWM_CCU4_1_timer_handle
                0x08005664        0x8 ./Dave/Generated/PWM_CCU4/pwm_ccu4_conf.o
                0x08005664                PWM_CCU4_1_timer_handle
 .rodata.PWM_CCU4_1_event0_config
                0x0800566c        0x4 ./Dave/Generated/PWM_CCU4/pwm_ccu4_conf.o
                0x0800566c                PWM_CCU4_1_event0_config
 .rodata.PWM_CCU4_1_event1_config
                0x08005670        0x4 ./Dave/Generated/PWM_CCU4/pwm_ccu4_conf.o
                0x08005670                PWM_CCU4_1_event1_config
 .rodata.PWM_CCU4_1_event2_config
                0x08005674        0x4 ./Dave/Generated/PWM_CCU4/pwm_ccu4_conf.o
                0x08005674                PWM_CCU4_1_event2_config
 .rodata.PWM_CCU4_1_ch1_out0_config
                0x08005678        0xc ./Dave/Generated/PWM_CCU4/pwm_ccu4_conf.o
                0x08005678                PWM_CCU4_1_ch1_out0_config
 .rodata.PWM_CCU4_1_config_handle
                0x08005684       0x50 ./Dave/Generated/PWM_CCU4/pwm_ccu4_conf.o
                0x08005684                PWM_CCU4_1_config_handle
 .rodata.PWM_CCU4_2_timer_handle
                0x080056d4        0x8 ./Dave/Generated/PWM_CCU4/pwm_ccu4_conf.o
                0x080056d4                PWM_CCU4_2_timer_handle
 .rodata.PWM_CCU4_2_event0_config
                0x080056dc        0x4 ./Dave/Generated/PWM_CCU4/pwm_ccu4_conf.o
                0x080056dc                PWM_CCU4_2_event0_config
 .rodata.PWM_CCU4_2_event1_config
                0x080056e0        0x4 ./Dave/Generated/PWM_CCU4/pwm_ccu4_conf.o
                0x080056e0                PWM_CCU4_2_event1_config
 .rodata.PWM_CCU4_2_event2_config
                0x080056e4        0x4 ./Dave/Generated/PWM_CCU4/pwm_ccu4_conf.o
                0x080056e4                PWM_CCU4_2_event2_config
 .rodata.PWM_CCU4_2_ch1_out0_config
                0x080056e8        0xc ./Dave/Generated/PWM_CCU4/pwm_ccu4_conf.o
                0x080056e8                PWM_CCU4_2_ch1_out0_config
 .rodata.PWM_CCU4_2_config_handle
                0x080056f4       0x50 ./Dave/Generated/PWM_CCU4/pwm_ccu4_conf.o
                0x080056f4                PWM_CCU4_2_config_handle
 .rodata.PWM_CCU4_3_timer_handle
                0x08005744        0x8 ./Dave/Generated/PWM_CCU4/pwm_ccu4_conf.o
                0x08005744                PWM_CCU4_3_timer_handle
 .rodata.PWM_CCU4_3_event0_config
                0x0800574c        0x4 ./Dave/Generated/PWM_CCU4/pwm_ccu4_conf.o
                0x0800574c                PWM_CCU4_3_event0_config
 .rodata.PWM_CCU4_3_event1_config
                0x08005750        0x4 ./Dave/Generated/PWM_CCU4/pwm_ccu4_conf.o
                0x08005750                PWM_CCU4_3_event1_config
 .rodata.PWM_CCU4_3_event2_config
                0x08005754        0x4 ./Dave/Generated/PWM_CCU4/pwm_ccu4_conf.o
                0x08005754                PWM_CCU4_3_event2_config
 .rodata.PWM_CCU4_3_ch1_out0_config
                0x08005758        0xc ./Dave/Generated/PWM_CCU4/pwm_ccu4_conf.o
                0x08005758                PWM_CCU4_3_ch1_out0_config
 .rodata.PWM_CCU4_3_config_handle
                0x08005764       0x50 ./Dave/Generated/PWM_CCU4/pwm_ccu4_conf.o
                0x08005764                PWM_CCU4_3_config_handle
 .rodata.PWM_CCU4_4_timer_handle
                0x080057b4        0x8 ./Dave/Generated/PWM_CCU4/pwm_ccu4_conf.o
                0x080057b4                PWM_CCU4_4_timer_handle
 .rodata.PWM_CCU4_4_event0_config
                0x080057bc        0x4 ./Dave/Generated/PWM_CCU4/pwm_ccu4_conf.o
                0x080057bc                PWM_CCU4_4_event0_config
 .rodata.PWM_CCU4_4_event1_config
                0x080057c0        0x4 ./Dave/Generated/PWM_CCU4/pwm_ccu4_conf.o
                0x080057c0                PWM_CCU4_4_event1_config
 .rodata.PWM_CCU4_4_event2_config
                0x080057c4        0x4 ./Dave/Generated/PWM_CCU4/pwm_ccu4_conf.o
                0x080057c4                PWM_CCU4_4_event2_config
 .rodata.PWM_CCU4_4_ch1_out0_config
                0x080057c8        0xc ./Dave/Generated/PWM_CCU4/pwm_ccu4_conf.o
                0x080057c8                PWM_CCU4_4_ch1_out0_config
 .rodata.PWM_CCU4_4_config_handle
                0x080057d4       0x50 ./Dave/Generated/PWM_CCU4/pwm_ccu4_conf.o
                0x080057d4                PWM_CCU4_4_config_handle
 .rodata.PWM_CCU4_5_timer_handle
                0x08005824        0x8 ./Dave/Generated/PWM_CCU4/pwm_ccu4_conf.o
                0x08005824                PWM_CCU4_5_timer_handle
 .rodata.PWM_CCU4_5_event0_config
                0x0800582c        0x4 ./Dave/Generated/PWM_CCU4/pwm_ccu4_conf.o
                0x0800582c                PWM_CCU4_5_event0_config
 .rodata.PWM_CCU4_5_event1_config
                0x08005830        0x4 ./Dave/Generated/PWM_CCU4/pwm_ccu4_conf.o
                0x08005830                PWM_CCU4_5_event1_config
 .rodata.PWM_CCU4_5_event2_config
                0x08005834        0x4 ./Dave/Generated/PWM_CCU4/pwm_ccu4_conf.o
                0x08005834                PWM_CCU4_5_event2_config
 .rodata.PWM_CCU4_5_ch1_out0_config
                0x08005838        0xc ./Dave/Generated/PWM_CCU4/pwm_ccu4_conf.o
                0x08005838                PWM_CCU4_5_ch1_out0_config
 .rodata.PWM_CCU4_5_config_handle
                0x08005844       0x50 ./Dave/Generated/PWM_CCU4/pwm_ccu4_conf.o
                0x08005844                PWM_CCU4_5_config_handle
 .rodata.PWM_CCU4_6_timer_handle
                0x08005894        0x8 ./Dave/Generated/PWM_CCU4/pwm_ccu4_conf.o
                0x08005894                PWM_CCU4_6_timer_handle
 .rodata.PWM_CCU4_6_event0_config
                0x0800589c        0x4 ./Dave/Generated/PWM_CCU4/pwm_ccu4_conf.o
                0x0800589c                PWM_CCU4_6_event0_config
 .rodata.PWM_CCU4_6_event1_config
                0x080058a0        0x4 ./Dave/Generated/PWM_CCU4/pwm_ccu4_conf.o
                0x080058a0                PWM_CCU4_6_event1_config
 .rodata.PWM_CCU4_6_event2_config
                0x080058a4        0x4 ./Dave/Generated/PWM_CCU4/pwm_ccu4_conf.o
                0x080058a4                PWM_CCU4_6_event2_config
 .rodata.PWM_CCU4_6_ch1_out0_config
                0x080058a8        0xc ./Dave/Generated/PWM_CCU4/pwm_ccu4_conf.o
                0x080058a8                PWM_CCU4_6_ch1_out0_config
 .rodata.PWM_CCU4_6_config_handle
                0x080058b4       0x50 ./Dave/Generated/PWM_CCU4/pwm_ccu4_conf.o
                0x080058b4                PWM_CCU4_6_config_handle
 .rodata.PWM_CCU4_7_timer_handle
                0x08005904        0x8 ./Dave/Generated/PWM_CCU4/pwm_ccu4_conf.o
                0x08005904                PWM_CCU4_7_timer_handle
 .rodata.PWM_CCU4_7_event0_config
                0x0800590c        0x4 ./Dave/Generated/PWM_CCU4/pwm_ccu4_conf.o
                0x0800590c                PWM_CCU4_7_event0_config
 .rodata.PWM_CCU4_7_event1_config
                0x08005910        0x4 ./Dave/Generated/PWM_CCU4/pwm_ccu4_conf.o
                0x08005910                PWM_CCU4_7_event1_config
 .rodata.PWM_CCU4_7_event2_config
                0x08005914        0x4 ./Dave/Generated/PWM_CCU4/pwm_ccu4_conf.o
                0x08005914                PWM_CCU4_7_event2_config
 .rodata.PWM_CCU4_7_ch1_out0_config
                0x08005918        0xc ./Dave/Generated/PWM_CCU4/pwm_ccu4_conf.o
                0x08005918                PWM_CCU4_7_ch1_out0_config
 .rodata.PWM_CCU4_7_config_handle
                0x08005924       0x50 ./Dave/Generated/PWM_CCU4/pwm_ccu4_conf.o
                0x08005924                PWM_CCU4_7_config_handle
 .rodata.I2C_BUS_sda_pin_config
                0x08005974        0xc ./Dave/Generated/I2C_MASTER/i2c_master_conf.o
 .rodata.I2C_BUS_scl_pin_config
                0x08005980        0xc ./Dave/Generated/I2C_MASTER/i2c_master_conf.o
 .rodata.I2C_BUS_channel_config
                0x0800598c        0x8 ./Dave/Generated/I2C_MASTER/i2c_master_conf.o
                0x0800598c                I2C_BUS_channel_config
 .rodata.I2C_BUS_config
                0x08005994       0x2c ./Dave/Generated/I2C_MASTER/i2c_master_conf.o
                0x08005994                I2C_BUS_config
 .rodata.DIGITAL_IO_0
                0x080059c0       0x14 ./Dave/Generated/DIGITAL_IO/digital_io_conf.o
                0x080059c0                DIGITAL_IO_0
 .rodata.DIGITAL_IO_1
                0x080059d4       0x14 ./Dave/Generated/DIGITAL_IO/digital_io_conf.o
                0x080059d4                DIGITAL_IO_1
 .rodata.DIGITAL_IO_2
                0x080059e8       0x14 ./Dave/Generated/DIGITAL_IO/digital_io_conf.o
                0x080059e8                DIGITAL_IO_2
 .rodata.DIGITAL_IO_3
                0x080059fc       0x14 ./Dave/Generated/DIGITAL_IO/digital_io_conf.o
                0x080059fc                DIGITAL_IO_3
 .rodata.DIGITAL_IO_4
                0x08005a10       0x14 ./Dave/Generated/DIGITAL_IO/digital_io_conf.o
                0x08005a10                DIGITAL_IO_4
 .rodata.DIGITAL_IO_5
                0x08005a24       0x14 ./Dave/Generated/DIGITAL_IO/digital_io_conf.o
                0x08005a24                DIGITAL_IO_5
 .rodata.DIGITAL_IO_6
                0x08005a38       0x14 ./Dave/Generated/DIGITAL_IO/digital_io_conf.o
                0x08005a38                DIGITAL_IO_6
 .rodata.DIGITAL_IO_7
                0x08005a4c       0x14 ./Dave/Generated/DIGITAL_IO/digital_io_conf.o
                0x08005a4c                DIGITAL_IO_7
 .rodata.DIGITAL_IO_8
                0x08005a60       0x14 ./Dave/Generated/DIGITAL_IO/digital_io_conf.o
                0x08005a60                DIGITAL_IO_8
 .rodata        0x08005a74       0x14 ./Dave/Generated/CLOCK_XMC4/clock_xmc4_conf.o
 *(.gnu.linkonce.r*)
 *(vtable)
                0x08005a88                . = ALIGN (0x4)

.glue_7         0x08005a88        0x0 load address 0x0c005a88
 .glue_7        0x00000000        0x0 linker stubs

.glue_7t        0x08005a88        0x0 load address 0x0c005a88
 .glue_7t       0x00000000        0x0 linker stubs

.vfp11_veneer   0x08005a88        0x0 load address 0x0c005a88
 .vfp11_veneer  0x00000000        0x0 linker stubs

.v4_bx          0x08005a88        0x0 load address 0x0c005a88
 .v4_bx         0x00000000        0x0 linker stubs

.iplt           0x08005a88        0x0 load address 0x0c005a88
 .iplt          0x00000000        0x0 ./Startup/startup_XMC4200.o

.rel.dyn        0x08005a88        0x0 load address 0x0c005a88
 .rel.iplt      0x00000000        0x0 ./Startup/startup_XMC4200.o

.eh_frame_hdr
 *(.eh_frame_hdr)

.eh_frame
 *(.eh_frame)

.ARM.extab
 *(.ARM.extab* .gnu.linkonce.armextab.*)
                0x08005a88                . = ALIGN (0x4)
                0x08005a88                __exidx_start = .

.ARM.exidx
 *(.ARM.exidx* .gnu.linkonce.armexidx.*)
                0x08005a88                __exidx_end = .
                0x08005a88                . = ALIGN (0x4)

Stack           0x1fffc000      0x800
                0x1fffc000                __stack_start = .
                0x1fffc800                . = (. + stack_size)
 *fill*         0x1fffc000      0x800 
                0x1fffc800                __stack_end = .
                0x1fffc800                __initial_sp = .

.ram_code       0x1fffc800        0x0 load address 0x0c005a88
                0x1fffc800                . = ALIGN (0x4)
                0x1fffc800                __ram_code_start = .
 *(.ram_code)
                0x1fffc800                . = ALIGN (0x4)
                0x1fffc800                __ram_code_end = .
                0x0c005a88                __ram_code_load = LOADADDR (.ram_code)
                0x00000000                __ram_code_size = (__ram_code_end - __ram_code_start)

.data           0x1fffc800      0x2ac load address 0x0c005a88
                0x1fffc800                . = ALIGN (0x4)
                0x1fffc800                __data_start = .
 *(.data)
 *(.data*)
 .data.UART_DEBUG
                0x1fffc800        0xc ./Dave/Generated/UART/uart_conf.o
                0x1fffc800                UART_DEBUG
 .data.SPI_SLAVE_0_runtime
                0x1fffc80c       0x1c ./Dave/Generated/SPI_SLAVE/spi_slave_conf.o
                0x1fffc80c                SPI_SLAVE_0_runtime
 .data.SPI_SLAVE_0
                0x1fffc828        0xc ./Dave/Generated/SPI_SLAVE/spi_slave_conf.o
                0x1fffc828                SPI_SLAVE_0
 .data.PWM_CCU8_0
                0x1fffc834       0x34 ./Dave/Generated/PWM_CCU8/pwm_ccu8_conf.o
                0x1fffc834                PWM_CCU8_0
 .data.PWM_CCU8_1
                0x1fffc868       0x34 ./Dave/Generated/PWM_CCU8/pwm_ccu8_conf.o
                0x1fffc868                PWM_CCU8_1
 .data.PWM_CCU8_2
                0x1fffc89c       0x34 ./Dave/Generated/PWM_CCU8/pwm_ccu8_conf.o
                0x1fffc89c                PWM_CCU8_2
 .data.PWM_CCU8_3
                0x1fffc8d0       0x34 ./Dave/Generated/PWM_CCU8/pwm_ccu8_conf.o
                0x1fffc8d0                PWM_CCU8_3
 .data.PWM_CCU4_0
                0x1fffc904       0x28 ./Dave/Generated/PWM_CCU4/pwm_ccu4_conf.o
                0x1fffc904                PWM_CCU4_0
 .data.PWM_CCU4_1
                0x1fffc92c       0x28 ./Dave/Generated/PWM_CCU4/pwm_ccu4_conf.o
                0x1fffc92c                PWM_CCU4_1
 .data.PWM_CCU4_2
                0x1fffc954       0x28 ./Dave/Generated/PWM_CCU4/pwm_ccu4_conf.o
                0x1fffc954                PWM_CCU4_2
 .data.PWM_CCU4_3
                0x1fffc97c       0x28 ./Dave/Generated/PWM_CCU4/pwm_ccu4_conf.o
                0x1fffc97c                PWM_CCU4_3
 .data.PWM_CCU4_4
                0x1fffc9a4       0x28 ./Dave/Generated/PWM_CCU4/pwm_ccu4_conf.o
                0x1fffc9a4                PWM_CCU4_4
 .data.PWM_CCU4_5
                0x1fffc9cc       0x28 ./Dave/Generated/PWM_CCU4/pwm_ccu4_conf.o
                0x1fffc9cc                PWM_CCU4_5
 .data.PWM_CCU4_6
                0x1fffc9f4       0x28 ./Dave/Generated/PWM_CCU4/pwm_ccu4_conf.o
                0x1fffc9f4                PWM_CCU4_6
 .data.PWM_CCU4_7
                0x1fffca1c       0x28 ./Dave/Generated/PWM_CCU4/pwm_ccu4_conf.o
                0x1fffca1c                PWM_CCU4_7
 .data.I2C_BUS_runtime
                0x1fffca44       0x2c ./Dave/Generated/I2C_MASTER/i2c_master_conf.o
                0x1fffca44                I2C_BUS_runtime
 .data.I2C_BUS  0x1fffca70        0xc ./Dave/Generated/I2C_MASTER/i2c_master_conf.o
                0x1fffca70                I2C_BUS
 .data.GLOBAL_CCU8_0
                0x1fffca7c       0x10 ./Dave/Generated/GLOBAL_CCU8/global_ccu8_conf.o
                0x1fffca7c                GLOBAL_CCU8_0
 .data.GLOBAL_CCU4_0
                0x1fffca8c       0x10 ./Dave/Generated/GLOBAL_CCU4/global_ccu4_conf.o
                0x1fffca8c                GLOBAL_CCU4_0
 .data.GLOBAL_CCU4_1
                0x1fffca9c       0x10 ./Dave/Generated/GLOBAL_CCU4/global_ccu4_conf.o
                0x1fffca9c                GLOBAL_CCU4_1
 *(*.data)
 *(.gnu.linkonce.d*)
                0x1fffcaac                . = ALIGN (0x4)
                0x1fffcaac                PROVIDE (__preinit_array_start, .)
 *(.preinit_array)
                0x1fffcaac                PROVIDE (__preinit_array_end, .)
                0x1fffcaac                . = ALIGN (0x4)
                0x1fffcaac                PROVIDE (__init_array_start, .)
 *(SORT(.init_array.*))
 *(.init_array)
                0x1fffcaac                PROVIDE (__init_array_end, .)
                0x1fffcaac                . = ALIGN (0x4)
                0x1fffcaac                PROVIDE (__fini_array_start, .)
 *(SORT(.fini_array.*))
 *(.fini_array)
                0x1fffcaac                PROVIDE (__fini_array_end, .)
                0x1fffcaac                . = ALIGN (0x4)
                0x1fffcaac                __data_end = .
                0x0c005a88                __data_load = LOADADDR (.data)
                0x000002ac                __data_size = (__data_end - __data_start)
                0x00005d34                __text_size = (((__exidx_end - sText) + __data_size) + __ram_code_size)
                0x08005d34                eText = (sText + __text_size)

.igot.plt       0x1fffcaac        0x0 load address 0x0c005d34
 .igot.plt      0x00000000        0x0 ./Startup/startup_XMC4200.o

.bss            0x1fffcaac       0x38 load address 0x0c005d34
                0x1fffcaac                . = ALIGN (0x4)
                0x1fffcaac                __bss_start = .
 *(.bss)
 *(.bss*)
 .bss.UART_DEBUG_runtime
                0x1fffcaac       0x1c ./Dave/Generated/UART/uart_conf.o
                0x1fffcaac                UART_DEBUG_runtime
 .bss.CLOCK_XMC4_0
                0x1fffcac8        0x4 ./Dave/Generated/CLOCK_XMC4/clock_xmc4_conf.o
                0x1fffcac8                CLOCK_XMC4_0
 *(COMMON)
 COMMON         0x1fffcacc       0x16 ./main.o
                0x1fffcacc                rx_data
                0x1fffcad8                tx_data
 *(.gnu.linkonce.b*)
                0x1fffcae4                . = ALIGN (0x4)
 *fill*         0x1fffcae2        0x2 
                0x1fffcae4                __bss_end = .
                0x00000038                __bss_size = (__bss_end - __bss_start)
                0x0000351c                __shift_loc = (__bss_end >= ORIGIN (DSRAM_1_system))?0x0:(ORIGIN (DSRAM_1_system) - __bss_end)

USB_RAM         0x20000000        0x0
                0x20000000                . = ALIGN (0x4)
                0x20000000                USB_RAM_start = .
 *(USB_RAM)
                0x20000000                . = ALIGN (0x4)
                0x20000000                USB_RAM_end = .
                0x20000000                . = ALIGN (0x8)
                0x20000000                Heap_Bank1_Start = .
                0x00000000                USB_RAM_size = (USB_RAM_end - USB_RAM_start)

.no_init        0x20005fc0       0x20
                0x20005fc0                Heap_Bank1_End = .
 *(.no_init)
 .no_init       0x20005fc0       0x20 ./Startup/system_XMC4200.o
                0x20005fc0                SystemCoreClock
                0x20005fc4                g_chipid
                0x20005fd4                g_hrpwm_char_data
                0x00005fc0                Heap_Bank1_Size = (Heap_Bank1_End - Heap_Bank1_Start)
                0x00000001                ASSERT ((Heap_Bank1_Start <= Heap_Bank1_End), region SRAM_combined overflowed no_init section)

/DISCARD/
 *(.comment)

.stab
 *(.stab)

.stabstr
 *(.stabstr)

.debug
 *(.debug)

.line
 *(.line)

.debug_srcinfo
 *(.debug_srcinfo)

.debug_sfnames
 *(.debug_sfnames)

.debug_aranges  0x00000000     0x12f8
 *(.debug_aranges)
 .debug_aranges
                0x00000000       0x20 ./Startup/startup_XMC4200.o
 .debug_aranges
                0x00000020       0x48 ./Startup/system_XMC4200.o
 .debug_aranges
                0x00000068       0x28 ./Libraries/XMCLib/src/xmc4_gpio.o
 .debug_aranges
                0x00000090      0x428 ./Libraries/XMCLib/src/xmc4_scu.o
 .debug_aranges
                0x000004b8      0x138 ./Libraries/XMCLib/src/xmc_ccu4.o
 .debug_aranges
                0x000005f0      0x190 ./Libraries/XMCLib/src/xmc_ccu8.o
 .debug_aranges
                0x00000780       0x28 ./Libraries/XMCLib/src/xmc_gpio.o
 .debug_aranges
                0x000007a8       0xb0 ./Libraries/XMCLib/src/xmc_i2c.o
 .debug_aranges
                0x00000858       0x88 ./Libraries/XMCLib/src/xmc_spi.o
 .debug_aranges
                0x000008e0       0x78 ./Libraries/XMCLib/src/xmc_uart.o
 .debug_aranges
                0x00000958       0xb8 ./Libraries/XMCLib/src/xmc_usic.o
 .debug_aranges
                0x00000a10       0x28 ./Libraries/Newlib/syscalls.o
 .debug_aranges
                0x00000a38       0xf8 ./Dave/Generated/UART/uart.o
 .debug_aranges
                0x00000b30       0x68 ./Dave/Generated/UART/uart_conf.o
 .debug_aranges
                0x00000b98       0xc0 ./Dave/Generated/SPI_SLAVE/spi_slave.o
 .debug_aranges
                0x00000c58       0x80 ./Dave/Generated/SPI_SLAVE/spi_slave_conf.o
 .debug_aranges
                0x00000cd8      0x120 ./Dave/Generated/PWM_CCU8/pwm_ccu8.o
 .debug_aranges
                0x00000df8       0x18 ./Dave/Generated/PWM_CCU8/pwm_ccu8_conf.o
 .debug_aranges
                0x00000e10      0x100 ./Dave/Generated/PWM_CCU4/pwm_ccu4.o
 .debug_aranges
                0x00000f10       0x18 ./Dave/Generated/PWM_CCU4/pwm_ccu4_conf.o
 .debug_aranges
                0x00000f28      0x1b0 ./Dave/Generated/I2C_MASTER/i2c_master.o
 .debug_aranges
                0x000010d8       0x90 ./Dave/Generated/I2C_MASTER/i2c_master_conf.o
 .debug_aranges
                0x00001168       0x30 ./Dave/Generated/GLOBAL_CCU8/global_ccu8.o
 .debug_aranges
                0x00001198       0x18 ./Dave/Generated/GLOBAL_CCU8/global_ccu8_conf.o
 .debug_aranges
                0x000011b0       0x30 ./Dave/Generated/GLOBAL_CCU4/global_ccu4.o
 .debug_aranges
                0x000011e0       0x18 ./Dave/Generated/GLOBAL_CCU4/global_ccu4_conf.o
 .debug_aranges
                0x000011f8       0x28 ./Dave/Generated/DIGITAL_IO/digital_io.o
 .debug_aranges
                0x00001220       0x18 ./Dave/Generated/DIGITAL_IO/digital_io_conf.o
 .debug_aranges
                0x00001238       0x28 ./Dave/Generated/CPU_CTRL_XMC4/cpu_ctrl_xmc4_conf.o
 .debug_aranges
                0x00001260       0x30 ./Dave/Generated/CLOCK_XMC4/clock_xmc4.o
 .debug_aranges
                0x00001290       0x20 ./Dave/Generated/CLOCK_XMC4/clock_xmc4_conf.o
 .debug_aranges
                0x000012b0       0x20 ./Dave/Generated/DAVE.o
 .debug_aranges
                0x000012d0       0x28 ./main.o

.debug_pubnames
 *(.debug_pubnames)

.debug_pubtypes
 *(.debug_pubtypes)

.debug_info     0x00000000    0x1e5d6
 *(.debug_info .gnu.linkonce.wi.*)
 .debug_info    0x00000000       0x8a ./Startup/startup_XMC4200.o
 .debug_info    0x0000008a      0xa06 ./Startup/system_XMC4200.o
 .debug_info    0x00000a90      0x4dd ./Libraries/XMCLib/src/xmc4_gpio.o
 .debug_info    0x00000f6d     0x26b6 ./Libraries/XMCLib/src/xmc4_scu.o
 .debug_info    0x00003623     0x1702 ./Libraries/XMCLib/src/xmc_ccu4.o
 .debug_info    0x00004d25     0x1e2f ./Libraries/XMCLib/src/xmc_ccu8.o
 .debug_info    0x00006b54      0x458 ./Libraries/XMCLib/src/xmc_gpio.o
 .debug_info    0x00006fac      0xba3 ./Libraries/XMCLib/src/xmc_i2c.o
 .debug_info    0x00007b4f      0xb61 ./Libraries/XMCLib/src/xmc_spi.o
 .debug_info    0x000086b0      0x9d2 ./Libraries/XMCLib/src/xmc_uart.o
 .debug_info    0x00009082      0xf00 ./Libraries/XMCLib/src/xmc_usic.o
 .debug_info    0x00009f82      0x11f ./Libraries/Newlib/syscalls.o
 .debug_info    0x0000a0a1     0x1590 ./Dave/Generated/UART/uart.o
 .debug_info    0x0000b631     0x1398 ./Dave/Generated/UART/uart_conf.o
 .debug_info    0x0000c9c9     0x1433 ./Dave/Generated/SPI_SLAVE/spi_slave.o
 .debug_info    0x0000ddfc     0x113e ./Dave/Generated/SPI_SLAVE/spi_slave_conf.o
 .debug_info    0x0000ef3a     0x1f2b ./Dave/Generated/PWM_CCU8/pwm_ccu8.o
 .debug_info    0x00010e65     0x17af ./Dave/Generated/PWM_CCU8/pwm_ccu8_conf.o
 .debug_info    0x00012614     0x17af ./Dave/Generated/PWM_CCU4/pwm_ccu4.o
 .debug_info    0x00013dc3     0x146b ./Dave/Generated/PWM_CCU4/pwm_ccu4_conf.o
 .debug_info    0x0001522e     0x1b0d ./Dave/Generated/I2C_MASTER/i2c_master.o
 .debug_info    0x00016d3b     0x138a ./Dave/Generated/I2C_MASTER/i2c_master_conf.o
 .debug_info    0x000180c5      0x46e ./Dave/Generated/GLOBAL_CCU8/global_ccu8.o
 .debug_info    0x00018533      0x36e ./Dave/Generated/GLOBAL_CCU8/global_ccu8_conf.o
 .debug_info    0x000188a1      0x45f ./Dave/Generated/GLOBAL_CCU4/global_ccu4.o
 .debug_info    0x00018d00      0x371 ./Dave/Generated/GLOBAL_CCU4/global_ccu4_conf.o
 .debug_info    0x00019071      0x597 ./Dave/Generated/DIGITAL_IO/digital_io.o
 .debug_info    0x00019608      0x562 ./Dave/Generated/DIGITAL_IO/digital_io_conf.o
 .debug_info    0x00019b6a      0x52e ./Dave/Generated/CPU_CTRL_XMC4/cpu_ctrl_xmc4_conf.o
 .debug_info    0x0001a098      0x2c3 ./Dave/Generated/CLOCK_XMC4/clock_xmc4.o
 .debug_info    0x0001a35b      0x422 ./Dave/Generated/CLOCK_XMC4/clock_xmc4_conf.o
 .debug_info    0x0001a77d     0x30b5 ./Dave/Generated/DAVE.o
 .debug_info    0x0001d832      0xda4 ./main.o

.debug_abbrev   0x00000000     0x3d35
 *(.debug_abbrev)
 .debug_abbrev  0x00000000       0x14 ./Startup/startup_XMC4200.o
 .debug_abbrev  0x00000014      0x1f1 ./Startup/system_XMC4200.o
 .debug_abbrev  0x00000205      0x144 ./Libraries/XMCLib/src/xmc4_gpio.o
 .debug_abbrev  0x00000349      0x2a3 ./Libraries/XMCLib/src/xmc4_scu.o
 .debug_abbrev  0x000005ec      0x232 ./Libraries/XMCLib/src/xmc_ccu4.o
 .debug_abbrev  0x0000081e      0x254 ./Libraries/XMCLib/src/xmc_ccu8.o
 .debug_abbrev  0x00000a72      0x144 ./Libraries/XMCLib/src/xmc_gpio.o
 .debug_abbrev  0x00000bb6      0x2af ./Libraries/XMCLib/src/xmc_i2c.o
 .debug_abbrev  0x00000e65      0x279 ./Libraries/XMCLib/src/xmc_spi.o
 .debug_abbrev  0x000010de      0x225 ./Libraries/XMCLib/src/xmc_uart.o
 .debug_abbrev  0x00001303      0x24c ./Libraries/XMCLib/src/xmc_usic.o
 .debug_abbrev  0x0000154f       0xbd ./Libraries/Newlib/syscalls.o
 .debug_abbrev  0x0000160c      0x27e ./Dave/Generated/UART/uart.o
 .debug_abbrev  0x0000188a      0x27b ./Dave/Generated/UART/uart_conf.o
 .debug_abbrev  0x00001b05      0x26d ./Dave/Generated/SPI_SLAVE/spi_slave.o
 .debug_abbrev  0x00001d72      0x1f4 ./Dave/Generated/SPI_SLAVE/spi_slave_conf.o
 .debug_abbrev  0x00001f66      0x2a4 ./Dave/Generated/PWM_CCU8/pwm_ccu8.o
 .debug_abbrev  0x0000220a      0x1b4 ./Dave/Generated/PWM_CCU8/pwm_ccu8_conf.o
 .debug_abbrev  0x000023be      0x282 ./Dave/Generated/PWM_CCU4/pwm_ccu4.o
 .debug_abbrev  0x00002640      0x192 ./Dave/Generated/PWM_CCU4/pwm_ccu4_conf.o
 .debug_abbrev  0x000027d2      0x2fc ./Dave/Generated/I2C_MASTER/i2c_master.o
 .debug_abbrev  0x00002ace      0x286 ./Dave/Generated/I2C_MASTER/i2c_master_conf.o
 .debug_abbrev  0x00002d54      0x196 ./Dave/Generated/GLOBAL_CCU8/global_ccu8.o
 .debug_abbrev  0x00002eea      0x124 ./Dave/Generated/GLOBAL_CCU8/global_ccu8_conf.o
 .debug_abbrev  0x0000300e      0x196 ./Dave/Generated/GLOBAL_CCU4/global_ccu4.o
 .debug_abbrev  0x000031a4      0x124 ./Dave/Generated/GLOBAL_CCU4/global_ccu4_conf.o
 .debug_abbrev  0x000032c8      0x171 ./Dave/Generated/DIGITAL_IO/digital_io.o
 .debug_abbrev  0x00003439      0x126 ./Dave/Generated/DIGITAL_IO/digital_io_conf.o
 .debug_abbrev  0x0000355f      0x1b4 ./Dave/Generated/CPU_CTRL_XMC4/cpu_ctrl_xmc4_conf.o
 .debug_abbrev  0x00003713      0x123 ./Dave/Generated/CLOCK_XMC4/clock_xmc4.o
 .debug_abbrev  0x00003836      0x134 ./Dave/Generated/CLOCK_XMC4/clock_xmc4_conf.o
 .debug_abbrev  0x0000396a      0x1ef ./Dave/Generated/DAVE.o
 .debug_abbrev  0x00003b59      0x1dc ./main.o

.debug_line     0x00000000     0x88dc
 *(.debug_line)
 .debug_line    0x00000000       0x87 ./Startup/startup_XMC4200.o
 .debug_line    0x00000087      0x2f6 ./Startup/system_XMC4200.o
 .debug_line    0x0000037d      0x214 ./Libraries/XMCLib/src/xmc4_gpio.o
 .debug_line    0x00000591      0xf34 ./Libraries/XMCLib/src/xmc4_scu.o
 .debug_line    0x000014c5      0x625 ./Libraries/XMCLib/src/xmc_ccu4.o
 .debug_line    0x00001aea      0x713 ./Libraries/XMCLib/src/xmc_ccu8.o
 .debug_line    0x000021fd      0x208 ./Libraries/XMCLib/src/xmc_gpio.o
 .debug_line    0x00002405      0x3d7 ./Libraries/XMCLib/src/xmc_i2c.o
 .debug_line    0x000027dc      0x3e1 ./Libraries/XMCLib/src/xmc_spi.o
 .debug_line    0x00002bbd      0x39e ./Libraries/XMCLib/src/xmc_uart.o
 .debug_line    0x00002f5b      0x527 ./Libraries/XMCLib/src/xmc_usic.o
 .debug_line    0x00003482       0xc1 ./Libraries/Newlib/syscalls.o
 .debug_line    0x00003543      0x5ba ./Dave/Generated/UART/uart.o
 .debug_line    0x00003afd      0x393 ./Dave/Generated/UART/uart_conf.o
 .debug_line    0x00003e90      0x5e0 ./Dave/Generated/SPI_SLAVE/spi_slave.o
 .debug_line    0x00004470      0x3ac ./Dave/Generated/SPI_SLAVE/spi_slave_conf.o
 .debug_line    0x0000481c      0x760 ./Dave/Generated/PWM_CCU8/pwm_ccu8.o
 .debug_line    0x00004f7c      0x325 ./Dave/Generated/PWM_CCU8/pwm_ccu8_conf.o
 .debug_line    0x000052a1      0x65c ./Dave/Generated/PWM_CCU4/pwm_ccu4.o
 .debug_line    0x000058fd      0x325 ./Dave/Generated/PWM_CCU4/pwm_ccu4_conf.o
 .debug_line    0x00005c22      0x8f2 ./Dave/Generated/I2C_MASTER/i2c_master.o
 .debug_line    0x00006514      0x3f8 ./Dave/Generated/I2C_MASTER/i2c_master_conf.o
 .debug_line    0x0000690c      0x32a ./Dave/Generated/GLOBAL_CCU8/global_ccu8.o
 .debug_line    0x00006c36      0x28e ./Dave/Generated/GLOBAL_CCU8/global_ccu8_conf.o
 .debug_line    0x00006ec4      0x32a ./Dave/Generated/GLOBAL_CCU4/global_ccu4.o
 .debug_line    0x000071ee      0x28e ./Dave/Generated/GLOBAL_CCU4/global_ccu4_conf.o
 .debug_line    0x0000747c      0x280 ./Dave/Generated/DIGITAL_IO/digital_io.o
 .debug_line    0x000076fc      0x1fc ./Dave/Generated/DIGITAL_IO/digital_io_conf.o
 .debug_line    0x000078f8      0x275 ./Dave/Generated/CPU_CTRL_XMC4/cpu_ctrl_xmc4_conf.o
 .debug_line    0x00007b6d      0x2a4 ./Dave/Generated/CLOCK_XMC4/clock_xmc4.o
 .debug_line    0x00007e11      0x28a ./Dave/Generated/CLOCK_XMC4/clock_xmc4_conf.o
 .debug_line    0x0000809b      0x52d ./Dave/Generated/DAVE.o
 .debug_line    0x000085c8      0x314 ./main.o

.debug_frame    0x00000000     0x500c
 *(.debug_frame)
 .debug_frame   0x00000000       0xec ./Startup/system_XMC4200.o
 .debug_frame   0x000000ec       0x60 ./Libraries/XMCLib/src/xmc4_gpio.o
 .debug_frame   0x0000014c     0x139c ./Libraries/XMCLib/src/xmc4_scu.o
 .debug_frame   0x000014e8      0x5b0 ./Libraries/XMCLib/src/xmc_ccu4.o
 .debug_frame   0x00001a98      0x768 ./Libraries/XMCLib/src/xmc_ccu8.o
 .debug_frame   0x00002200       0x60 ./Libraries/XMCLib/src/xmc_gpio.o
 .debug_frame   0x00002260      0x308 ./Libraries/XMCLib/src/xmc_i2c.o
 .debug_frame   0x00002568      0x240 ./Libraries/XMCLib/src/xmc_spi.o
 .debug_frame   0x000027a8      0x1f0 ./Libraries/XMCLib/src/xmc_uart.o
 .debug_frame   0x00002998      0x330 ./Libraries/XMCLib/src/xmc_usic.o
 .debug_frame   0x00002cc8       0x5c ./Libraries/Newlib/syscalls.o
 .debug_frame   0x00002d24      0x474 ./Dave/Generated/UART/uart.o
 .debug_frame   0x00003198      0x184 ./Dave/Generated/UART/uart_conf.o
 .debug_frame   0x0000331c      0x35c ./Dave/Generated/SPI_SLAVE/spi_slave.o
 .debug_frame   0x00003678      0x218 ./Dave/Generated/SPI_SLAVE/spi_slave_conf.o
 .debug_frame   0x00003890      0x538 ./Dave/Generated/PWM_CCU8/pwm_ccu8.o
 .debug_frame   0x00003dc8      0x498 ./Dave/Generated/PWM_CCU4/pwm_ccu4.o
 .debug_frame   0x00004260      0x80c ./Dave/Generated/I2C_MASTER/i2c_master.o
 .debug_frame   0x00004a6c      0x234 ./Dave/Generated/I2C_MASTER/i2c_master_conf.o
 .debug_frame   0x00004ca0       0x88 ./Dave/Generated/GLOBAL_CCU8/global_ccu8.o
 .debug_frame   0x00004d28       0x88 ./Dave/Generated/GLOBAL_CCU4/global_ccu4.o
 .debug_frame   0x00004db0       0x60 ./Dave/Generated/DIGITAL_IO/digital_io.o
 .debug_frame   0x00004e10       0x60 ./Dave/Generated/CPU_CTRL_XMC4/cpu_ctrl_xmc4_conf.o
 .debug_frame   0x00004e70       0x88 ./Dave/Generated/CLOCK_XMC4/clock_xmc4.o
 .debug_frame   0x00004ef8       0x3c ./Dave/Generated/CLOCK_XMC4/clock_xmc4_conf.o
 .debug_frame   0x00004f34       0x38 ./Dave/Generated/DAVE.o
 .debug_frame   0x00004f6c       0x54 ./main.o
 .debug_frame   0x00004fc0       0x2c d:/programy/4.5.0.202105191637/eclipse/arm-gcc-49/bin/../lib/gcc/arm-none-eabi/4.9.3/../../../../arm-none-eabi/lib/armv7e-m/softfp\libg_nano.a(lib_a-init.o)
 .debug_frame   0x00004fec       0x20 d:/programy/4.5.0.202105191637/eclipse/arm-gcc-49/bin/../lib/gcc/arm-none-eabi/4.9.3/../../../../arm-none-eabi/lib/armv7e-m/softfp\libg_nano.a(lib_a-memset.o)

.debug_str      0x00000000     0xd2fa
 *(.debug_str)
 .debug_str     0x00000000      0x5cf ./Startup/system_XMC4200.o
                                0x646 (size before relaxing)
 .debug_str     0x000005cf      0x544 ./Libraries/XMCLib/src/xmc4_gpio.o
                                0x7e9 (size before relaxing)
 .debug_str     0x00000b13     0x2609 ./Libraries/XMCLib/src/xmc4_scu.o
                               0x2b86 (size before relaxing)
 .debug_str     0x0000311c     0x150b ./Libraries/XMCLib/src/xmc_ccu4.o
                               0x1c80 (size before relaxing)
 .debug_str     0x00004627     0x1a1b ./Libraries/XMCLib/src/xmc_ccu8.o
                               0x23ce (size before relaxing)
 .debug_str     0x00006042       0xca ./Libraries/XMCLib/src/xmc_gpio.o
                                0x697 (size before relaxing)
 .debug_str     0x0000610c      0xa5d ./Libraries/XMCLib/src/xmc_i2c.o
                                0xd50 (size before relaxing)
 .debug_str     0x00006b69      0x7da ./Libraries/XMCLib/src/xmc_spi.o
                                0xdd6 (size before relaxing)
 .debug_str     0x00007343      0x523 ./Libraries/XMCLib/src/xmc_uart.o
                                0xbbb (size before relaxing)
 .debug_str     0x00007866      0xaf5 ./Libraries/XMCLib/src/xmc_usic.o
                               0x13b4 (size before relaxing)
 .debug_str     0x0000835b       0x6f ./Libraries/Newlib/syscalls.o
                                0x225 (size before relaxing)
 .debug_str     0x000083ca      0xbcd ./Dave/Generated/UART/uart.o
                               0x1cf6 (size before relaxing)
 .debug_str     0x00008f97      0x604 ./Dave/Generated/UART/uart_conf.o
                               0x1888 (size before relaxing)
 .debug_str     0x0000959b      0x63a ./Dave/Generated/SPI_SLAVE/spi_slave.o
                               0x1851 (size before relaxing)
 .debug_str     0x00009bd5      0x4b3 ./Dave/Generated/SPI_SLAVE/spi_slave_conf.o
                               0x1945 (size before relaxing)
 .debug_str     0x0000a088      0xe62 ./Dave/Generated/PWM_CCU8/pwm_ccu8.o
                               0x25da (size before relaxing)
 .debug_str     0x0000aeea      0x59b ./Dave/Generated/PWM_CCU8/pwm_ccu8_conf.o
                               0x24d1 (size before relaxing)
 .debug_str     0x0000b485      0x784 ./Dave/Generated/PWM_CCU4/pwm_ccu4.o
                               0x1e53 (size before relaxing)
 .debug_str     0x0000bc09      0x7a7 ./Dave/Generated/PWM_CCU4/pwm_ccu4_conf.o
                               0x20b3 (size before relaxing)
 .debug_str     0x0000c3b0      0x939 ./Dave/Generated/I2C_MASTER/i2c_master.o
                               0x1c55 (size before relaxing)
 .debug_str     0x0000cce9      0x132 ./Dave/Generated/I2C_MASTER/i2c_master_conf.o
                               0x17c3 (size before relaxing)
 .debug_str     0x0000ce1b       0x57 ./Dave/Generated/GLOBAL_CCU8/global_ccu8.o
                                0x5ae (size before relaxing)
 .debug_str     0x0000ce72       0x31 ./Dave/Generated/GLOBAL_CCU8/global_ccu8_conf.o
                                0x4c2 (size before relaxing)
 .debug_str     0x0000cea3       0x57 ./Dave/Generated/GLOBAL_CCU4/global_ccu4.o
                                0x5a8 (size before relaxing)
 .debug_str     0x0000cefa       0x31 ./Dave/Generated/GLOBAL_CCU4/global_ccu4_conf.o
                                0x4ca (size before relaxing)
 .debug_str     0x0000cf2b       0xdf ./Dave/Generated/DIGITAL_IO/digital_io.o
                                0x926 (size before relaxing)
 .debug_str     0x0000d00a       0xa4 ./Dave/Generated/DIGITAL_IO/digital_io_conf.o
                                0x8dc (size before relaxing)
 .debug_str     0x0000d0ae       0x88 ./Dave/Generated/CPU_CTRL_XMC4/cpu_ctrl_xmc4_conf.o
                                0x429 (size before relaxing)
 .debug_str     0x0000d136       0xf3 ./Dave/Generated/CLOCK_XMC4/clock_xmc4.o
                                0x3c7 (size before relaxing)
 .debug_str     0x0000d229       0x50 ./Dave/Generated/CLOCK_XMC4/clock_xmc4_conf.o
                                0x764 (size before relaxing)
 .debug_str     0x0000d279       0x65 ./Dave/Generated/DAVE.o
                               0x3cfd (size before relaxing)
 .debug_str     0x0000d2de       0x1c ./main.o
                               0x152f (size before relaxing)

.debug_loc      0x00000000     0xa750
 *(.debug_loc)
 .debug_loc     0x00000000      0x1a4 ./Startup/system_XMC4200.o
 .debug_loc     0x000001a4       0xb8 ./Libraries/XMCLib/src/xmc4_gpio.o
 .debug_loc     0x0000025c     0x2948 ./Libraries/XMCLib/src/xmc4_scu.o
 .debug_loc     0x00002ba4      0xc90 ./Libraries/XMCLib/src/xmc_ccu4.o
 .debug_loc     0x00003834     0x106c ./Libraries/XMCLib/src/xmc_ccu8.o
 .debug_loc     0x000048a0       0xb8 ./Libraries/XMCLib/src/xmc_gpio.o
 .debug_loc     0x00004958      0x650 ./Libraries/XMCLib/src/xmc_i2c.o
 .debug_loc     0x00004fa8      0x4b6 ./Libraries/XMCLib/src/xmc_spi.o
 .debug_loc     0x0000545e      0x414 ./Libraries/XMCLib/src/xmc_uart.o
 .debug_loc     0x00005872      0x6c6 ./Libraries/XMCLib/src/xmc_usic.o
 .debug_loc     0x00005f38       0x94 ./Libraries/Newlib/syscalls.o
 .debug_loc     0x00005fcc      0x98c ./Dave/Generated/UART/uart.o
 .debug_loc     0x00006958      0x308 ./Dave/Generated/UART/uart_conf.o
 .debug_loc     0x00006c60      0x714 ./Dave/Generated/SPI_SLAVE/spi_slave.o
 .debug_loc     0x00007374      0x458 ./Dave/Generated/SPI_SLAVE/spi_slave_conf.o
 .debug_loc     0x000077cc      0xaf8 ./Dave/Generated/PWM_CCU8/pwm_ccu8.o
 .debug_loc     0x000082c4      0x9c4 ./Dave/Generated/PWM_CCU4/pwm_ccu4.o
 .debug_loc     0x00008c88     0x10c8 ./Dave/Generated/I2C_MASTER/i2c_master.o
 .debug_loc     0x00009d50      0x468 ./Dave/Generated/I2C_MASTER/i2c_master_conf.o
 .debug_loc     0x0000a1b8      0x108 ./Dave/Generated/GLOBAL_CCU8/global_ccu8.o
 .debug_loc     0x0000a2c0      0x108 ./Dave/Generated/GLOBAL_CCU4/global_ccu4.o
 .debug_loc     0x0000a3c8       0xac ./Dave/Generated/DIGITAL_IO/digital_io.o
 .debug_loc     0x0000a474       0xac ./Dave/Generated/CPU_CTRL_XMC4/cpu_ctrl_xmc4_conf.o
 .debug_loc     0x0000a520      0x108 ./Dave/Generated/CLOCK_XMC4/clock_xmc4.o
 .debug_loc     0x0000a628       0x50 ./Dave/Generated/CLOCK_XMC4/clock_xmc4_conf.o
 .debug_loc     0x0000a678       0x50 ./Dave/Generated/DAVE.o
 .debug_loc     0x0000a6c8       0x88 ./main.o

.debug_macinfo
 *(.debug_macinfo)

.debug_ranges   0x00000000     0x10b0
 *(.debug_ranges)
 .debug_ranges  0x00000000       0x38 ./Startup/system_XMC4200.o
 .debug_ranges  0x00000038       0x18 ./Libraries/XMCLib/src/xmc4_gpio.o
 .debug_ranges  0x00000050      0x418 ./Libraries/XMCLib/src/xmc4_scu.o
 .debug_ranges  0x00000468      0x128 ./Libraries/XMCLib/src/xmc_ccu4.o
 .debug_ranges  0x00000590      0x180 ./Libraries/XMCLib/src/xmc_ccu8.o
 .debug_ranges  0x00000710       0x18 ./Libraries/XMCLib/src/xmc_gpio.o
 .debug_ranges  0x00000728       0xa0 ./Libraries/XMCLib/src/xmc_i2c.o
 .debug_ranges  0x000007c8       0x78 ./Libraries/XMCLib/src/xmc_spi.o
 .debug_ranges  0x00000840       0x68 ./Libraries/XMCLib/src/xmc_uart.o
 .debug_ranges  0x000008a8       0xa8 ./Libraries/XMCLib/src/xmc_usic.o
 .debug_ranges  0x00000950       0x18 ./Libraries/Newlib/syscalls.o
 .debug_ranges  0x00000968       0xe8 ./Dave/Generated/UART/uart.o
 .debug_ranges  0x00000a50       0x58 ./Dave/Generated/UART/uart_conf.o
 .debug_ranges  0x00000aa8       0xb0 ./Dave/Generated/SPI_SLAVE/spi_slave.o
 .debug_ranges  0x00000b58       0x70 ./Dave/Generated/SPI_SLAVE/spi_slave_conf.o
 .debug_ranges  0x00000bc8      0x110 ./Dave/Generated/PWM_CCU8/pwm_ccu8.o
 .debug_ranges  0x00000cd8       0xf0 ./Dave/Generated/PWM_CCU4/pwm_ccu4.o
 .debug_ranges  0x00000dc8      0x1a0 ./Dave/Generated/I2C_MASTER/i2c_master.o
 .debug_ranges  0x00000f68       0x80 ./Dave/Generated/I2C_MASTER/i2c_master_conf.o
 .debug_ranges  0x00000fe8       0x20 ./Dave/Generated/GLOBAL_CCU8/global_ccu8.o
 .debug_ranges  0x00001008       0x20 ./Dave/Generated/GLOBAL_CCU4/global_ccu4.o
 .debug_ranges  0x00001028       0x18 ./Dave/Generated/DIGITAL_IO/digital_io.o
 .debug_ranges  0x00001040       0x18 ./Dave/Generated/CPU_CTRL_XMC4/cpu_ctrl_xmc4_conf.o
 .debug_ranges  0x00001058       0x20 ./Dave/Generated/CLOCK_XMC4/clock_xmc4.o
 .debug_ranges  0x00001078       0x10 ./Dave/Generated/CLOCK_XMC4/clock_xmc4_conf.o
 .debug_ranges  0x00001088       0x10 ./Dave/Generated/DAVE.o
 .debug_ranges  0x00001098       0x18 ./main.o

.debug_weaknames
 *(.debug_weaknames)

.debug_funcnames
 *(.debug_funcnames)

.debug_typenames
 *(.debug_typenames)

.debug_varnames
 *(.debug_varnames)

.build_attributes
                0x00000000      0x769
 *(.ARM.attributes)
 .ARM.attributes
                0x00000000       0x25 ./Startup/startup_XMC4200.o
 .ARM.attributes
                0x00000025       0x37 ./Startup/system_XMC4200.o
 .ARM.attributes
                0x0000005c       0x37 ./Libraries/XMCLib/src/xmc4_gpio.o
 .ARM.attributes
                0x00000093       0x37 ./Libraries/XMCLib/src/xmc4_scu.o
 .ARM.attributes
                0x000000ca       0x37 ./Libraries/XMCLib/src/xmc_ccu4.o
 .ARM.attributes
                0x00000101       0x37 ./Libraries/XMCLib/src/xmc_ccu8.o
 .ARM.attributes
                0x00000138       0x37 ./Libraries/XMCLib/src/xmc_gpio.o
 .ARM.attributes
                0x0000016f       0x37 ./Libraries/XMCLib/src/xmc_i2c.o
 .ARM.attributes
                0x000001a6       0x37 ./Libraries/XMCLib/src/xmc_spi.o
 .ARM.attributes