17:42:14 **** Build of configuration Debug for project STM32L476RGT6 ****
make -j12 all 
make: *** No rule to make target 'all'.  Stop.
"make -j12 all" terminated with exit code 2. Build might be incomplete.
17:42:59 **** Incremental Build of configuration Debug for project STM32L476RGT6 ****
make -j12 all 
make: *** No rule to make target 'all'.  Stop.
"make -j12 all" terminated with exit code 2. Build might be incomplete.
17:43:59 **** Incremental Build of configuration Debug for project STM32L476RGT6 ****
make -j12 all 
make: *** No rule to make target 'all'.  Stop.
"make -j12 all" terminated with exit code 2. Build might be incomplete.
17:52:53 **** Build of configuration Debug for project STM32G473CET6 ****
make -j12 all 
arm-none-eabi-gcc "../Drivers/STM32G4xx_HAL_Driver/Src/stm32g4xx_hal.c" -mcpu=cortex-m4 -std=gnu11 -g3 -DDEBUG -DUSE_HAL_DRIVER -DSTM32G473xx -c -I../Core/Inc -I../Drivers/STM32G4xx_HAL_Driver/Inc -I../Drivers/STM32G4xx_HAL_Driver/Inc/Legacy -I../Drivers/CMSIS/Device/ST/STM32G4xx/Include -I../Drivers/CMSIS/Include -O0 -ffunction-sections -fdata-sections -Wall -fstack-usage -fcyclomatic-complexity -MMD -MP -MF"Drivers/STM32G4xx_HAL_Driver/Src/stm32g4xx_hal.d" -MT"Drivers/STM32G4xx_HAL_Driver/Src/stm32g4xx_hal.o" --specs=nano.specs -mfpu=fpv4-sp-d16 -mfloat-abi=hard -mthumb -o "Drivers/STM32G4xx_HAL_Driver/Src/stm32g4xx_hal.o"
arm-none-eabi-gcc "../Drivers/STM32G4xx_HAL_Driver/Src/stm32g4xx_hal_adc.c" -mcpu=cortex-m4 -std=gnu11 -g3 -DDEBUG -DUSE_HAL_DRIVER -DSTM32G473xx -c -I../Core/Inc -I../Drivers/STM32G4xx_HAL_Driver/Inc -I../Drivers/STM32G4xx_HAL_Driver/Inc/Legacy -I../Drivers/CMSIS/Device/ST/STM32G4xx/Include -I../Drivers/CMSIS/Include -O0 -ffunction-sections -fdata-sections -Wall -fstack-usage -fcyclomatic-complexity -MMD -MP -MF"Drivers/STM32G4xx_HAL_Driver/Src/stm32g4xx_hal_adc.d" -MT"Drivers/STM32G4xx_HAL_Driver/Src/stm32g4xx_hal_adc.o" --specs=nano.specs -mfpu=fpv4-sp-d16 -mfloat-abi=hard -mthumb -o "Drivers/STM32G4xx_HAL_Driver/Src/stm32g4xx_hal_adc.o"
arm-none-eabi-gcc "../Drivers/STM32G4xx_HAL_Driver/Src/stm32g4xx_hal_adc_ex.c" -mcpu=cortex-m4 -std=gnu11 -g3 -DDEBUG -DUSE_HAL_DRIVER -DSTM32G473xx -c -I../Core/Inc -I../Drivers/STM32G4xx_HAL_Driver/Inc -I../Drivers/STM32G4xx_HAL_Driver/Inc/Legacy -I../Drivers/CMSIS/Device/ST/STM32G4xx/Include -I../Drivers/CMSIS/Include -O0 -ffunction-sections -fdata-sections -Wall -fstack-usage -fcyclomatic-complexity -MMD -MP -MF"Drivers/STM32G4xx_HAL_Driver/Src/stm32g4xx_hal_adc_ex.d" -MT"Drivers/STM32G4xx_HAL_Driver/Src/stm32g4xx_hal_adc_ex.o" --specs=nano.specs -mfpu=fpv4-sp-d16 -mfloat-abi=hard -mthumb -o "Drivers/STM32G4xx_HAL_Driver/Src/stm32g4xx_hal_adc_ex.o"
arm-none-eabi-gcc "../Drivers/STM32G4xx_HAL_Driver/Src/stm32g4xx_hal_cordic.c" -mcpu=cortex-m4 -std=gnu11 -g3 -DDEBUG -DUSE_HAL_DRIVER -DSTM32G473xx -c -I../Core/Inc -I../Drivers/STM32G4xx_HAL_Driver/Inc -I../Drivers/STM32G4xx_HAL_Driver/Inc/Legacy -I../Drivers/CMSIS/Device/ST/STM32G4xx/Include -I../Drivers/CMSIS/Include -O0 -ffunction-sections -fdata-sections -Wall -fstack-usage -fcyclomatic-complexity -MMD -MP -MF"Drivers/STM32G4xx_HAL_Driver/Src/stm32g4xx_hal_cordic.d" -MT"Drivers/STM32G4xx_HAL_Driver/Src/stm32g4xx_hal_cordic.o" --specs=nano.specs -mfpu=fpv4-sp-d16 -mfloat-abi=hard -mthumb -o "Drivers/STM32G4xx_HAL_Driver/Src/stm32g4xx_hal_cordic.o"
arm-none-eabi-gcc "../Drivers/STM32G4xx_HAL_Driver/Src/stm32g4xx_hal_cortex.c" -mcpu=cortex-m4 -std=gnu11 -g3 -DDEBUG -DUSE_HAL_DRIVER -DSTM32G473xx -c -I../Core/Inc -I../Drivers/STM32G4xx_HAL_Driver/Inc -I../Drivers/STM32G4xx_HAL_Driver/Inc/Legacy -I../Drivers/CMSIS/Device/ST/STM32G4xx/Include -I../Drivers/CMSIS/Include -O0 -ffunction-sections -fdata-sections -Wall -fstack-usage -fcyclomatic-complexity -MMD -MP -MF"Drivers/STM32G4xx_HAL_Driver/Src/stm32g4xx_hal_cortex.d" -MT"Drivers/STM32G4xx_HAL_Driver/Src/stm32g4xx_hal_cortex.o" --specs=nano.specs -mfpu=fpv4-sp-d16 -mfloat-abi=hard -mthumb -o "Drivers/STM32G4xx_HAL_Driver/Src/stm32g4xx_hal_cortex.o"
arm-none-eabi-gcc "../Drivers/STM32G4xx_HAL_Driver/Src/stm32g4xx_hal_dma.c" -mcpu=cortex-m4 -std=gnu11 -g3 -DDEBUG -DUSE_HAL_DRIVER -DSTM32G473xx -c -I../Core/Inc -I../Drivers/STM32G4xx_HAL_Driver/Inc -I../Drivers/STM32G4xx_HAL_Driver/Inc/Legacy -I../Drivers/CMSIS/Device/ST/STM32G4xx/Include -I../Drivers/CMSIS/Include -O0 -ffunction-sections -fdata-sections -Wall -fstack-usage -fcyclomatic-complexity -MMD -MP -MF"Drivers/STM32G4xx_HAL_Driver/Src/stm32g4xx_hal_dma.d" -MT"Drivers/STM32G4xx_HAL_Driver/Src/stm32g4xx_hal_dma.o" --specs=nano.specs -mfpu=fpv4-sp-d16 -mfloat-abi=hard -mthumb -o "Drivers/STM32G4xx_HAL_Driver/Src/stm32g4xx_hal_dma.o"
arm-none-eabi-gcc "../Drivers/STM32G4xx_HAL_Driver/Src/stm32g4xx_hal_dma_ex.c" -mcpu=cortex-m4 -std=gnu11 -g3 -DDEBUG -DUSE_HAL_DRIVER -DSTM32G473xx -c -I../Core/Inc -I../Drivers/STM32G4xx_HAL_Driver/Inc -I../Drivers/STM32G4xx_HAL_Driver/Inc/Legacy -I../Drivers/CMSIS/Device/ST/STM32G4xx/Include -I../Drivers/CMSIS/Include -O0 -ffunction-sections -fdata-sections -Wall -fstack-usage -fcyclomatic-complexity -MMD -MP -MF"Drivers/STM32G4xx_HAL_Driver/Src/stm32g4xx_hal_dma_ex.d" -MT"Drivers/STM32G4xx_HAL_Driver/Src/stm32g4xx_hal_dma_ex.o" --specs=nano.specs -mfpu=fpv4-sp-d16 -mfloat-abi=hard -mthumb -o "Drivers/STM32G4xx_HAL_Driver/Src/stm32g4xx_hal_dma_ex.o"
arm-none-eabi-gcc "../Drivers/STM32G4xx_HAL_Driver/Src/stm32g4xx_hal_exti.c" -mcpu=cortex-m4 -std=gnu11 -g3 -DDEBUG -DUSE_HAL_DRIVER -DSTM32G473xx -c -I../Core/Inc -I../Drivers/STM32G4xx_HAL_Driver/Inc -I../Drivers/STM32G4xx_HAL_Driver/Inc/Legacy -I../Drivers/CMSIS/Device/ST/STM32G4xx/Include -I../Drivers/CMSIS/Include -O0 -ffunction-sections -fdata-sections -Wall -fstack-usage -fcyclomatic-complexity -MMD -MP -MF"Drivers/STM32G4xx_HAL_Driver/Src/stm32g4xx_hal_exti.d" -MT"Drivers/STM32G4xx_HAL_Driver/Src/stm32g4xx_hal_exti.o" --specs=nano.specs -mfpu=fpv4-sp-d16 -mfloat-abi=hard -mthumb -o "Drivers/STM32G4xx_HAL_Driver/Src/stm32g4xx_hal_exti.o"
arm-none-eabi-gcc "../Drivers/STM32G4xx_HAL_Driver/Src/stm32g4xx_hal_flash.c" -mcpu=cortex-m4 -std=gnu11 -g3 -DDEBUG -DUSE_HAL_DRIVER -DSTM32G473xx -c -I../Core/Inc -I../Drivers/STM32G4xx_HAL_Driver/Inc -I../Drivers/STM32G4xx_HAL_Driver/Inc/Legacy -I../Drivers/CMSIS/Device/ST/STM32G4xx/Include -I../Drivers/CMSIS/Include -O0 -ffunction-sections -fdata-sections -Wall -fstack-usage -fcyclomatic-complexity -MMD -MP -MF"Drivers/STM32G4xx_HAL_Driver/Src/stm32g4xx_hal_flash.d" -MT"Drivers/STM32G4xx_HAL_Driver/Src/stm32g4xx_hal_flash.o" --specs=nano.specs -mfpu=fpv4-sp-d16 -mfloat-abi=hard -mthumb -o "Drivers/STM32G4xx_HAL_Driver/Src/stm32g4xx_hal_flash.o"
arm-none-eabi-gcc "../Drivers/STM32G4xx_HAL_Driver/Src/stm32g4xx_hal_flash_ex.c" -mcpu=cortex-m4 -std=gnu11 -g3 -DDEBUG -DUSE_HAL_DRIVER -DSTM32G473xx -c -I../Core/Inc -I../Drivers/STM32G4xx_HAL_Driver/Inc -I../Drivers/STM32G4xx_HAL_Driver/Inc/Legacy -I../Drivers/CMSIS/Device/ST/STM32G4xx/Include -I../Drivers/CMSIS/Include -O0 -ffunction-sections -fdata-sections -Wall -fstack-usage -fcyclomatic-complexity -MMD -MP -MF"Drivers/STM32G4xx_HAL_Driver/Src/stm32g4xx_hal_flash_ex.d" -MT"Drivers/STM32G4xx_HAL_Driver/Src/stm32g4xx_hal_flash_ex.o" --specs=nano.specs -mfpu=fpv4-sp-d16 -mfloat-abi=hard -mthumb -o "Drivers/STM32G4xx_HAL_Driver/Src/stm32g4xx_hal_flash_ex.o"
arm-none-eabi-gcc "../Drivers/STM32G4xx_HAL_Driver/Src/stm32g4xx_hal_flash_ramfunc.c" -mcpu=cortex-m4 -std=gnu11 -g3 -DDEBUG -DUSE_HAL_DRIVER -DSTM32G473xx -c -I../Core/Inc -I../Drivers/STM32G4xx_HAL_Driver/Inc -I../Drivers/STM32G4xx_HAL_Driver/Inc/Legacy -I../Drivers/CMSIS/Device/ST/STM32G4xx/Include -I../Drivers/CMSIS/Include -O0 -ffunction-sections -fdata-sections -Wall -fstack-usage -fcyclomatic-complexity -MMD -MP -MF"Drivers/STM32G4xx_HAL_Driver/Src/stm32g4xx_hal_flash_ramfunc.d" -MT"Drivers/STM32G4xx_HAL_Driver/Src/stm32g4xx_hal_flash_ramfunc.o" --specs=nano.specs -mfpu=fpv4-sp-d16 -mfloat-abi=hard -mthumb -o "Drivers/STM32G4xx_HAL_Driver/Src/stm32g4xx_hal_flash_ramfunc.o"
arm-none-eabi-gcc "../Drivers/STM32G4xx_HAL_Driver/Src/stm32g4xx_hal_gpio.c" -mcpu=cortex-m4 -std=gnu11 -g3 -DDEBUG -DUSE_HAL_DRIVER -DSTM32G473xx -c -I../Core/Inc -I../Drivers/STM32G4xx_HAL_Driver/Inc -I../Drivers/STM32G4xx_HAL_Driver/Inc/Legacy -I../Drivers/CMSIS/Device/ST/STM32G4xx/Include -I../Drivers/CMSIS/Include -O0 -ffunction-sections -fdata-sections -Wall -fstack-usage -fcyclomatic-complexity -MMD -MP -MF"Drivers/STM32G4xx_HAL_Driver/Src/stm32g4xx_hal_gpio.d" -MT"Drivers/STM32G4xx_HAL_Driver/Src/stm32g4xx_hal_gpio.o" --specs=nano.specs -mfpu=fpv4-sp-d16 -mfloat-abi=hard -mthumb -o "Drivers/STM32G4xx_HAL_Driver/Src/stm32g4xx_hal_gpio.o"
arm-none-eabi-gcc "../Drivers/STM32G4xx_HAL_Driver/Src/stm32g4xx_hal_i2c.c" -mcpu=cortex-m4 -std=gnu11 -g3 -DDEBUG -DUSE_HAL_DRIVER -DSTM32G473xx -c -I../Core/Inc -I../Drivers/STM32G4xx_HAL_Driver/Inc -I../Drivers/STM32G4xx_HAL_Driver/Inc/Legacy -I../Drivers/CMSIS/Device/ST/STM32G4xx/Include -I../Drivers/CMSIS/Include -O0 -ffunction-sections -fdata-sections -Wall -fstack-usage -fcyclomatic-complexity -MMD -MP -MF"Drivers/STM32G4xx_HAL_Driver/Src/stm32g4xx_hal_i2c.d" -MT"Drivers/STM32G4xx_HAL_Driver/Src/stm32g4xx_hal_i2c.o" --specs=nano.specs -mfpu=fpv4-sp-d16 -mfloat-abi=hard -mthumb -o "Drivers/STM32G4xx_HAL_Driver/Src/stm32g4xx_hal_i2c.o"
arm-none-eabi-gcc "../Drivers/STM32G4xx_HAL_Driver/Src/stm32g4xx_hal_i2c_ex.c" -mcpu=cortex-m4 -std=gnu11 -g3 -DDEBUG -DUSE_HAL_DRIVER -DSTM32G473xx -c -I../Core/Inc -I../Drivers/STM32G4xx_HAL_Driver/Inc -I../Drivers/STM32G4xx_HAL_Driver/Inc/Legacy -I../Drivers/CMSIS/Device/ST/STM32G4xx/Include -I../Drivers/CMSIS/Include -O0 -ffunction-sections -fdata-sections -Wall -fstack-usage -fcyclomatic-complexity -MMD -MP -MF"Drivers/STM32G4xx_HAL_Driver/Src/stm32g4xx_hal_i2c_ex.d" -MT"Drivers/STM32G4xx_HAL_Driver/Src/stm32g4xx_hal_i2c_ex.o" --specs=nano.specs -mfpu=fpv4-sp-d16 -mfloat-abi=hard -mthumb -o "Drivers/STM32G4xx_HAL_Driver/Src/stm32g4xx_hal_i2c_ex.o"
arm-none-eabi-gcc "../Drivers/STM32G4xx_HAL_Driver/Src/stm32g4xx_hal_pwr.c" -mcpu=cortex-m4 -std=gnu11 -g3 -DDEBUG -DUSE_HAL_DRIVER -DSTM32G473xx -c -I../Core/Inc -I../Drivers/STM32G4xx_HAL_Driver/Inc -I../Drivers/STM32G4xx_HAL_Driver/Inc/Legacy -I../Drivers/CMSIS/Device/ST/STM32G4xx/Include -I../Drivers/CMSIS/Include -O0 -ffunction-sections -fdata-sections -Wall -fstack-usage -fcyclomatic-complexity -MMD -MP -MF"Drivers/STM32G4xx_HAL_Driver/Src/stm32g4xx_hal_pwr.d" -MT"Drivers/STM32G4xx_HAL_Driver/Src/stm32g4xx_hal_pwr.o" --specs=nano.specs -mfpu=fpv4-sp-d16 -mfloat-abi=hard -mthumb -o "Drivers/STM32G4xx_HAL_Driver/Src/stm32g4xx_hal_pwr.o"
arm-none-eabi-gcc "../Drivers/STM32G4xx_HAL_Driver/Src/stm32g4xx_hal_pwr_ex.c" -mcpu=cortex-m4 -std=gnu11 -g3 -DDEBUG -DUSE_HAL_DRIVER -DSTM32G473xx -c -I../Core/Inc -I../Drivers/STM32G4xx_HAL_Driver/Inc -I../Drivers/STM32G4xx_HAL_Driver/Inc/Legacy -I../Drivers/CMSIS/Device/ST/STM32G4xx/Include -I../Drivers/CMSIS/Include -O0 -ffunction-sections -fdata-sections -Wall -fstack-usage -fcyclomatic-complexity -MMD -MP -MF"Drivers/STM32G4xx_HAL_Driver/Src/stm32g4xx_hal_pwr_ex.d" -MT"Drivers/STM32G4xx_HAL_Driver/Src/stm32g4xx_hal_pwr_ex.o" --specs=nano.specs -mfpu=fpv4-sp-d16 -mfloat-abi=hard -mthumb -o "Drivers/STM32G4xx_HAL_Driver/Src/stm32g4xx_hal_pwr_ex.o"
arm-none-eabi-gcc "../Drivers/STM32G4xx_HAL_Driver/Src/stm32g4xx_hal_rcc.c" -mcpu=cortex-m4 -std=gnu11 -g3 -DDEBUG -DUSE_HAL_DRIVER -DSTM32G473xx -c -I../Core/Inc -I../Drivers/STM32G4xx_HAL_Driver/Inc -I../Drivers/STM32G4xx_HAL_Driver/Inc/Legacy -I../Drivers/CMSIS/Device/ST/STM32G4xx/Include -I../Drivers/CMSIS/Include -O0 -ffunction-sections -fdata-sections -Wall -fstack-usage -fcyclomatic-complexity -MMD -MP -MF"Drivers/STM32G4xx_HAL_Driver/Src/stm32g4xx_hal_rcc.d" -MT"Drivers/STM32G4xx_HAL_Driver/Src/stm32g4xx_hal_rcc.o" --specs=nano.specs -mfpu=fpv4-sp-d16 -mfloat-abi=hard -mthumb -o "Drivers/STM32G4xx_HAL_Driver/Src/stm32g4xx_hal_rcc.o"
arm-none-eabi-gcc "../Drivers/STM32G4xx_HAL_Driver/Src/stm32g4xx_hal_rcc_ex.c" -mcpu=cortex-m4 -std=gnu11 -g3 -DDEBUG -DUSE_HAL_DRIVER -DSTM32G473xx -c -I../Core/Inc -I../Drivers/STM32G4xx_HAL_Driver/Inc -I../Drivers/STM32G4xx_HAL_Driver/Inc/Legacy -I../Drivers/CMSIS/Device/ST/STM32G4xx/Include -I../Drivers/CMSIS/Include -O0 -ffunction-sections -fdata-sections -Wall -fstack-usage -fcyclomatic-complexity -MMD -MP -MF"Drivers/STM32G4xx_HAL_Driver/Src/stm32g4xx_hal_rcc_ex.d" -MT"Drivers/STM32G4xx_HAL_Driver/Src/stm32g4xx_hal_rcc_ex.o" --specs=nano.specs -mfpu=fpv4-sp-d16 -mfloat-abi=hard -mthumb -o "Drivers/STM32G4xx_HAL_Driver/Src/stm32g4xx_hal_rcc_ex.o"
arm-none-eabi-gcc "../Drivers/STM32G4xx_HAL_Driver/Src/stm32g4xx_hal_spi.c" -mcpu=cortex-m4 -std=gnu11 -g3 -DDEBUG -DUSE_HAL_DRIVER -DSTM32G473xx -c -I../Core/Inc -I../Drivers/STM32G4xx_HAL_Driver/Inc -I../Drivers/STM32G4xx_HAL_Driver/Inc/Legacy -I../Drivers/CMSIS/Device/ST/STM32G4xx/Include -I../Drivers/CMSIS/Include -O0 -ffunction-sections -fdata-sections -Wall -fstack-usage -fcyclomatic-complexity -MMD -MP -MF"Drivers/STM32G4xx_HAL_Driver/Src/stm32g4xx_hal_spi.d" -MT"Drivers/STM32G4xx_HAL_Driver/Src/stm32g4xx_hal_spi.o" --specs=nano.specs -mfpu=fpv4-sp-d16 -mfloat-abi=hard -mthumb -o "Drivers/STM32G4xx_HAL_Driver/Src/stm32g4xx_hal_spi.o"
arm-none-eabi-gcc "../Drivers/STM32G4xx_HAL_Driver/Src/stm32g4xx_hal_spi_ex.c" -mcpu=cortex-m4 -std=gnu11 -g3 -DDEBUG -DUSE_HAL_DRIVER -DSTM32G473xx -c -I../Core/Inc -I../Drivers/STM32G4xx_HAL_Driver/Inc -I../Drivers/STM32G4xx_HAL_Driver/Inc/Legacy -I../Drivers/CMSIS/Device/ST/STM32G4xx/Include -I../Drivers/CMSIS/Include -O0 -ffunction-sections -fdata-sections -Wall -fstack-usage -fcyclomatic-complexity -MMD -MP -MF"Drivers/STM32G4xx_HAL_Driver/Src/stm32g4xx_hal_spi_ex.d" -MT"Drivers/STM32G4xx_HAL_Driver/Src/stm32g4xx_hal_spi_ex.o" --specs=nano.specs -mfpu=fpv4-sp-d16 -mfloat-abi=hard -mthumb -o "Drivers/STM32G4xx_HAL_Driver/Src/stm32g4xx_hal_spi_ex.o"
arm-none-eabi-gcc "../Drivers/STM32G4xx_HAL_Driver/Src/stm32g4xx_hal_tim.c" -mcpu=cortex-m4 -std=gnu11 -g3 -DDEBUG -DUSE_HAL_DRIVER -DSTM32G473xx -c -I../Core/Inc -I../Drivers/STM32G4xx_HAL_Driver/Inc -I../Drivers/STM32G4xx_HAL_Driver/Inc/Legacy -I../Drivers/CMSIS/Device/ST/STM32G4xx/Include -I../Drivers/CMSIS/Include -O0 -ffunction-sections -fdata-sections -Wall -fstack-usage -fcyclomatic-complexity -MMD -MP -MF"Drivers/STM32G4xx_HAL_Driver/Src/stm32g4xx_hal_tim.d" -MT"Drivers/STM32G4xx_HAL_Driver/Src/stm32g4xx_hal_tim.o" --specs=nano.specs -mfpu=fpv4-sp-d16 -mfloat-abi=hard -mthumb -o "Drivers/STM32G4xx_HAL_Driver/Src/stm32g4xx_hal_tim.o"
arm-none-eabi-gcc "../Drivers/STM32G4xx_HAL_Driver/Src/stm32g4xx_hal_tim_ex.c" -mcpu=cortex-m4 -std=gnu11 -g3 -DDEBUG -DUSE_HAL_DRIVER -DSTM32G473xx -c -I../Core/Inc -I../Drivers/STM32G4xx_HAL_Driver/Inc -I../Drivers/STM32G4xx_HAL_Driver/Inc/Legacy -I../Drivers/CMSIS/Device/ST/STM32G4xx/Include -I../Drivers/CMSIS/Include -O0 -ffunction-sections -fdata-sections -Wall -fstack-usage -fcyclomatic-complexity -MMD -MP -MF"Drivers/STM32G4xx_HAL_Driver/Src/stm32g4xx_hal_tim_ex.d" -MT"Drivers/STM32G4xx_HAL_Driver/Src/stm32g4xx_hal_tim_ex.o" --specs=nano.specs -mfpu=fpv4-sp-d16 -mfloat-abi=hard -mthumb -o "Drivers/STM32G4xx_HAL_Driver/Src/stm32g4xx_hal_tim_ex.o"
arm-none-eabi-gcc "../Drivers/STM32G4xx_HAL_Driver/Src/stm32g4xx_hal_uart.c" -mcpu=cortex-m4 -std=gnu11 -g3 -DDEBUG -DUSE_HAL_DRIVER -DSTM32G473xx -c -I../Core/Inc -I../Drivers/STM32G4xx_HAL_Driver/Inc -I../Drivers/STM32G4xx_HAL_Driver/Inc/Legacy -I../Drivers/CMSIS/Device/ST/STM32G4xx/Include -I../Drivers/CMSIS/Include -O0 -ffunction-sections -fdata-sections -Wall -fstack-usage -fcyclomatic-complexity -MMD -MP -MF"Drivers/STM32G4xx_HAL_Driver/Src/stm32g4xx_hal_uart.d" -MT"Drivers/STM32G4xx_HAL_Driver/Src/stm32g4xx_hal_uart.o" --specs=nano.specs -mfpu=fpv4-sp-d16 -mfloat-abi=hard -mthumb -o "Drivers/STM32G4xx_HAL_Driver/Src/stm32g4xx_hal_uart.o"
arm-none-eabi-gcc "../Drivers/STM32G4xx_HAL_Driver/Src/stm32g4xx_hal_uart_ex.c" -mcpu=cortex-m4 -std=gnu11 -g3 -DDEBUG -DUSE_HAL_DRIVER -DSTM32G473xx -c -I../Core/Inc -I../Drivers/STM32G4xx_HAL_Driver/Inc -I../Drivers/STM32G4xx_HAL_Driver/Inc/Legacy -I../Drivers/CMSIS/Device/ST/STM32G4xx/Include -I../Drivers/CMSIS/Include -O0 -ffunction-sections -fdata-sections -Wall -fstack-usage -fcyclomatic-complexity -MMD -MP -MF"Drivers/STM32G4xx_HAL_Driver/Src/stm32g4xx_hal_uart_ex.d" -MT"Drivers/STM32G4xx_HAL_Driver/Src/stm32g4xx_hal_uart_ex.o" --specs=nano.specs -mfpu=fpv4-sp-d16 -mfloat-abi=hard -mthumb -o "Drivers/STM32G4xx_HAL_Driver/Src/stm32g4xx_hal_uart_ex.o"
arm-none-eabi-gcc "../Drivers/STM32G4xx_HAL_Driver/Src/stm32g4xx_ll_adc.c" -mcpu=cortex-m4 -std=gnu11 -g3 -DDEBUG -DUSE_HAL_DRIVER -DSTM32G473xx -c -I../Core/Inc -I../Drivers/STM32G4xx_HAL_Driver/Inc -I../Drivers/STM32G4xx_HAL_Driver/Inc/Legacy -I../Drivers/CMSIS/Device/ST/STM32G4xx/Include -I../Drivers/CMSIS/Include -O0 -ffunction-sections -fdata-sections -Wall -fstack-usage -fcyclomatic-complexity -MMD -MP -MF"Drivers/STM32G4xx_HAL_Driver/Src/stm32g4xx_ll_adc.d" -MT"Drivers/STM32G4xx_HAL_Driver/Src/stm32g4xx_ll_adc.o" --specs=nano.specs -mfpu=fpv4-sp-d16 -mfloat-abi=hard -mthumb -o "Drivers/STM32G4xx_HAL_Driver/Src/stm32g4xx_ll_adc.o"
arm-none-eabi-gcc -mcpu=cortex-m4 -g3 -DDEBUG -c -x assembler-with-cpp -MMD -MP -MF"Core/Startup/startup_stm32g473cetx.d" -MT"Core/Startup/startup_stm32g473cetx.o" --specs=nano.specs -mfpu=fpv4-sp-d16 -mfloat-abi=hard -mthumb -o "Core/Startup/startup_stm32g473cetx.o" "../Core/Startup/startup_stm32g473cetx.s"
arm-none-eabi-gcc "../Core/Src/stm32g4xx_hal_msp.c" -mcpu=cortex-m4 -std=gnu11 -g3 -DDEBUG -DUSE_HAL_DRIVER -DSTM32G473xx -c -I../Core/Inc -I../Drivers/STM32G4xx_HAL_Driver/Inc -I../Drivers/STM32G4xx_HAL_Driver/Inc/Legacy -I../Drivers/CMSIS/Device/ST/STM32G4xx/Include -I../Drivers/CMSIS/Include -O0 -ffunction-sections -fdata-sections -Wall -fstack-usage -fcyclomatic-complexity -MMD -MP -MF"Core/Src/stm32g4xx_hal_msp.d" -MT"Core/Src/stm32g4xx_hal_msp.o" --specs=nano.specs -mfpu=fpv4-sp-d16 -mfloat-abi=hard -mthumb -o "Core/Src/stm32g4xx_hal_msp.o"
arm-none-eabi-gcc "../Core/Src/stm32g4xx_it.c" -mcpu=cortex-m4 -std=gnu11 -g3 -DDEBUG -DUSE_HAL_DRIVER -DSTM32G473xx -c -I../Core/Inc -I../Drivers/STM32G4xx_HAL_Driver/Inc -I../Drivers/STM32G4xx_HAL_Driver/Inc/Legacy -I../Drivers/CMSIS/Device/ST/STM32G4xx/Include -I../Drivers/CMSIS/Include -O0 -ffunction-sections -fdata-sections -Wall -fstack-usage -fcyclomatic-complexity -MMD -MP -MF"Core/Src/stm32g4xx_it.d" -MT"Core/Src/stm32g4xx_it.o" --specs=nano.specs -mfpu=fpv4-sp-d16 -mfloat-abi=hard -mthumb -o "Core/Src/stm32g4xx_it.o"
arm-none-eabi-gcc "../Core/Src/syscalls.c" -mcpu=cortex-m4 -std=gnu11 -g3 -DDEBUG -DUSE_HAL_DRIVER -DSTM32G473xx -c -I../Core/Inc -I../Drivers/STM32G4xx_HAL_Driver/Inc -I../Drivers/STM32G4xx_HAL_Driver/Inc/Legacy -I../Drivers/CMSIS/Device/ST/STM32G4xx/Include -I../Drivers/CMSIS/Include -O0 -ffunction-sections -fdata-sections -Wall -fstack-usage -fcyclomatic-complexity -MMD -MP -MF"Core/Src/syscalls.d" -MT"Core/Src/syscalls.o" --specs=nano.specs -mfpu=fpv4-sp-d16 -mfloat-abi=hard -mthumb -o "Core/Src/syscalls.o"
arm-none-eabi-gcc "../Core/Src/sysmem.c" -mcpu=cortex-m4 -std=gnu11 -g3 -DDEBUG -DUSE_HAL_DRIVER -DSTM32G473xx -c -I../Core/Inc -I../Drivers/STM32G4xx_HAL_Driver/Inc -I../Drivers/STM32G4xx_HAL_Driver/Inc/Legacy -I../Drivers/CMSIS/Device/ST/STM32G4xx/Include -I../Drivers/CMSIS/Include -O0 -ffunction-sections -fdata-sections -Wall -fstack-usage -fcyclomatic-complexity -MMD -MP -MF"Core/Src/sysmem.d" -MT"Core/Src/sysmem.o" --specs=nano.specs -mfpu=fpv4-sp-d16 -mfloat-abi=hard -mthumb -o "Core/Src/sysmem.o"
arm-none-eabi-gcc "../Core/Src/system_stm32g4xx.c" -mcpu=cortex-m4 -std=gnu11 -g3 -DDEBUG -DUSE_HAL_DRIVER -DSTM32G473xx -c -I../Core/Inc -I../Drivers/STM32G4xx_HAL_Driver/Inc -I../Drivers/STM32G4xx_HAL_Driver/Inc/Legacy -I../Drivers/CMSIS/Device/ST/STM32G4xx/Include -I../Drivers/CMSIS/Include -O0 -ffunction-sections -fdata-sections -Wall -fstack-usage -fcyclomatic-complexity -MMD -MP -MF"Core/Src/system_stm32g4xx.d" -MT"Core/Src/system_stm32g4xx.o" --specs=nano.specs -mfpu=fpv4-sp-d16 -mfloat-abi=hard -mthumb -o "Core/Src/system_stm32g4xx.o"
Error: Cannot find the specified linker script. Check the linker settings in the build configuration.
make: *** [makefile:87: fail-specified-linker-script-missing] Error 2
make: *** Waiting for unfinished jobs....
"make -j12 all" terminated with exit code 2. Build might be incomplete.
18:00:15 **** Incremental Build of configuration Debug for project STM32G473CET6 ****
make -j12 all 
Error: Cannot find the specified linker script. Check the linker settings in the build configuration.
make: *** [makefile:87: fail-specified-linker-script-missing] Error 2
"make -j12 all" terminated with exit code 2. Build might be incomplete.
18:01:51 **** Incremental Build of configuration Debug for project STM32G473CET6 ****
make -j12 all 
Error: Cannot find the specified linker script. Check the linker settings in the build configuration.
make: *** [makefile:87: fail-specified-linker-script-missing] Error 2
"make -j12 all" terminated with exit code 2. Build might be incomplete.
18:02:23 **** Incremental Build of configuration Debug for project STM32G473CET6 ****
make -j12 all 
Error: Cannot find the specified linker script. Check the linker settings in the build configuration.
make: *** [makefile:87: fail-specified-linker-script-missing] Error 2
"make -j12 all" terminated with exit code 2. Build might be incomplete.
18:06:30 **** Incremental Build of configuration Debug for project STM32G473CET6 ****
make -j12 all 
Error: Cannot find the specified linker script. Check the linker settings in the build configuration.
make: *** [makefile:87: fail-specified-linker-script-missing] Error 2
"make -j12 all" terminated with exit code 2. Build might be incomplete.
18:06:56 **** Incremental Build of configuration Debug for project STM32G473CET6 ****
make -j12 all 
Error: Cannot find the specified linker script. Check the linker settings in the build configuration.
make: *** [makefile:87: fail-specified-linker-script-missing] Error 2
"make -j12 all" terminated with exit code 2. Build might be incomplete.
18:09:16 **** Incremental Build of configuration Debug for project STM32G473CET6 ****
make -j12 all 
Error: Cannot find the specified linker script. Check the linker settings in the build configuration.
make: *** [makefile:87: fail-specified-linker-script-missing] Error 2
"make -j12 all" terminated with exit code 2. Build might be incomplete.
18:12:27 **** Incremental Build of configuration Debug for project STM32G473CET6 ****
make -j12 all 
Error: Cannot find the specified linker script. Check the linker settings in the build configuration.
make: *** [makefile:87: fail-specified-linker-script-missing] Error 2
"make -j12 all" terminated with exit code 2. Build might be incomplete.
18:13:10 **** Incremental Build of configuration Debug for project STM32G473CET6 ****
make -j12 all 
Error: Cannot find the specified linker script. Check the linker settings in the build configuration.
make: *** [makefile:87: fail-specified-linker-script-missing] Error 2
"make -j12 all" terminated with exit code 2. Build might be incomplete.
18:14:59 **** Incremental Build of configuration Debug for project STM32G473CET6 ****
make -j12 all 
Error: Cannot find the specified linker script. Check the linker settings in the build configuration.
make: *** [makefile:87: fail-specified-linker-script-missing] Error 2
"make -j12 all" terminated with exit code 2. Build might be incomplete.
18:15:21 **** Incremental Build of configuration Debug for project STM32G473CET6 ****
make -j12 all 
Error: Cannot find the specified linker script. Check the linker settings in the build configuration.
make: *** [makefile:87: fail-specified-linker-script-missing] Error 2
"make -j12 all" terminated with exit code 2. Build might be incomplete.
18:18:11 **** Incremental Build of configuration Debug for project STM32G473CET6 ****
make -j12 all 
Error: Cannot find the specified linker script. Check the linker settings in the build configuration.
make: *** [makefile:87: fail-specified-linker-script-missing] Error 2
"make -j12 all" terminated with exit code 2. Build might be incomplete.
18:18:20 **** Incremental Build of configuration Debug for project STM32G473CET6 ****
make -j12 all 
Error: Cannot find the specified linker script. Check the linker settings in the build configuration.
make: *** [makefile:87: fail-specified-linker-script-missing] Error 2
"make -j12 all" terminated with exit code 2. Build might be incomplete.
18:19:01 **** Incremental Build of configuration Debug for project STM32G473CET6 ****
make -j12 all 
Error: Cannot find the specified linker script. Check the linker settings in the build configuration.
make: *** [makefile:87: fail-specified-linker-script-missing] Error 2
"make -j12 all" terminated with exit code 2. Build might be incomplete.
15:02:11 **** Incremental Build of configuration Debug for project STM32G473CET6 ****
make -j12 all 
Error: Cannot find the specified linker script. Check the linker settings in the build configuration.
make: *** [makefile:87: fail-specified-linker-script-missing] Error 2
"make -j12 all" terminated with exit code 2. Build might be incomplete.
15:07:28 **** Incremental Build of configuration Debug for project STM32G473CET6 ****
make -j12 all 
Error: Cannot find the specified linker script. Check the linker settings in the build configuration.
make: *** [makefile:87: fail-specified-linker-script-missing] Error 2
"make -j12 all" terminated with exit code 2. Build might be incomplete.
15:12:32 **** Incremental Build of configuration Debug for project STM32G473CET6 ****
make -j12 all 
Error: Cannot find the specified linker script. Check the linker settings in the build configuration.
make: *** [makefile:87: fail-specified-linker-script-missing] Error 2
"make -j12 all" terminated with exit code 2. Build might be incomplete.
15:17:20 **** Incremental Build of configuration Debug for project STM32G473CET6 ****
make -j12 all 
Error: Cannot find the specified linker script. Check the linker settings in the build configuration.
make: *** [makefile:87: fail-specified-linker-script-missing] Error 2
"make -j12 all" terminated with exit code 2. Build might be incomplete.
15:17:50 **** Incremental Build of configuration Debug for project STM32G473CET6 ****
make -j12 all 
Error: Cannot find the specified linker script. Check the linker settings in the build configuration.
make: *** [makefile:87: fail-specified-linker-script-missing] Error 2
"make -j12 all" terminated with exit code 2. Build might be incomplete.
15:19:45 **** Incremental Build of configuration Debug for project STM32G473CET6 ****
make -j12 all 
Error: Cannot find the specified linker script. Check the linker settings in the build configuration.
make: *** [makefile:87: fail-specified-linker-script-missing] Error 2
"make -j12 all" terminated with exit code 2. Build might be incomplete.
15:22:04 **** Incremental Build of configuration Debug for project STM32G473CET6 ****
make -j12 all 
Error: Cannot find the specified linker script. Check the linker settings in the build configuration.
make: *** [makefile:87: fail-specified-linker-script-missing] Error 2
"make -j12 all" terminated with exit code 2. Build might be incomplete.
15:22:30 **** Incremental Build of configuration Debug for project STM32G473CET6 ****
make -j12 all 
Error: Cannot find the specified linker script. Check the linker settings in the build configuration.
make: *** [makefile:87: fail-specified-linker-script-missing] Error 2
"make -j12 all" terminated with exit code 2. Build might be incomplete.
15:22:52 **** Incremental Build of configuration Debug for project STM32G473CET6 ****
make -j12 all 
Error: Cannot find the specified linker script. Check the linker settings in the build configuration.
make: *** [makefile:87: fail-specified-linker-script-missing] Error 2
"make -j12 all" terminated with exit code 2. Build might be incomplete.
15:42:54 **** Incremental Build of configuration Debug for project STM32G473CET6 ****
make -j12 all 
Error: Cannot find the specified linker script. Check the linker settings in the build configuration.
make: *** [makefile:87: fail-specified-linker-script-missing] Error 2
"make -j12 all" terminated with exit code 2. Build might be incomplete.
15:45:28 **** Incremental Build of configuration Debug for project STM32G473CET6 ****
make -j12 all 
Error: Cannot find the specified linker script. Check the linker settings in the build configuration.
make: *** [makefile:87: fail-specified-linker-script-missing] Error 2
"make -j12 all" terminated with exit code 2. Build might be incomplete.
15:51:46 **** Incremental Build of configuration Debug for project STM32G473CET6 ****
make -j12 all 
Error: Cannot find the specified linker script. Check the linker settings in the build configuration.
make: *** [makefile:87: fail-specified-linker-script-missing] Error 2
"make -j12 all" terminated with exit code 2. Build might be incomplete.
15:53:15 **** Incremental Build of configuration Debug for project STM32G473CET6 ****
make -j12 all 
Error: Cannot find the specified linker script. Check the linker settings in the build configuration.
make: *** [makefile:87: fail-specified-linker-script-missing] Error 2
"make -j12 all" terminated with exit code 2. Build might be incomplete.
15:55:00 **** Incremental Build of configuration Debug for project STM32G473CET6 ****
make -j12 all 
Error: Cannot find the specified linker script. Check the linker settings in the build configuration.
make: *** [makefile:87: fail-specified-linker-script-missing] Error 2
"make -j12 all" terminated with exit code 2. Build might be incomplete.
15:58:30 **** Incremental Build of configuration Debug for project STM32G473CET6 ****
make -j12 all 
Error: Cannot find the specified linker script. Check the linker settings in the build configuration.
make: *** [makefile:87: fail-specified-linker-script-missing] Error 2
"make -j12 all" terminated with exit code 2. Build might be incomplete.
16:07:43 **** Incremental Build of configuration Debug for project STM32G473CET6 ****
make -j12 all 
Error: Cannot find the specified linker script. Check the linker settings in the build configuration.
make: *** [makefile:87: fail-specified-linker-script-missing] Error 2
"make -j12 all" terminated with exit code 2. Build might be incomplete.
16:18:20 **** Incremental Build of configuration Debug for project STM32G473CET6 ****
make -j12 all 
Error: Cannot find the specified linker script. Check the linker settings in the build configuration.
make: *** [makefile:87: fail-specified-linker-script-missing] Error 2
"make -j12 all" terminated with exit code 2. Build might be incomplete.
16:19:29 **** Incremental Build of configuration Debug for project STM32G473CET6 ****
make -j12 all 
Error: Cannot find the specified linker script. Check the linker settings in the build configuration.
make: *** [makefile:87: fail-specified-linker-script-missing] Error 2
"make -j12 all" terminated with exit code 2. Build might be incomplete.
16:55:29 **** Incremental Build of configuration Debug for project STM32G473CET6 ****
make -j12 all 
Error: Cannot find the specified linker script. Check the linker settings in the build configuration.
make: *** [makefile:87: fail-specified-linker-script-missing] Error 2
"make -j12 all" terminated with exit code 2. Build might be incomplete.
16:57:53 **** Incremental Build of configuration Debug for project STM32G473CET6 ****
make -j12 all 
Error: Cannot find the specified linker script. Check the linker settings in the build configuration.
make: *** [makefile:87: fail-specified-linker-script-missing] Error 2
"make -j12 all" terminated with exit code 2. Build might be incomplete.
17:08:50 **** Incremental Build of configuration Debug for project STM32G473CET6 ****
make -j12 all 
Error: Cannot find the specified linker script. Check the linker settings in the build configuration.
make: *** [makefile:87: fail-specified-linker-script-missing] Error 2
"make -j12 all" terminated with exit code 2. Build might be incomplete.
17:09:39 **** Incremental Build of configuration Debug for project STM32G473CET6 ****
make -j12 all 
Error: Cannot find the specified linker script. Check the linker settings in the build configuration.
make: *** [makefile:87: fail-specified-linker-script-missing] Error 2
"make -j12 all" terminated with exit code 2. Build might be incomplete.
17:10:04 **** Incremental Build of configuration Debug for project STM32G473CET6 ****
make -j12 all 
Error: Cannot find the specified linker script. Check the linker settings in the build configuration.
make: *** [makefile:87: fail-specified-linker-script-missing] Error 2
"make -j12 all" terminated with exit code 2. Build might be incomplete.
17:11:00 **** Incremental Build of configuration Debug for project STM32G473CET6 ****
make -j12 all 
Error: Cannot find the specified linker script. Check the linker settings in the build configuration.
make: *** [makefile:87: fail-specified-linker-script-missing] Error 2
"make -j12 all" terminated with exit code 2. Build might be incomplete.
17:15:47 **** Incremental Build of configuration Debug for project STM32G473CET6 ****
make -j12 all 
Error: Cannot find the specified linker script. Check the linker settings in the build configuration.
make: *** [makefile:87: fail-specified-linker-script-missing] Error 2
"make -j12 all" terminated with exit code 2. Build might be incomplete.
18:42:28 **** Incremental Build of configuration Debug for project STM32G473CET6 ****
make -j12 all 
Error: Cannot find the specified linker script. Check the linker settings in the build configuration.
make: *** [makefile:87: fail-specified-linker-script-missing] Error 2
"make -j12 all" terminated with exit code 2. Build might be incomplete.
18:46:09 **** Incremental Build of configuration Debug for project STM32G473CET6 ****
make -j12 all 
Error: Cannot find the specified linker script. Check the linker settings in the build configuration.
make: *** [makefile:87: fail-specified-linker-script-missing] Error 2
"make -j12 all" terminated with exit code 2. Build might be incomplete.
18:46:50 **** Incremental Build of configuration Debug for project STM32G473CET6 ****
make -j12 all 
Error: Cannot find the specified linker script. Check the linker settings in the build configuration.
make: *** [makefile:87: fail-specified-linker-script-missing] Error 2
"make -j12 all" terminated with exit code 2. Build might be incomplete.
18:49:48 **** Incremental Build of configuration Debug for project STM32G473CET6 ****
make -j12 all 
Error: Cannot find the specified linker script. Check the linker settings in the build configuration.
make: *** [makefile:87: fail-specified-linker-script-missing] Error 2
"make -j12 all" terminated with exit code 2. Build might be incomplete.
16:05:17 **** Incremental Build of configuration Debug for project STM32G473CET6 ****
make -j12 all 
arm-none-eabi-gcc "../Core/Src/main.c" -mcpu=cortex-m4 -std=gnu11 -g3 -DDEBUG -DUSE_HAL_DRIVER -DSTM32G473xx -c -I../Core/Inc -I../Drivers/STM32G4xx_HAL_Driver/Inc -I../Drivers/STM32G4xx_HAL_Driver/Inc/Legacy -I../Drivers/CMSIS/Device/ST/STM32G4xx/Include -I../Drivers/CMSIS/Include -O0 -ffunction-sections -fdata-sections -Wall -fstack-usage -fcyclomatic-complexity -MMD -MP -MF"Core/Src/main.d" -MT"Core/Src/main.o" --specs=nano.specs -mfpu=fpv4-sp-d16 -mfloat-abi=hard -mthumb -o "Core/Src/main.o"
arm-none-eabi-gcc "../Core/Src/stm32g4xx_hal_msp.c" -mcpu=cortex-m4 -std=gnu11 -g3 -DDEBUG -DUSE_HAL_DRIVER -DSTM32G473xx -c -I../Core/Inc -I../Drivers/STM32G4xx_HAL_Driver/Inc -I../Drivers/STM32G4xx_HAL_Driver/Inc/Legacy -I../Drivers/CMSIS/Device/ST/STM32G4xx/Include -I../Drivers/CMSIS/Include -O0 -ffunction-sections -fdata-sections -Wall -fstack-usage -fcyclomatic-complexity -MMD -MP -MF"Core/Src/stm32g4xx_hal_msp.d" -MT"Core/Src/stm32g4xx_hal_msp.o" --specs=nano.specs -mfpu=fpv4-sp-d16 -mfloat-abi=hard -mthumb -o "Core/Src/stm32g4xx_hal_msp.o"
arm-none-eabi-gcc "../Core/Src/stm32g4xx_it.c" -mcpu=cortex-m4 -std=gnu11 -g3 -DDEBUG -DUSE_HAL_DRIVER -DSTM32G473xx -c -I../Core/Inc -I../Drivers/STM32G4xx_HAL_Driver/Inc -I../Drivers/STM32G4xx_HAL_Driver/Inc/Legacy -I../Drivers/CMSIS/Device/ST/STM32G4xx/Include -I../Drivers/CMSIS/Include -O0 -ffunction-sections -fdata-sections -Wall -fstack-usage -fcyclomatic-complexity -MMD -MP -MF"Core/Src/stm32g4xx_it.d" -MT"Core/Src/stm32g4xx_it.o" --specs=nano.specs -mfpu=fpv4-sp-d16 -mfloat-abi=hard -mthumb -o "Core/Src/stm32g4xx_it.o"
arm-none-eabi-gcc "../Core/Src/syscalls.c" -mcpu=cortex-m4 -std=gnu11 -g3 -DDEBUG -DUSE_HAL_DRIVER -DSTM32G473xx -c -I../Core/Inc -I../Drivers/STM32G4xx_HAL_Driver/Inc -I../Drivers/STM32G4xx_HAL_Driver/Inc/Legacy -I../Drivers/CMSIS/Device/ST/STM32G4xx/Include -I../Drivers/CMSIS/Include -O0 -ffunction-sections -fdata-sections -Wall -fstack-usage -fcyclomatic-complexity -MMD -MP -MF"Core/Src/syscalls.d" -MT"Core/Src/syscalls.o" --specs=nano.specs -mfpu=fpv4-sp-d16 -mfloat-abi=hard -mthumb -o "Core/Src/syscalls.o"
arm-none-eabi-gcc "../Core/Src/sysmem.c" -mcpu=cortex-m4 -std=gnu11 -g3 -DDEBUG -DUSE_HAL_DRIVER -DSTM32G473xx -c -I../Core/Inc -I../Drivers/STM32G4xx_HAL_Driver/Inc -I../Drivers/STM32G4xx_HAL_Driver/Inc/Legacy -I../Drivers/CMSIS/Device/ST/STM32G4xx/Include -I../Drivers/CMSIS/Include -O0 -ffunction-sections -fdata-sections -Wall -fstack-usage -fcyclomatic-complexity -MMD -MP -MF"Core/Src/sysmem.d" -MT"Core/Src/sysmem.o" --specs=nano.specs -mfpu=fpv4-sp-d16 -mfloat-abi=hard -mthumb -o "Core/Src/sysmem.o"
arm-none-eabi-gcc "../Core/Src/system_stm32g4xx.c" -mcpu=cortex-m4 -std=gnu11 -g3 -DDEBUG -DUSE_HAL_DRIVER -DSTM32G473xx -c -I../Core/Inc -I../Drivers/STM32G4xx_HAL_Driver/Inc -I../Drivers/STM32G4xx_HAL_Driver/Inc/Legacy -I../Drivers/CMSIS/Device/ST/STM32G4xx/Include -I../Drivers/CMSIS/Include -O0 -ffunction-sections -fdata-sections -Wall -fstack-usage -fcyclomatic-complexity -MMD -MP -MF"Core/Src/system_stm32g4xx.d" -MT"Core/Src/system_stm32g4xx.o" --specs=nano.specs -mfpu=fpv4-sp-d16 -mfloat-abi=hard -mthumb -o "Core/Src/system_stm32g4xx.o"
arm-none-eabi-gcc -o "STM32G473CET6.elf" @"objects.list"   -mcpu=cortex-m4 -T"D:\Projekty\TrinityTrack6000\MainControlBoard\STM32\STM32G473CET6\STM32G473CETX_FLASH.ld" --specs=nosys.specs -Wl,-Map="STM32G473CET6.map" -Wl,--gc-sections -static --specs=nano.specs -mfpu=fpv4-sp-d16 -mfloat-abi=hard -mthumb -Wl,--start-group -lc -lm -Wl,--end-group
Finished building target: STM32G473CET6.elf
 
arm-none-eabi-size  STM32G473CET6.elf 
arm-none-eabi-objdump -h -S STM32G473CET6.elf  > "STM32G473CET6.list"
   text	   data	    bss	    dec	    hex	filename
  25324	     12	   3412	  28748	   704c	STM32G473CET6.elf
Finished building: default.size.stdout
 
Finished building: STM32G473CET6.list
 
16:05:48 **** Incremental Build of configuration Debug for project STM32G473CET6 ****
make -j12 all 
arm-none-eabi-size  STM32G473CET6.elf 
   text	   data	    bss	    dec	    hex	filename
  25324	     12	   3412	  28748	   704c	STM32G473CET6.elf
Finished building: default.size.stdout
 
16:06:11 **** Incremental Build of configuration Debug for project STM32G473CET6 ****
make -j12 all 
arm-none-eabi-size  STM32G473CET6.elf 
   text	   data	    bss	    dec	    hex	filename
  25324	     12	   3412	  28748	   704c	STM32G473CET6.elf
Finished building: default.size.stdout
 
16:36:57 **** Incremental Build of configuration Debug for project STM32G473CET6 ****
make -j12 all 
arm-none-eabi-size  STM32G473CET6.elf 
   text	   data	    bss	    dec	    hex	filename
  25324	     12	   3412	  28748	   704c	STM32G473CET6.elf
Finished building: default.size.stdout
 
16:39:29 **** Incremental Build of configuration Debug for project STM32G473CET6 ****
make -j12 all 
arm-none-eabi-size  STM32G473CET6.elf 
   text	   data	    bss	    dec	    hex	filename
  25324	     12	   3412	  28748	   704c	STM32G473CET6.elf
Finished building: default.size.stdout
 
16:45:16 **** Incremental Build of configuration Debug for project STM32G473CET6 ****
make -j12 all 
arm-none-eabi-size  STM32G473CET6.elf 
   text	   data	    bss	    dec	    hex	filename
  25324	     12	   3412	  28748	   704c	STM32G473CET6.elf
Finished building: default.size.stdout
 
16:46:40 **** Incremental Build of configuration Debug for project STM32G473CET6 ****
make -j12 all 
arm-none-eabi-size  STM32G473CET6.elf 
   text	   data	    bss	    dec	    hex	filename
  25324	     12	   3412	  28748	   704c	STM32G473CET6.elf
Finished building: default.size.stdout
 
16:51:01 **** Incremental Build of configuration Debug for project STM32G473CET6 ****
make -j12 all 
arm-none-eabi-size  STM32G473CET6.elf 
   text	   data	    bss	    dec	    hex	filename
  25324	     12	   3412	  28748	   704c	STM32G473CET6.elf
Finished building: default.size.stdout
 
16:52:31 **** Incremental Build of configuration Debug for project STM32G473CET6 ****
make -j12 all 
arm-none-eabi-size  STM32G473CET6.elf 
   text	   data	    bss	    dec	    hex	filename
  25324	     12	   3412	  28748	   704c	STM32G473CET6.elf
Finished building: default.size.stdout
 
16:56:37 **** Incremental Build of configuration Debug for project STM32G473CET6 ****
make -j12 all 
arm-none-eabi-size  STM32G473CET6.elf 
   text	   data	    bss	    dec	    hex	filename
  25324	     12	   3412	  28748	   704c	STM32G473CET6.elf
Finished building: default.size.stdout
 
16:57:23 **** Incremental Build of configuration Debug for project STM32G473CET6 ****
make -j12 all 
arm-none-eabi-size  STM32G473CET6.elf 
   text	   data	    bss	    dec	    hex	filename
  25324	     12	   3412	  28748	   704c	STM32G473CET6.elf
Finished building: default.size.stdout
 
17:00:07 **** Incremental Build of configuration Debug for project STM32G473CET6 ****
make -j12 all 
arm-none-eabi-size  STM32G473CET6.elf 
   text	   data	    bss	    dec	    hex	filename
  25324	     12	   3412	  28748	   704c	STM32G473CET6.elf
Finished building: default.size.stdout
 
17:01:10 **** Incremental Build of configuration Debug for project STM32G473CET6 ****
make -j12 all 
arm-none-eabi-size  STM32G473CET6.elf 
   text	   data	    bss	    dec	    hex	filename
  25324	     12	   3412	  28748	   704c	STM32G473CET6.elf
Finished building: default.size.stdout
 
17:10:01 **** Incremental Build of configuration Debug for project STM32G473CET6 ****
make -j12 all 
arm-none-eabi-size  STM32G473CET6.elf 
   text	   data	    bss	    dec	    hex	filename
  25324	     12	   3412	  28748	   704c	STM32G473CET6.elf
Finished building: default.size.stdout
 
16:25:50 **** Incremental Build of configuration Debug for project STM32G473CET6 ****
make -j12 all 
arm-none-eabi-size  STM32G473CET6.elf 
   text	   data	    bss	    dec	    hex	filename
  25324	     12	   3412	  28748	   704c	STM32G473CET6.elf
Finished building: default.size.stdout
 
16:26:40 **** Incremental Build of configuration Debug for project STM32G473CET6 ****
make -j12 all 
arm-none-eabi-size  STM32G473CET6.elf 
   text	   data	    bss	    dec	    hex	filename
  25324	     12	   3412	  28748	   704c	STM32G473CET6.elf
Finished building: default.size.stdout
 
16:43:09 **** Incremental Build of configuration Debug for project STM32G473CET6 ****
make -j12 all 
arm-none-eabi-size  STM32G473CET6.elf 
   text	   data	    bss	    dec	    hex	filename
  25324	     12	   3412	  28748	   704c	STM32G473CET6.elf
Finished building: default.size.stdout
 
16:43:53 **** Incremental Build of configuration Debug for project STM32G473CET6 ****
make -j12 all 
arm-none-eabi-size  STM32G473CET6.elf 
   text	   data	    bss	    dec	    hex	filename
  25324	     12	   3412	  28748	   704c	STM32G473CET6.elf
Finished building: default.size.stdout
 
16:44:53 **** Incremental Build of configuration Debug for project STM32G473CET6 ****
make -j12 all 
arm-none-eabi-size  STM32G473CET6.elf 
   text	   data	    bss	    dec	    hex	filename
  25324	     12	   3412	  28748	   704c	STM32G473CET6.elf
Finished building: default.size.stdout
 
16:53:27 **** Incremental Build of configuration Debug for project STM32G473CET6 ****
make -j12 all 
arm-none-eabi-size  STM32G473CET6.elf 
   text	   data	    bss	    dec	    hex	filename
  25324	     12	   3412	  28748	   704c	STM32G473CET6.elf
Finished building: default.size.stdout
 
15:52:22 **** Incremental Build of configuration Debug for project STM32G473CET6 ****
make -j12 all 
arm-none-eabi-size  STM32G473CET6.elf 
   text	   data	    bss	    dec	    hex	filename
  25324	     12	   3412	  28748	   704c	STM32G473CET6.elf
Finished building: default.size.stdout
 
15:53:05 **** Incremental Build of configuration Debug for project STM32G473CET6 ****
make -j12 all 
arm-none-eabi-size  STM32G473CET6.elf 
   text	   data	    bss	    dec	    hex	filename
  25324	     12	   3412	  28748	   704c	STM32G473CET6.elf
Finished building: default.size.stdout
 
16:19:43 **** Incremental Build of configuration Debug for project STM32G473CET6 ****
make -j12 all 
arm-none-eabi-size  STM32G473CET6.elf 
   text	   data	    bss	    dec	    hex	filename
  25324	     12	   3412	  28748	   704c	STM32G473CET6.elf
Finished building: default.size.stdout
 
16:27:29 **** Incremental Build of configuration Debug for project STM32G473CET6 ****
make -j12 all 
arm-none-eabi-size  STM32G473CET6.elf 
   text	   data	    bss	    dec	    hex	filename
  25324	     12	   3412	  28748	   704c	STM32G473CET6.elf
Finished building: default.size.stdout
 
16:30:31 **** Incremental Build of configuration Debug for project STM32G473CET6 ****
make -j12 all 
arm-none-eabi-size  STM32G473CET6.elf 
   text	   data	    bss	    dec	    hex	filename
  25324	     12	   3412	  28748	   704c	STM32G473CET6.elf
Finished building: default.size.stdout
 
16:46:26 **** Incremental Build of configuration Debug for project STM32G473CET6 ****
make -j12 all 
arm-none-eabi-size  STM32G473CET6.elf 
   text	   data	    bss	    dec	    hex	filename
  25324	     12	   3412	  28748	   704c	STM32G473CET6.elf
Finished building: default.size.stdout
 
16:49:34 **** Incremental Build of configuration Debug for project STM32G473CET6 ****
make -j12 all 
arm-none-eabi-size  STM32G473CET6.elf 
   text	   data	    bss	    dec	    hex	filename
  25324	     12	   3412	  28748	   704c	STM32G473CET6.elf
Finished building: default.size.stdout
 
16:53:22 **** Incremental Build of configuration Debug for project STM32G473CET6 ****
make -j12 all 
arm-none-eabi-size  STM32G473CET6.elf 
   text	   data	    bss	    dec	    hex	filename
  25324	     12	   3412	  28748	   704c	STM32G473CET6.elf
Finished building: default.size.stdout
 
16:54:08 **** Incremental Build of configuration Debug for project STM32G473CET6 ****
make -j12 all 
arm-none-eabi-size  STM32G473CET6.elf 
   text	   data	    bss	    dec	    hex	filename
  25324	     12	   3412	  28748	   704c	STM32G473CET6.elf
Finished building: default.size.stdout
 
16:57:58 **** Incremental Build of configuration Debug for project STM32G473CET6 ****
make -j12 all 
arm-none-eabi-size  STM32G473CET6.elf 
   text	   data	    bss	    dec	    hex	filename
  25324	     12	   3412	  28748	   704c	STM32G473CET6.elf
Finished building: default.size.stdout
 
16:59:01 **** Incremental Build of configuration Debug for project STM32G473CET6 ****
make -j12 all 
arm-none-eabi-size  STM32G473CET6.elf 
   text	   data	    bss	    dec	    hex	filename
  25324	     12	   3412	  28748	   704c	STM32G473CET6.elf
Finished building: default.size.stdout
 
12:20:15 **** Incremental Build of configuration Debug for project STM32G473CET6 ****
make -j12 all 
arm-none-eabi-gcc "../Core/Src/main.c" -mcpu=cortex-m4 -std=gnu11 -g3 -DDEBUG -DUSE_HAL_DRIVER -DSTM32G473xx -c -I../Core/Inc -I../Drivers/STM32G4xx_HAL_Driver/Inc -I../Drivers/STM32G4xx_HAL_Driver/Inc/Legacy -I../Drivers/CMSIS/Device/ST/STM32G4xx/Include -I../Drivers/CMSIS/Include -O0 -ffunction-sections -fdata-sections -Wall -fstack-usage -fcyclomatic-complexity -MMD -MP -MF"Core/Src/main.d" -MT"Core/Src/main.o" --specs=nano.specs -mfpu=fpv4-sp-d16 -mfloat-abi=hard -mthumb -o "Core/Src/main.o"
arm-none-eabi-gcc "../Core/Src/stm32g4xx_hal_msp.c" -mcpu=cortex-m4 -std=gnu11 -g3 -DDEBUG -DUSE_HAL_DRIVER -DSTM32G473xx -c -I../Core/Inc -I../Drivers/STM32G4xx_HAL_Driver/Inc -I../Drivers/STM32G4xx_HAL_Driver/Inc/Legacy -I../Drivers/CMSIS/Device/ST/STM32G4xx/Include -I../Drivers/CMSIS/Include -O0 -ffunction-sections -fdata-sections -Wall -fstack-usage -fcyclomatic-complexity -MMD -MP -MF"Core/Src/stm32g4xx_hal_msp.d" -MT"Core/Src/stm32g4xx_hal_msp.o" --specs=nano.specs -mfpu=fpv4-sp-d16 -mfloat-abi=hard -mthumb -o "Core/Src/stm32g4xx_hal_msp.o"
arm-none-eabi-gcc "../Core/Src/stm32g4xx_it.c" -mcpu=cortex-m4 -std=gnu11 -g3 -DDEBUG -DUSE_HAL_DRIVER -DSTM32G473xx -c -I../Core/Inc -I../Drivers/STM32G4xx_HAL_Driver/Inc -I../Drivers/STM32G4xx_HAL_Driver/Inc/Legacy -I../Drivers/CMSIS/Device/ST/STM32G4xx/Include -I../Drivers/CMSIS/Include -O0 -ffunction-sections -fdata-sections -Wall -fstack-usage -fcyclomatic-complexity -MMD -MP -MF"Core/Src/stm32g4xx_it.d" -MT"Core/Src/stm32g4xx_it.o" --specs=nano.specs -mfpu=fpv4-sp-d16 -mfloat-abi=hard -mthumb -o "Core/Src/stm32g4xx_it.o"
arm-none-eabi-gcc -o "STM32G473CET6.elf" @"objects.list"   -mcpu=cortex-m4 -T"D:\Projekty\TrinityTrack6000\MainControlBoard\STM32\STM32G473CET6\STM32G473CETX_FLASH.ld" --specs=nosys.specs -Wl,-Map="STM32G473CET6.map" -Wl,--gc-sections -static --specs=nano.specs -mfpu=fpv4-sp-d16 -mfloat-abi=hard -mthumb -Wl,--start-group -lc -lm -Wl,--end-group
Finished building target: STM32G473CET6.elf
 
arm-none-eabi-size  STM32G473CET6.elf 
arm-none-eabi-objdump -h -S STM32G473CET6.elf  > "STM32G473CET6.list"
   text	   data	    bss	    dec	    hex	filename
  25324	     12	   3412	  28748	   704c	STM32G473CET6.elf
Finished building: default.size.stdout
 
Finished building: STM32G473CET6.list
 
12:27:23 **** Incremental Build of configuration Debug for project STM32G473CET6 ****
make -j12 all 
arm-none-eabi-size  STM32G473CET6.elf 
   text	   data	    bss	    dec	    hex	filename
  25324	     12	   3412	  28748	   704c	STM32G473CET6.elf
Finished building: default.size.stdout
 
12:42:03 **** Incremental Build of configuration Debug for project STM32G473CET6 ****
make -j12 all 
arm-none-eabi-size  STM32G473CET6.elf 
   text	   data	    bss	    dec	    hex	filename
  25324	     12	   3412	  28748	   704c	STM32G473CET6.elf
Finished building: default.size.stdout
 
12:50:29 **** Incremental Build of configuration Debug for project STM32G473CET6 ****
make -j12 all 
arm-none-eabi-size  STM32G473CET6.elf 
   text	   data	    bss	    dec	    hex	filename
  25324	     12	   3412	  28748	   704c	STM32G473CET6.elf
Finished building: default.size.stdout
 
12:54:11 **** Incremental Build of configuration Debug for project STM32G473CET6 ****
make -j12 all 
arm-none-eabi-size  STM32G473CET6.elf 
   text	   data	    bss	    dec	    hex	filename
  25324	     12	   3412	  28748	   704c	STM32G473CET6.elf
Finished building: default.size.stdout
 
12:56:22 **** Incremental Build of configuration Debug for project STM32G473CET6 ****
make -j12 all 
arm-none-eabi-size  STM32G473CET6.elf 
   text	   data	    bss	    dec	    hex	filename
  25324	     12	   3412	  28748	   704c	STM32G473CET6.elf
Finished building: default.size.stdout
 
13:08:19 **** Incremental Build of configuration Debug for project STM32G473CET6 ****
make -j12 all 
arm-none-eabi-size  STM32G473CET6.elf 
   text	   data	    bss	    dec	    hex	filename
  25324	     12	   3412	  28748	   704c	STM32G473CET6.elf
Finished building: default.size.stdout
 
13:10:05 **** Incremental Build of configuration Debug for project STM32G473CET6 ****
make -j12 all 
arm-none-eabi-size  STM32G473CET6.elf 
   text	   data	    bss	    dec	    hex	filename
  25324	     12	   3412	  28748	   704c	STM32G473CET6.elf
Finished building: default.size.stdout
 
23:10:00 **** Build of configuration Debug for project STM32G473CET6 ****
make -j12 all 
arm-none-eabi-size  STM32G473CET6.elf 
   text	   data	    bss	    dec	    hex	filename
  25324	     12	   3412	  28748	   704c	STM32G473CET6.elf
Finished building: default.size.stdout
 
23:13:31 **** Incremental Build of configuration Debug for project STM32G473CET6 ****
make -j12 all 
arm-none-eabi-size  STM32G473CET6.elf 
   text	   data	    bss	    dec	    hex	filename
  25324	     12	   3412	  28748	   704c	STM32G473CET6.elf
Finished building: default.size.stdout
 
23:18:36 **** Incremental Build of configuration Debug for project STM32G473CET6 ****
make -j12 all 
arm-none-eabi-size  STM32G473CET6.elf 
   text	   data	    bss	    dec	    hex	filename
  25324	     12	   3412	  28748	   704c	STM32G473CET6.elf
Finished building: default.size.stdout
 
12:05:28 **** Incremental Build of configuration Debug for project STM32G473CET6 ****
make -j12 all 
arm-none-eabi-size  STM32G473CET6.elf 
   text	   data	    bss	    dec	    hex	filename
  25324	     12	   3412	  28748	   704c	STM32G473CET6.elf
Finished building: default.size.stdout
 
12:12:03 **** Incremental Build of configuration Debug for project STM32G473CET6 ****
make -j12 all 
arm-none-eabi-size  STM32G473CET6.elf 
   text	   data	    bss	    dec	    hex	filename
  25324	     12	   3412	  28748	   704c	STM32G473CET6.elf
Finished building: default.size.stdout
 
12:13:17 **** Incremental Build of configuration Debug for project STM32G473CET6 ****
make -j12 all 
arm-none-eabi-size  STM32G473CET6.elf 
   text	   data	    bss	    dec	    hex	filename
  25324	     12	   3412	  28748	   704c	STM32G473CET6.elf
Finished building: default.size.stdout
 
12:23:15 **** Incremental Build of configuration Debug for project STM32G473CET6 ****
make -j12 all 
arm-none-eabi-size  STM32G473CET6.elf 
   text	   data	    bss	    dec	    hex	filename
  25324	     12	   3412	  28748	   704c	STM32G473CET6.elf
Finished building: default.size.stdout
 
12:31:19 **** Incremental Build of configuration Debug for project STM32G473CET6 ****
make -j12 all 
arm-none-eabi-size  STM32G473CET6.elf 
   text	   data	    bss	    dec	    hex	filename
  25324	     12	   3412	  28748	   704c	STM32G473CET6.elf
Finished building: default.size.stdout
 
12:36:25 **** Incremental Build of configuration Debug for project STM32G473CET6 ****
make -j12 all 
arm-none-eabi-size  STM32G473CET6.elf 
   text	   data	    bss	    dec	    hex	filename
  25324	     12	   3412	  28748	   704c	STM32G473CET6.elf
Finished building: default.size.stdout
 
12:41:24 **** Incremental Build of configuration Debug for project STM32G473CET6 ****
make -j12 all 
arm-none-eabi-size  STM32G473CET6.elf 
   text	   data	    bss	    dec	    hex	filename
  25324	     12	   3412	  28748	   704c	STM32G473CET6.elf
Finished building: default.size.stdout
 
12:42:03 **** Incremental Build of configuration Debug for project STM32G473CET6 ****
make -j12 all 
arm-none-eabi-size  STM32G473CET6.elf 
   text	   data	    bss	    dec	    hex	filename
  25324	     12	   3412	  28748	   704c	STM32G473CET6.elf
Finished building: default.size.stdout
 
09:47:31 **** Incremental Build of configuration Debug for project STM32G473CET6 ****
make -j12 all 
arm-none-eabi-size  STM32G473CET6.elf 
   text	   data	    bss	    dec	    hex	filename
  25324	     12	   3412	  28748	   704c	STM32G473CET6.elf
Finished building: default.size.stdout
 
09:48:43 **** Incremental Build of configuration Debug for project STM32G473CET6 ****
make -j12 all 
arm-none-eabi-size  STM32G473CET6.elf 
   text	   data	    bss	    dec	    hex	filename
  25324	     12	   3412	  28748	   704c	STM32G473CET6.elf
Finished building: default.size.stdout
 
09:53:08 **** Incremental Build of configuration Debug for project STM32G473CET6 ****
make -j12 all 
arm-none-eabi-size  STM32G473CET6.elf 
   text	   data	    bss	    dec	    hex	filename
  25324	     12	   3412	  28748	   704c	STM32G473CET6.elf
Finished building: default.size.stdout
 
09:56:08 **** Incremental Build of configuration Debug for project STM32G473CET6 ****
make -j12 all 
arm-none-eabi-size  STM32G473CET6.elf 
   text	   data	    bss	    dec	    hex	filename
  25324	     12	   3412	  28748	   704c	STM32G473CET6.elf
Finished building: default.size.stdout
 
10:01:30 **** Incremental Build of configuration Debug for project STM32G473CET6 ****
make -j12 all 
arm-none-eabi-size  STM32G473CET6.elf 
   text	   data	    bss	    dec	    hex	filename
  25324	     12	   3412	  28748	   704c	STM32G473CET6.elf
Finished building: default.size.stdout
 
10:04:10 **** Incremental Build of configuration Debug for project STM32G473CET6 ****
make -j12 all 
arm-none-eabi-size  STM32G473CET6.elf 
   text	   data	    bss	    dec	    hex	filename
  25324	     12	   3412	  28748	   704c	STM32G473CET6.elf
Finished building: default.size.stdout
 
10:16:31 **** Incremental Build of configuration Debug for project STM32G473CET6 ****
make -j12 all 
arm-none-eabi-gcc "../Core/Src/stm32g4xx_hal_msp.c" -mcpu=cortex-m4 -std=gnu11 -g3 -DDEBUG -DUSE_HAL_DRIVER -DSTM32G473xx -c -I../Core/Inc -I../Drivers/STM32G4xx_HAL_Driver/Inc -I../Drivers/STM32G4xx_HAL_Driver/Inc/Legacy -I../Drivers/CMSIS/Device/ST/STM32G4xx/Include -I../Drivers/CMSIS/Include -O0 -ffunction-sections -fdata-sections -Wall -fstack-usage -fcyclomatic-complexity -MMD -MP -MF"Core/Src/stm32g4xx_hal_msp.d" -MT"Core/Src/stm32g4xx_hal_msp.o" --specs=nano.specs -mfpu=fpv4-sp-d16 -mfloat-abi=hard -mthumb -o "Core/Src/stm32g4xx_hal_msp.o"
arm-none-eabi-gcc -o "STM32G473CET6.elf" @"objects.list"   -mcpu=cortex-m4 -T"D:\Projekty\TrinityTrack6000\MainControlBoard\STM32\STM32G473CET6\STM32G473CETX_FLASH.ld" --specs=nosys.specs -Wl,-Map="STM32G473CET6.map" -Wl,--gc-sections -static --specs=nano.specs -mfpu=fpv4-sp-d16 -mfloat-abi=hard -mthumb -Wl,--start-group -lc -lm -Wl,--end-group
Finished building target: STM32G473CET6.elf
 
arm-none-eabi-size  STM32G473CET6.elf 
arm-none-eabi-objdump -h -S STM32G473CET6.elf  > "STM32G473CET6.list"
   text	   data	    bss	    dec	    hex	filename
  25388	     12	   3412	  28812	   708c	STM32G473CET6.elf
Finished building: default.size.stdout
 
Finished building: STM32G473CET6.list
 
10:34:02 **** Incremental Build of configuration Debug for project STM32G473CET6 ****
make -j12 all 
arm-none-eabi-gcc "../Core/Src/stm32g4xx_hal_msp.c" -mcpu=cortex-m4 -std=gnu11 -g3 -DDEBUG -DUSE_HAL_DRIVER -DSTM32G473xx -c -I../Core/Inc -I../Drivers/STM32G4xx_HAL_Driver/Inc -I../Drivers/STM32G4xx_HAL_Driver/Inc/Legacy -I../Drivers/CMSIS/Device/ST/STM32G4xx/Include -I../Drivers/CMSIS/Include -O0 -ffunction-sections -fdata-sections -Wall -fstack-usage -fcyclomatic-complexity -MMD -MP -MF"Core/Src/stm32g4xx_hal_msp.d" -MT"Core/Src/stm32g4xx_hal_msp.o" --specs=nano.specs -mfpu=fpv4-sp-d16 -mfloat-abi=hard -mthumb -o "Core/Src/stm32g4xx_hal_msp.o"
arm-none-eabi-gcc -o "STM32G473CET6.elf" @"objects.list"   -mcpu=cortex-m4 -T"D:\Projekty\TrinityTrack6000\MainControlBoard\STM32\STM32G473CET6\STM32G473CETX_FLASH.ld" --specs=nosys.specs -Wl,-Map="STM32G473CET6.map" -Wl,--gc-sections -static --specs=nano.specs -mfpu=fpv4-sp-d16 -mfloat-abi=hard -mthumb -Wl,--start-group -lc -lm -Wl,--end-group
Finished building target: STM32G473CET6.elf
 
arm-none-eabi-size  STM32G473CET6.elf 
arm-none-eabi-objdump -h -S STM32G473CET6.elf  > "STM32G473CET6.list"
   text	   data	    bss	    dec	    hex	filename
  25388	     12	   3412	  28812	   708c	STM32G473CET6.elf
Finished building: default.size.stdout
 
Finished building: STM32G473CET6.list
 
10:35:36 **** Incremental Build of configuration Debug for project STM32G473CET6 ****
make -j12 all 
arm-none-eabi-size  STM32G473CET6.elf 
   text	   data	    bss	    dec	    hex	filename
  25388	     12	   3412	  28812	   708c	STM32G473CET6.elf
Finished building: default.size.stdout
 
10:36:25 **** Incremental Build of configuration Debug for project STM32G473CET6 ****
make -j12 all 
arm-none-eabi-size  STM32G473CET6.elf 
   text	   data	    bss	    dec	    hex	filename
  25388	     12	   3412	  28812	   708c	STM32G473CET6.elf
Finished building: default.size.stdout
 
11:21:11 **** Incremental Build of configuration Debug for project STM32G473CET6 ****
make -j12 all 
arm-none-eabi-size  STM32G473CET6.elf 
   text	   data	    bss	    dec	    hex	filename
  25388	     12	   3412	  28812	   708c	STM32G473CET6.elf
Finished building: default.size.stdout
 
11:32:00 **** Incremental Build of configuration Debug for project STM32G473CET6 ****
make -j12 all 
arm-none-eabi-size  STM32G473CET6.elf 
   text	   data	    bss	    dec	    hex	filename
  25388	     12	   3412	  28812	   708c	STM32G473CET6.elf
Finished building: default.size.stdout
 
11:33:13 **** Incremental Build of configuration Debug for project STM32G473CET6 ****
make -j12 all 
arm-none-eabi-size  STM32G473CET6.elf 
   text	   data	    bss	    dec	    hex	filename
  25388	     12	   3412	  28812	   708c	STM32G473CET6.elf
Finished building: default.size.stdout
 
11:38:36 **** Incremental Build of configuration Debug for project STM32G473CET6 ****
make -j12 all 
arm-none-eabi-size  STM32G473CET6.elf 
   text	   data	    bss	    dec	    hex	filename
  25388	     12	   3412	  28812	   708c	STM32G473CET6.elf
Finished building: default.size.stdout
 
11:40:37 **** Incremental Build of configuration Debug for project STM32G473CET6 ****
make -j12 all 
arm-none-eabi-size  STM32G473CET6.elf 
   text	   data	    bss	    dec	    hex	filename
  25388	     12	   3412	  28812	   708c	STM32G473CET6.elf
Finished building: default.size.stdout
 
10:28:53 **** Incremental Build of configuration Debug for project STM32G473CET6 ****
make -j12 all 
arm-none-eabi-gcc "../Core/Src/stm32g4xx_hal_msp.c" -mcpu=cortex-m4 -std=gnu11 -g3 -DDEBUG -DUSE_HAL_DRIVER -DSTM32G473xx -c -I../Core/Inc -I../Drivers/STM32G4xx_HAL_Driver/Inc -I../Drivers/STM32G4xx_HAL_Driver/Inc/Legacy -I../Drivers/CMSIS/Device/ST/STM32G4xx/Include -I../Drivers/CMSIS/Include -O0 -ffunction-sections -fdata-sections -Wall -fstack-usage -fcyclomatic-complexity -MMD -MP -MF"Core/Src/stm32g4xx_hal_msp.d" -MT"Core/Src/stm32g4xx_hal_msp.o" --specs=nano.specs -mfpu=fpv4-sp-d16 -mfloat-abi=hard -mthumb -o "Core/Src/stm32g4xx_hal_msp.o"
arm-none-eabi-gcc -o "STM32G473CET6.elf" @"objects.list"   -mcpu=cortex-m4 -T"D:\Projekty\TrinityTrack6000\MainControlBoard\STM32\STM32G473CET6\STM32G473CETX_FLASH.ld" --specs=nosys.specs -Wl,-Map="STM32G473CET6.map" -Wl,--gc-sections -static --specs=nano.specs -mfpu=fpv4-sp-d16 -mfloat-abi=hard -mthumb -Wl,--start-group -lc -lm -Wl,--end-group
Finished building target: STM32G473CET6.elf
 
arm-none-eabi-size  STM32G473CET6.elf 
arm-none-eabi-objdump -h -S STM32G473CET6.elf  > "STM32G473CET6.list"
   text	   data	    bss	    dec	    hex	filename
  25388	     12	   3412	  28812	   708c	STM32G473CET6.elf
Finished building: default.size.stdout
 
Finished building: STM32G473CET6.list
 
10:36:42 **** Incremental Build of configuration Debug for project STM32G473CET6 ****
make -j12 all 
arm-none-eabi-size  STM32G473CET6.elf 
   text	   data	    bss	    dec	    hex	filename
  25388	     12	   3412	  28812	   708c	STM32G473CET6.elf
Finished building: default.size.stdout
 
10:40:21 **** Incremental Build of configuration Debug for project STM32G473CET6 ****
make -j12 all 
arm-none-eabi-size  STM32G473CET6.elf 
   text	   data	    bss	    dec	    hex	filename
  25388	     12	   3412	  28812	   708c	STM32G473CET6.elf
Finished building: default.size.stdout
 
10:40:59 **** Incremental Build of configuration Debug for project STM32G473CET6 ****
make -j12 all 
arm-none-eabi-size  STM32G473CET6.elf 
   text	   data	    bss	    dec	    hex	filename
  25388	     12	   3412	  28812	   708c	STM32G473CET6.elf
Finished building: default.size.stdout
 
10:45:57 **** Incremental Build of configuration Debug for project STM32G473CET6 ****
make -j12 all 
arm-none-eabi-size  STM32G473CET6.elf 
   text	   data	    bss	    dec	    hex	filename
  25388	     12	   3412	  28812	   708c	STM32G473CET6.elf
Finished building: default.size.stdout
 
11:21:04 **** Incremental Build of configuration Debug for project STM32G473CET6 ****
make -j12 all 
arm-none-eabi-gcc "../Core/Src/stm32g4xx_hal_msp.c" -mcpu=cortex-m4 -std=gnu11 -g3 -DDEBUG -DUSE_HAL_DRIVER -DSTM32G473xx -c -I../Core/Inc -I../Drivers/STM32G4xx_HAL_Driver/Inc -I../Drivers/STM32G4xx_HAL_Driver/Inc/Legacy -I../Drivers/CMSIS/Device/ST/STM32G4xx/Include -I../Drivers/CMSIS/Include -O0 -ffunction-sections -fdata-sections -Wall -fstack-usage -fcyclomatic-complexity -MMD -MP -MF"Core/Src/stm32g4xx_hal_msp.d" -MT"Core/Src/stm32g4xx_hal_msp.o" --specs=nano.specs -mfpu=fpv4-sp-d16 -mfloat-abi=hard -mthumb -o "Core/Src/stm32g4xx_hal_msp.o"
arm-none-eabi-gcc "../Core/Src/stm32g4xx_it.c" -mcpu=cortex-m4 -std=gnu11 -g3 -DDEBUG -DUSE_HAL_DRIVER -DSTM32G473xx -c -I../Core/Inc -I../Drivers/STM32G4xx_HAL_Driver/Inc -I../Drivers/STM32G4xx_HAL_Driver/Inc/Legacy -I../Drivers/CMSIS/Device/ST/STM32G4xx/Include -I../Drivers/CMSIS/Include -O0 -ffunction-sections -fdata-sections -Wall -fstack-usage -fcyclomatic-complexity -MMD -MP -MF"Core/Src/stm32g4xx_it.d" -MT"Core/Src/stm32g4xx_it.o" --specs=nano.specs -mfpu=fpv4-sp-d16 -mfloat-abi=hard -mthumb -o "Core/Src/stm32g4xx_it.o"
arm-none-eabi-gcc -o "STM32G473CET6.elf" @"objects.list"   -mcpu=cortex-m4 -T"D:\Projekty\TrinityTrack6000\MainControlBoard\STM32\STM32G473CET6\STM32G473CETX_FLASH.ld" --specs=nosys.specs -Wl,-Map="STM32G473CET6.map" -Wl,--gc-sections -static --specs=nano.specs -mfpu=fpv4-sp-d16 -mfloat-abi=hard -mthumb -Wl,--start-group -lc -lm -Wl,--end-group
Finished building target: STM32G473CET6.elf
 
arm-none-eabi-size  STM32G473CET6.elf 
arm-none-eabi-objdump -h -S STM32G473CET6.elf  > "STM32G473CET6.list"
   text	   data	    bss	    dec	    hex	filename
  27768	     12	   3412	  31192	   79d8	STM32G473CET6.elf
Finished building: default.size.stdout
 
Finished building: STM32G473CET6.list
 
11:26:15 **** Incremental Build of configuration Debug for project STM32G473CET6 ****
make -j12 all 
arm-none-eabi-size  STM32G473CET6.elf 
   text	   data	    bss	    dec	    hex	filename
  27768	     12	   3412	  31192	   79d8	STM32G473CET6.elf
Finished building: default.size.stdout
 
11:28:21 **** Incremental Build of configuration Debug for project STM32G473CET6 ****
make -j12 all 
arm-none-eabi-size  STM32G473CET6.elf 
   text	   data	    bss	    dec	    hex	filename
  27768	     12	   3412	  31192	   79d8	STM32G473CET6.elf
Finished building: default.size.stdout
 
11:29:30 **** Incremental Build of configuration Debug for project STM32G473CET6 ****
make -j12 all 
arm-none-eabi-size  STM32G473CET6.elf 
   text	   data	    bss	    dec	    hex	filename
  27768	     12	   3412	  31192	   79d8	STM32G473CET6.elf
Finished building: default.size.stdout
 
11:31:13 **** Incremental Build of configuration Debug for project STM32G473CET6 ****
make -j12 all 
arm-none-eabi-size  STM32G473CET6.elf 
   text	   data	    bss	    dec	    hex	filename
  27768	     12	   3412	  31192	   79d8	STM32G473CET6.elf
Finished building: default.size.stdout
 
11:31:55 **** Incremental Build of configuration Debug for project STM32G473CET6 ****
make -j12 all 
arm-none-eabi-size  STM32G473CET6.elf 
   text	   data	    bss	    dec	    hex	filename
  27768	     12	   3412	  31192	   79d8	STM32G473CET6.elf
Finished building: default.size.stdout
 
11:58:48 **** Incremental Build of configuration Debug for project STM32G473CET6 ****
make -j12 all 
arm-none-eabi-size  STM32G473CET6.elf 
   text	   data	    bss	    dec	    hex	filename
  27768	     12	   3412	  31192	   79d8	STM32G473CET6.elf
Finished building: default.size.stdout
 
16:49:09 **** Build of configuration Debug for project STM32G473CET6 ****
make -j12 all 
arm-none-eabi-size  STM32G473CET6.elf 
   text	   data	    bss	    dec	    hex	filename
  27768	     12	   3412	  31192	   79d8	STM32G473CET6.elf
Finished building: default.size.stdout
 
16:54:55 **** Incremental Build of configuration Debug for project STM32G473CET6 ****
make -j12 all 
arm-none-eabi-size  STM32G473CET6.elf 
   text	   data	    bss	    dec	    hex	filename
  27768	     12	   3412	  31192	   79d8	STM32G473CET6.elf
Finished building: default.size.stdout
 
17:01:22 **** Incremental Build of configuration Debug for project STM32G473CET6 ****
make -j12 all 
arm-none-eabi-size  STM32G473CET6.elf 
   text	   data	    bss	    dec	    hex	filename
  27768	     12	   3412	  31192	   79d8	STM32G473CET6.elf
Finished building: default.size.stdout
 
17:05:42 **** Incremental Build of configuration Debug for project STM32G473CET6 ****
make -j12 all 
arm-none-eabi-size  STM32G473CET6.elf 
   text	   data	    bss	    dec	    hex	filename
  27768	     12	   3412	  31192	   79d8	STM32G473CET6.elf
Finished building: default.size.stdout
 
17:06:31 **** Incremental Build of configuration Debug for project STM32G473CET6 ****
make -j12 all 
arm-none-eabi-size  STM32G473CET6.elf 
   text	   data	    bss	    dec	    hex	filename
  27768	     12	   3412	  31192	   79d8	STM32G473CET6.elf
Finished building: default.size.stdout
 
18:09:27 **** Incremental Build of configuration Debug for project STM32G473CET6 ****
make -j12 all 
arm-none-eabi-size  STM32G473CET6.elf 
   text	   data	    bss	    dec	    hex	filename
  27768	     12	   3412	  31192	   79d8	STM32G473CET6.elf
Finished building: default.size.stdout
 
18:10:22 **** Incremental Build of configuration Debug for project STM32G473CET6 ****
make -j12 all 
arm-none-eabi-size  STM32G473CET6.elf 
   text	   data	    bss	    dec	    hex	filename
  27768	     12	   3412	  31192	   79d8	STM32G473CET6.elf
Finished building: default.size.stdout
 
18:11:18 **** Incremental Build of configuration Debug for project STM32G473CET6 ****
make -j12 all 
arm-none-eabi-size  STM32G473CET6.elf 
   text	   data	    bss	    dec	    hex	filename
  27768	     12	   3412	  31192	   79d8	STM32G473CET6.elf
Finished building: default.size.stdout
 
18:13:27 **** Incremental Build of configuration Debug for project STM32G473CET6 ****
make -j12 all 
arm-none-eabi-size  STM32G473CET6.elf 
   text	   data	    bss	    dec	    hex	filename
  27768	     12	   3412	  31192	   79d8	STM32G473CET6.elf
Finished building: default.size.stdout
 
18:16:48 **** Incremental Build of configuration Debug for project STM32G473CET6 ****
make -j12 all 
arm-none-eabi-size  STM32G473CET6.elf 
   text	   data	    bss	    dec	    hex	filename
  27768	     12	   3412	  31192	   79d8	STM32G473CET6.elf
Finished building: default.size.stdout
 
18:19:52 **** Incremental Build of configuration Debug for project STM32G473CET6 ****
make -j12 all 
arm-none-eabi-size  STM32G473CET6.elf 
   text	   data	    bss	    dec	    hex	filename
  27768	     12	   3412	  31192	   79d8	STM32G473CET6.elf
Finished building: default.size.stdout
 
18:20:43 **** Incremental Build of configuration Debug for project STM32G473CET6 ****
make -j12 all 
arm-none-eabi-size  STM32G473CET6.elf 
   text	   data	    bss	    dec	    hex	filename
  27768	     12	   3412	  31192	   79d8	STM32G473CET6.elf
Finished building: default.size.stdout
 
18:25:18 **** Incremental Build of configuration Debug for project STM32G473CET6 ****
make -j12 all 
arm-none-eabi-size  STM32G473CET6.elf 
   text	   data	    bss	    dec	    hex	filename
  27768	     12	   3412	  31192	   79d8	STM32G473CET6.elf
Finished building: default.size.stdout
 
18:28:30 **** Incremental Build of configuration Debug for project STM32G473CET6 ****
make -j12 all 
arm-none-eabi-size  STM32G473CET6.elf 
   text	   data	    bss	    dec	    hex	filename
  27768	     12	   3412	  31192	   79d8	STM32G473CET6.elf
Finished building: default.size.stdout
 
18:29:35 **** Incremental Build of configuration Debug for project STM32G473CET6 ****
make -j12 all 
arm-none-eabi-size  STM32G473CET6.elf 
   text	   data	    bss	    dec	    hex	filename
  27768	     12	   3412	  31192	   79d8	STM32G473CET6.elf
Finished building: default.size.stdout
 
18:30:20 **** Incremental Build of configuration Debug for project STM32G473CET6 ****
make -j12 all 
arm-none-eabi-size  STM32G473CET6.elf 
   text	   data	    bss	    dec	    hex	filename
  27768	     12	   3412	  31192	   79d8	STM32G473CET6.elf
Finished building: default.size.stdout
 
18:32:34 **** Incremental Build of configuration Debug for project STM32G473CET6 ****
make -j12 all 
arm-none-eabi-size  STM32G473CET6.elf 
   text	   data	    bss	    dec	    hex	filename
  27768	     12	   3412	  31192	   79d8	STM32G473CET6.elf
Finished building: default.size.stdout
 
18:33:42 **** Incremental Build of configuration Debug for project STM32G473CET6 ****
make -j12 all 
arm-none-eabi-size  STM32G473CET6.elf 
   text	   data	    bss	    dec	    hex	filename
  27768	     12	   3412	  31192	   79d8	STM32G473CET6.elf
Finished building: default.size.stdout
 
18:37:36 **** Incremental Build of configuration Debug for project STM32G473CET6 ****
make -j12 all 
arm-none-eabi-size  STM32G473CET6.elf 
   text	   data	    bss	    dec	    hex	filename
  27768	     12	   3412	  31192	   79d8	STM32G473CET6.elf
Finished building: default.size.stdout
 
18:41:08 **** Incremental Build of configuration Debug for project STM32G473CET6 ****
make -j12 all 
arm-none-eabi-size  STM32G473CET6.elf 
   text	   data	    bss	    dec	    hex	filename
  27768	     12	   3412	  31192	   79d8	STM32G473CET6.elf
Finished building: default.size.stdout
 
18:42:03 **** Incremental Build of configuration Debug for project STM32G473CET6 ****
make -j12 all 
arm-none-eabi-size  STM32G473CET6.elf 
   text	   data	    bss	    dec	    hex	filename
  27768	     12	   3412	  31192	   79d8	STM32G473CET6.elf
Finished building: default.size.stdout
 
18:42:49 **** Incremental Build of configuration Debug for project STM32G473CET6 ****
make -j12 all 
arm-none-eabi-size  STM32G473CET6.elf 
   text	   data	    bss	    dec	    hex	filename
  27768	     12	   3412	  31192	   79d8	STM32G473CET6.elf
Finished building: default.size.stdout
 
18:25:07 **** Incremental Build of configuration Debug for project STM32G473CET6 ****
make -j12 all 
arm-none-eabi-size  STM32G473CET6.elf 
   text	   data	    bss	    dec	    hex	filename
  27768	     12	   3412	  31192	   79d8	STM32G473CET6.elf
Finished building: default.size.stdout
 
18:26:01 **** Incremental Build of configuration Debug for project STM32G473CET6 ****
make -j12 all 
arm-none-eabi-size  STM32G473CET6.elf 
   text	   data	    bss	    dec	    hex	filename
  27768	     12	   3412	  31192	   79d8	STM32G473CET6.elf
Finished building: default.size.stdout
 
18:26:48 **** Incremental Build of configuration Debug for project STM32G473CET6 ****
make -j12 all 
arm-none-eabi-size  STM32G473CET6.elf 
   text	   data	    bss	    dec	    hex	filename
  27768	     12	   3412	  31192	   79d8	STM32G473CET6.elf
Finished building: default.size.stdout
 
18:28:30 **** Incremental Build of configuration Debug for project STM32G473CET6 ****
make -j12 all 
arm-none-eabi-size  STM32G473CET6.elf 
   text	   data	    bss	    dec	    hex	filename
  27768	     12	   3412	  31192	   79d8	STM32G473CET6.elf
Finished building: default.size.stdout
 
18:30:01 **** Incremental Build of configuration Debug for project STM32G473CET6 ****
make -j12 all 
arm-none-eabi-size  STM32G473CET6.elf 
   text	   data	    bss	    dec	    hex	filename
  27768	     12	   3412	  31192	   79d8	STM32G473CET6.elf
Finished building: default.size.stdout
 
18:31:13 **** Incremental Build of configuration Debug for project STM32G473CET6 ****
make -j12 all 
arm-none-eabi-size  STM32G473CET6.elf 
   text	   data	    bss	    dec	    hex	filename
  27768	     12	   3412	  31192	   79d8	STM32G473CET6.elf
Finished building: default.size.stdout
 
18:43:11 **** Incremental Build of configuration Debug for project STM32G473CET6 ****
make -j12 all 
arm-none-eabi-size  STM32G473CET6.elf 
   text	   data	    bss	    dec	    hex	filename
  27768	     12	   3412	  31192	   79d8	STM32G473CET6.elf
Finished building: default.size.stdout
 
18:44:26 **** Incremental Build of configuration Debug for project STM32G473CET6 ****
make -j12 all 
arm-none-eabi-size  STM32G473CET6.elf 
   text	   data	    bss	    dec	    hex	filename
  27768	     12	   3412	  31192	   79d8	STM32G473CET6.elf
Finished building: default.size.stdout
 
18:46:11 **** Incremental Build of configuration Debug for project STM32G473CET6 ****
make -j12 all 
arm-none-eabi-size  STM32G473CET6.elf 
   text	   data	    bss	    dec	    hex	filename
  27768	     12	   3412	  31192	   79d8	STM32G473CET6.elf
Finished building: default.size.stdout
 
18:47:35 **** Incremental Build of configuration Debug for project STM32G473CET6 ****
make -j12 all 
arm-none-eabi-size  STM32G473CET6.elf 
   text	   data	    bss	    dec	    hex	filename
  27768	     12	   3412	  31192	   79d8	STM32G473CET6.elf
Finished building: default.size.stdout
 
15:49:38 **** Incremental Build of configuration Debug for project STM32G473CET6 ****
make -j12 all 
arm-none-eabi-size  STM32G473CET6.elf 
   text	   data	    bss	    dec	    hex	filename
  27768	     12	   3412	  31192	   79d8	STM32G473CET6.elf
Finished building: default.size.stdout
 
15:50:33 **** Incremental Build of configuration Debug for project STM32G473CET6 ****
make -j12 all 
arm-none-eabi-size  STM32G473CET6.elf 
   text	   data	    bss	    dec	    hex	filename
  27768	     12	   3412	  31192	   79d8	STM32G473CET6.elf
Finished building: default.size.stdout
 
15:52:49 **** Incremental Build of configuration Debug for project STM32G473CET6 ****
make -j12 all 
arm-none-eabi-size  STM32G473CET6.elf 
   text	   data	    bss	    dec	    hex	filename
  27768	     12	   3412	  31192	   79d8	STM32G473CET6.elf
Finished building: default.size.stdout
 
16:25:31 **** Incremental Build of configuration Debug for project STM32G473CET6 ****
make -j12 all 
arm-none-eabi-size  STM32G473CET6.elf 
   text	   data	    bss	    dec	    hex	filename
  27768	     12	   3412	  31192	   79d8	STM32G473CET6.elf
Finished building: default.size.stdout
 
16:27:43 **** Incremental Build of configuration Debug for project STM32G473CET6 ****
make -j12 all 
arm-none-eabi-size  STM32G473CET6.elf 
   text	   data	    bss	    dec	    hex	filename
  27768	     12	   3412	  31192	   79d8	STM32G473CET6.elf
Finished building: default.size.stdout
 
16:28:34 **** Incremental Build of configuration Debug for project STM32G473CET6 ****
make -j12 all 
arm-none-eabi-size  STM32G473CET6.elf 
   text	   data	    bss	    dec	    hex	filename
  27768	     12	   3412	  31192	   79d8	STM32G473CET6.elf
Finished building: default.size.stdout
 
16:29:27 **** Incremental Build of configuration Debug for project STM32G473CET6 ****
make -j12 all 
arm-none-eabi-size  STM32G473CET6.elf 
   text	   data	    bss	    dec	    hex	filename
  27768	     12	   3412	  31192	   79d8	STM32G473CET6.elf
Finished building: default.size.stdout
 
16:30:11 **** Incremental Build of configuration Debug for project STM32G473CET6 ****
make -j12 all 
arm-none-eabi-size  STM32G473CET6.elf 
   text	   data	    bss	    dec	    hex	filename
  27768	     12	   3412	  31192	   79d8	STM32G473CET6.elf
Finished building: default.size.stdout
 
16:33:33 **** Incremental Build of configuration Debug for project STM32G473CET6 ****
make -j12 all 
arm-none-eabi-size  STM32G473CET6.elf 
   text	   data	    bss	    dec	    hex	filename
  27768	     12	   3412	  31192	   79d8	STM32G473CET6.elf
Finished building: default.size.stdout
 
16:36:01 **** Incremental Build of configuration Debug for project STM32G473CET6 ****
make -j12 all 
arm-none-eabi-size  STM32G473CET6.elf 
   text	   data	    bss	    dec	    hex	filename
  27768	     12	   3412	  31192	   79d8	STM32G473CET6.elf
Finished building: default.size.stdout
 
16:37:08 **** Incremental Build of configuration Debug for project STM32G473CET6 ****
make -j12 all 
arm-none-eabi-size  STM32G473CET6.elf 
   text	   data	    bss	    dec	    hex	filename
  27768	     12	   3412	  31192	   79d8	STM32G473CET6.elf
Finished building: default.size.stdout
 
[...]
arm-none-eabi-gcc "../Middlewares/ST/threadx/common/src/txe_timer_delete.c" -mcpu=cortex-m4 -std=gnu11 -g3 -DDEBUG -DUSE_HAL_DRIVER -DSTM32G473xx -DTX_INCLUDE_USER_DEFINE_FILE -c -I../Core/Inc -I../Drivers/STM32G4xx_HAL_Driver/Inc -I../Drivers/STM32G4xx_HAL_Driver/Inc/Legacy -I../Drivers/CMSIS/Device/ST/STM32G4xx/Include -I../Drivers/CMSIS/Include -I../AZURE_RTOS/App -I../Middlewares/ST/threadx/common/inc/ -I../Middlewares/ST/threadx/ports/cortex_m4/gnu/inc/ -O0 -ffunction-sections -fdata-sections -Wall -fstack-usage -fcyclomatic-complexity -MMD -MP -MF"Middlewares/ST/threadx/common/src/txe_timer_delete.d" -MT"Middlewares/ST/threadx/common/src/txe_timer_delete.o" --specs=nano.specs -mfpu=fpv4-sp-d16 -mfloat-abi=hard -mthumb -o "Middlewares/ST/threadx/common/src/txe_timer_delete.o"
arm-none-eabi-gcc "../Middlewares/ST/threadx/common/src/txe_timer_info_get.c" -mcpu=cortex-m4 -std=gnu11 -g3 -DDEBUG -DUSE_HAL_DRIVER -DSTM32G473xx -DTX_INCLUDE_USER_DEFINE_FILE -c -I../Core/Inc -I../Drivers/STM32G4xx_HAL_Driver/Inc -I../Drivers/STM32G4xx_HAL_Driver/Inc/Legacy -I../Drivers/CMSIS/Device/ST/STM32G4xx/Include -I../Drivers/CMSIS/Include -I../AZURE_RTOS/App -I../Middlewares/ST/threadx/common/inc/ -I../Middlewares/ST/threadx/ports/cortex_m4/gnu/inc/ -O0 -ffunction-sections -fdata-sections -Wall -fstack-usage -fcyclomatic-complexity -MMD -MP -MF"Middlewares/ST/threadx/common/src/txe_timer_info_get.d" -MT"Middlewares/ST/threadx/common/src/txe_timer_info_get.o" --specs=nano.specs -mfpu=fpv4-sp-d16 -mfloat-abi=hard -mthumb -o "Middlewares/ST/threadx/common/src/txe_timer_info_get.o"
arm-none-eabi-gcc "../Core/Src/app_threadx.c" -mcpu=cortex-m4 -std=gnu11 -g3 -DDEBUG -DUSE_HAL_DRIVER -DSTM32G473xx -DTX_INCLUDE_USER_DEFINE_FILE -c -I../Core/Inc -I../Drivers/STM32G4xx_HAL_Driver/Inc -I../Drivers/STM32G4xx_HAL_Driver/Inc/Legacy -I../Drivers/CMSIS/Device/ST/STM32G4xx/Include -I../Drivers/CMSIS/Include -I../AZURE_RTOS/App -I../Middlewares/ST/threadx/common/inc/ -I../Middlewares/ST/threadx/ports/cortex_m4/gnu/inc/ -O0 -ffunction-sections -fdata-sections -Wall -fstack-usage -fcyclomatic-complexity -MMD -MP -MF"Core/Src/app_threadx.d" -MT"Core/Src/app_threadx.o" --specs=nano.specs -mfpu=fpv4-sp-d16 -mfloat-abi=hard -mthumb -o "Core/Src/app_threadx.o"
arm-none-eabi-gcc "../Core/Src/main.c" -mcpu=cortex-m4 -std=gnu11 -g3 -DDEBUG -DUSE_HAL_DRIVER -DSTM32G473xx -DTX_INCLUDE_USER_DEFINE_FILE -c -I../Core/Inc -I../Drivers/STM32G4xx_HAL_Driver/Inc -I../Drivers/STM32G4xx_HAL_Driver/Inc/Legacy -I../Drivers/CMSIS/Device/ST/STM32G4xx/Include -I../Drivers/CMSIS/Include -I../AZURE_RTOS/App -I../Middlewares/ST/threadx/common/inc/ -I../Middlewares/ST/threadx/ports/cortex_m4/gnu/inc/ -O0 -ffunction-sections -fdata-sections -Wall -fstack-usage -fcyclomatic-complexity -MMD -MP -MF"Core/Src/main.d" -MT"Core/Src/main.o" --specs=nano.specs -mfpu=fpv4-sp-d16 -mfloat-abi=hard -mthumb -o "Core/Src/main.o"
arm-none-eabi-gcc -mcpu=cortex-m4 -g3 -DDEBUG -c -x assembler-with-cpp -MMD -MP -MF"Core/Src/tx_initialize_low_level.d" -MT"Core/Src/tx_initialize_low_level.o" --specs=nano.specs -mfpu=fpv4-sp-d16 -mfloat-abi=hard -mthumb -o "Core/Src/tx_initialize_low_level.o" "../Core/Src/tx_initialize_low_level.S"
arm-none-eabi-gcc "../AZURE_RTOS/App/app_azure_rtos.c" -mcpu=cortex-m4 -std=gnu11 -g3 -DDEBUG -DUSE_HAL_DRIVER -DSTM32G473xx -DTX_INCLUDE_USER_DEFINE_FILE -c -I../Core/Inc -I../Drivers/STM32G4xx_HAL_Driver/Inc -I../Drivers/STM32G4xx_HAL_Driver/Inc/Legacy -I../Drivers/CMSIS/Device/ST/STM32G4xx/Include -I../Drivers/CMSIS/Include -I../AZURE_RTOS/App -I../Middlewares/ST/threadx/common/inc/ -I../Middlewares/ST/threadx/ports/cortex_m4/gnu/inc/ -O0 -ffunction-sections -fdata-sections -Wall -fstack-usage -fcyclomatic-complexity -MMD -MP -MF"AZURE_RTOS/App/app_azure_rtos.d" -MT"AZURE_RTOS/App/app_azure_rtos.o" --specs=nano.specs -mfpu=fpv4-sp-d16 -mfloat-abi=hard -mthumb -o "AZURE_RTOS/App/app_azure_rtos.o"
arm-none-eabi-gcc -o "STM32G473CET6.elf" @"objects.list"   -mcpu=cortex-m4 -T"D:\Projekty\TrinityTrack6000\MainControlBoard\STM32\STM32G473CET6\STM32G473CETX_FLASH.ld" --specs=nosys.specs -Wl,-Map="STM32G473CET6.map" -Wl,--gc-sections -static --specs=nano.specs -mfpu=fpv4-sp-d16 -mfloat-abi=hard -mthumb -Wl,--start-group -lc -lm -Wl,--end-group
Finished building target: STM32G473CET6.elf
 
arm-none-eabi-size  STM32G473CET6.elf 
arm-none-eabi-objdump -h -S STM32G473CET6.elf  > "STM32G473CET6.list"
   text	   data	    bss	    dec	    hex	filename
  34148	     16	   6160	  40324	   9d84	STM32G473CET6.elf
Finished building: default.size.stdout
 
Finished building: STM32G473CET6.list
 
15:53:35 **** Incremental Build of configuration Debug for project STM32G473CET6 ****
make -j12 all 
arm-none-eabi-size  STM32G473CET6.elf 
   text	   data	    bss	    dec	    hex	filename
  34148	     16	   6160	  40324	   9d84	STM32G473CET6.elf
Finished building: default.size.stdout
 
20:17:54 **** Incremental Build of configuration Debug for project STM32G473CET6 ****
make -j12 all 
arm-none-eabi-size  STM32G473CET6.elf 
   text	   data	    bss	    dec	    hex	filename
  34148	     16	   6160	  40324	   9d84	STM32G473CET6.elf
Finished building: default.size.stdout
 
20:25:27 **** Incremental Build of configuration Debug for project STM32G473CET6 ****
make -j12 all 
arm-none-eabi-size  STM32G473CET6.elf 
   text	   data	    bss	    dec	    hex	filename
  34148	     16	   6160	  40324	   9d84	STM32G473CET6.elf
Finished building: default.size.stdout
 
14:54:16 **** Incremental Build of configuration Debug for project STM32G473CET6 ****
make -j12 all 
arm-none-eabi-size  STM32G473CET6.elf 
   text	   data	    bss	    dec	    hex	filename
  34148	     16	   6160	  40324	   9d84	STM32G473CET6.elf
Finished building: default.size.stdout
 
14:57:15 **** Incremental Build of configuration Debug for project STM32G473CET6 ****
make -j12 all 
arm-none-eabi-size  STM32G473CET6.elf 
   text	   data	    bss	    dec	    hex	filename
  34148	     16	   6160	  40324	   9d84	STM32G473CET6.elf
Finished building: default.size.stdout
 
14:59:53 **** Incremental Build of configuration Debug for project STM32G473CET6 ****
make -j12 all 
arm-none-eabi-size  STM32G473CET6.elf 
   text	   data	    bss	    dec	    hex	filename
  34148	     16	   6160	  40324	   9d84	STM32G473CET6.elf
Finished building: default.size.stdout
 
15:02:46 **** Incremental Build of configuration Debug for project STM32G473CET6 ****
make -j12 all 
arm-none-eabi-size  STM32G473CET6.elf 
   text	   data	    bss	    dec	    hex	filename
  34148	     16	   6160	  40324	   9d84	STM32G473CET6.elf
Finished building: default.size.stdout
 
15:04:53 **** Incremental Build of configuration Debug for project STM32G473CET6 ****
make -j12 all 
arm-none-eabi-size  STM32G473CET6.elf 
   text	   data	    bss	    dec	    hex	filename
  34148	     16	   6160	  40324	   9d84	STM32G473CET6.elf
Finished building: default.size.stdout
 
15:09:42 **** Incremental Build of configuration Debug for project STM32G473CET6 ****
make -j12 all 
arm-none-eabi-size  STM32G473CET6.elf 
   text	   data	    bss	    dec	    hex	filename
  34148	     16	   6160	  40324	   9d84	STM32G473CET6.elf
Finished building: default.size.stdout
 
15:13:06 **** Incremental Build of configuration Debug for project STM32G473CET6 ****
make -j12 all 
arm-none-eabi-size  STM32G473CET6.elf 
   text	   data	    bss	    dec	    hex	filename
  34148	     16	   6160	  40324	   9d84	STM32G473CET6.elf
Finished building: default.size.stdout
 
15:14:33 **** Incremental Build of configuration Debug for project STM32G473CET6 ****
make -j12 all 
arm-none-eabi-size  STM32G473CET6.elf 
   text	   data	    bss	    dec	    hex	filename
  34148	     16	   6160	  40324	   9d84	STM32G473CET6.elf
Finished building: default.size.stdout
 
19:15:12 **** Incremental Build of configuration Debug for project STM32G473CET6 ****
make -j12 all 
arm-none-eabi-gcc "../Core/Src/stm32g4xx_hal_msp.c" -mcpu=cortex-m4 -std=gnu11 -g3 -DDEBUG -DUSE_HAL_DRIVER -DSTM32G473xx -DTX_INCLUDE_USER_DEFINE_FILE -c -I../Core/Inc -I../Drivers/STM32G4xx_HAL_Driver/Inc -I../Drivers/STM32G4xx_HAL_Driver/Inc/Legacy -I../Drivers/CMSIS/Device/ST/STM32G4xx/Include -I../Drivers/CMSIS/Include -I../AZURE_RTOS/App -I../Middlewares/ST/threadx/common/inc/ -I../Middlewares/ST/threadx/ports/cortex_m4/gnu/inc/ -O0 -ffunction-sections -fdata-sections -Wall -fstack-usage -fcyclomatic-complexity -MMD -MP -MF"Core/Src/stm32g4xx_hal_msp.d" -MT"Core/Src/stm32g4xx_hal_msp.o" --specs=nano.specs -mfpu=fpv4-sp-d16 -mfloat-abi=hard -mthumb -o "Core/Src/stm32g4xx_hal_msp.o"
arm-none-eabi-gcc "../Core/Src/stm32g4xx_it.c" -mcpu=cortex-m4 -std=gnu11 -g3 -DDEBUG -DUSE_HAL_DRIVER -DSTM32G473xx -DTX_INCLUDE_USER_DEFINE_FILE -c -I../Core/Inc -I../Drivers/STM32G4xx_HAL_Driver/Inc -I../Drivers/STM32G4xx_HAL_Driver/Inc/Legacy -I../Drivers/CMSIS/Device/ST/STM32G4xx/Include -I../Drivers/CMSIS/Include -I../AZURE_RTOS/App -I../Middlewares/ST/threadx/common/inc/ -I../Middlewares/ST/threadx/ports/cortex_m4/gnu/inc/ -O0 -ffunction-sections -fdata-sections -Wall -fstack-usage -fcyclomatic-complexity -MMD -MP -MF"Core/Src/stm32g4xx_it.d" -MT"Core/Src/stm32g4xx_it.o" --specs=nano.specs -mfpu=fpv4-sp-d16 -mfloat-abi=hard -mthumb -o "Core/Src/stm32g4xx_it.o"
../Core/Src/stm32g4xx_it.c:25:10: fatal error: USART1_Dma.h: No such file or directory
   25 | #include <USART1_Dma.h>
      |          ^~~~~~~~~~~~~~
compilation terminated.
make: *** [Core/Src/subdir.mk:47: Core/Src/stm32g4xx_it.o] Error 1
make: *** Waiting for unfinished jobs....
"make -j12 all" terminated with exit code 2. Build might be incomplete.
19:17:56 **** Incremental Build of configuration Debug for project STM32G473CET6 ****
make -j12 all 
arm-none-eabi-gcc "../Core/Src/stm32g4xx_it.c" -mcpu=cortex-m4 -std=gnu11 -g3 -DDEBUG -DUSE_HAL_DRIVER -DSTM32G473xx -DTX_INCLUDE_USER_DEFINE_FILE -c -I../Core/Inc -I../Drivers/STM32G4xx_HAL_Driver/Inc -I../Drivers/STM32G4xx_HAL_Driver/Inc/Legacy -I../Drivers/CMSIS/Device/ST/STM32G4xx/Include -I../Drivers/CMSIS/Include -I../AZURE_RTOS/App -I../Middlewares/ST/threadx/common/inc/ -I../Middlewares/ST/threadx/ports/cortex_m4/gnu/inc/ -O0 -ffunction-sections -fdata-sections -Wall -fstack-usage -fcyclomatic-complexity -MMD -MP -MF"Core/Src/stm32g4xx_it.d" -MT"Core/Src/stm32g4xx_it.o" --specs=nano.specs -mfpu=fpv4-sp-d16 -mfloat-abi=hard -mthumb -o "Core/Src/stm32g4xx_it.o"
../Core/Src/stm32g4xx_it.c:25:10: fatal error: USART1_Dma.h: No such file or directory
   25 | #include <USART1_Dma.h>
      |          ^~~~~~~~~~~~~~
compilation terminated.
make: *** [Core/Src/subdir.mk:47: Core/Src/stm32g4xx_it.o] Error 1
"make -j12 all" terminated with exit code 2. Build might be incomplete.
20:51:20 **** Build of configuration Debug for project STM32G473CET6 ****
make -j12 all 
arm-none-eabi-gcc "../Core/Src/stm32g4xx_it.c" -mcpu=cortex-m4 -std=gnu11 -g3 -DDEBUG -DUSE_HAL_DRIVER -DSTM32G473xx -DTX_INCLUDE_USER_DEFINE_FILE -c -I../Core/Inc -I../Drivers/STM32G4xx_HAL_Driver/Inc -I../Drivers/STM32G4xx_HAL_Driver/Inc/Legacy -I../Drivers/CMSIS/Device/ST/STM32G4xx/Include -I../Drivers/CMSIS/Include -I../AZURE_RTOS/App -I../Middlewares/ST/threadx/common/inc/ -I../Middlewares/ST/threadx/ports/cortex_m4/gnu/inc/ -O0 -ffunction-sections -fdata-sections -Wall -fstack-usage -fcyclomatic-complexity -MMD -MP -MF"Core/Src/stm32g4xx_it.d" -MT"Core/Src/stm32g4xx_it.o" --specs=nano.specs -mfpu=fpv4-sp-d16 -mfloat-abi=hard -mthumb -o "Core/Src/stm32g4xx_it.o"
../Core/Src/stm32g4xx_it.c:25:10: fatal error: USART1_Dma.h: No such file or directory
   25 | #include <USART1_Dma.h>
      |          ^~~~~~~~~~~~~~
compilation terminated.
make: *** [Core/Src/subdir.mk:47: Core/Src/stm32g4xx_it.o] Error 1
"make -j12 all" terminated with exit code 2. Build might be incomplete.
21:05:42 **** Incremental Build of configuration Debug for project STM32G473CET6 ****
make -j12 all 
arm-none-eabi-gcc "../Core/Src/stm32g4xx_it.c" -mcpu=cortex-m4 -std=gnu11 -g3 -DDEBUG -DUSE_HAL_DRIVER -DSTM32G473xx -DTX_INCLUDE_USER_DEFINE_FILE -c -I../Core/Inc -I../Drivers/STM32G4xx_HAL_Driver/Inc -I../Drivers/STM32G4xx_HAL_Driver/Inc/Legacy -I../Drivers/CMSIS/Device/ST/STM32G4xx/Include -I../Drivers/CMSIS/Include -I../AZURE_RTOS/App -I../Middlewares/ST/threadx/common/inc/ -I../Middlewares/ST/threadx/ports/cortex_m4/gnu/inc/ -O0 -ffunction-sections -fdata-sections -Wall -fstack-usage -fcyclomatic-complexity -MMD -MP -MF"Core/Src/stm32g4xx_it.d" -MT"Core/Src/stm32g4xx_it.o" --specs=nano.specs -mfpu=fpv4-sp-d16 -mfloat-abi=hard -mthumb -o "Core/Src/stm32g4xx_it.o"
../Core/Src/stm32g4xx_it.c:25:10: fatal error: USART1_Dma.h: No such file or directory
   25 | #include <USART1_Dma.h>
      |          ^~~~~~~~~~~~~~
compilation terminated.
make: *** [Core/Src/subdir.mk:47: Core/Src/stm32g4xx_it.o] Error 1
"make -j12 all" terminated with exit code 2. Build might be incomplete.
21:19:28 **** Incremental Build of configuration Debug for project STM32G473CET6 ****
make -j12 all 
arm-none-eabi-gcc "../Core/Src/stm32g4xx_it.c" -mcpu=cortex-m4 -std=gnu11 -g3 -DDEBUG -DUSE_HAL_DRIVER -DSTM32G473xx -DTX_INCLUDE_USER_DEFINE_FILE -c -I../Core/Inc -I../Drivers/STM32G4xx_HAL_Driver/Inc -I../Drivers/STM32G4xx_HAL_Driver/Inc/Legacy -I../Drivers/CMSIS/Device/ST/STM32G4xx/Include -I../Drivers/CMSIS/Include -I../AZURE_RTOS/App -I../Middlewares/ST/threadx/common/inc/ -I../Middlewares/ST/threadx/ports/cortex_m4/gnu/inc/ -O0 -ffunction-sections -fdata-sections -Wall -fstack-usage -fcyclomatic-complexity -MMD -MP -MF"Core/Src/stm32g4xx_it.d" -MT"Core/Src/stm32g4xx_it.o" --specs=nano.specs -mfpu=fpv4-sp-d16 -mfloat-abi=hard -mthumb -o "Core/Src/stm32g4xx_it.o"
../Core/Src/stm32g4xx_it.c:25:10: fatal error: USART1_Dma.h: No such file or directory
   25 | #include <USART1_Dma.h>
      |          ^~~~~~~~~~~~~~
compilation terminated.
make: *** [Core/Src/subdir.mk:47: Core/Src/stm32g4xx_it.o] Error 1
"make -j12 all" terminated with exit code 2. Build might be incomplete.
21:21:14 **** Incremental Build of configuration Debug for project STM32G473CET6 ****
make -j12 all 
arm-none-eabi-gcc "../Core/Src/stm32g4xx_it.c" -mcpu=cortex-m4 -std=gnu11 -g3 -DDEBUG -DUSE_HAL_DRIVER -DSTM32G473xx -DTX_INCLUDE_USER_DEFINE_FILE -c -I../Core/Inc -I../Drivers/STM32G4xx_HAL_Driver/Inc -I../Drivers/STM32G4xx_HAL_Driver/Inc/Legacy -I../Drivers/CMSIS/Device/ST/STM32G4xx/Include -I../Drivers/CMSIS/Include -I../AZURE_RTOS/App -I../Middlewares/ST/threadx/common/inc/ -I../Middlewares/ST/threadx/ports/cortex_m4/gnu/inc/ -O0 -ffunction-sections -fdata-sections -Wall -fstack-usage -fcyclomatic-complexity -MMD -MP -MF"Core/Src/stm32g4xx_it.d" -MT"Core/Src/stm32g4xx_it.o" --specs=nano.specs -mfpu=fpv4-sp-d16 -mfloat-abi=hard -mthumb -o "Core/Src/stm32g4xx_it.o"
../Core/Src/stm32g4xx_it.c:25:10: fatal error: USART1_Dma.h: No such file or directory
   25 | #include <USART1_Dma.h>
      |          ^~~~~~~~~~~~~~
compilation terminated.
make: *** [Core/Src/subdir.mk:47: Core/Src/stm32g4xx_it.o] Error 1
"make -j12 all" terminated with exit code 2. Build might be incomplete.
21:23:15 **** Incremental Build of configuration Debug for project STM32G473CET6 ****
make -j12 all 
arm-none-eabi-gcc "../Core/Src/stm32g4xx_it.c" -mcpu=cortex-m4 -std=gnu11 -g3 -DDEBUG -DUSE_HAL_DRIVER -DSTM32G473xx -DTX_INCLUDE_USER_DEFINE_FILE -c -I../Core/Inc -I../Drivers/STM32G4xx_HAL_Driver/Inc -I../Drivers/STM32G4xx_HAL_Driver/Inc/Legacy -I../Drivers/CMSIS/Device/ST/STM32G4xx/Include -I../Drivers/CMSIS/Include -I../AZURE_RTOS/App -I../Middlewares/ST/threadx/common/inc/ -I../Middlewares/ST/threadx/ports/cortex_m4/gnu/inc/ -O0 -ffunction-sections -fdata-sections -Wall -fstack-usage -fcyclomatic-complexity -MMD -MP -MF"Core/Src/stm32g4xx_it.d" -MT"Core/Src/stm32g4xx_it.o" --specs=nano.specs -mfpu=fpv4-sp-d16 -mfloat-abi=hard -mthumb -o "Core/Src/stm32g4xx_it.o"
../Core/Src/stm32g4xx_it.c:25:10: fatal error: USART1_Dma.h: No such file or directory
   25 | #include <USART1_Dma.h>
      |          ^~~~~~~~~~~~~~
compilation terminated.
make: *** [Core/Src/subdir.mk:47: Core/Src/stm32g4xx_it.o] Error 1
"make -j12 all" terminated with exit code 2. Build might be incomplete.
21:25:08 **** Incremental Build of configuration Debug for project STM32G473CET6 ****
make -j12 all 
arm-none-eabi-gcc "../Core/Src/stm32g4xx_it.c" -mcpu=cortex-m4 -std=gnu11 -g3 -DDEBUG -DUSE_HAL_DRIVER -DSTM32G473xx -DTX_INCLUDE_USER_DEFINE_FILE -c -I../Core/Inc -I../Drivers/STM32G4xx_HAL_Driver/Inc -I../Drivers/STM32G4xx_HAL_Driver/Inc/Legacy -I../Drivers/CMSIS/Device/ST/STM32G4xx/Include -I../Drivers/CMSIS/Include -I../AZURE_RTOS/App -I../Middlewares/ST/threadx/common/inc/ -I../Middlewares/ST/threadx/ports/cortex_m4/gnu/inc/ -O0 -ffunction-sections -fdata-sections -Wall -fstack-usage -fcyclomatic-complexity -MMD -MP -MF"Core/Src/stm32g4xx_it.d" -MT"Core/Src/stm32g4xx_it.o" --specs=nano.specs -mfpu=fpv4-sp-d16 -mfloat-abi=hard -mthumb -o "Core/Src/stm32g4xx_it.o"
../Core/Src/stm32g4xx_it.c:25:10: fatal error: USART1_Dma.h: No such file or directory
   25 | #include <USART1_Dma.h>
      |          ^~~~~~~~~~~~~~
compilation terminated.
make: *** [Core/Src/subdir.mk:47: Core/Src/stm32g4xx_it.o] Error 1
"make -j12 all" terminated with exit code 2. Build might be incomplete.
21:29:11 **** Incremental Build of configuration Debug for project STM32G473CET6 ****
make -j12 all 
arm-none-eabi-gcc "../Core/Src/stm32g4xx_it.c" -mcpu=cortex-m4 -std=gnu11 -g3 -DDEBUG -DUSE_HAL_DRIVER -DSTM32G473xx -DTX_INCLUDE_USER_DEFINE_FILE -c -I../Core/Inc -I../Drivers/STM32G4xx_HAL_Driver/Inc -I../Drivers/STM32G4xx_HAL_Driver/Inc/Legacy -I../Drivers/CMSIS/Device/ST/STM32G4xx/Include -I../Drivers/CMSIS/Include -I../AZURE_RTOS/App -I../Middlewares/ST/threadx/common/inc/ -I../Middlewares/ST/threadx/ports/cortex_m4/gnu/inc/ -O0 -ffunction-sections -fdata-sections -Wall -fstack-usage -fcyclomatic-complexity -MMD -MP -MF"Core/Src/stm32g4xx_it.d" -MT"Core/Src/stm32g4xx_it.o" --specs=nano.specs -mfpu=fpv4-sp-d16 -mfloat-abi=hard -mthumb -o "Core/Src/stm32g4xx_it.o"
../Core/Src/stm32g4xx_it.c:25:10: fatal error: USART1_Dma.h: No such file or directory
   25 | #include <USART1_Dma.h>
      |          ^~~~~~~~~~~~~~
compilation terminated.
make: *** [Core/Src/subdir.mk:47: Core/Src/stm32g4xx_it.o] Error 1
"make -j12 all" terminated with exit code 2. Build might be incomplete.
21:31:32 **** Incremental Build of configuration Debug for project STM32G473CET6 ****
make -j12 all 
arm-none-eabi-gcc "../Core/Src/stm32g4xx_it.c" -mcpu=cortex-m4 -std=gnu11 -g3 -DDEBUG -DUSE_HAL_DRIVER -DSTM32G473xx -DTX_INCLUDE_USER_DEFINE_FILE -c -I../Core/Inc -I../Drivers/STM32G4xx_HAL_Driver/Inc -I../Drivers/STM32G4xx_HAL_Driver/Inc/Legacy -I../Drivers/CMSIS/Device/ST/STM32G4xx/Include -I../Drivers/CMSIS/Include -I../AZURE_RTOS/App -I../Middlewares/ST/threadx/common/inc/ -I../Middlewares/ST/threadx/ports/cortex_m4/gnu/inc/ -O0 -ffunction-sections -fdata-sections -Wall -fstack-usage -fcyclomatic-complexity -MMD -MP -MF"Core/Src/stm32g4xx_it.d" -MT"Core/Src/stm32g4xx_it.o" --specs=nano.specs -mfpu=fpv4-sp-d16 -mfloat-abi=hard -mthumb -o "Core/Src/stm32g4xx_it.o"
../Core/Src/stm32g4xx_it.c:25:10: fatal error: USART1_Dma.h: No such file or directory
   25 | #include <USART1_Dma.h>
      |          ^~~~~~~~~~~~~~
compilation terminated.
make: *** [Core/Src/subdir.mk:47: Core/Src/stm32g4xx_it.o] Error 1
"make -j12 all" terminated with exit code 2. Build might be incomplete.
