../Core/Src/main.c:102:5:main	1
../Core/Src/main.c:161:6:SystemClock_Config	3
../Core/Src/main.c:208:13:MX_ADC1_Init	7
../Core/Src/main.c:303:13:MX_CORDIC_Init	2
../Core/Src/main.c:329:13:MX_I2C2_Init	4
../Core/Src/main.c:377:13:MX_SPI1_Init	2
../Core/Src/main.c:417:13:MX_SPI2_Init	2
../Core/Src/main.c:457:13:MX_TIM2_Init	6
../Core/Src/main.c:516:13:MX_TIM3_Init	6
../Core/Src/main.c:575:13:MX_TIM8_Init	4
../Core/Src/main.c:622:13:MX_USART1_UART_Init	5
../Core/Src/main.c:670:13:MX_USART2_UART_Init	5
../Core/Src/main.c:716:13:MX_DMA_Init	1
../Core/Src/main.c:766:13:MX_GPIO_Init	1
../Core/Src/main.c:845:6:HAL_TIM_PeriodElapsedCallback	2
../Core/Src/main.c:863:6:Error_Handler	1
