../Core/Src/main.c:98:5:main	8	static
../Core/Src/main.c:152:6:SystemClock_Config	88	static
../Core/Src/main.c:199:13:MX_ADC1_Init	56	static
../Core/Src/main.c:267:13:MX_CORDIC_Init	8	static
../Core/Src/main.c:293:13:MX_I2C2_Init	8	static
../Core/Src/main.c:341:13:MX_SPI1_Init	8	static
../Core/Src/main.c:381:13:MX_SPI2_Init	8	static
../Core/Src/main.c:421:13:MX_TIM3_Init	48	static
../Core/Src/main.c:470:13:MX_TIM8_Init	104	static
../Core/Src/main.c:542:13:MX_USART1_UART_Init	8	static
../Core/Src/main.c:590:13:MX_USART2_UART_Init	8	static
../Core/Src/main.c:636:13:MX_DMA_Init	24	static
../Core/Src/main.c:683:13:MX_GPIO_Init	48	static
../Core/Src/main.c:759:6:HAL_TIM_PeriodElapsedCallback	16	static
../Core/Src/main.c:777:6:Error_Handler	4	static,ignoring_inline_asm
