../Core/Src/main.c:100:5:main	1
../Core/Src/main.c:158:6:SystemClock_Config	3
../Core/Src/main.c:205:13:MX_ADC1_Init	7
../Core/Src/main.c:300:13:MX_CORDIC_Init	2
../Core/Src/main.c:326:13:MX_I2C2_Init	4
../Core/Src/main.c:374:13:MX_SPI1_Init	2
../Core/Src/main.c:414:13:MX_SPI2_Init	2
../Core/Src/main.c:454:13:MX_TIM2_Init	6
../Core/Src/main.c:513:13:MX_TIM3_Init	6
../Core/Src/main.c:572:13:MX_USART1_UART_Init	5
../Core/Src/main.c:620:13:MX_USART2_UART_Init	5
../Core/Src/main.c:666:13:MX_DMA_Init	1
../Core/Src/main.c:716:13:MX_GPIO_Init	1
../Core/Src/main.c:800:6:HAL_TIM_PeriodElapsedCallback	2
../Core/Src/main.c:818:6:Error_Handler	1
