22:29:19 **** Incremental Build of configuration Debug for project XMC4200 ****
"\"D:\\Programy\\4.5.0.202105191637\\eclipse\\ARM-GCC-49\\bin\\make\"" --output-sync -j12 all 
'Building file: ../Dave/Generated/SPI_SLAVE/spi_slave_conf.c'
'Invoking: ARM-GCC C Compiler'
"D:/Programy/4.5.0.202105191637/eclipse/ARM-GCC-49/bin/arm-none-eabi-gcc" -MMD -MT "Dave/Generated/SPI_SLAVE/spi_slave_conf.o" -DXMC4200_F64x256 -I"D:/Projekty/TrinityTrack6000/MainControlBoard/Infineon/XMC4200/Libraries/XMCLib/inc" -I"D:/Projekty/TrinityTrack6000/MainControlBoard/Infineon/XMC4200/Libraries/CMSIS/Include" -I"D:/Projekty/TrinityTrack6000/MainControlBoard/Infineon/XMC4200/Libraries/CMSIS/Infineon/XMC4200_series/Include" -I"D:/Projekty/TrinityTrack6000/MainControlBoard/Infineon/XMC4200" -I"D:/Projekty/TrinityTrack6000/MainControlBoard/Infineon/XMC4200/Dave/Generated" -I"D:/Projekty/TrinityTrack6000/MainControlBoard/Infineon/XMC4200/Libraries" -O0 -ffunction-sections -fdata-sections -Wall -std=gnu99 -mfloat-abi=softfp -Wa,-adhlns="Dave/Generated/SPI_SLAVE/spi_slave_conf.o.lst" -pipe -c -fmessage-length=0 -MMD -MP -MF"Dave/Generated/SPI_SLAVE/spi_slave_conf.d" -MT"Dave/Generated/SPI_SLAVE/spi_slave_conf.d Dave/Generated/SPI_SLAVE/spi_slave_conf.o" -mcpu=cortex-m4 -mfpu=fpv4-sp-d16 -mthumb -g -gdwarf-2 -o "Dave/Generated/SPI_SLAVE/spi_slave_conf.o" "../Dave/Generated/SPI_SLAVE/spi_slave_conf.c" 
'Finished building: ../Dave/Generated/SPI_SLAVE/spi_slave_conf.c'

'Building target: XMC4200.elf'
'Invoking: ARM-GCC C Linker'
"D:/Programy/4.5.0.202105191637/eclipse/ARM-GCC-49/bin/arm-none-eabi-gcc" -T"../linker_script.ld" -nostartfiles -Xlinker --gc-sections -specs=nano.specs -specs=nosys.specs -Wl,-Map,"XMC4200.map" -mfloat-abi=softfp -mfpu=fpv4-sp-d16 -mcpu=cortex-m4 -mthumb -g -gdwarf-2 -o "XMC4200.elf" "@objects.rsp"  -lm
'Finished building target: XMC4200.elf'

'Invoking: ARM-GCC Create Flash Image'
"D:/Programy/4.5.0.202105191637/eclipse/ARM-GCC-49/bin/arm-none-eabi-objcopy" -O ihex "XMC4200.elf" "XMC4200.hex"
'Finished building: XMC4200.hex'

'Invoking: ARM-GCC Print Size'
"D:/Programy/4.5.0.202105191637/eclipse/ARM-GCC-49/bin/arm-none-eabi-size" --format=berkeley "XMC4200.elf"
   text	   data	    bss	    dec	    hex	filename
  23176	    684	   2136	  25996	   658c	XMC4200.elf
'Finished building: XMC4200.siz'

'Invoking: ARM-GCC Create Listing'
"D:/Programy/4.5.0.202105191637/eclipse/ARM-GCC-49/bin/arm-none-eabi-objdump" -h -S "XMC4200.elf" > "XMC4200.lst"
'Finished building: XMC4200.lst'


22:29:21 Build Finished (took 1s.867ms)

