16:22:59 **** Incremental Build of configuration Debug for project XMC4500 ****
"\"D:\\Programy\\4.5.0.202105191637\\eclipse\\ARM-GCC-49\\bin\\make\"" --output-sync -j12 all 
'Building target: XMC4500.elf'
./build/CMakeFiles/4.1.0-rc4/CompilerIdC/CMakeCCompilerId.o:(.data.info_compiler+0x0): multiple definition of `info_compiler'
./build/CMakeFiles/4.1.0-rc4/CompilerIdCXX/CMakeCXXCompilerId.o:(.data.info_compiler+0x0): first defined here
./build/CMakeFiles/4.1.0-rc4/CompilerIdC/CMakeCCompilerId.o:(.data.info_platform+0x0): multiple definition of `info_platform'
'Invoking: ARM-GCC C++ Linker'
./build/CMakeFiles/4.1.0-rc4/CompilerIdCXX/CMakeCXXCompilerId.o:(.data.info_platform+0x0): first defined here
./build/CMakeFiles/4.1.0-rc4/CompilerIdC/CMakeCCompilerId.o:(.data.info_arch+0x0): multiple definition of `info_arch'
./build/CMakeFiles/4.1.0-rc4/CompilerIdCXX/CMakeCXXCompilerId.o:(.data.info_arch+0x0): first defined here
./build/CMakeFiles/4.1.0-rc4/CompilerIdC/CMakeCCompilerId.o:(.data.info_language_standard_default+0x0): multiple definition of `info_language_standard_default'
./build/CMakeFiles/4.1.0-rc4/CompilerIdCXX/CMakeCXXCompilerId.o:(.data.info_language_standard_default+0x0): first defined here
./build/CMakeFiles/4.1.0-rc4/CompilerIdC/CMakeCCompilerId.o:(.data.info_language_extensions_default+0x0): multiple definition of `info_language_extensions_default'
./build/CMakeFiles/4.1.0-rc4/CompilerIdCXX/CMakeCXXCompilerId.o:(.data.info_language_extensions_default+0x0): first defined here
./build/CMakeFiles/4.1.0-rc4/CompilerIdC/CMakeCCompilerId.o: In function `main':
D:\Projekty\TrinityTrack6000\MainControlBoard\Infineon\XMC4500\Debug/../build/CMakeFiles/4.1.0-rc4/CompilerIdC/CMakeCCompilerId.c:909: multiple definition of `main'
"D:/Programy/4.5.0.202105191637/eclipse/ARM-GCC-49/bin/arm-none-eabi-g++" -T"../linker_script.ld" -nostartfiles -Xlinker --gc-sections -specs=nano.specs -specs=nosys.specs -Wl,-Map,"XMC4500.map" -mfloat-abi=softfp -mfpu=fpv4-sp-d16 -mcpu=cortex-m4 -mthumb -g -gdwarf-2 -o "XMC4500.elf" "@objects.rsp"  -lm
./build/CMakeFiles/4.1.0-rc4/CompilerIdCXX/CMakeCXXCompilerId.o:D:\Projekty\TrinityTrack6000\MainControlBoard\Infineon\XMC4500\Debug/../build/CMakeFiles/4.1.0-rc4/CompilerIdCXX/CMakeCXXCompilerId.cpp:925: first defined here
makefile:73: recipe for target 'XMC4500.elf' failed
./main.o: In function `main':
D:\Projekty\TrinityTrack6000\MainControlBoard\Infineon\XMC4500\Debug/../main.c:24: multiple definition of `main'
./build/CMakeFiles/4.1.0-rc4/CompilerIdCXX/CMakeCXXCompilerId.o:D:\Projekty\TrinityTrack6000\MainControlBoard\Infineon\XMC4500\Debug/../build/CMakeFiles/4.1.0-rc4/CompilerIdCXX/CMakeCXXCompilerId.cpp:925: first defined here
collect2.exe: error: ld returned 1 exit status
make: *** [XMC4500.elf] Error 1

16:22:59 Build Finished (took 569ms)

