   1              	 .syntax unified
   2              	 .cpu cortex-m4
   3              	 .eabi_attribute 27,3
   4              	 .fpu fpv4-sp-d16
   5              	 .eabi_attribute 20,1
   6              	 .eabi_attribute 21,1
   7              	 .eabi_attribute 23,3
   8              	 .eabi_attribute 24,1
   9              	 .eabi_attribute 25,1
  10              	 .eabi_attribute 26,1
  11              	 .eabi_attribute 30,6
  12              	 .eabi_attribute 34,1
  13              	 .eabi_attribute 18,4
  14              	 .thumb
  15              	 .file "pwm_ccu8_conf.c"
  16              	 .text
  17              	.Ltext0:
  18              	 .cfi_sections .debug_frame
  19              	 .global PWM_CCU8_0_timer_handle
  20              	 .section .rodata.PWM_CCU8_0_timer_handle,"a",%progbits
  21              	 .align 2
  24              	PWM_CCU8_0_timer_handle:
  25 0000 00       	 .byte 0
  26 0001 00       	 .byte 0
  27 0002 00       	 .byte 0
  28 0003 00       	 .byte 0
  29 0004 00       	 .byte 0
  30 0005 000000   	 .space 3
  31 0008 14       	 .byte 20
  32 0009 000000   	 .space 3
  33 000c 00       	 .byte 0
  34 000d 00       	 .byte 0
  35 000e 0000     	 .space 2
  36              	 .global PWM_CCU8_0_event0_config
  37              	 .section .rodata.PWM_CCU8_0_event0_config,"a",%progbits
  38              	 .align 2
  41              	PWM_CCU8_0_event0_config:
  42 0000 00       	 .byte 0
  43 0001 00       	 .byte 0
  44 0002 01       	 .byte 1
  45 0003 00       	 .byte 0
  46              	 .global PWM_CCU8_0_event1_config
  47              	 .section .rodata.PWM_CCU8_0_event1_config,"a",%progbits
  48              	 .align 2
  51              	PWM_CCU8_0_event1_config:
  52 0000 00       	 .byte 0
  53 0001 00       	 .byte 0
  54 0002 01       	 .byte 1
  55 0003 00       	 .byte 0
  56              	 .global PWM_CCU8_0_event2_config
  57              	 .section .rodata.PWM_CCU8_0_event2_config,"a",%progbits
  58              	 .align 2
  61              	PWM_CCU8_0_event2_config:
  62 0000 00       	 .byte 0
  63 0001 00       	 .byte 0
  64 0002 01       	 .byte 1
  65 0003 00       	 .byte 0
  66              	 .global PWM_CCU8_0_dt_config
  67              	 .section .rodata.PWM_CCU8_0_dt_config,"a",%progbits
  68              	 .align 2
  71              	PWM_CCU8_0_dt_config:
  72 0000 00000000 	 .space 12
  72      00000000 
  72      00000000 
  73              	 .global PWM_CCU8_0_ch1_out0_config
  74              	 .section .rodata.PWM_CCU8_0_ch1_out0_config,"a",%progbits
  75              	 .align 2
  78              	PWM_CCU8_0_ch1_out0_config:
  79 0000 98       	 .byte -104
  80 0001 000000   	 .space 3
  81 0004 00000100 	 .word 65536
  82 0008 00       	 .byte 0
  83 0009 000000   	 .space 3
  84              	 .global PWM_CCU8_0_config_handle
  85              	 .section .rodata.PWM_CCU8_0_config_handle,"a",%progbits
  86              	 .align 2
  89              	PWM_CCU8_0_config_handle:
  90 0000 00       	 .byte 0
  91 0001 00       	 .space 1
  92 0002 AF04     	 .short 1199
  93 0004 3A03     	 .short 826
  94 0006 5702     	 .short 599
  95 0008 00       	 .byte 0
  96 0009 00       	 .byte 0
  97 000a 00       	 .byte 0
  98 000b 00       	 .byte 0
  99 000c 00       	 .byte 0
 100 000d 00       	 .byte 0
 101 000e 00       	 .byte 0
 102 000f 00       	 .byte 0
 103 0010 00       	 .byte 0
 104 0011 00       	 .byte 0
 105 0012 00       	 .byte 0
 106 0013 00       	 .byte 0
 107 0014 00       	 .byte 0
 108 0015 00       	 .byte 0
 109 0016 00       	 .byte 0
 110 0017 00       	 .byte 0
 111 0018 00       	 .byte 0
 112 0019 00       	 .byte 0
 113 001a 0000     	 .space 2
 114 001c 00000000 	 .word PWM_CCU8_0_event0_config
 115 0020 00000000 	 .word PWM_CCU8_0_event1_config
 116 0024 00000000 	 .word PWM_CCU8_0_event2_config
 117 0028 00       	 .byte 0
 118 0029 00       	 .byte 0
 119 002a 00       	 .byte 0
 120 002b 00       	 .byte 0
 121 002c 00       	 .byte 0
 122 002d 00       	 .byte 0
 123 002e 00       	 .byte 0
 124 002f 00       	 .byte 0
 125 0030 00       	 .byte 0
 126 0031 00       	 .byte 0
 127 0032 00       	 .byte 0
 128 0033 00       	 .byte 0
 129 0034 00       	 .byte 0
 130 0035 00       	 .byte 0
 131 0036 00       	 .byte 0
 132 0037 00       	 .byte 0
 133 0038 01       	 .byte 1
 134 0039 00       	 .byte 0
 135 003a 0000     	 .space 2
 136 003c 00000004 	 .word 67108864
 137 0040 00000000 	 .word PWM_CCU8_0_dt_config
 138 0044 00000000 	 .word PWM_CCU8_0_timer_handle
 139 0048 01       	 .byte 1
 140 0049 000000   	 .space 3
 141 004c 00800248 	 .word 1208123392
 142 0050 05       	 .byte 5
 143 0051 000000   	 .space 3
 144 0054 00000000 	 .word PWM_CCU8_0_ch1_out0_config
 145 0058 00       	 .byte 0
 146 0059 000000   	 .space 3
 147 005c 00000000 	 .word 0
 148 0060 00       	 .byte 0
 149 0061 000000   	 .space 3
 150 0064 00000000 	 .word 0
 151 0068 00       	 .byte 0
 152 0069 000000   	 .space 3
 153 006c 00000000 	 .word 0
 154 0070 00       	 .byte 0
 155 0071 000000   	 .space 3
 156 0074 00000000 	 .word 0
 157 0078 00       	 .byte 0
 158 0079 000000   	 .space 3
 159 007c 00000000 	 .word 0
 160 0080 00       	 .byte 0
 161 0081 000000   	 .space 3
 162 0084 00000000 	 .word 0
 163 0088 00000000 	 .word GLOBAL_CCU8_0
 164              	 .global PWM_CCU8_0
 165              	 .section .data.PWM_CCU8_0,"aw",%progbits
 166              	 .align 2
 169              	PWM_CCU8_0:
 170 0000 00000000 	 .word PWM_CCU8_0_config_handle
 171 0004 00000240 	 .word 1073872896
 172 0008 00010240 	 .word 1073873152
 173 000c 00       	 .byte 0
 174 000d 00       	 .byte 0
 175 000e 0000     	 .space 2
 176 0010 01000000 	 .word 1
 177 0014 02000000 	 .word 2
 178 0018 04000000 	 .word 4
 179 001c 00       	 .byte 0
 180 001d 00000000 	 .space 7
 180      000000
 181 0024 2C0C0000 	 .word 3116
 182 0028 90130000 	 .word 5008
 183 002c 00000000 	 .word 0
 184 0030 00000000 	 .word 0
 185              	 .global PWM_CCU8_1_timer_handle
 186              	 .section .rodata.PWM_CCU8_1_timer_handle,"a",%progbits
 187              	 .align 2
 190              	PWM_CCU8_1_timer_handle:
 191 0000 00       	 .byte 0
 192 0001 00       	 .byte 0
 193 0002 00       	 .byte 0
 194 0003 00       	 .byte 0
 195 0004 00       	 .byte 0
 196 0005 000000   	 .space 3
 197 0008 14       	 .byte 20
 198 0009 000000   	 .space 3
 199 000c 00       	 .byte 0
 200 000d 00       	 .byte 0
 201 000e 0000     	 .space 2
 202              	 .global PWM_CCU8_1_event0_config
 203              	 .section .rodata.PWM_CCU8_1_event0_config,"a",%progbits
 204              	 .align 2
 207              	PWM_CCU8_1_event0_config:
 208 0000 00       	 .byte 0
 209 0001 00       	 .byte 0
 210 0002 01       	 .byte 1
 211 0003 00       	 .byte 0
 212              	 .global PWM_CCU8_1_event1_config
 213              	 .section .rodata.PWM_CCU8_1_event1_config,"a",%progbits
 214              	 .align 2
 217              	PWM_CCU8_1_event1_config:
 218 0000 00       	 .byte 0
 219 0001 00       	 .byte 0
 220 0002 01       	 .byte 1
 221 0003 00       	 .byte 0
 222              	 .global PWM_CCU8_1_event2_config
 223              	 .section .rodata.PWM_CCU8_1_event2_config,"a",%progbits
 224              	 .align 2
 227              	PWM_CCU8_1_event2_config:
 228 0000 00       	 .byte 0
 229 0001 00       	 .byte 0
 230 0002 01       	 .byte 1
 231 0003 00       	 .byte 0
 232              	 .global PWM_CCU8_1_dt_config
 233              	 .section .rodata.PWM_CCU8_1_dt_config,"a",%progbits
 234              	 .align 2
 237              	PWM_CCU8_1_dt_config:
 238 0000 00000000 	 .space 12
 238      00000000 
 238      00000000 
 239              	 .global PWM_CCU8_1_ch1_out0_config
 240              	 .section .rodata.PWM_CCU8_1_ch1_out0_config,"a",%progbits
 241              	 .align 2
 244              	PWM_CCU8_1_ch1_out0_config:
 245 0000 98       	 .byte -104
 246 0001 000000   	 .space 3
 247 0004 00000100 	 .word 65536
 248 0008 00       	 .byte 0
 249 0009 000000   	 .space 3
 250              	 .global PWM_CCU8_1_config_handle
 251              	 .section .rodata.PWM_CCU8_1_config_handle,"a",%progbits
 252              	 .align 2
 255              	PWM_CCU8_1_config_handle:
 256 0000 00       	 .byte 0
 257 0001 00       	 .space 1
 258 0002 AF04     	 .short 1199
 259 0004 3A03     	 .short 826
 260 0006 5702     	 .short 599
 261 0008 00       	 .byte 0
 262 0009 00       	 .byte 0
 263 000a 00       	 .byte 0
 264 000b 00       	 .byte 0
 265 000c 00       	 .byte 0
 266 000d 00       	 .byte 0
 267 000e 00       	 .byte 0
 268 000f 00       	 .byte 0
 269 0010 00       	 .byte 0
 270 0011 00       	 .byte 0
 271 0012 00       	 .byte 0
 272 0013 00       	 .byte 0
 273 0014 00       	 .byte 0
 274 0015 00       	 .byte 0
 275 0016 00       	 .byte 0
 276 0017 00       	 .byte 0
 277 0018 00       	 .byte 0
 278 0019 00       	 .byte 0
 279 001a 0000     	 .space 2
 280 001c 00000000 	 .word PWM_CCU8_1_event0_config
 281 0020 00000000 	 .word PWM_CCU8_1_event1_config
 282 0024 00000000 	 .word PWM_CCU8_1_event2_config
 283 0028 00       	 .byte 0
 284 0029 00       	 .byte 0
 285 002a 00       	 .byte 0
 286 002b 00       	 .byte 0
 287 002c 00       	 .byte 0
 288 002d 00       	 .byte 0
 289 002e 00       	 .byte 0
 290 002f 00       	 .byte 0
 291 0030 00       	 .byte 0
 292 0031 00       	 .byte 0
 293 0032 00       	 .byte 0
 294 0033 00       	 .byte 0
 295 0034 00       	 .byte 0
 296 0035 00       	 .byte 0
 297 0036 00       	 .byte 0
 298 0037 00       	 .byte 0
 299 0038 01       	 .byte 1
 300 0039 00       	 .byte 0
 301 003a 0000     	 .space 2
 302 003c 00000008 	 .word 134217728
 303 0040 00000000 	 .word PWM_CCU8_1_dt_config
 304 0044 00000000 	 .word PWM_CCU8_1_timer_handle
 305 0048 01       	 .byte 1
 306 0049 000000   	 .space 3
 307 004c 00800248 	 .word 1208123392
 308 0050 04       	 .byte 4
 309 0051 000000   	 .space 3
 310 0054 00000000 	 .word PWM_CCU8_1_ch1_out0_config
 311 0058 00       	 .byte 0
 312 0059 000000   	 .space 3
 313 005c 00000000 	 .word 0
 314 0060 00       	 .byte 0
 315 0061 000000   	 .space 3
 316 0064 00000000 	 .word 0
 317 0068 00       	 .byte 0
 318 0069 000000   	 .space 3
 319 006c 00000000 	 .word 0
 320 0070 00       	 .byte 0
 321 0071 000000   	 .space 3
 322 0074 00000000 	 .word 0
 323 0078 00       	 .byte 0
 324 0079 000000   	 .space 3
 325 007c 00000000 	 .word 0
 326 0080 00       	 .byte 0
 327 0081 000000   	 .space 3
 328 0084 00000000 	 .word 0
 329 0088 00000000 	 .word GLOBAL_CCU8_0
 330              	 .global PWM_CCU8_1
 331              	 .section .data.PWM_CCU8_1,"aw",%progbits
 332              	 .align 2
 335              	PWM_CCU8_1:
 336 0000 00000000 	 .word PWM_CCU8_1_config_handle
 337 0004 00000240 	 .word 1073872896
 338 0008 00020240 	 .word 1073873408
 339 000c 00       	 .byte 0
 340 000d 01       	 .byte 1
 341 000e 0000     	 .space 2
 342 0010 10000000 	 .word 16
 343 0014 20000000 	 .word 32
 344 0018 40000000 	 .word 64
 345 001c 00       	 .byte 0
 346 001d 00000000 	 .space 7
 346      000000
 347 0024 2C0C0000 	 .word 3116
 348 0028 90130000 	 .word 5008
 349 002c 00000000 	 .word 0
 350 0030 00000000 	 .word 0
 351              	 .global PWM_CCU8_2_timer_handle
 352              	 .section .rodata.PWM_CCU8_2_timer_handle,"a",%progbits
 353              	 .align 2
 356              	PWM_CCU8_2_timer_handle:
 357 0000 00       	 .byte 0
 358 0001 00       	 .byte 0
 359 0002 00       	 .byte 0
 360 0003 00       	 .byte 0
 361 0004 00       	 .byte 0
 362 0005 000000   	 .space 3
 363 0008 14       	 .byte 20
 364 0009 000000   	 .space 3
 365 000c 00       	 .byte 0
 366 000d 00       	 .byte 0
 367 000e 0000     	 .space 2
 368              	 .global PWM_CCU8_2_event0_config
 369              	 .section .rodata.PWM_CCU8_2_event0_config,"a",%progbits
 370              	 .align 2
 373              	PWM_CCU8_2_event0_config:
 374 0000 00       	 .byte 0
 375 0001 00       	 .byte 0
 376 0002 01       	 .byte 1
 377 0003 00       	 .byte 0
 378              	 .global PWM_CCU8_2_event1_config
 379              	 .section .rodata.PWM_CCU8_2_event1_config,"a",%progbits
 380              	 .align 2
 383              	PWM_CCU8_2_event1_config:
 384 0000 00       	 .byte 0
 385 0001 00       	 .byte 0
 386 0002 01       	 .byte 1
 387 0003 00       	 .byte 0
 388              	 .global PWM_CCU8_2_event2_config
 389              	 .section .rodata.PWM_CCU8_2_event2_config,"a",%progbits
 390              	 .align 2
 393              	PWM_CCU8_2_event2_config:
 394 0000 00       	 .byte 0
 395 0001 00       	 .byte 0
 396 0002 01       	 .byte 1
 397 0003 00       	 .byte 0
 398              	 .global PWM_CCU8_2_dt_config
 399              	 .section .rodata.PWM_CCU8_2_dt_config,"a",%progbits
 400              	 .align 2
 403              	PWM_CCU8_2_dt_config:
 404 0000 00000000 	 .space 12
 404      00000000 
 404      00000000 
 405              	 .global PWM_CCU8_2_ch1_out0_config
 406              	 .section .rodata.PWM_CCU8_2_ch1_out0_config,"a",%progbits
 407              	 .align 2
 410              	PWM_CCU8_2_ch1_out0_config:
 411 0000 98       	 .byte -104
 412 0001 000000   	 .space 3
 413 0004 00000100 	 .word 65536
 414 0008 00       	 .byte 0
 415 0009 000000   	 .space 3
 416              	 .global PWM_CCU8_2_config_handle
 417              	 .section .rodata.PWM_CCU8_2_config_handle,"a",%progbits
 418              	 .align 2
 421              	PWM_CCU8_2_config_handle:
 422 0000 00       	 .byte 0
 423 0001 00       	 .space 1
 424 0002 AF04     	 .short 1199
 425 0004 3A03     	 .short 826
 426 0006 5702     	 .short 599
 427 0008 00       	 .byte 0
 428 0009 00       	 .byte 0
 429 000a 00       	 .byte 0
 430 000b 00       	 .byte 0
 431 000c 00       	 .byte 0
 432 000d 00       	 .byte 0
 433 000e 00       	 .byte 0
 434 000f 00       	 .byte 0
 435 0010 00       	 .byte 0
 436 0011 00       	 .byte 0
 437 0012 00       	 .byte 0
 438 0013 00       	 .byte 0
 439 0014 00       	 .byte 0
 440 0015 00       	 .byte 0
 441 0016 00       	 .byte 0
 442 0017 00       	 .byte 0
 443 0018 00       	 .byte 0
 444 0019 00       	 .byte 0
 445 001a 0000     	 .space 2
 446 001c 00000000 	 .word PWM_CCU8_2_event0_config
 447 0020 00000000 	 .word PWM_CCU8_2_event1_config
 448 0024 00000000 	 .word PWM_CCU8_2_event2_config
 449 0028 00       	 .byte 0
 450 0029 00       	 .byte 0
 451 002a 00       	 .byte 0
 452 002b 00       	 .byte 0
 453 002c 00       	 .byte 0
 454 002d 00       	 .byte 0
 455 002e 00       	 .byte 0
 456 002f 00       	 .byte 0
 457 0030 00       	 .byte 0
 458 0031 00       	 .byte 0
 459 0032 00       	 .byte 0
 460 0033 00       	 .byte 0
 461 0034 00       	 .byte 0
 462 0035 00       	 .byte 0
 463 0036 00       	 .byte 0
 464 0037 00       	 .byte 0
 465 0038 01       	 .byte 1
 466 0039 00       	 .byte 0
 467 003a 0000     	 .space 2
 468 003c 00000010 	 .word 268435456
 469 0040 00000000 	 .word PWM_CCU8_2_dt_config
 470 0044 00000000 	 .word PWM_CCU8_2_timer_handle
 471 0048 01       	 .byte 1
 472 0049 000000   	 .space 3
 473 004c 00800248 	 .word 1208123392
 474 0050 03       	 .byte 3
 475 0051 000000   	 .space 3
 476 0054 00000000 	 .word PWM_CCU8_2_ch1_out0_config
 477 0058 00       	 .byte 0
 478 0059 000000   	 .space 3
 479 005c 00000000 	 .word 0
 480 0060 00       	 .byte 0
 481 0061 000000   	 .space 3
 482 0064 00000000 	 .word 0
 483 0068 00       	 .byte 0
 484 0069 000000   	 .space 3
 485 006c 00000000 	 .word 0
 486 0070 00       	 .byte 0
 487 0071 000000   	 .space 3
 488 0074 00000000 	 .word 0
 489 0078 00       	 .byte 0
 490 0079 000000   	 .space 3
 491 007c 00000000 	 .word 0
 492 0080 00       	 .byte 0
 493 0081 000000   	 .space 3
 494 0084 00000000 	 .word 0
 495 0088 00000000 	 .word GLOBAL_CCU8_0
 496              	 .global PWM_CCU8_2
 497              	 .section .data.PWM_CCU8_2,"aw",%progbits
 498              	 .align 2
 501              	PWM_CCU8_2:
 502 0000 00000000 	 .word PWM_CCU8_2_config_handle
 503 0004 00000240 	 .word 1073872896
 504 0008 00030240 	 .word 1073873664
 505 000c 00       	 .byte 0
 506 000d 02       	 .byte 2
 507 000e 0000     	 .space 2
 508 0010 00010000 	 .word 256
 509 0014 00020000 	 .word 512
 510 0018 00040000 	 .word 1024
 511 001c 00       	 .byte 0
 512 001d 00000000 	 .space 7
 512      000000
 513 0024 2C0C0000 	 .word 3116
 514 0028 90130000 	 .word 5008
 515 002c 00000000 	 .word 0
 516 0030 00000000 	 .word 0
 517              	 .global PWM_CCU8_3_timer_handle
 518              	 .section .rodata.PWM_CCU8_3_timer_handle,"a",%progbits
 519              	 .align 2
 522              	PWM_CCU8_3_timer_handle:
 523 0000 00       	 .byte 0
 524 0001 00       	 .byte 0
 525 0002 00       	 .byte 0
 526 0003 00       	 .byte 0
 527 0004 00       	 .byte 0
 528 0005 000000   	 .space 3
 529 0008 14       	 .byte 20
 530 0009 000000   	 .space 3
 531 000c 00       	 .byte 0
 532 000d 00       	 .byte 0
 533 000e 0000     	 .space 2
 534              	 .global PWM_CCU8_3_event0_config
 535              	 .section .rodata.PWM_CCU8_3_event0_config,"a",%progbits
 536              	 .align 2
 539              	PWM_CCU8_3_event0_config:
 540 0000 00       	 .byte 0
 541 0001 00       	 .byte 0
 542 0002 01       	 .byte 1
 543 0003 00       	 .byte 0
 544              	 .global PWM_CCU8_3_event1_config
 545              	 .section .rodata.PWM_CCU8_3_event1_config,"a",%progbits
 546              	 .align 2
 549              	PWM_CCU8_3_event1_config:
 550 0000 00       	 .byte 0
 551 0001 00       	 .byte 0
 552 0002 01       	 .byte 1
 553 0003 00       	 .byte 0
 554              	 .global PWM_CCU8_3_event2_config
 555              	 .section .rodata.PWM_CCU8_3_event2_config,"a",%progbits
 556              	 .align 2
 559              	PWM_CCU8_3_event2_config:
 560 0000 00       	 .byte 0
 561 0001 00       	 .byte 0
 562 0002 01       	 .byte 1
 563 0003 00       	 .byte 0
 564              	 .global PWM_CCU8_3_dt_config
 565              	 .section .rodata.PWM_CCU8_3_dt_config,"a",%progbits
 566              	 .align 2
 569              	PWM_CCU8_3_dt_config:
 570 0000 00000000 	 .space 12
 570      00000000 
 570      00000000 
 571              	 .global PWM_CCU8_3_ch1_out0_config
 572              	 .section .rodata.PWM_CCU8_3_ch1_out0_config,"a",%progbits
 573              	 .align 2
 576              	PWM_CCU8_3_ch1_out0_config:
 577 0000 98       	 .byte -104
 578 0001 000000   	 .space 3
 579 0004 00000100 	 .word 65536
 580 0008 00       	 .byte 0
 581 0009 000000   	 .space 3
 582              	 .global PWM_CCU8_3_config_handle
 583              	 .section .rodata.PWM_CCU8_3_config_handle,"a",%progbits
 584              	 .align 2
 587              	PWM_CCU8_3_config_handle:
 588 0000 00       	 .byte 0
 589 0001 00       	 .space 1
 590 0002 AF04     	 .short 1199
 591 0004 3A03     	 .short 826
 592 0006 5702     	 .short 599
 593 0008 00       	 .byte 0
 594 0009 00       	 .byte 0
 595 000a 00       	 .byte 0
 596 000b 00       	 .byte 0
 597 000c 00       	 .byte 0
 598 000d 00       	 .byte 0
 599 000e 00       	 .byte 0
 600 000f 00       	 .byte 0
 601 0010 00       	 .byte 0
 602 0011 00       	 .byte 0
 603 0012 00       	 .byte 0
 604 0013 00       	 .byte 0
 605 0014 00       	 .byte 0
 606 0015 00       	 .byte 0
 607 0016 00       	 .byte 0
 608 0017 00       	 .byte 0
 609 0018 00       	 .byte 0
 610 0019 00       	 .byte 0
 611 001a 0000     	 .space 2
 612 001c 00000000 	 .word PWM_CCU8_3_event0_config
 613 0020 00000000 	 .word PWM_CCU8_3_event1_config
 614 0024 00000000 	 .word PWM_CCU8_3_event2_config
 615 0028 00       	 .byte 0
 616 0029 00       	 .byte 0
 617 002a 00       	 .byte 0
 618 002b 00       	 .byte 0
 619 002c 00       	 .byte 0
 620 002d 00       	 .byte 0
 621 002e 00       	 .byte 0
 622 002f 00       	 .byte 0
 623 0030 00       	 .byte 0
 624 0031 00       	 .byte 0
 625 0032 00       	 .byte 0
 626 0033 00       	 .byte 0
 627 0034 00       	 .byte 0
 628 0035 00       	 .byte 0
 629 0036 00       	 .byte 0
 630 0037 00       	 .byte 0
 631 0038 01       	 .byte 1
 632 0039 00       	 .byte 0
 633 003a 0000     	 .space 2
 634 003c 00000020 	 .word 536870912
 635 0040 00000000 	 .word PWM_CCU8_3_dt_config
 636 0044 00000000 	 .word PWM_CCU8_3_timer_handle
 637 0048 01       	 .byte 1
 638 0049 000000   	 .space 3
 639 004c 00800248 	 .word 1208123392
 640 0050 06       	 .byte 6
 641 0051 000000   	 .space 3
 642 0054 00000000 	 .word PWM_CCU8_3_ch1_out0_config
 643 0058 00       	 .byte 0
 644 0059 000000   	 .space 3
 645 005c 00000000 	 .word 0
 646 0060 00       	 .byte 0
 647 0061 000000   	 .space 3
 648 0064 00000000 	 .word 0
 649 0068 00       	 .byte 0
 650 0069 000000   	 .space 3
 651 006c 00000000 	 .word 0
 652 0070 00       	 .byte 0
 653 0071 000000   	 .space 3
 654 0074 00000000 	 .word 0
 655 0078 00       	 .byte 0
 656 0079 000000   	 .space 3
 657 007c 00000000 	 .word 0
 658 0080 00       	 .byte 0
 659 0081 000000   	 .space 3
 660 0084 00000000 	 .word 0
 661 0088 00000000 	 .word GLOBAL_CCU8_0
 662              	 .global PWM_CCU8_3
 663              	 .section .data.PWM_CCU8_3,"aw",%progbits
 664              	 .align 2
 667              	PWM_CCU8_3:
 668 0000 00000000 	 .word PWM_CCU8_3_config_handle
 669 0004 00000240 	 .word 1073872896
 670 0008 00040240 	 .word 1073873920
 671 000c 00       	 .byte 0
 672 000d 03       	 .byte 3
 673 000e 0000     	 .space 2
 674 0010 00100000 	 .word 4096
 675 0014 00200000 	 .word 8192
 676 0018 00400000 	 .word 16384
 677 001c 00       	 .byte 0
 678 001d 00000000 	 .space 7
 678      000000
 679 0024 2C0C0000 	 .word 3116
 680 0028 90130000 	 .word 5008
 681 002c 00000000 	 .word 0
 682 0030 00000000 	 .word 0
 683              	 .global PWM_CCU8_4_timer_handle
 684              	 .section .rodata.PWM_CCU8_4_timer_handle,"a",%progbits
 685              	 .align 2
 688              	PWM_CCU8_4_timer_handle:
 689 0000 00       	 .byte 0
 690 0001 00       	 .byte 0
 691 0002 00       	 .byte 0
 692 0003 00       	 .byte 0
 693 0004 00       	 .byte 0
 694 0005 000000   	 .space 3
 695 0008 14       	 .byte 20
 696 0009 000000   	 .space 3
 697 000c 00       	 .byte 0
 698 000d 00       	 .byte 0
 699 000e 0000     	 .space 2
 700              	 .global PWM_CCU8_4_event0_config
 701              	 .section .rodata.PWM_CCU8_4_event0_config,"a",%progbits
 702              	 .align 2
 705              	PWM_CCU8_4_event0_config:
 706 0000 00       	 .byte 0
 707 0001 00       	 .byte 0
 708 0002 01       	 .byte 1
 709 0003 00       	 .byte 0
 710              	 .global PWM_CCU8_4_event1_config
 711              	 .section .rodata.PWM_CCU8_4_event1_config,"a",%progbits
 712              	 .align 2
 715              	PWM_CCU8_4_event1_config:
 716 0000 00       	 .byte 0
 717 0001 00       	 .byte 0
 718 0002 01       	 .byte 1
 719 0003 00       	 .byte 0
 720              	 .global PWM_CCU8_4_event2_config
 721              	 .section .rodata.PWM_CCU8_4_event2_config,"a",%progbits
 722              	 .align 2
 725              	PWM_CCU8_4_event2_config:
 726 0000 00       	 .byte 0
 727 0001 00       	 .byte 0
 728 0002 01       	 .byte 1
 729 0003 00       	 .byte 0
 730              	 .global PWM_CCU8_4_dt_config
 731              	 .section .rodata.PWM_CCU8_4_dt_config,"a",%progbits
 732              	 .align 2
 735              	PWM_CCU8_4_dt_config:
 736 0000 00000000 	 .space 12
 736      00000000 
 736      00000000 
 737              	 .global PWM_CCU8_4_ch1_out0_config
 738              	 .section .rodata.PWM_CCU8_4_ch1_out0_config,"a",%progbits
 739              	 .align 2
 742              	PWM_CCU8_4_ch1_out0_config:
 743 0000 98       	 .byte -104
 744 0001 000000   	 .space 3
 745 0004 00000100 	 .word 65536
 746 0008 00       	 .byte 0
 747 0009 000000   	 .space 3
 748              	 .global PWM_CCU8_4_config_handle
 749              	 .section .rodata.PWM_CCU8_4_config_handle,"a",%progbits
 750              	 .align 2
 753              	PWM_CCU8_4_config_handle:
 754 0000 00       	 .byte 0
 755 0001 00       	 .space 1
 756 0002 AF04     	 .short 1199
 757 0004 3A03     	 .short 826
 758 0006 5702     	 .short 599
 759 0008 00       	 .byte 0
 760 0009 00       	 .byte 0
 761 000a 00       	 .byte 0
 762 000b 00       	 .byte 0
 763 000c 00       	 .byte 0
 764 000d 00       	 .byte 0
 765 000e 00       	 .byte 0
 766 000f 00       	 .byte 0
 767 0010 00       	 .byte 0
 768 0011 00       	 .byte 0
 769 0012 00       	 .byte 0
 770 0013 00       	 .byte 0
 771 0014 00       	 .byte 0
 772 0015 00       	 .byte 0
 773 0016 00       	 .byte 0
 774 0017 00       	 .byte 0
 775 0018 00       	 .byte 0
 776 0019 00       	 .byte 0
 777 001a 0000     	 .space 2
 778 001c 00000000 	 .word PWM_CCU8_4_event0_config
 779 0020 00000000 	 .word PWM_CCU8_4_event1_config
 780 0024 00000000 	 .word PWM_CCU8_4_event2_config
 781 0028 00       	 .byte 0
 782 0029 00       	 .byte 0
 783 002a 00       	 .byte 0
 784 002b 00       	 .byte 0
 785 002c 00       	 .byte 0
 786 002d 00       	 .byte 0
 787 002e 00       	 .byte 0
 788 002f 00       	 .byte 0
 789 0030 00       	 .byte 0
 790 0031 00       	 .byte 0
 791 0032 00       	 .byte 0
 792 0033 00       	 .byte 0
 793 0034 00       	 .byte 0
 794 0035 00       	 .byte 0
 795 0036 00       	 .byte 0
 796 0037 00       	 .byte 0
 797 0038 01       	 .byte 1
 798 0039 00       	 .byte 0
 799 003a 0000     	 .space 2
 800 003c 00000004 	 .word 67108864
 801 0040 00000000 	 .word PWM_CCU8_4_dt_config
 802 0044 00000000 	 .word PWM_CCU8_4_timer_handle
 803 0048 01       	 .byte 1
 804 0049 000000   	 .space 3
 805 004c 00810248 	 .word 1208123648
 806 0050 0F       	 .byte 15
 807 0051 000000   	 .space 3
 808 0054 00000000 	 .word PWM_CCU8_4_ch1_out0_config
 809 0058 00       	 .byte 0
 810 0059 000000   	 .space 3
 811 005c 00000000 	 .word 0
 812 0060 00       	 .byte 0
 813 0061 000000   	 .space 3
 814 0064 00000000 	 .word 0
 815 0068 00       	 .byte 0
 816 0069 000000   	 .space 3
 817 006c 00000000 	 .word 0
 818 0070 00       	 .byte 0
 819 0071 000000   	 .space 3
 820 0074 00000000 	 .word 0
 821 0078 00       	 .byte 0
 822 0079 000000   	 .space 3
 823 007c 00000000 	 .word 0
 824 0080 00       	 .byte 0
 825 0081 000000   	 .space 3
 826 0084 00000000 	 .word 0
 827 0088 00000000 	 .word GLOBAL_CCU8_1
 828              	 .global PWM_CCU8_4
 829              	 .section .data.PWM_CCU8_4,"aw",%progbits
 830              	 .align 2
 833              	PWM_CCU8_4:
 834 0000 00000000 	 .word PWM_CCU8_4_config_handle
 835 0004 00400240 	 .word 1073889280
 836 0008 00410240 	 .word 1073889536
 837 000c 01       	 .byte 1
 838 000d 00       	 .byte 0
 839 000e 0000     	 .space 2
 840 0010 01000000 	 .word 1
 841 0014 02000000 	 .word 2
 842 0018 04000000 	 .word 4
 843 001c 00       	 .byte 0
 844 001d 00000000 	 .space 7
 844      000000
 845 0024 2C0C0000 	 .word 3116
 846 0028 90130000 	 .word 5008
 847 002c 00000000 	 .word 0
 848 0030 00000000 	 .word 0
 849              	 .global PWM_CCU8_5_timer_handle
 850              	 .section .rodata.PWM_CCU8_5_timer_handle,"a",%progbits
 851              	 .align 2
 854              	PWM_CCU8_5_timer_handle:
 855 0000 00       	 .byte 0
 856 0001 00       	 .byte 0
 857 0002 00       	 .byte 0
 858 0003 00       	 .byte 0
 859 0004 00       	 .byte 0
 860 0005 000000   	 .space 3
 861 0008 14       	 .byte 20
 862 0009 000000   	 .space 3
 863 000c 00       	 .byte 0
 864 000d 00       	 .byte 0
 865 000e 0000     	 .space 2
 866              	 .global PWM_CCU8_5_event0_config
 867              	 .section .rodata.PWM_CCU8_5_event0_config,"a",%progbits
 868              	 .align 2
 871              	PWM_CCU8_5_event0_config:
 872 0000 00       	 .byte 0
 873 0001 00       	 .byte 0
 874 0002 01       	 .byte 1
 875 0003 00       	 .byte 0
 876              	 .global PWM_CCU8_5_event1_config
 877              	 .section .rodata.PWM_CCU8_5_event1_config,"a",%progbits
 878              	 .align 2
 881              	PWM_CCU8_5_event1_config:
 882 0000 00       	 .byte 0
 883 0001 00       	 .byte 0
 884 0002 01       	 .byte 1
 885 0003 00       	 .byte 0
 886              	 .global PWM_CCU8_5_event2_config
 887              	 .section .rodata.PWM_CCU8_5_event2_config,"a",%progbits
 888              	 .align 2
 891              	PWM_CCU8_5_event2_config:
 892 0000 00       	 .byte 0
 893 0001 00       	 .byte 0
 894 0002 01       	 .byte 1
 895 0003 00       	 .byte 0
 896              	 .global PWM_CCU8_5_dt_config
 897              	 .section .rodata.PWM_CCU8_5_dt_config,"a",%progbits
 898              	 .align 2
 901              	PWM_CCU8_5_dt_config:
 902 0000 00000000 	 .space 12
 902      00000000 
 902      00000000 
 903              	 .global PWM_CCU8_5_ch1_out0_config
 904              	 .section .rodata.PWM_CCU8_5_ch1_out0_config,"a",%progbits
 905              	 .align 2
 908              	PWM_CCU8_5_ch1_out0_config:
 909 0000 98       	 .byte -104
 910 0001 000000   	 .space 3
 911 0004 00000100 	 .word 65536
 912 0008 00       	 .byte 0
 913 0009 000000   	 .space 3
 914              	 .global PWM_CCU8_5_config_handle
 915              	 .section .rodata.PWM_CCU8_5_config_handle,"a",%progbits
 916              	 .align 2
 919              	PWM_CCU8_5_config_handle:
 920 0000 00       	 .byte 0
 921 0001 00       	 .space 1
 922 0002 AF04     	 .short 1199
 923 0004 3A03     	 .short 826
 924 0006 5702     	 .short 599
 925 0008 00       	 .byte 0
 926 0009 00       	 .byte 0
 927 000a 00       	 .byte 0
 928 000b 00       	 .byte 0
 929 000c 00       	 .byte 0
 930 000d 00       	 .byte 0
 931 000e 00       	 .byte 0
 932 000f 00       	 .byte 0
 933 0010 00       	 .byte 0
 934 0011 00       	 .byte 0
 935 0012 00       	 .byte 0
 936 0013 00       	 .byte 0
 937 0014 00       	 .byte 0
 938 0015 00       	 .byte 0
 939 0016 00       	 .byte 0
 940 0017 00       	 .byte 0
 941 0018 00       	 .byte 0
 942 0019 00       	 .byte 0
 943 001a 0000     	 .space 2
 944 001c 00000000 	 .word PWM_CCU8_5_event0_config
 945 0020 00000000 	 .word PWM_CCU8_5_event1_config
 946 0024 00000000 	 .word PWM_CCU8_5_event2_config
 947 0028 00       	 .byte 0
 948 0029 00       	 .byte 0
 949 002a 00       	 .byte 0
 950 002b 00       	 .byte 0
 951 002c 00       	 .byte 0
 952 002d 00       	 .byte 0
 953 002e 00       	 .byte 0
 954 002f 00       	 .byte 0
 955 0030 00       	 .byte 0
 956 0031 00       	 .byte 0
 957 0032 00       	 .byte 0
 958 0033 00       	 .byte 0
 959 0034 00       	 .byte 0
 960 0035 00       	 .byte 0
 961 0036 00       	 .byte 0
 962 0037 00       	 .byte 0
 963 0038 01       	 .byte 1
 964 0039 00       	 .byte 0
 965 003a 0000     	 .space 2
 966 003c 00000008 	 .word 134217728
 967 0040 00000000 	 .word PWM_CCU8_5_dt_config
 968 0044 00000000 	 .word PWM_CCU8_5_timer_handle
 969 0048 01       	 .byte 1
 970 0049 000000   	 .space 3
 971 004c 00810248 	 .word 1208123648
 972 0050 0E       	 .byte 14
 973 0051 000000   	 .space 3
 974 0054 00000000 	 .word PWM_CCU8_5_ch1_out0_config
 975 0058 00       	 .byte 0
 976 0059 000000   	 .space 3
 977 005c 00000000 	 .word 0
 978 0060 00       	 .byte 0
 979 0061 000000   	 .space 3
 980 0064 00000000 	 .word 0
 981 0068 00       	 .byte 0
 982 0069 000000   	 .space 3
 983 006c 00000000 	 .word 0
 984 0070 00       	 .byte 0
 985 0071 000000   	 .space 3
 986 0074 00000000 	 .word 0
 987 0078 00       	 .byte 0
 988 0079 000000   	 .space 3
 989 007c 00000000 	 .word 0
 990 0080 00       	 .byte 0
 991 0081 000000   	 .space 3
 992 0084 00000000 	 .word 0
 993 0088 00000000 	 .word GLOBAL_CCU8_1
 994              	 .global PWM_CCU8_5
 995              	 .section .data.PWM_CCU8_5,"aw",%progbits
 996              	 .align 2
 999              	PWM_CCU8_5:
 1000 0000 00000000 	 .word PWM_CCU8_5_config_handle
 1001 0004 00400240 	 .word 1073889280
 1002 0008 00420240 	 .word 1073889792
 1003 000c 01       	 .byte 1
 1004 000d 01       	 .byte 1
 1005 000e 0000     	 .space 2
 1006 0010 10000000 	 .word 16
 1007 0014 20000000 	 .word 32
 1008 0018 40000000 	 .word 64
 1009 001c 00       	 .byte 0
 1010 001d 00000000 	 .space 7
 1010      000000
 1011 0024 2C0C0000 	 .word 3116
 1012 0028 90130000 	 .word 5008
 1013 002c 00000000 	 .word 0
 1014 0030 00000000 	 .word 0
 1015              	 .global PWM_CCU8_6_timer_handle
 1016              	 .section .rodata.PWM_CCU8_6_timer_handle,"a",%progbits
 1017              	 .align 2
 1020              	PWM_CCU8_6_timer_handle:
 1021 0000 00       	 .byte 0
 1022 0001 00       	 .byte 0
 1023 0002 00       	 .byte 0
 1024 0003 00       	 .byte 0
 1025 0004 00       	 .byte 0
 1026 0005 000000   	 .space 3
 1027 0008 14       	 .byte 20
 1028 0009 000000   	 .space 3
 1029 000c 00       	 .byte 0
 1030 000d 00       	 .byte 0
 1031 000e 0000     	 .space 2
 1032              	 .global PWM_CCU8_6_event0_config
 1033              	 .section .rodata.PWM_CCU8_6_event0_config,"a",%progbits
 1034              	 .align 2
 1037              	PWM_CCU8_6_event0_config:
 1038 0000 00       	 .byte 0
 1039 0001 00       	 .byte 0
 1040 0002 01       	 .byte 1
 1041 0003 00       	 .byte 0
 1042              	 .global PWM_CCU8_6_event1_config
 1043              	 .section .rodata.PWM_CCU8_6_event1_config,"a",%progbits
 1044              	 .align 2
 1047              	PWM_CCU8_6_event1_config:
 1048 0000 00       	 .byte 0
 1049 0001 00       	 .byte 0
 1050 0002 01       	 .byte 1
 1051 0003 00       	 .byte 0
 1052              	 .global PWM_CCU8_6_event2_config
 1053              	 .section .rodata.PWM_CCU8_6_event2_config,"a",%progbits
 1054              	 .align 2
 1057              	PWM_CCU8_6_event2_config:
 1058 0000 00       	 .byte 0
 1059 0001 00       	 .byte 0
 1060 0002 01       	 .byte 1
 1061 0003 00       	 .byte 0
 1062              	 .global PWM_CCU8_6_dt_config
 1063              	 .section .rodata.PWM_CCU8_6_dt_config,"a",%progbits
 1064              	 .align 2
 1067              	PWM_CCU8_6_dt_config:
 1068 0000 00000000 	 .space 12
 1068      00000000 
 1068      00000000 
 1069              	 .global PWM_CCU8_6_ch1_out0_config
 1070              	 .section .rodata.PWM_CCU8_6_ch1_out0_config,"a",%progbits
 1071              	 .align 2
 1074              	PWM_CCU8_6_ch1_out0_config:
 1075 0000 A0       	 .byte -96
 1076 0001 000000   	 .space 3
 1077 0004 00000100 	 .word 65536
 1078 0008 00       	 .byte 0
 1079 0009 000000   	 .space 3
 1080              	 .global PWM_CCU8_6_config_handle
 1081              	 .section .rodata.PWM_CCU8_6_config_handle,"a",%progbits
 1082              	 .align 2
 1085              	PWM_CCU8_6_config_handle:
 1086 0000 00       	 .byte 0
 1087 0001 00       	 .space 1
 1088 0002 AF04     	 .short 1199
 1089 0004 3A03     	 .short 826
 1090 0006 5702     	 .short 599
 1091 0008 00       	 .byte 0
 1092 0009 00       	 .byte 0
 1093 000a 00       	 .byte 0
 1094 000b 00       	 .byte 0
 1095 000c 00       	 .byte 0
 1096 000d 00       	 .byte 0
 1097 000e 00       	 .byte 0
 1098 000f 00       	 .byte 0
 1099 0010 00       	 .byte 0
 1100 0011 00       	 .byte 0
 1101 0012 00       	 .byte 0
 1102 0013 00       	 .byte 0
 1103 0014 00       	 .byte 0
 1104 0015 00       	 .byte 0
 1105 0016 00       	 .byte 0
 1106 0017 00       	 .byte 0
 1107 0018 00       	 .byte 0
 1108 0019 00       	 .byte 0
 1109 001a 0000     	 .space 2
 1110 001c 00000000 	 .word PWM_CCU8_6_event0_config
 1111 0020 00000000 	 .word PWM_CCU8_6_event1_config
 1112 0024 00000000 	 .word PWM_CCU8_6_event2_config
 1113 0028 00       	 .byte 0
 1114 0029 00       	 .byte 0
 1115 002a 00       	 .byte 0
 1116 002b 00       	 .byte 0
 1117 002c 00       	 .byte 0
 1118 002d 00       	 .byte 0
 1119 002e 00       	 .byte 0
 1120 002f 00       	 .byte 0
 1121 0030 00       	 .byte 0
 1122 0031 00       	 .byte 0
 1123 0032 00       	 .byte 0
 1124 0033 00       	 .byte 0
 1125 0034 00       	 .byte 0
 1126 0035 00       	 .byte 0
 1127 0036 00       	 .byte 0
 1128 0037 00       	 .byte 0
 1129 0038 01       	 .byte 1
 1130 0039 00       	 .byte 0
 1131 003a 0000     	 .space 2
 1132 003c 00000010 	 .word 268435456
 1133 0040 00000000 	 .word PWM_CCU8_6_dt_config
 1134 0044 00000000 	 .word PWM_CCU8_6_timer_handle
 1135 0048 01       	 .byte 1
 1136 0049 000000   	 .space 3
 1137 004c 00810248 	 .word 1208123648
 1138 0050 04       	 .byte 4
 1139 0051 000000   	 .space 3
 1140 0054 00000000 	 .word PWM_CCU8_6_ch1_out0_config
 1141 0058 00       	 .byte 0
 1142 0059 000000   	 .space 3
 1143 005c 00000000 	 .word 0
 1144 0060 00       	 .byte 0
 1145 0061 000000   	 .space 3
 1146 0064 00000000 	 .word 0
 1147 0068 00       	 .byte 0
 1148 0069 000000   	 .space 3
 1149 006c 00000000 	 .word 0
 1150 0070 00       	 .byte 0
 1151 0071 000000   	 .space 3
 1152 0074 00000000 	 .word 0
 1153 0078 00       	 .byte 0
 1154 0079 000000   	 .space 3
 1155 007c 00000000 	 .word 0
 1156 0080 00       	 .byte 0
 1157 0081 000000   	 .space 3
 1158 0084 00000000 	 .word 0
 1159 0088 00000000 	 .word GLOBAL_CCU8_1
 1160              	 .global PWM_CCU8_6
 1161              	 .section .data.PWM_CCU8_6,"aw",%progbits
 1162              	 .align 2
 1165              	PWM_CCU8_6:
 1166 0000 00000000 	 .word PWM_CCU8_6_config_handle
 1167 0004 00400240 	 .word 1073889280
 1168 0008 00430240 	 .word 1073890048
 1169 000c 01       	 .byte 1
 1170 000d 02       	 .byte 2
 1171 000e 0000     	 .space 2
 1172 0010 00010000 	 .word 256
 1173 0014 00020000 	 .word 512
 1174 0018 00040000 	 .word 1024
 1175 001c 00       	 .byte 0
 1176 001d 00000000 	 .space 7
 1176      000000
 1177 0024 2C0C0000 	 .word 3116
 1178 0028 90130000 	 .word 5008
 1179 002c 00000000 	 .word 0
 1180 0030 00000000 	 .word 0
 1181              	 .global PWM_CCU8_7_timer_handle
 1182              	 .section .rodata.PWM_CCU8_7_timer_handle,"a",%progbits
 1183              	 .align 2
 1186              	PWM_CCU8_7_timer_handle:
 1187 0000 00       	 .byte 0
 1188 0001 00       	 .byte 0
 1189 0002 00       	 .byte 0
 1190 0003 00       	 .byte 0
 1191 0004 00       	 .byte 0
 1192 0005 000000   	 .space 3
 1193 0008 14       	 .byte 20
 1194 0009 000000   	 .space 3
 1195 000c 00       	 .byte 0
 1196 000d 00       	 .byte 0
 1197 000e 0000     	 .space 2
 1198              	 .global PWM_CCU8_7_event0_config
 1199              	 .section .rodata.PWM_CCU8_7_event0_config,"a",%progbits
 1200              	 .align 2
 1203              	PWM_CCU8_7_event0_config:
 1204 0000 00       	 .byte 0
 1205 0001 00       	 .byte 0
 1206 0002 01       	 .byte 1
 1207 0003 00       	 .byte 0
 1208              	 .global PWM_CCU8_7_event1_config
 1209              	 .section .rodata.PWM_CCU8_7_event1_config,"a",%progbits
 1210              	 .align 2
 1213              	PWM_CCU8_7_event1_config:
 1214 0000 00       	 .byte 0
 1215 0001 00       	 .byte 0
 1216 0002 01       	 .byte 1
 1217 0003 00       	 .byte 0
 1218              	 .global PWM_CCU8_7_event2_config
 1219              	 .section .rodata.PWM_CCU8_7_event2_config,"a",%progbits
 1220              	 .align 2
 1223              	PWM_CCU8_7_event2_config:
 1224 0000 00       	 .byte 0
 1225 0001 00       	 .byte 0
 1226 0002 01       	 .byte 1
 1227 0003 00       	 .byte 0
 1228              	 .global PWM_CCU8_7_dt_config
 1229              	 .section .rodata.PWM_CCU8_7_dt_config,"a",%progbits
 1230              	 .align 2
 1233              	PWM_CCU8_7_dt_config:
 1234 0000 00000000 	 .space 12
 1234      00000000 
 1234      00000000 
 1235              	 .global PWM_CCU8_7_ch2_out2_config
 1236              	 .section .rodata.PWM_CCU8_7_ch2_out2_config,"a",%progbits
 1237              	 .align 2
 1240              	PWM_CCU8_7_ch2_out2_config:
 1241 0000 98       	 .byte -104
 1242 0001 000000   	 .space 3
 1243 0004 00000100 	 .word 65536
 1244 0008 00       	 .byte 0
 1245 0009 000000   	 .space 3
 1246              	 .global PWM_CCU8_7_config_handle
 1247              	 .section .rodata.PWM_CCU8_7_config_handle,"a",%progbits
 1248              	 .align 2
 1251              	PWM_CCU8_7_config_handle:
 1252 0000 00       	 .byte 0
 1253 0001 00       	 .space 1
 1254 0002 AF04     	 .short 1199
 1255 0004 3A03     	 .short 826
 1256 0006 5702     	 .short 599
 1257 0008 00       	 .byte 0
 1258 0009 00       	 .byte 0
 1259 000a 00       	 .byte 0
 1260 000b 00       	 .byte 0
 1261 000c 00       	 .byte 0
 1262 000d 00       	 .byte 0
 1263 000e 00       	 .byte 0
 1264 000f 00       	 .byte 0
 1265 0010 00       	 .byte 0
 1266 0011 00       	 .byte 0
 1267 0012 00       	 .byte 0
 1268 0013 00       	 .byte 0
 1269 0014 00       	 .byte 0
 1270 0015 00       	 .byte 0
 1271 0016 00       	 .byte 0
 1272 0017 00       	 .byte 0
 1273 0018 00       	 .byte 0
 1274 0019 00       	 .byte 0
 1275 001a 0000     	 .space 2
 1276 001c 00000000 	 .word PWM_CCU8_7_event0_config
 1277 0020 00000000 	 .word PWM_CCU8_7_event1_config
 1278 0024 00000000 	 .word PWM_CCU8_7_event2_config
 1279 0028 00       	 .byte 0
 1280 0029 00       	 .byte 0
 1281 002a 00       	 .byte 0
 1282 002b 00       	 .byte 0
 1283 002c 00       	 .byte 0
 1284 002d 00       	 .byte 0
 1285 002e 00       	 .byte 0
 1286 002f 00       	 .byte 0
 1287 0030 00       	 .byte 0
 1288 0031 00       	 .byte 0
 1289 0032 00       	 .byte 0
 1290 0033 00       	 .byte 0
 1291 0034 00       	 .byte 0
 1292 0035 00       	 .byte 0
 1293 0036 00       	 .byte 0
 1294 0037 00       	 .byte 0
 1295 0038 01       	 .byte 1
 1296 0039 00       	 .byte 0
 1297 003a 0000     	 .space 2
 1298 003c 00000020 	 .word 536870912
 1299 0040 00000000 	 .word PWM_CCU8_7_dt_config
 1300 0044 00000000 	 .word PWM_CCU8_7_timer_handle
 1301 0048 00       	 .byte 0
 1302 0049 000000   	 .space 3
 1303 004c 00000000 	 .word 0
 1304 0050 00       	 .byte 0
 1305 0051 000000   	 .space 3
 1306 0054 00000000 	 .word 0
 1307 0058 00       	 .byte 0
 1308 0059 000000   	 .space 3
 1309 005c 00000000 	 .word 0
 1310 0060 00       	 .byte 0
 1311 0061 000000   	 .space 3
 1312 0064 00000000 	 .word 0
 1313 0068 01       	 .byte 1
 1314 0069 000000   	 .space 3
 1315 006c 00850248 	 .word 1208124672
 1316 0070 01       	 .byte 1
 1317 0071 000000   	 .space 3
 1318 0074 00000000 	 .word PWM_CCU8_7_ch2_out2_config
 1319 0078 00       	 .byte 0
 1320 0079 000000   	 .space 3
 1321 007c 00000000 	 .word 0
 1322 0080 00       	 .byte 0
 1323 0081 000000   	 .space 3
 1324 0084 00000000 	 .word 0
 1325 0088 00000000 	 .word GLOBAL_CCU8_1
 1326              	 .global PWM_CCU8_7
 1327              	 .section .data.PWM_CCU8_7,"aw",%progbits
 1328              	 .align 2
 1331              	PWM_CCU8_7:
 1332 0000 00000000 	 .word PWM_CCU8_7_config_handle
 1333 0004 00400240 	 .word 1073889280
 1334 0008 00440240 	 .word 1073890304
 1335 000c 01       	 .byte 1
 1336 000d 03       	 .byte 3
 1337 000e 0000     	 .space 2
 1338 0010 00100000 	 .word 4096
 1339 0014 00200000 	 .word 8192
 1340 0018 00400000 	 .word 16384
 1341 001c 00       	 .byte 0
 1342 001d 00000000 	 .space 7
 1342      000000
 1343 0024 2C0C0000 	 .word 3116
 1344 0028 90130000 	 .word 5008
 1345 002c 00000000 	 .word 0
 1346 0030 00000000 	 .word 0
 1347              	 .text
 1348              	.Letext0:
 1349              	 .file 1 "d:\\programy\\4.5.0.202105191637\\eclipse\\arm-gcc-49\\arm-none-eabi\\include\\machine\\_default_types.h"
 1350              	 .file 2 "d:\\programy\\4.5.0.202105191637\\eclipse\\arm-gcc-49\\arm-none-eabi\\include\\stdint.h"
 1351              	 .file 3 "D:/Projekty/TrinityTrack6000/MainControlBoard/Infineon/XMC4502F100F768ACXQMA1/Libraries/CMSIS/Infineon/XMC4500_series/Include/XMC4500.h"
 1352              	 .file 4 "D:/Projekty/TrinityTrack6000/MainControlBoard/Infineon/XMC4502F100F768ACXQMA1/Libraries/XMCLib/inc/xmc_gpio.h"
 1353              	 .file 5 "D:/Projekty/TrinityTrack6000/MainControlBoard/Infineon/XMC4502F100F768ACXQMA1/Libraries/XMCLib/inc/xmc4_gpio.h"
 1354              	 .file 6 "D:/Projekty/TrinityTrack6000/MainControlBoard/Infineon/XMC4502F100F768ACXQMA1/Libraries/XMCLib/inc/xmc_ccu8.h"
 1355              	 .file 7 "D:/Projekty/TrinityTrack6000/MainControlBoard/Infineon/XMC4502F100F768ACXQMA1/Libraries/XMCLib/inc/xmc4_scu.h"
 1356              	 .file 8 "D:/Projekty/TrinityTrack6000/MainControlBoard/Infineon/XMC4502F100F768ACXQMA1/Dave/Generated/GLOBAL_CCU8/global_ccu8.h"
 1357              	 .file 9 "../Dave/Generated/PWM_CCU8/pwm_ccu8.h"
 1358              	 .file 10 "D:/Projekty/TrinityTrack6000/MainControlBoard/Infineon/XMC4502F100F768ACXQMA1/Libraries/CMSIS/Include/cmsis_gcc.h"
 1359              	 .file 11 "D:/Projekty/TrinityTrack6000/MainControlBoard/Infineon/XMC4502F100F768ACXQMA1/Libraries/CMSIS/Include/core_cm4.h"
 1360              	 .file 12 "D:/Projekty/TrinityTrack6000/MainControlBoard/Infineon/XMC4502F100F768ACXQMA1/Libraries/CMSIS/Infineon/XMC4500_series/Include/system_XMC4500.h"
 1361              	 .file 13 "D:/Projekty/TrinityTrack6000/MainControlBoard/Infineon/XMC4502F100F768ACXQMA1/Dave/Generated/GLOBAL_CCU8/global_ccu8_extern.h"
 1362              	 .file 14 "../Dave/Generated/PWM_CCU8/pwm_ccu8_conf.c"
DEFINED SYMBOLS
                            *ABS*:00000000 pwm_ccu8_conf.c
    {standard input}:24     .rodata.PWM_CCU8_0_timer_handle:00000000 PWM_CCU8_0_timer_handle
    {standard input}:21     .rodata.PWM_CCU8_0_timer_handle:00000000 $d
    {standard input}:41     .rodata.PWM_CCU8_0_event0_config:00000000 PWM_CCU8_0_event0_config
    {standard input}:38     .rodata.PWM_CCU8_0_event0_config:00000000 $d
    {standard input}:51     .rodata.PWM_CCU8_0_event1_config:00000000 PWM_CCU8_0_event1_config
    {standard input}:48     .rodata.PWM_CCU8_0_event1_config:00000000 $d
    {standard input}:61     .rodata.PWM_CCU8_0_event2_config:00000000 PWM_CCU8_0_event2_config
    {standard input}:58     .rodata.PWM_CCU8_0_event2_config:00000000 $d
    {standard input}:71     .rodata.PWM_CCU8_0_dt_config:00000000 PWM_CCU8_0_dt_config
    {standard input}:68     .rodata.PWM_CCU8_0_dt_config:00000000 $d
    {standard input}:78     .rodata.PWM_CCU8_0_ch1_out0_config:00000000 PWM_CCU8_0_ch1_out0_config
    {standard input}:75     .rodata.PWM_CCU8_0_ch1_out0_config:00000000 $d
    {standard input}:89     .rodata.PWM_CCU8_0_config_handle:00000000 PWM_CCU8_0_config_handle
    {standard input}:86     .rodata.PWM_CCU8_0_config_handle:00000000 $d
    {standard input}:169    .data.PWM_CCU8_0:00000000 PWM_CCU8_0
    {standard input}:166    .data.PWM_CCU8_0:00000000 $d
    {standard input}:190    .rodata.PWM_CCU8_1_timer_handle:00000000 PWM_CCU8_1_timer_handle
    {standard input}:187    .rodata.PWM_CCU8_1_timer_handle:00000000 $d
    {standard input}:207    .rodata.PWM_CCU8_1_event0_config:00000000 PWM_CCU8_1_event0_config
    {standard input}:204    .rodata.PWM_CCU8_1_event0_config:00000000 $d
    {standard input}:217    .rodata.PWM_CCU8_1_event1_config:00000000 PWM_CCU8_1_event1_config
    {standard input}:214    .rodata.PWM_CCU8_1_event1_config:00000000 $d
    {standard input}:227    .rodata.PWM_CCU8_1_event2_config:00000000 PWM_CCU8_1_event2_config
    {standard input}:224    .rodata.PWM_CCU8_1_event2_config:00000000 $d
    {standard input}:237    .rodata.PWM_CCU8_1_dt_config:00000000 PWM_CCU8_1_dt_config
    {standard input}:234    .rodata.PWM_CCU8_1_dt_config:00000000 $d
    {standard input}:244    .rodata.PWM_CCU8_1_ch1_out0_config:00000000 PWM_CCU8_1_ch1_out0_config
    {standard input}:241    .rodata.PWM_CCU8_1_ch1_out0_config:00000000 $d
    {standard input}:255    .rodata.PWM_CCU8_1_config_handle:00000000 PWM_CCU8_1_config_handle
    {standard input}:252    .rodata.PWM_CCU8_1_config_handle:00000000 $d
    {standard input}:335    .data.PWM_CCU8_1:00000000 PWM_CCU8_1
    {standard input}:332    .data.PWM_CCU8_1:00000000 $d
    {standard input}:356    .rodata.PWM_CCU8_2_timer_handle:00000000 PWM_CCU8_2_timer_handle
    {standard input}:353    .rodata.PWM_CCU8_2_timer_handle:00000000 $d
    {standard input}:373    .rodata.PWM_CCU8_2_event0_config:00000000 PWM_CCU8_2_event0_config
    {standard input}:370    .rodata.PWM_CCU8_2_event0_config:00000000 $d
    {standard input}:383    .rodata.PWM_CCU8_2_event1_config:00000000 PWM_CCU8_2_event1_config
    {standard input}:380    .rodata.PWM_CCU8_2_event1_config:00000000 $d
    {standard input}:393    .rodata.PWM_CCU8_2_event2_config:00000000 PWM_CCU8_2_event2_config
    {standard input}:390    .rodata.PWM_CCU8_2_event2_config:00000000 $d
    {standard input}:403    .rodata.PWM_CCU8_2_dt_config:00000000 PWM_CCU8_2_dt_config
    {standard input}:400    .rodata.PWM_CCU8_2_dt_config:00000000 $d
    {standard input}:410    .rodata.PWM_CCU8_2_ch1_out0_config:00000000 PWM_CCU8_2_ch1_out0_config
    {standard input}:407    .rodata.PWM_CCU8_2_ch1_out0_config:00000000 $d
    {standard input}:421    .rodata.PWM_CCU8_2_config_handle:00000000 PWM_CCU8_2_config_handle
    {standard input}:418    .rodata.PWM_CCU8_2_config_handle:00000000 $d
    {standard input}:501    .data.PWM_CCU8_2:00000000 PWM_CCU8_2
    {standard input}:498    .data.PWM_CCU8_2:00000000 $d
    {standard input}:522    .rodata.PWM_CCU8_3_timer_handle:00000000 PWM_CCU8_3_timer_handle
    {standard input}:519    .rodata.PWM_CCU8_3_timer_handle:00000000 $d
    {standard input}:539    .rodata.PWM_CCU8_3_event0_config:00000000 PWM_CCU8_3_event0_config
    {standard input}:536    .rodata.PWM_CCU8_3_event0_config:00000000 $d
    {standard input}:549    .rodata.PWM_CCU8_3_event1_config:00000000 PWM_CCU8_3_event1_config
    {standard input}:546    .rodata.PWM_CCU8_3_event1_config:00000000 $d
    {standard input}:559    .rodata.PWM_CCU8_3_event2_config:00000000 PWM_CCU8_3_event2_config
    {standard input}:556    .rodata.PWM_CCU8_3_event2_config:00000000 $d
    {standard input}:569    .rodata.PWM_CCU8_3_dt_config:00000000 PWM_CCU8_3_dt_config
    {standard input}:566    .rodata.PWM_CCU8_3_dt_config:00000000 $d
    {standard input}:576    .rodata.PWM_CCU8_3_ch1_out0_config:00000000 PWM_CCU8_3_ch1_out0_config
    {standard input}:573    .rodata.PWM_CCU8_3_ch1_out0_config:00000000 $d
    {standard input}:587    .rodata.PWM_CCU8_3_config_handle:00000000 PWM_CCU8_3_config_handle
    {standard input}:584    .rodata.PWM_CCU8_3_config_handle:00000000 $d
    {standard input}:667    .data.PWM_CCU8_3:00000000 PWM_CCU8_3
    {standard input}:664    .data.PWM_CCU8_3:00000000 $d
    {standard input}:688    .rodata.PWM_CCU8_4_timer_handle:00000000 PWM_CCU8_4_timer_handle
    {standard input}:685    .rodata.PWM_CCU8_4_timer_handle:00000000 $d
    {standard input}:705    .rodata.PWM_CCU8_4_event0_config:00000000 PWM_CCU8_4_event0_config
    {standard input}:702    .rodata.PWM_CCU8_4_event0_config:00000000 $d
    {standard input}:715    .rodata.PWM_CCU8_4_event1_config:00000000 PWM_CCU8_4_event1_config
    {standard input}:712    .rodata.PWM_CCU8_4_event1_config:00000000 $d
    {standard input}:725    .rodata.PWM_CCU8_4_event2_config:00000000 PWM_CCU8_4_event2_config
    {standard input}:722    .rodata.PWM_CCU8_4_event2_config:00000000 $d
    {standard input}:735    .rodata.PWM_CCU8_4_dt_config:00000000 PWM_CCU8_4_dt_config
    {standard input}:732    .rodata.PWM_CCU8_4_dt_config:00000000 $d
    {standard input}:742    .rodata.PWM_CCU8_4_ch1_out0_config:00000000 PWM_CCU8_4_ch1_out0_config
    {standard input}:739    .rodata.PWM_CCU8_4_ch1_out0_config:00000000 $d
    {standard input}:753    .rodata.PWM_CCU8_4_config_handle:00000000 PWM_CCU8_4_config_handle
    {standard input}:750    .rodata.PWM_CCU8_4_config_handle:00000000 $d
    {standard input}:833    .data.PWM_CCU8_4:00000000 PWM_CCU8_4
    {standard input}:830    .data.PWM_CCU8_4:00000000 $d
    {standard input}:854    .rodata.PWM_CCU8_5_timer_handle:00000000 PWM_CCU8_5_timer_handle
    {standard input}:851    .rodata.PWM_CCU8_5_timer_handle:00000000 $d
    {standard input}:871    .rodata.PWM_CCU8_5_event0_config:00000000 PWM_CCU8_5_event0_config
    {standard input}:868    .rodata.PWM_CCU8_5_event0_config:00000000 $d
    {standard input}:881    .rodata.PWM_CCU8_5_event1_config:00000000 PWM_CCU8_5_event1_config
    {standard input}:878    .rodata.PWM_CCU8_5_event1_config:00000000 $d
    {standard input}:891    .rodata.PWM_CCU8_5_event2_config:00000000 PWM_CCU8_5_event2_config
    {standard input}:888    .rodata.PWM_CCU8_5_event2_config:00000000 $d
    {standard input}:901    .rodata.PWM_CCU8_5_dt_config:00000000 PWM_CCU8_5_dt_config
    {standard input}:898    .rodata.PWM_CCU8_5_dt_config:00000000 $d
    {standard input}:908    .rodata.PWM_CCU8_5_ch1_out0_config:00000000 PWM_CCU8_5_ch1_out0_config
    {standard input}:905    .rodata.PWM_CCU8_5_ch1_out0_config:00000000 $d
    {standard input}:919    .rodata.PWM_CCU8_5_config_handle:00000000 PWM_CCU8_5_config_handle
    {standard input}:916    .rodata.PWM_CCU8_5_config_handle:00000000 $d
    {standard input}:999    .data.PWM_CCU8_5:00000000 PWM_CCU8_5
    {standard input}:996    .data.PWM_CCU8_5:00000000 $d
    {standard input}:1020   .rodata.PWM_CCU8_6_timer_handle:00000000 PWM_CCU8_6_timer_handle
    {standard input}:1017   .rodata.PWM_CCU8_6_timer_handle:00000000 $d
    {standard input}:1037   .rodata.PWM_CCU8_6_event0_config:00000000 PWM_CCU8_6_event0_config
    {standard input}:1034   .rodata.PWM_CCU8_6_event0_config:00000000 $d
    {standard input}:1047   .rodata.PWM_CCU8_6_event1_config:00000000 PWM_CCU8_6_event1_config
    {standard input}:1044   .rodata.PWM_CCU8_6_event1_config:00000000 $d
    {standard input}:1057   .rodata.PWM_CCU8_6_event2_config:00000000 PWM_CCU8_6_event2_config
    {standard input}:1054   .rodata.PWM_CCU8_6_event2_config:00000000 $d
    {standard input}:1067   .rodata.PWM_CCU8_6_dt_config:00000000 PWM_CCU8_6_dt_config
    {standard input}:1064   .rodata.PWM_CCU8_6_dt_config:00000000 $d
    {standard input}:1074   .rodata.PWM_CCU8_6_ch1_out0_config:00000000 PWM_CCU8_6_ch1_out0_config
    {standard input}:1071   .rodata.PWM_CCU8_6_ch1_out0_config:00000000 $d
    {standard input}:1085   .rodata.PWM_CCU8_6_config_handle:00000000 PWM_CCU8_6_config_handle
    {standard input}:1082   .rodata.PWM_CCU8_6_config_handle:00000000 $d
    {standard input}:1165   .data.PWM_CCU8_6:00000000 PWM_CCU8_6
    {standard input}:1162   .data.PWM_CCU8_6:00000000 $d
    {standard input}:1186   .rodata.PWM_CCU8_7_timer_handle:00000000 PWM_CCU8_7_timer_handle
    {standard input}:1183   .rodata.PWM_CCU8_7_timer_handle:00000000 $d
    {standard input}:1203   .rodata.PWM_CCU8_7_event0_config:00000000 PWM_CCU8_7_event0_config
    {standard input}:1200   .rodata.PWM_CCU8_7_event0_config:00000000 $d
    {standard input}:1213   .rodata.PWM_CCU8_7_event1_config:00000000 PWM_CCU8_7_event1_config
    {standard input}:1210   .rodata.PWM_CCU8_7_event1_config:00000000 $d
    {standard input}:1223   .rodata.PWM_CCU8_7_event2_config:00000000 PWM_CCU8_7_event2_config
    {standard input}:1220   .rodata.PWM_CCU8_7_event2_config:00000000 $d
    {standard input}:1233   .rodata.PWM_CCU8_7_dt_config:00000000 PWM_CCU8_7_dt_config
    {standard input}:1230   .rodata.PWM_CCU8_7_dt_config:00000000 $d
    {standard input}:1240   .rodata.PWM_CCU8_7_ch2_out2_config:00000000 PWM_CCU8_7_ch2_out2_config
    {standard input}:1237   .rodata.PWM_CCU8_7_ch2_out2_config:00000000 $d
    {standard input}:1251   .rodata.PWM_CCU8_7_config_handle:00000000 PWM_CCU8_7_config_handle
    {standard input}:1248   .rodata.PWM_CCU8_7_config_handle:00000000 $d
    {standard input}:1331   .data.PWM_CCU8_7:00000000 PWM_CCU8_7
    {standard input}:1328   .data.PWM_CCU8_7:00000000 $d

UNDEFINED SYMBOLS
GLOBAL_CCU8_0
GLOBAL_CCU8_1
