17:08:29 **** Incremental Build of configuration Debug for project XMC4200 ****
"\"D:\\Programy\\4.5.0.202105191637\\eclipse\\ARM-GCC-49\\bin\\make\"" --output-sync -j12 all 
'Building target: XMC4200.elf'
./build/CMakeFiles/4.1.0-rc4/CompilerIdC/CMakeCCompilerId.o:(.data.info_compiler+0x0): multiple definition of `info_compiler'
'Invoking: ARM-GCC C++ Linker'
./build/CMakeFiles/4.1.0-rc4/CompilerIdCXX/CMakeCXXCompilerId.o:(.data.info_compiler+0x0): first defined here
"D:/Programy/4.5.0.202105191637/eclipse/ARM-GCC-49/bin/arm-none-eabi-g++" -T"../linker_script.ld" -nostartfiles -Xlinker --gc-sections -specs=nano.specs -specs=nosys.specs -Wl,-Map,"XMC4200.map" -mfloat-abi=softfp -mfpu=fpv4-sp-d16 -mcpu=cortex-m4 -mthumb -g -gdwarf-2 -o "XMC4200.elf" "@objects.rsp"  -lm
./build/CMakeFiles/4.1.0-rc4/CompilerIdC/CMakeCCompilerId.o:(.data.info_platform+0x0): multiple definition of `info_platform'
./build/CMakeFiles/4.1.0-rc4/CompilerIdCXX/CMakeCXXCompilerId.o:(.data.info_platform+0x0): first defined here
./build/CMakeFiles/4.1.0-rc4/CompilerIdC/CMakeCCompilerId.o:(.data.info_arch+0x0): multiple definition of `info_arch'
./build/CMakeFiles/4.1.0-rc4/CompilerIdCXX/CMakeCXXCompilerId.o:(.data.info_arch+0x0): first defined here
./build/CMakeFiles/4.1.0-rc4/CompilerIdC/CMakeCCompilerId.o:(.data.info_language_standard_default+0x0): multiple definition of `info_language_standard_default'
./build/CMakeFiles/4.1.0-rc4/CompilerIdCXX/CMakeCXXCompilerId.o:(.data.info_language_standard_default+0x0): first defined here
./build/CMakeFiles/4.1.0-rc4/CompilerIdC/CMakeCCompilerId.o:(.data.info_language_extensions_default+0x0): multiple definition of `info_language_extensions_default'
./build/CMakeFiles/4.1.0-rc4/CompilerIdCXX/CMakeCXXCompilerId.o:(.data.info_language_extensions_default+0x0): first defined here
./build/CMakeFiles/4.1.0-rc4/CompilerIdC/CMakeCCompilerId.o: In function `main':
D:\Projekty\TrinityTrack6000\MainControlBoard\XMC\XMC4200\Debug/../build/CMakeFiles/4.1.0-rc4/CompilerIdC/CMakeCCompilerId.c:909: multiple definition of `main'
makefile:83: recipe for target 'XMC4200.elf' failed
./build/CMakeFiles/4.1.0-rc4/CompilerIdCXX/CMakeCXXCompilerId.o:D:\Projekty\TrinityTrack6000\MainControlBoard\XMC\XMC4200\Debug/../build/CMakeFiles/4.1.0-rc4/CompilerIdCXX/CMakeCXXCompilerId.cpp:925: first defined here
./Src/main.o: In function `main':
D:\Projekty\TrinityTrack6000\MainControlBoard\XMC\XMC4200\Debug/../Src/main.cpp:29: multiple definition of `main'
./build/CMakeFiles/4.1.0-rc4/CompilerIdCXX/CMakeCXXCompilerId.o:D:\Projekty\TrinityTrack6000\MainControlBoard\XMC\XMC4200\Debug/../build/CMakeFiles/4.1.0-rc4/CompilerIdCXX/CMakeCXXCompilerId.cpp:925: first defined here
./main.o: In function `main':
D:\Projekty\TrinityTrack6000\MainControlBoard\XMC\XMC4200\Debug/../main.c:29: multiple definition of `main'
./build/CMakeFiles/4.1.0-rc4/CompilerIdCXX/CMakeCXXCompilerId.o:D:\Projekty\TrinityTrack6000\MainControlBoard\XMC\XMC4200\Debug/../build/CMakeFiles/4.1.0-rc4/CompilerIdCXX/CMakeCXXCompilerId.cpp:925: first defined here
d:/programy/4.5.0.202105191637/eclipse/arm-gcc-49/bin/../lib/gcc/arm-none-eabi/4.9.3/../../../../arm-none-eabi/lib/armv7e-m/softfp\libg_nano.a(lib_a-init.o): In function `__libc_init_array':
init.c:(.text.__libc_init_array+0x1c): undefined reference to `_init'
collect2.exe: error: ld returned 1 exit status
make: *** [XMC4200.elf] Error 1

17:08:30 Build Finished (took 709ms)

