16:47:30 **** Incremental Build of configuration Debug for project XMC4200F64K256BAXQSA1 ****
"\"D:\\Programy\\4.5.0.202105191637\\eclipse\\ARM-GCC-49\\bin\\make\"" --output-sync -j12 all 
'Invoking: ARM-GCC Print Size'
"D:/Programy/4.5.0.202105191637/eclipse/ARM-GCC-49/bin/arm-none-eabi-size" --format=berkeley "XMC4200F64K256BAXQSA1.elf"
   text	   data	    bss	    dec	    hex	filename
   1720	      0	   2080	   3800	    ed8	XMC4200F64K256BAXQSA1.elf
'Finished building: XMC4200F64K256BAXQSA1.siz'


16:47:31 Build Finished (took 451ms)

