../Core/Src/main.c:100:5:main	8	static
../Core/Src/main.c:158:6:SystemClock_Config	88	static
../Core/Src/main.c:205:13:MX_ADC1_Init	56	static
../Core/Src/main.c:300:13:MX_CORDIC_Init	8	static
../Core/Src/main.c:326:13:MX_I2C2_Init	8	static
../Core/Src/main.c:374:13:MX_SPI1_Init	8	static
../Core/Src/main.c:414:13:MX_SPI2_Init	8	static
../Core/Src/main.c:454:13:MX_TIM2_Init	64	static
../Core/Src/main.c:513:13:MX_TIM3_Init	64	static
../Core/Src/main.c:572:13:MX_USART1_UART_Init	8	static
../Core/Src/main.c:620:13:MX_USART2_UART_Init	8	static
../Core/Src/main.c:666:13:MX_DMA_Init	24	static
../Core/Src/main.c:716:13:MX_GPIO_Init	48	static
../Core/Src/main.c:802:6:HAL_TIM_PeriodElapsedCallback	16	static
../Core/Src/main.c:820:6:Error_Handler	4	static,ignoring_inline_asm
