Archive member included because of file (symbol)

d:/programy/4.5.0.202105191637/eclipse/arm-gcc-49/bin/../lib/gcc/arm-none-eabi/4.9.3/../../../../arm-none-eabi/lib/armv7e-m/softfp\libg_nano.a(lib_a-errno.o)
                              ./Libraries/Newlib/syscalls.o (__errno)
d:/programy/4.5.0.202105191637/eclipse/arm-gcc-49/bin/../lib/gcc/arm-none-eabi/4.9.3/../../../../arm-none-eabi/lib/armv7e-m/softfp\libg_nano.a(lib_a-impure.o)
                              d:/programy/4.5.0.202105191637/eclipse/arm-gcc-49/bin/../lib/gcc/arm-none-eabi/4.9.3/../../../../arm-none-eabi/lib/armv7e-m/softfp\libg_nano.a(lib_a-errno.o) (_impure_ptr)
d:/programy/4.5.0.202105191637/eclipse/arm-gcc-49/bin/../lib/gcc/arm-none-eabi/4.9.3/../../../../arm-none-eabi/lib/armv7e-m/softfp\libg_nano.a(lib_a-init.o)
                              ./Startup/startup_XMC4200.o (__libc_init_array)
d:/programy/4.5.0.202105191637/eclipse/arm-gcc-49/bin/../lib/gcc/arm-none-eabi/4.9.3/../../../../arm-none-eabi/lib/armv7e-m/softfp\libg_nano.a(lib_a-memcpy.o)
                              ./Libraries/XMCLib/src/xmc_usbd.o (memcpy)
d:/programy/4.5.0.202105191637/eclipse/arm-gcc-49/bin/../lib/gcc/arm-none-eabi/4.9.3/../../../../arm-none-eabi/lib/armv7e-m/softfp\libg_nano.a(lib_a-memset.o)
                              ./Src/main.o (memset)

Allocating common symbols
Common symbol       size              file

xmc_device          0x208             ./Libraries/XMCLib/src/xmc_usbd.o

Discarded input sections

 .text          0x00000000        0x0 ./build/CMakeFiles/4.1.0-rc4/CompilerIdCXX/CMakeCXXCompilerId.o
 .data          0x00000000        0x0 ./build/CMakeFiles/4.1.0-rc4/CompilerIdCXX/CMakeCXXCompilerId.o
 .bss           0x00000000        0x0 ./build/CMakeFiles/4.1.0-rc4/CompilerIdCXX/CMakeCXXCompilerId.o
 .comment       0x00000000       0x71 ./build/CMakeFiles/4.1.0-rc4/CompilerIdCXX/CMakeCXXCompilerId.o
 .text          0x00000000        0x0 ./build/CMakeFiles/4.1.0-rc4/CompilerIdC/CMakeCCompilerId.o
 .data          0x00000000        0x0 ./build/CMakeFiles/4.1.0-rc4/CompilerIdC/CMakeCCompilerId.o
 .bss           0x00000000        0x0 ./build/CMakeFiles/4.1.0-rc4/CompilerIdC/CMakeCCompilerId.o
 .rodata        0x00000000       0x68 ./build/CMakeFiles/4.1.0-rc4/CompilerIdC/CMakeCCompilerId.o
 .data.info_compiler
                0x00000000        0x4 ./build/CMakeFiles/4.1.0-rc4/CompilerIdC/CMakeCCompilerId.o
 .rodata.info_version
                0x00000000       0x34 ./build/CMakeFiles/4.1.0-rc4/CompilerIdC/CMakeCCompilerId.o
 .data.info_platform
                0x00000000        0x4 ./build/CMakeFiles/4.1.0-rc4/CompilerIdC/CMakeCCompilerId.o
 .data.info_arch
                0x00000000        0x4 ./build/CMakeFiles/4.1.0-rc4/CompilerIdC/CMakeCCompilerId.o
 .data.info_language_standard_default
                0x00000000        0x4 ./build/CMakeFiles/4.1.0-rc4/CompilerIdC/CMakeCCompilerId.o
 .data.info_language_extensions_default
                0x00000000        0x4 ./build/CMakeFiles/4.1.0-rc4/CompilerIdC/CMakeCCompilerId.o
 .text.main     0x00000000       0xa0 ./build/CMakeFiles/4.1.0-rc4/CompilerIdC/CMakeCCompilerId.o
 .debug_info    0x00000000      0x12a ./build/CMakeFiles/4.1.0-rc4/CompilerIdC/CMakeCCompilerId.o
 .debug_abbrev  0x00000000       0x99 ./build/CMakeFiles/4.1.0-rc4/CompilerIdC/CMakeCCompilerId.o
 .debug_loc     0x00000000       0x5c ./build/CMakeFiles/4.1.0-rc4/CompilerIdC/CMakeCCompilerId.o
 .debug_aranges
                0x00000000       0x20 ./build/CMakeFiles/4.1.0-rc4/CompilerIdC/CMakeCCompilerId.o
 .debug_ranges  0x00000000       0x10 ./build/CMakeFiles/4.1.0-rc4/CompilerIdC/CMakeCCompilerId.o
 .debug_line    0x00000000       0x78 ./build/CMakeFiles/4.1.0-rc4/CompilerIdC/CMakeCCompilerId.o
 .debug_str     0x00000000      0x1ee ./build/CMakeFiles/4.1.0-rc4/CompilerIdC/CMakeCCompilerId.o
 .comment       0x00000000       0x71 ./build/CMakeFiles/4.1.0-rc4/CompilerIdC/CMakeCCompilerId.o
 .debug_frame   0x00000000       0x38 ./build/CMakeFiles/4.1.0-rc4/CompilerIdC/CMakeCCompilerId.o
 .ARM.attributes
                0x00000000       0x37 ./build/CMakeFiles/4.1.0-rc4/CompilerIdC/CMakeCCompilerId.o
 .text          0x00000000        0x0 ./Startup/startup_XMC4200.o
 .data          0x00000000        0x0 ./Startup/startup_XMC4200.o
 .bss           0x00000000        0x0 ./Startup/startup_XMC4200.o
 .text          0x00000000        0x0 ./Startup/system_XMC4200.o
 .data          0x00000000        0x0 ./Startup/system_XMC4200.o
 .bss           0x00000000        0x0 ./Startup/system_XMC4200.o
 .text.delay    0x00000000       0x28 ./Startup/system_XMC4200.o
 .text.SystemCoreSetup
                0x00000000       0x70 ./Startup/system_XMC4200.o
 .text.SystemCoreClockSetup
                0x00000000      0x1e8 ./Startup/system_XMC4200.o
 .comment       0x00000000       0x71 ./Startup/system_XMC4200.o
 .text          0x00000000        0x0 ./Src/main.o
 .data          0x00000000        0x0 ./Src/main.o
[...]
Memory Configuration

Name             Origin             Length             Attributes
FLASH_1_cached   0x08000000         0x00040000         xr
FLASH_1_uncached 0x0c000000         0x00040000         xr
PSRAM_1          0x1fffc000         0x00004000         !xr
DSRAM_1_system   0x20000000         0x00006000         !xr
SRAM_combined    0x1fffc000         0x0000a000         !xr
*default*        0x00000000         0xffffffff

Linker script and memory map

LOAD ./build/CMakeFiles/4.1.0-rc4/CompilerIdCXX/CMakeCXXCompilerId.o
LOAD ./build/CMakeFiles/4.1.0-rc4/CompilerIdC/CMakeCCompilerId.o
LOAD ./Startup/startup_XMC4200.o
LOAD ./Startup/system_XMC4200.o
LOAD ./Src/main.o
LOAD ./Libraries/XMCLib/src/xmc4_eru.o
LOAD ./Libraries/XMCLib/src/xmc4_flash.o
LOAD ./Libraries/XMCLib/src/xmc4_gpio.o
LOAD ./Libraries/XMCLib/src/xmc4_rtc.o
LOAD ./Libraries/XMCLib/src/xmc4_scu.o
LOAD ./Libraries/XMCLib/src/xmc_can.o
LOAD ./Libraries/XMCLib/src/xmc_ccu4.o
LOAD ./Libraries/XMCLib/src/xmc_ccu8.o
LOAD ./Libraries/XMCLib/src/xmc_common.o
LOAD ./Libraries/XMCLib/src/xmc_dac.o
LOAD ./Libraries/XMCLib/src/xmc_dma.o
LOAD ./Libraries/XMCLib/src/xmc_dsd.o
LOAD ./Libraries/XMCLib/src/xmc_ebu.o
LOAD ./Libraries/XMCLib/src/xmc_ecat.o
LOAD ./Libraries/XMCLib/src/xmc_eru.o
LOAD ./Libraries/XMCLib/src/xmc_eth_mac.o
LOAD ./Libraries/XMCLib/src/xmc_eth_phy_dp83848.o
LOAD ./Libraries/XMCLib/src/xmc_eth_phy_ksz8031rnl.o
LOAD ./Libraries/XMCLib/src/xmc_eth_phy_ksz8081rnb.o
LOAD ./Libraries/XMCLib/src/xmc_fce.o
LOAD ./Libraries/XMCLib/src/xmc_gpio.o
LOAD ./Libraries/XMCLib/src/xmc_hrpwm.o
LOAD ./Libraries/XMCLib/src/xmc_i2c.o
LOAD ./Libraries/XMCLib/src/xmc_i2s.o
LOAD ./Libraries/XMCLib/src/xmc_ledts.o
LOAD ./Libraries/XMCLib/src/xmc_posif.o
LOAD ./Libraries/XMCLib/src/xmc_rtc.o
LOAD ./Libraries/XMCLib/src/xmc_sdmmc.o
LOAD ./Libraries/XMCLib/src/xmc_spi.o
LOAD ./Libraries/XMCLib/src/xmc_uart.o
LOAD ./Libraries/XMCLib/src/xmc_usbd.o
LOAD ./Libraries/XMCLib/src/xmc_usbh.o
LOAD ./Libraries/XMCLib/src/xmc_usic.o
LOAD ./Libraries/XMCLib/src/xmc_vadc.o
LOAD ./Libraries/XMCLib/src/xmc_wdt.o
LOAD ./Libraries/Newlib/syscalls.o
LOAD ./Dave/Generated/UART/uart.o
LOAD ./Dave/Generated/UART/uart_conf.o
LOAD ./Dave/Generated/SPI_SLAVE/spi_slave.o
LOAD ./Dave/Generated/SPI_SLAVE/spi_slave_conf.o
LOAD ./Dave/Generated/PWM_CCU8/pwm_ccu8.o
LOAD ./Dave/Generated/PWM_CCU8/pwm_ccu8_conf.o
LOAD ./Dave/Generated/PWM_CCU4/pwm_ccu4.o
LOAD ./Dave/Generated/PWM_CCU4/pwm_ccu4_conf.o
LOAD ./Dave/Generated/I2C_MASTER/i2c_master.o
LOAD ./Dave/Generated/I2C_MASTER/i2c_master_conf.o
LOAD ./Dave/Generated/GLOBAL_CCU8/global_ccu8.o
LOAD ./Dave/Generated/GLOBAL_CCU8/global_ccu8_conf.o
LOAD ./Dave/Generated/GLOBAL_CCU4/global_ccu4.o
LOAD ./Dave/Generated/GLOBAL_CCU4/global_ccu4_conf.o
LOAD ./Dave/Generated/DIGITAL_IO/digital_io.o
LOAD ./Dave/Generated/DIGITAL_IO/digital_io_conf.o
LOAD ./Dave/Generated/CPU_CTRL_XMC4/cpu_ctrl_xmc4.o
LOAD ./Dave/Generated/CPU_CTRL_XMC4/cpu_ctrl_xmc4_conf.o
LOAD ./Dave/Generated/CLOCK_XMC4/clock_xmc4.o
LOAD ./Dave/Generated/CLOCK_XMC4/clock_xmc4_conf.o
LOAD ./Dave/Generated/DAVE.o
LOAD ./main.o
LOAD d:/programy/4.5.0.202105191637/eclipse/arm-gcc-49/bin/../lib/gcc/arm-none-eabi/4.9.3/../../../../arm-none-eabi/lib/armv7e-m/softfp\libstdc++_nano.a
LOAD d:/programy/4.5.0.202105191637/eclipse/arm-gcc-49/bin/../lib/gcc/arm-none-eabi/4.9.3/../../../../arm-none-eabi/lib/armv7e-m/softfp\libm.a
START GROUP
LOAD d:/programy/4.5.0.202105191637/eclipse/arm-gcc-49/bin/../lib/gcc/arm-none-eabi/4.9.3/armv7e-m/softfp\libgcc.a
LOAD d:/programy/4.5.0.202105191637/eclipse/arm-gcc-49/bin/../lib/gcc/arm-none-eabi/4.9.3/../../../../arm-none-eabi/lib/armv7e-m/softfp\libg_nano.a
LOAD d:/programy/4.5.0.202105191637/eclipse/arm-gcc-49/bin/../lib/gcc/arm-none-eabi/4.9.3/../../../../arm-none-eabi/lib/armv7e-m/softfp\libc_nano.a
END GROUP
START GROUP
LOAD d:/programy/4.5.0.202105191637/eclipse/arm-gcc-49/bin/../lib/gcc/arm-none-eabi/4.9.3/armv7e-m/softfp\libgcc.a
LOAD d:/programy/4.5.0.202105191637/eclipse/arm-gcc-49/bin/../lib/gcc/arm-none-eabi/4.9.3/../../../../arm-none-eabi/lib/armv7e-m/softfp\libc_nano.a
LOAD d:/programy/4.5.0.202105191637/eclipse/arm-gcc-49/bin/../lib/gcc/arm-none-eabi/4.9.3/../../../../arm-none-eabi/lib/armv7e-m/softfp\libnosys.a
END GROUP
START GROUP
LOAD d:/programy/4.5.0.202105191637/eclipse/arm-gcc-49/bin/../lib/gcc/arm-none-eabi/4.9.3/armv7e-m/softfp\libgcc.a
LOAD d:/programy/4.5.0.202105191637/eclipse/arm-gcc-49/bin/../lib/gcc/arm-none-eabi/4.9.3/../../../../arm-none-eabi/lib/armv7e-m/softfp\libc_nano.a
LOAD d:/programy/4.5.0.202105191637/eclipse/arm-gcc-49/bin/../lib/gcc/arm-none-eabi/4.9.3/../../../../arm-none-eabi/lib/armv7e-m/softfp\libnosys.a
END GROUP
                0x00000800                stack_size = DEFINED (stack_size)?stack_size:0x800
                0x00000040                no_init_size = 0x40

.text           0x08000000     0x2d24 load address 0x0c000000
                0x08000000                sText = .
 *(.reset)
 .reset         0x08000000      0x294 ./Startup/startup_XMC4200.o
                0x08000000                __Vectors
                0x08000200                Reset_Handler
                0x08000290                DebugMon_Handler
                0x08000290                VADC0_C0_0_IRQHandler
                0x08000290                CAN0_4_IRQHandler
                0x08000290                POSIF0_0_IRQHandler
                0x08000290                HardFault_Handler
                0x08000290                VADC0_G1_1_IRQHandler
                0x08000290                SysTick_Handler
                0x08000290                PendSV_Handler
                0x08000290                NMI_Handler
                0x08000290                USIC1_3_IRQHandler
                0x08000290                CCU40_2_IRQHandler
                0x08000290                SCU_0_IRQHandler
                0x08000290                ERU0_0_IRQHandler
                0x08000290                CCU41_0_IRQHandler
                0x08000290                USIC1_5_IRQHandler
                0x08000290                CCU80_1_IRQHandler
                0x08000290                HRPWM_0_IRQHandler
                0x08000290                HRPWM_1_IRQHandler
                0x08000290                UsageFault_Handler
                0x08000290                USIC0_0_IRQHandler
                0x08000290                ERU0_2_IRQHandler
                0x08000290                ERU1_1_IRQHandler
                0x08000290                ERU0_3_IRQHandler
                0x08000290                VADC0_C0_3_IRQHandler
                0x08000290                CAN0_6_IRQHandler
                0x08000290                VADC0_G0_1_IRQHandler
                0x08000290                CCU40_0_IRQHandler
                0x08000290                CAN0_0_IRQHandler
                0x08000290                ERU1_0_IRQHandler
                0x08000290                HRPWM_3_IRQHandler
                0x08000290                Default_Handler
                0x08000290                USIC1_4_IRQHandler
                0x08000290                ERU1_3_IRQHandler
                0x08000290                POSIF0_1_IRQHandler
                0x08000290                VADC0_G0_0_IRQHandler
                0x08000290                CCU80_3_IRQHandler
                0x08000290                CCU41_3_IRQHandler
                0x08000290                CCU80_2_IRQHandler
                0x08000290                VADC0_G1_3_IRQHandler
                0x08000290                VADC0_G0_3_IRQHandler
                0x08000290                GPDMA0_0_IRQHandler
                0x08000290                PMU0_0_IRQHandler
                0x08000290                CAN0_7_IRQHandler
                0x08000290                CCU41_2_IRQHandler
                0x08000290                VADC0_C0_1_IRQHandler
                0x08000290                MemManage_Handler
                0x08000290                DAC0_0_IRQHandler
                0x08000290                SVC_Handler
                0x08000290                ERU1_2_IRQHandler
                0x08000290                CCU41_1_IRQHandler
                0x08000290                VADC0_G1_2_IRQHandler
                0x08000290                CAN0_2_IRQHandler
                0x08000290                VADC0_G0_2_IRQHandler
                0x08000290                CAN0_3_IRQHandler
                0x08000290                HRPWM_2_IRQHandler
                0x08000290                VADC0_C0_2_IRQHandler
                0x08000290                FCE0_0_IRQHandler
                0x08000290                VADC0_G1_0_IRQHandler
                0x08000290                USB0_0_IRQHandler
                0x08000290                CAN0_5_IRQHandler
                0x08000290                CCU80_0_IRQHandler
                0x08000290                CCU40_1_IRQHandler
                0x08000290                USIC0_1_IRQHandler
                0x08000290                CCU40_3_IRQHandler
                0x08000290                BusFault_Handler
                0x08000290                LEDTS0_0_IRQHandler
                0x08000290                USIC0_4_IRQHandler
                0x08000290                ERU0_1_IRQHandler
                0x08000290                USIC1_2_IRQHandler
                0x08000290                CAN0_1_IRQHandler
                0x08000290                USIC0_2_IRQHandler
                0x08000290                DAC0_1_IRQHandler
 *(.text .text.* .gnu.linkonce.t.*)
 .text.main     0x08000294       0xa0 ./build/CMakeFiles/4.1.0-rc4/CompilerIdCXX/CMakeCXXCompilerId.o
                0x08000294                main
 .text.SystemInit
                0x08000334       0x34 ./Startup/system_XMC4200.o
                0x08000334                SystemInit
 .text.SystemCoreClockUpdate
                0x08000368       0xd4 ./Startup/system_XMC4200.o
                0x08000368                SystemCoreClockUpdate
 .text.OSCHP_GetFrequency
                0x0800043c       0x14 ./Startup/system_XMC4200.o
                0x0800043c                OSCHP_GetFrequency
 .text.XMC_GPIO_Init
                0x08000450      0x140 ./Libraries/XMCLib/src/xmc4_gpio.o
                0x08000450                XMC_GPIO_Init
 .text.XMC_SCU_CLOCK_GetCpuClockFrequency
                0x08000590       0x18 ./Libraries/XMCLib/src/xmc4_scu.o
 .text.XMC_SCU_GetMirrorStatus
                0x080005a8       0x18 ./Libraries/XMCLib/src/xmc4_scu.o
 .text.XMC_SCU_lDelay
                0x080005c0       0x44 ./Libraries/XMCLib/src/xmc4_scu.o
 .text.XMC_SCU_INTERUPT_GetEventStatus
                0x08000604       0x18 ./Libraries/XMCLib/src/xmc4_scu.o
                0x08000604                XMC_SCU_INTERUPT_GetEventStatus
 .text.XMC_SCU_INTERRUPT_ClearEventStatus
                0x0800061c       0x1c ./Libraries/XMCLib/src/xmc4_scu.o
                0x0800061c                XMC_SCU_INTERRUPT_ClearEventStatus
 .text.XMC_SCU_CLOCK_Init
                0x08000638       0xf8 ./Libraries/XMCLib/src/xmc4_scu.o
                0x08000638                XMC_SCU_CLOCK_Init
 .text.XMC_SCU_RESET_DeassertPeripheralReset
                0x08000730       0x38 ./Libraries/XMCLib/src/xmc4_scu.o
                0x08000730                XMC_SCU_RESET_DeassertPeripheralReset
 .text.XMC_SCU_RESET_IsPeripheralResetAsserted
                0x08000768       0x48 ./Libraries/XMCLib/src/xmc4_scu.o
                0x08000768                XMC_SCU_RESET_IsPeripheralResetAsserted
 .text.XMC_SCU_CLOCK_GetPeripheralClockFrequency
                0x080007b0       0x20 ./Libraries/XMCLib/src/xmc4_scu.o
                0x080007b0                XMC_SCU_CLOCK_GetPeripheralClockFrequency
 .text.XMC_SCU_CLOCK_SetSystemClockSource
                0x080007d0       0x28 ./Libraries/XMCLib/src/xmc4_scu.o
                0x080007d0                XMC_SCU_CLOCK_SetSystemClockSource
 .text.XMC_SCU_CLOCK_SetWdtClockSource
                0x080007f8       0x28 ./Libraries/XMCLib/src/xmc4_scu.o
                0x080007f8                XMC_SCU_CLOCK_SetWdtClockSource
 .text.XMC_SCU_CLOCK_SetSystemPllClockSource
                0x08000820       0x40 ./Libraries/XMCLib/src/xmc4_scu.o
                0x08000820                XMC_SCU_CLOCK_SetSystemPllClockSource
 .text.XMC_SCU_HIB_SetRtcClockSource
                0x08000860       0x3c ./Libraries/XMCLib/src/xmc4_scu.o
                0x08000860                XMC_SCU_HIB_SetRtcClockSource
 .text.XMC_SCU_HIB_SetStandbyClockSource
                0x0800089c       0x3c ./Libraries/XMCLib/src/xmc4_scu.o
                0x0800089c                XMC_SCU_HIB_SetStandbyClockSource
 .text.XMC_SCU_CLOCK_SetSystemClockDivider
                0x080008d8       0x28 ./Libraries/XMCLib/src/xmc4_scu.o
                0x080008d8                XMC_SCU_CLOCK_SetSystemClockDivider
 .text.XMC_SCU_CLOCK_SetCcuClockDivider
                0x08000900       0x28 ./Libraries/XMCLib/src/xmc4_scu.o
                0x08000900                XMC_SCU_CLOCK_SetCcuClockDivider
 .text.XMC_SCU_CLOCK_SetCpuClockDivider
                0x08000928       0x28 ./Libraries/XMCLib/src/xmc4_scu.o
                0x08000928                XMC_SCU_CLOCK_SetCpuClockDivider
 .text.XMC_SCU_CLOCK_SetPeripheralClockDivider
                0x08000950       0x28 ./Libraries/XMCLib/src/xmc4_scu.o
                0x08000950                XMC_SCU_CLOCK_SetPeripheralClockDivider
 .text.XMC_SCU_CLOCK_SetWdtClockDivider
                0x08000978       0x28 ./Libraries/XMCLib/src/xmc4_scu.o
                0x08000978                XMC_SCU_CLOCK_SetWdtClockDivider
 .text.XMC_SCU_CLOCK_UngatePeripheralClock
                0x080009a0       0x38 ./Libraries/XMCLib/src/xmc4_scu.o
                0x080009a0                XMC_SCU_CLOCK_UngatePeripheralClock
 .text.XMC_SCU_CLOCK_IsPeripheralClockGated
                0x080009d8       0x48 ./Libraries/XMCLib/src/xmc4_scu.o
                0x080009d8                XMC_SCU_CLOCK_IsPeripheralClockGated
 .text.XMC_SCU_CLOCK_SetBackupClockCalibrationMode
                0x08000a20       0x4c ./Libraries/XMCLib/src/xmc4_scu.o
                0x08000a20                XMC_SCU_CLOCK_SetBackupClockCalibrationMode
 .text.XMC_SCU_HIB_EnableHibernateDomain
                0x08000a6c       0x58 ./Libraries/XMCLib/src/xmc4_scu.o
                0x08000a6c                XMC_SCU_HIB_EnableHibernateDomain
 .text.XMC_SCU_CLOCK_IsLowPowerOscillatorStable
                0x08000ac4       0x24 ./Libraries/XMCLib/src/xmc4_scu.o
                0x08000ac4                XMC_SCU_CLOCK_IsLowPowerOscillatorStable
 .text.XMC_SCU_CLOCK_EnableLowPowerOscillator
                0x08000ae8       0x70 ./Libraries/XMCLib/src/xmc4_scu.o
                0x08000ae8                XMC_SCU_CLOCK_EnableLowPowerOscillator
 .text.XMC_SCU_CLOCK_EnableHighPerformanceOscillator
                0x08000b58       0x50 ./Libraries/XMCLib/src/xmc4_scu.o
                0x08000b58                XMC_SCU_CLOCK_EnableHighPerformanceOscillator
 .text.XMC_SCU_CLOCK_IsHighPerformanceOscillatorStable
                0x08000ba8       0x28 ./Libraries/XMCLib/src/xmc4_scu.o
                0x08000ba8                XMC_SCU_CLOCK_IsHighPerformanceOscillatorStable
 .text.XMC_SCU_CLOCK_EnableSystemPll
                0x08000bd0       0x20 ./Libraries/XMCLib/src/xmc4_scu.o
                0x08000bd0                XMC_SCU_CLOCK_EnableSystemPll
 .text.XMC_SCU_CLOCK_DisableSystemPll
                0x08000bf0       0x20 ./Libraries/XMCLib/src/xmc4_scu.o
                0x08000bf0                XMC_SCU_CLOCK_DisableSystemPll
 .text.XMC_SCU_CLOCK_StartSystemPll
                0x08000c10      0x19c ./Libraries/XMCLib/src/xmc4_scu.o
                0x08000c10                XMC_SCU_CLOCK_StartSystemPll
 .text.XMC_SCU_CLOCK_StepSystemPllFrequency
                0x08000dac       0x3c ./Libraries/XMCLib/src/xmc4_scu.o
                0x08000dac                XMC_SCU_CLOCK_StepSystemPllFrequency
 .text.XMC_GPIO_SetMode
                0x08000de8       0x80 ./Libraries/XMCLib/src/xmc_gpio.o
                0x08000de8                XMC_GPIO_SetMode
 .text.XMC_USIC_CH_GetTransmitBufferStatus
                0x08000e68       0x20 ./Libraries/XMCLib/src/xmc_i2c.o
 .text.XMC_I2C_CH_ClearStatusFlag
                0x08000e88       0x20 ./Libraries/XMCLib/src/xmc_i2c.o
 .text.XMC_I2C_CH_InitEx
                0x08000ea8       0x60 ./Libraries/XMCLib/src/xmc_i2c.o
                0x08000ea8                XMC_I2C_CH_InitEx
 .text.XMC_I2C_CH_SetSlaveAddress
                0x08000f08       0x54 ./Libraries/XMCLib/src/xmc_i2c.o
                0x08000f08                XMC_I2C_CH_SetSlaveAddress
 .text.XMC_I2C_CH_SetBaudrateEx
                0x08000f5c       0x9c ./Libraries/XMCLib/src/xmc_i2c.o
                0x08000f5c                XMC_I2C_CH_SetBaudrateEx
 .text.XMC_I2C_CH_MasterStop
                0x08000ff8       0x4c ./Libraries/XMCLib/src/xmc_i2c.o
                0x08000ff8                XMC_I2C_CH_MasterStop
 .text.XMC_I2C_CH_MasterTransmit
                0x08001044       0x4c ./Libraries/XMCLib/src/xmc_i2c.o
                0x08001044                XMC_I2C_CH_MasterTransmit
 .text.XMC_I2C_CH_MasterReceiveAck
                0x08001090       0x4c ./Libraries/XMCLib/src/xmc_i2c.o
                0x08001090                XMC_I2C_CH_MasterReceiveAck
 .text.XMC_I2C_CH_MasterReceiveNack
                0x080010dc       0x4c ./Libraries/XMCLib/src/xmc_i2c.o
                0x080010dc                XMC_I2C_CH_MasterReceiveNack
 .text.XMC_I2C_CH_GetReceivedData
                0x08001128       0x34 ./Libraries/XMCLib/src/xmc_i2c.o
                0x08001128                XMC_I2C_CH_GetReceivedData
 .text.XMC_I2C_CH_DisableEvent
                0x0800115c       0x3c ./Libraries/XMCLib/src/xmc_i2c.o
                0x0800115c                XMC_I2C_CH_DisableEvent
 .text.XMC_USIC_CH_GetTransmitBufferStatus
                0x08001198       0x20 ./Libraries/XMCLib/src/xmc_uart.o
 .text.XMC_UART_CH_ClearStatusFlag
                0x080011b8       0x1c ./Libraries/XMCLib/src/xmc_uart.o
 .text.XMC_UART_CH_InitEx
                0x080011d4       0xd4 ./Libraries/XMCLib/src/xmc_uart.o
                0x080011d4                XMC_UART_CH_InitEx
 .text.XMC_UART_CH_Transmit
                0x080012a8       0x4c ./Libraries/XMCLib/src/xmc_uart.o
                0x080012a8                XMC_UART_CH_Transmit
 .text.XMC_UART_CH_GetReceivedData
                0x080012f4       0x34 ./Libraries/XMCLib/src/xmc_uart.o
                0x080012f4                XMC_UART_CH_GetReceivedData
 .text.XMC_USIC_CH_Enable
                0x08001328       0x74 ./Libraries/XMCLib/src/xmc_usic.o
                0x08001328                XMC_USIC_CH_Enable
 .text.XMC_USIC_CH_SetBaudrate
                0x0800139c       0xe4 ./Libraries/XMCLib/src/xmc_usic.o
                0x0800139c                XMC_USIC_CH_SetBaudrate
 .text.XMC_USIC_CH_SetBaudrateEx
                0x08001480      0x100 ./Libraries/XMCLib/src/xmc_usic.o
                0x08001480                XMC_USIC_CH_SetBaudrateEx
 .text.XMC_USIC_CH_TXFIFO_Configure
                0x08001580       0x50 ./Libraries/XMCLib/src/xmc_usic.o
                0x08001580                XMC_USIC_CH_TXFIFO_Configure
 .text.XMC_USIC_CH_RXFIFO_Configure
                0x080015d0       0x54 ./Libraries/XMCLib/src/xmc_usic.o
                0x080015d0                XMC_USIC_CH_RXFIFO_Configure
 .text.XMC_USIC_CH_RXFIFO_SetSizeTriggerLimit
                0x08001624       0x30 ./Libraries/XMCLib/src/xmc_usic.o
                0x08001624                XMC_USIC_CH_RXFIFO_SetSizeTriggerLimit
 .text.XMC_USIC_CH_SetInterruptNodePointer
                0x08001654       0x38 ./Libraries/XMCLib/src/xmc_usic.o
                0x08001654                XMC_USIC_CH_SetInterruptNodePointer
 .text.XMC_USIC_CH_TXFIFO_SetInterruptNodePointer
                0x0800168c       0x3c ./Libraries/XMCLib/src/xmc_usic.o
                0x0800168c                XMC_USIC_CH_TXFIFO_SetInterruptNodePointer
 .text.XMC_USIC_CH_RXFIFO_SetInterruptNodePointer
                0x080016c8       0x3c ./Libraries/XMCLib/src/xmc_usic.o
                0x080016c8                XMC_USIC_CH_RXFIFO_SetInterruptNodePointer
 .text.XMC_USIC_Enable
                0x08001704       0x84 ./Libraries/XMCLib/src/xmc_usic.o
                0x08001704                XMC_USIC_Enable
 .text.XMC_USIC_CH_DisableEvent
                0x08001788       0x24 ./Dave/Generated/UART/uart.o
 .text.XMC_USIC_CH_GetTransmitBufferStatus
                0x080017ac       0x20 ./Dave/Generated/UART/uart.o
 .text.XMC_USIC_CH_TXFIFO_DisableEvent
                0x080017cc       0x28 ./Dave/Generated/UART/uart.o
 .text.XMC_USIC_CH_TXFIFO_IsFull
                0x080017f4       0x28 ./Dave/Generated/UART/uart.o
 .text.XMC_USIC_CH_TXFIFO_IsEmpty
                0x0800181c       0x28 ./Dave/Generated/UART/uart.o
 .text.XMC_USIC_CH_RXFIFO_DisableEvent
                0x08001844       0x28 ./Dave/Generated/UART/uart.o
 .text.XMC_USIC_CH_RXFIFO_IsEmpty
                0x0800186c       0x28 ./Dave/Generated/UART/uart.o
 .text.UART_lTransmitHandler
                0x08001894      0x10c ./Dave/Generated/UART/uart.o
                0x08001894                UART_lTransmitHandler
 .text.UART_lReceiveHandler
                0x080019a0      0x120 ./Dave/Generated/UART/uart.o
                0x080019a0                UART_lReceiveHandler
 .text.UART_lReconfigureRxFIFO
                0x08001ac0       0x50 ./Dave/Generated/UART/uart.o
 .text.__NVIC_GetPriorityGrouping
                0x08001b10       0x1c ./Dave/Generated/UART/uart_conf.o
 .text.__NVIC_EnableIRQ
                0x08001b2c       0x38 ./Dave/Generated/UART/uart_conf.o
 .text.__NVIC_SetPriority
                0x08001b64       0x54 ./Dave/Generated/UART/uart_conf.o
 .text.NVIC_EncodePriority
                0x08001bb8       0x64 ./Dave/Generated/UART/uart_conf.o
 .text.XMC_USIC_CH_SetInputSource
                0x08001c1c       0x3c ./Dave/Generated/UART/uart_conf.o
 .text.XMC_UART_CH_Init
                0x08001c58       0x1c ./Dave/Generated/UART/uart_conf.o
 .text.XMC_UART_CH_Start
                0x08001c74       0x24 ./Dave/Generated/UART/uart_conf.o
 .text.UART_DEBUG_init
                0x08001c98       0xd4 ./Dave/Generated/UART/uart_conf.o
                0x08001c98                UART_DEBUG_init
 .text.USIC0_3_IRQHandler
                0x08001d6c       0x10 ./Dave/Generated/UART/uart_conf.o
                0x08001d6c                USIC0_3_IRQHandler
 .text.USIC0_5_IRQHandler
                0x08001d7c       0x10 ./Dave/Generated/UART/uart_conf.o
                0x08001d7c                USIC0_5_IRQHandler
 .text.__NVIC_ClearPendingIRQ
                0x08001d8c       0x3c ./Dave/Generated/I2C_MASTER/i2c_master.o
 .text.XMC_USIC_CH_DisableEvent
                0x08001dc8       0x24 ./Dave/Generated/I2C_MASTER/i2c_master.o
 .text.XMC_USIC_CH_GetTransmitBufferStatus
                0x08001dec       0x20 ./Dave/Generated/I2C_MASTER/i2c_master.o
 .text.XMC_USIC_CH_TXFIFO_EnableEvent
                0x08001e0c       0x24 ./Dave/Generated/I2C_MASTER/i2c_master.o
 .text.XMC_USIC_CH_TXFIFO_DisableEvent
                0x08001e30       0x28 ./Dave/Generated/I2C_MASTER/i2c_master.o
 .text.XMC_USIC_CH_TXFIFO_IsFull
                0x08001e58       0x28 ./Dave/Generated/I2C_MASTER/i2c_master.o
 .text.XMC_USIC_CH_TXFIFO_IsEmpty
                0x08001e80       0x28 ./Dave/Generated/I2C_MASTER/i2c_master.o
 .text.XMC_USIC_CH_RXFIFO_DisableEvent
                0x08001ea8       0x28 ./Dave/Generated/I2C_MASTER/i2c_master.o
 .text.XMC_USIC_CH_RXFIFO_IsEmpty
                0x08001ed0       0x28 ./Dave/Generated/I2C_MASTER/i2c_master.o
 .text.XMC_I2C_CH_GetStatusFlag
                0x08001ef8       0x18 ./Dave/Generated/I2C_MASTER/i2c_master.o
 .text.XMC_I2C_CH_ClearStatusFlag
                0x08001f10       0x20 ./Dave/Generated/I2C_MASTER/i2c_master.o
 .text.I2C_MASTER_SetRXFIFOTriggerLimit
                0x08001f30       0x24 ./Dave/Generated/I2C_MASTER/i2c_master.o
 .text.I2C_MASTER_IsTXFIFOFull
                0x08001f54       0x1c ./Dave/Generated/I2C_MASTER/i2c_master.o
 .text.I2C_MASTER_IsRXFIFOEmpty
                0x08001f70       0x1c ./Dave/Generated/I2C_MASTER/i2c_master.o
 .text.I2C_MASTER_GetReceivedByte
                0x08001f8c       0x1c ./Dave/Generated/I2C_MASTER/i2c_master.o
 .text.I2C_MASTER_TransmitByte
                0x08001fa8       0x20 ./Dave/Generated/I2C_MASTER/i2c_master.o
 .text.I2C_MASTER_DisableEvent
                0x08001fc8       0x1c ./Dave/Generated/I2C_MASTER/i2c_master.o
 .text.I2C_MASTER_ReceiveACK
                0x08001fe4       0x18 ./Dave/Generated/I2C_MASTER/i2c_master.o
 .text.I2C_MASTER_ReceiveNACK
                0x08001ffc       0x18 ./Dave/Generated/I2C_MASTER/i2c_master.o
 .text.I2C_MASTER_SendStop
                0x08002014       0x24 ./Dave/Generated/I2C_MASTER/i2c_master.o
 .text.calculate_minfifosize
                0x08002038       0x2c ./Dave/Generated/I2C_MASTER/i2c_master.o
 .text.I2C_MASTER_GetFlagStatus
                0x08002064       0x24 ./Dave/Generated/I2C_MASTER/i2c_master.o
                0x08002064                I2C_MASTER_GetFlagStatus
 .text.I2C_MASTER_ClearFlag
                0x08002088       0x1c ./Dave/Generated/I2C_MASTER/i2c_master.o
                0x08002088                I2C_MASTER_ClearFlag
 .text.I2C_MASTER_TransmitHandler
                0x080020a4      0x258 ./Dave/Generated/I2C_MASTER/i2c_master.o
                0x080020a4                I2C_MASTER_TransmitHandler
 .text.I2C_MASTER_lSendStop_JumpTo_TxCallback
                0x080022fc       0x60 ./Dave/Generated/I2C_MASTER/i2c_master.o
 .text.I2C_MASTER_ReceiveHandler
                0x0800235c      0x248 ./Dave/Generated/I2C_MASTER/i2c_master.o
                0x0800235c                I2C_MASTER_ReceiveHandler
 .text.I2C_MASTER_lSendStop_JumpTo_RxCallback
                0x080025a4       0x70 ./Dave/Generated/I2C_MASTER/i2c_master.o
 .text.I2C_MASTER_ProtocolHandler
                0x08002614       0x88 ./Dave/Generated/I2C_MASTER/i2c_master.o
                0x08002614                I2C_MASTER_ProtocolHandler
 .text.I2C_MASTER_lReconfigureRxFIFO
                0x0800269c       0x74 ./Dave/Generated/I2C_MASTER/i2c_master.o
 .text.__NVIC_GetPriorityGrouping
                0x08002710       0x1c ./Dave/Generated/I2C_MASTER/i2c_master_conf.o
 .text.__NVIC_EnableIRQ
                0x0800272c       0x38 ./Dave/Generated/I2C_MASTER/i2c_master_conf.o
 .text.__NVIC_SetPriority
                0x08002764       0x54 ./Dave/Generated/I2C_MASTER/i2c_master_conf.o
 .text.NVIC_EncodePriority
                0x080027b8       0x64 ./Dave/Generated/I2C_MASTER/i2c_master_conf.o
 .text.XMC_USIC_CH_SetInputSource
                0x0800281c       0x3c ./Dave/Generated/I2C_MASTER/i2c_master_conf.o
 .text.XMC_USIC_CH_TXFIFO_EnableEvent
                0x08002858       0x24 ./Dave/Generated/I2C_MASTER/i2c_master_conf.o
 .text.XMC_USIC_CH_RXFIFO_EnableEvent
                0x0800287c       0x24 ./Dave/Generated/I2C_MASTER/i2c_master_conf.o
 .text.XMC_USIC_CH_SetMode
                0x080028a0       0x28 ./Dave/Generated/I2C_MASTER/i2c_master_conf.o
 .text.XMC_I2C_CH_Init
                0x080028c8       0x1c ./Dave/Generated/I2C_MASTER/i2c_master_conf.o
 .text.XMC_I2C_CH_Start
                0x080028e4       0x18 ./Dave/Generated/I2C_MASTER/i2c_master_conf.o
 .text.I2C_BUS_disable_io
                0x080028fc       0x24 ./Dave/Generated/I2C_MASTER/i2c_master_conf.o
 .text.I2C_BUS_enable_io
                0x08002920       0x28 ./Dave/Generated/I2C_MASTER/i2c_master_conf.o
 .text.I2C_BUS_init
                0x08002948       0xf4 ./Dave/Generated/I2C_MASTER/i2c_master_conf.o
                0x08002948                I2C_BUS_init
 .text.USIC1_1_IRQHandler
                0x08002a3c       0x10 ./Dave/Generated/I2C_MASTER/i2c_master_conf.o
                0x08002a3c                USIC1_1_IRQHandler
 .text.USIC1_0_IRQHandler
                0x08002a4c       0x10 ./Dave/Generated/I2C_MASTER/i2c_master_conf.o
                0x08002a4c                USIC1_0_IRQHandler
 .text.__NVIC_SetPriorityGrouping
                0x08002a5c       0x48 ./Dave/Generated/CPU_CTRL_XMC4/cpu_ctrl_xmc4_conf.o
 .text.SystemCoreSetup
                0x08002aa4       0xa0 ./Dave/Generated/CPU_CTRL_XMC4/cpu_ctrl_xmc4_conf.o
                0x08002aa4                SystemCoreSetup
 .text.SystemCoreClockSetup
                0x08002b44       0x38 ./Dave/Generated/CLOCK_XMC4/clock_xmc4_conf.o
                0x08002b44                SystemCoreClockSetup
 .text.__libc_init_array
                0x08002b7c       0x4c d:/programy/4.5.0.202105191637/eclipse/arm-gcc-49/bin/../lib/gcc/arm-none-eabi/4.9.3/../../../../arm-none-eabi/lib/armv7e-m/softfp\libg_nano.a(lib_a-init.o)
                0x08002b7c                __libc_init_array
 *(.init)
 *(.fini)
 *crtbegin.o(.ctors)
 *crtbegin?.o(.ctors)
 *(EXCLUDE_FILE(*crtend.o *crtend?.o) .ctors)
 *(SORT(.ctors.*))
 *(.ctors)
 *crtbegin.o(.dtors)
 *crtbegin?.o(.dtors)
 *(EXCLUDE_FILE(*crtend.o *crtend?.o) .dtors)
 *(SORT(.dtors.*))
 *(.dtors)
 *(.rodata .rodata.*)
 .rodata        0x08002bc8       0x68 ./build/CMakeFiles/4.1.0-rc4/CompilerIdCXX/CMakeCXXCompilerId.o
 .rodata._ZL12info_version
                0x08002c30       0x34 ./build/CMakeFiles/4.1.0-rc4/CompilerIdCXX/CMakeCXXCompilerId.o
 .rodata.UART_DEBUG_channel_config
                0x08002c64        0xc ./Dave/Generated/UART/uart_conf.o
                0x08002c64                UART_DEBUG_channel_config
 .rodata.UART_DEBUG_tx_pin_config
                0x08002c70        0xc ./Dave/Generated/UART/uart_conf.o
                0x08002c70                UART_DEBUG_tx_pin_config
 .rodata.UART_DEBUG_tx_pin
                0x08002c7c        0xc ./Dave/Generated/UART/uart_conf.o
                0x08002c7c                UART_DEBUG_tx_pin
 .rodata.UART_DEBUG_config
                0x08002c88       0x30 ./Dave/Generated/UART/uart_conf.o
                0x08002c88                UART_DEBUG_config
 .rodata.UART_DEBUG_rx_pin_config
                0x08002cb8        0xc ./Dave/Generated/UART/uart_conf.o
                0x08002cb8                UART_DEBUG_rx_pin_config
 .rodata.I2C_BUS_sda_pin_config
                0x08002cc4        0xc ./Dave/Generated/I2C_MASTER/i2c_master_conf.o
 .rodata.I2C_BUS_scl_pin_config
                0x08002cd0        0xc ./Dave/Generated/I2C_MASTER/i2c_master_conf.o
 .rodata.I2C_BUS_channel_config
                0x08002cdc        0x8 ./Dave/Generated/I2C_MASTER/i2c_master_conf.o
                0x08002cdc                I2C_BUS_channel_config
 .rodata.I2C_BUS_config
                0x08002ce4       0x2c ./Dave/Generated/I2C_MASTER/i2c_master_conf.o
                0x08002ce4                I2C_BUS_config
 .rodata        0x08002d10       0x14 ./Dave/Generated/CLOCK_XMC4/clock_xmc4_conf.o
 *(.gnu.linkonce.r*)
 *(vtable)
                0x08002d24                . = ALIGN (0x4)

.glue_7         0x08002d24        0x0 load address 0x0c002d24
 .glue_7        0x00000000        0x0 linker stubs

.glue_7t        0x08002d24        0x0 load address 0x0c002d24
 .glue_7t       0x00000000        0x0 linker stubs

.vfp11_veneer   0x08002d24        0x0 load address 0x0c002d24
 .vfp11_veneer  0x00000000        0x0 linker stubs

.v4_bx          0x08002d24        0x0 load address 0x0c002d24
 .v4_bx         0x00000000        0x0 linker stubs

.iplt           0x08002d24        0x0 load address 0x0c002d24
 .iplt          0x00000000        0x0 ./build/CMakeFiles/4.1.0-rc4/CompilerIdCXX/CMakeCXXCompilerId.o

.rel.dyn        0x08002d24        0x0 load address 0x0c002d24
 .rel.iplt      0x00000000        0x0 ./build/CMakeFiles/4.1.0-rc4/CompilerIdCXX/CMakeCXXCompilerId.o

.eh_frame_hdr
 *(.eh_frame_hdr)

.eh_frame
 *(.eh_frame)

.ARM.extab
 *(.ARM.extab* .gnu.linkonce.armextab.*)
                0x08002d24                . = ALIGN (0x4)
                0x08002d24                __exidx_start = .

.ARM.exidx
 *(.ARM.exidx* .gnu.linkonce.armexidx.*)
                0x08002d24                __exidx_end = .
                0x08002d24                . = ALIGN (0x4)

Stack           0x1fffc000      0x800
                0x1fffc000                __stack_start = .
                0x1fffc800                . = (. + stack_size)
 *fill*         0x1fffc000      0x800 
                0x1fffc800                __stack_end = .
                0x1fffc800                __initial_sp = .

.ram_code       0x1fffc800        0x0 load address 0x0c002d24
                0x1fffc800                . = ALIGN (0x4)
                0x1fffc800                __ram_code_start = .
 *(.ram_code)
                0x1fffc800                . = ALIGN (0x4)
                0x1fffc800                __ram_code_end = .
                0x0c002d24                __ram_code_load = LOADADDR (.ram_code)
                0x00000000                __ram_code_size = (__ram_code_end - __ram_code_start)

.data           0x1fffc800       0x58 load address 0x0c002d24
                0x1fffc800                . = ALIGN (0x4)
                0x1fffc800                __data_start = .
 *(.data)
 *(.data*)
 .data.info_compiler
                0x1fffc800        0x4 ./build/CMakeFiles/4.1.0-rc4/CompilerIdCXX/CMakeCXXCompilerId.o
                0x1fffc800                info_compiler
 .data.info_platform
                0x1fffc804        0x4 ./build/CMakeFiles/4.1.0-rc4/CompilerIdCXX/CMakeCXXCompilerId.o
                0x1fffc804                info_platform
 .data.info_arch
                0x1fffc808        0x4 ./build/CMakeFiles/4.1.0-rc4/CompilerIdCXX/CMakeCXXCompilerId.o
                0x1fffc808                info_arch
 .data.info_language_standard_default
                0x1fffc80c        0x4 ./build/CMakeFiles/4.1.0-rc4/CompilerIdCXX/CMakeCXXCompilerId.o
                0x1fffc80c                info_language_standard_default
 .data.info_language_extensions_default
                0x1fffc810        0x4 ./build/CMakeFiles/4.1.0-rc4/CompilerIdCXX/CMakeCXXCompilerId.o
                0x1fffc810                info_language_extensions_default
 .data.UART_DEBUG
                0x1fffc814        0xc ./Dave/Generated/UART/uart_conf.o
                0x1fffc814                UART_DEBUG
 .data.I2C_BUS_runtime
                0x1fffc820       0x2c ./Dave/Generated/I2C_MASTER/i2c_master_conf.o
                0x1fffc820                I2C_BUS_runtime
 .data.I2C_BUS  0x1fffc84c        0xc ./Dave/Generated/I2C_MASTER/i2c_master_conf.o
                0x1fffc84c                I2C_BUS
 *(*.data)
 *(.gnu.linkonce.d*)
                0x1fffc858                . = ALIGN (0x4)
                0x1fffc858                PROVIDE (__preinit_array_start, .)
 *(.preinit_array)
                0x1fffc858                PROVIDE (__preinit_array_end, .)
                0x1fffc858                . = ALIGN (0x4)
                0x1fffc858                PROVIDE (__init_array_start, .)
 *(SORT(.init_array.*))
 *(.init_array)
                0x1fffc858                PROVIDE (__init_array_end, .)
                0x1fffc858                . = ALIGN (0x4)
                0x1fffc858                PROVIDE (__fini_array_start, .)
 *(SORT(.fini_array.*))
 *(.fini_array)
                0x1fffc858                PROVIDE (__fini_array_end, .)
                0x1fffc858                . = ALIGN (0x4)
                0x1fffc858                __data_end = .
                0x0c002d24                __data_load = LOADADDR (.data)
                0x00000058                __data_size = (__data_end - __data_start)
                0x00002d7c                __text_size = (((__exidx_end - sText) + __data_size) + __ram_code_size)
                0x08002d7c                eText = (sText + __text_size)

.igot.plt       0x1fffc858        0x0 load address 0x0c002d7c
 .igot.plt      0x00000000        0x0 ./build/CMakeFiles/4.1.0-rc4/CompilerIdCXX/CMakeCXXCompilerId.o

.bss            0x1fffc858       0x1c load address 0x0c002d7c
                0x1fffc858                . = ALIGN (0x4)
                0x1fffc858                __bss_start = .
 *(.bss)
 *(.bss*)
 .bss.UART_DEBUG_runtime
                0x1fffc858       0x1c ./Dave/Generated/UART/uart_conf.o
                0x1fffc858                UART_DEBUG_runtime
 *(COMMON)
 *(.gnu.linkonce.b*)
                0x1fffc874                . = ALIGN (0x4)
                0x1fffc874                __bss_end = .
                0x0000001c                __bss_size = (__bss_end - __bss_start)
                0x0000378c                __shift_loc = (__bss_end >= ORIGIN (DSRAM_1_system))?0x0:(ORIGIN (DSRAM_1_system) - __bss_end)

USB_RAM         0x20000000        0x0
                0x20000000                . = ALIGN (0x4)
                0x20000000                USB_RAM_start = .
 *(USB_RAM)
                0x20000000                . = ALIGN (0x4)
                0x20000000                USB_RAM_end = .
                0x20000000                . = ALIGN (0x8)
                0x20000000                Heap_Bank1_Start = .
                0x00000000                USB_RAM_size = (USB_RAM_end - USB_RAM_start)

.no_init        0x20005fc0       0x20
                0x20005fc0                Heap_Bank1_End = .
 *(.no_init)
 .no_init       0x20005fc0       0x20 ./Startup/system_XMC4200.o
                0x20005fc0                SystemCoreClock
                0x20005fc4                g_chipid
                0x20005fd4                g_hrpwm_char_data
                0x00005fc0                Heap_Bank1_Size = (Heap_Bank1_End - Heap_Bank1_Start)
                0x00000001                ASSERT ((Heap_Bank1_Start <= Heap_Bank1_End), region SRAM_combined overflowed no_init section)

/DISCARD/
 *(.comment)

.stab
 *(.stab)

.stabstr
 *(.stabstr)

.debug
 *(.debug)

.line
 *(.line)

.debug_srcinfo
 *(.debug_srcinfo)

.debug_sfnames
 *(.debug_sfnames)

.debug_aranges  0x00000000      0xac8
 *(.debug_aranges)
 .debug_aranges
                0x00000000       0x20 ./build/CMakeFiles/4.1.0-rc4/CompilerIdCXX/CMakeCXXCompilerId.o
 .debug_aranges
                0x00000020       0x20 ./Startup/startup_XMC4200.o
 .debug_aranges
                0x00000040       0x48 ./Startup/system_XMC4200.o
 .debug_aranges
                0x00000088       0x28 ./Libraries/XMCLib/src/xmc4_gpio.o
 .debug_aranges
                0x000000b0      0x428 ./Libraries/XMCLib/src/xmc4_scu.o
 .debug_aranges
                0x000004d8       0x28 ./Libraries/XMCLib/src/xmc_gpio.o
 .debug_aranges
                0x00000500       0xb0 ./Libraries/XMCLib/src/xmc_i2c.o
 .debug_aranges
                0x000005b0       0x78 ./Libraries/XMCLib/src/xmc_uart.o
 .debug_aranges
                0x00000628       0xb8 ./Libraries/XMCLib/src/xmc_usic.o
 .debug_aranges
                0x000006e0       0xf8 ./Dave/Generated/UART/uart.o
 .debug_aranges
                0x000007d8       0x68 ./Dave/Generated/UART/uart_conf.o
 .debug_aranges
                0x00000840      0x1b0 ./Dave/Generated/I2C_MASTER/i2c_master.o
 .debug_aranges
                0x000009f0       0x90 ./Dave/Generated/I2C_MASTER/i2c_master_conf.o
 .debug_aranges
                0x00000a80       0x28 ./Dave/Generated/CPU_CTRL_XMC4/cpu_ctrl_xmc4_conf.o
 .debug_aranges
                0x00000aa8       0x20 ./Dave/Generated/CLOCK_XMC4/clock_xmc4_conf.o

.debug_pubnames
 *(.debug_pubnames)

.debug_pubtypes
 *(.debug_pubtypes)

.debug_info     0x00000000     0xc12c
 *(.debug_info .gnu.linkonce.wi.*)
 .debug_info    0x00000000      0x132 ./build/CMakeFiles/4.1.0-rc4/CompilerIdCXX/CMakeCXXCompilerId.o
 .debug_info    0x00000132       0x85 ./Startup/startup_XMC4200.o
 .debug_info    0x000001b7      0xa06 ./Startup/system_XMC4200.o
 .debug_info    0x00000bbd      0x4dd ./Libraries/XMCLib/src/xmc4_gpio.o
 .debug_info    0x0000109a     0x26b6 ./Libraries/XMCLib/src/xmc4_scu.o
 .debug_info    0x00003750      0x458 ./Libraries/XMCLib/src/xmc_gpio.o
 .debug_info    0x00003ba8      0xba3 ./Libraries/XMCLib/src/xmc_i2c.o
 .debug_info    0x0000474b      0x9d2 ./Libraries/XMCLib/src/xmc_uart.o
 .debug_info    0x0000511d      0xf00 ./Libraries/XMCLib/src/xmc_usic.o
 .debug_info    0x0000601d     0x1590 ./Dave/Generated/UART/uart.o
 .debug_info    0x000075ad     0x1398 ./Dave/Generated/UART/uart_conf.o
 .debug_info    0x00008945     0x1b0d ./Dave/Generated/I2C_MASTER/i2c_master.o
 .debug_info    0x0000a452     0x138a ./Dave/Generated/I2C_MASTER/i2c_master_conf.o
 .debug_info    0x0000b7dc      0x52e ./Dave/Generated/CPU_CTRL_XMC4/cpu_ctrl_xmc4_conf.o
 .debug_info    0x0000bd0a      0x422 ./Dave/Generated/CLOCK_XMC4/clock_xmc4_conf.o

.debug_abbrev   0x00000000     0x1c53
 *(.debug_abbrev)
 .debug_abbrev  0x00000000       0xa0 ./build/CMakeFiles/4.1.0-rc4/CompilerIdCXX/CMakeCXXCompilerId.o
 .debug_abbrev  0x000000a0       0x14 ./Startup/startup_XMC4200.o
 .debug_abbrev  0x000000b4      0x1f1 ./Startup/system_XMC4200.o
 .debug_abbrev  0x000002a5      0x144 ./Libraries/XMCLib/src/xmc4_gpio.o
 .debug_abbrev  0x000003e9      0x2a3 ./Libraries/XMCLib/src/xmc4_scu.o
 .debug_abbrev  0x0000068c      0x144 ./Libraries/XMCLib/src/xmc_gpio.o
 .debug_abbrev  0x000007d0      0x2af ./Libraries/XMCLib/src/xmc_i2c.o
 .debug_abbrev  0x00000a7f      0x225 ./Libraries/XMCLib/src/xmc_uart.o
 .debug_abbrev  0x00000ca4      0x24c ./Libraries/XMCLib/src/xmc_usic.o
 .debug_abbrev  0x00000ef0      0x27e ./Dave/Generated/UART/uart.o
 .debug_abbrev  0x0000116e      0x27b ./Dave/Generated/UART/uart_conf.o
 .debug_abbrev  0x000013e9      0x2fc ./Dave/Generated/I2C_MASTER/i2c_master.o
 .debug_abbrev  0x000016e5      0x286 ./Dave/Generated/I2C_MASTER/i2c_master_conf.o
 .debug_abbrev  0x0000196b      0x1b4 ./Dave/Generated/CPU_CTRL_XMC4/cpu_ctrl_xmc4_conf.o
 .debug_abbrev  0x00001b1f      0x134 ./Dave/Generated/CLOCK_XMC4/clock_xmc4_conf.o

.debug_line     0x00000000     0x3e69
 *(.debug_line)
 .debug_line    0x00000000       0x7e ./build/CMakeFiles/4.1.0-rc4/CompilerIdCXX/CMakeCXXCompilerId.o
 .debug_line    0x0000007e       0x87 ./Startup/startup_XMC4200.o
 .debug_line    0x00000105      0x2ec ./Startup/system_XMC4200.o
 .debug_line    0x000003f1      0x20a ./Libraries/XMCLib/src/xmc4_gpio.o
 .debug_line    0x000005fb      0xf25 ./Libraries/XMCLib/src/xmc4_scu.o
 .debug_line    0x00001520      0x1fe ./Libraries/XMCLib/src/xmc_gpio.o
 .debug_line    0x0000171e      0x3cd ./Libraries/XMCLib/src/xmc_i2c.o
 .debug_line    0x00001aeb      0x38f ./Libraries/XMCLib/src/xmc_uart.o
 .debug_line    0x00001e7a      0x518 ./Libraries/XMCLib/src/xmc_usic.o
 .debug_line    0x00002392      0x5a6 ./Dave/Generated/UART/uart.o
 .debug_line    0x00002938      0x384 ./Dave/Generated/UART/uart_conf.o
 .debug_line    0x00002cbc      0x8de ./Dave/Generated/I2C_MASTER/i2c_master.o
 .debug_line    0x0000359a      0x3e9 ./Dave/Generated/I2C_MASTER/i2c_master_conf.o
 .debug_line    0x00003983      0x26b ./Dave/Generated/CPU_CTRL_XMC4/cpu_ctrl_xmc4_conf.o
 .debug_line    0x00003bee      0x27b ./Dave/Generated/CLOCK_XMC4/clock_xmc4_conf.o

.debug_frame    0x00000000     0x2ea8
 *(.debug_frame)
 .debug_frame   0x00000000       0x38 ./build/CMakeFiles/4.1.0-rc4/CompilerIdCXX/CMakeCXXCompilerId.o
 .debug_frame   0x00000038       0xec ./Startup/system_XMC4200.o
 .debug_frame   0x00000124       0x60 ./Libraries/XMCLib/src/xmc4_gpio.o
 .debug_frame   0x00000184     0x139c ./Libraries/XMCLib/src/xmc4_scu.o
 .debug_frame   0x00001520       0x60 ./Libraries/XMCLib/src/xmc_gpio.o
 .debug_frame   0x00001580      0x308 ./Libraries/XMCLib/src/xmc_i2c.o
 .debug_frame   0x00001888      0x1f0 ./Libraries/XMCLib/src/xmc_uart.o
 .debug_frame   0x00001a78      0x330 ./Libraries/XMCLib/src/xmc_usic.o
 .debug_frame   0x00001da8      0x474 ./Dave/Generated/UART/uart.o
 .debug_frame   0x0000221c      0x184 ./Dave/Generated/UART/uart_conf.o
 .debug_frame   0x000023a0      0x80c ./Dave/Generated/I2C_MASTER/i2c_master.o
 .debug_frame   0x00002bac      0x234 ./Dave/Generated/I2C_MASTER/i2c_master_conf.o
 .debug_frame   0x00002de0       0x60 ./Dave/Generated/CPU_CTRL_XMC4/cpu_ctrl_xmc4_conf.o
 .debug_frame   0x00002e40       0x3c ./Dave/Generated/CLOCK_XMC4/clock_xmc4_conf.o
 .debug_frame   0x00002e7c       0x2c d:/programy/4.5.0.202105191637/eclipse/arm-gcc-49/bin/../lib/gcc/arm-none-eabi/4.9.3/../../../../arm-none-eabi/lib/armv7e-m/softfp\libg_nano.a(lib_a-init.o)

.debug_str      0x00000000     0x6c1f
 *(.debug_str)
 .debug_str     0x00000000      0x1fb ./build/CMakeFiles/4.1.0-rc4/CompilerIdCXX/CMakeCXXCompilerId.o
                                0x205 (size before relaxing)
 .debug_str     0x000001fb      0x586 ./Startup/system_XMC4200.o
                                0x641 (size before relaxing)
 .debug_str     0x00000781      0x549 ./Libraries/XMCLib/src/xmc4_gpio.o
                                0x7e4 (size before relaxing)
 .debug_str     0x00000cca     0x261a ./Libraries/XMCLib/src/xmc4_scu.o
                               0x2b81 (size before relaxing)
 .debug_str     0x000032e4       0xca ./Libraries/XMCLib/src/xmc_gpio.o
                                0x692 (size before relaxing)
 .debug_str     0x000033ae      0xa69 ./Libraries/XMCLib/src/xmc_i2c.o
                                0xd4b (size before relaxing)
 .debug_str     0x00003e17      0x5b7 ./Libraries/XMCLib/src/xmc_uart.o
                                0xbb6 (size before relaxing)
 .debug_str     0x000043ce      0xb06 ./Libraries/XMCLib/src/xmc_usic.o
                               0x13af (size before relaxing)
 .debug_str     0x00004ed4      0xbd4 ./Dave/Generated/UART/uart.o
                               0x1cf1 (size before relaxing)
 .debug_str     0x00005aa8      0x604 ./Dave/Generated/UART/uart_conf.o
                               0x1883 (size before relaxing)
 .debug_str     0x000060ac      0x939 ./Dave/Generated/I2C_MASTER/i2c_master.o
                               0x1c50 (size before relaxing)
 .debug_str     0x000069e5      0x132 ./Dave/Generated/I2C_MASTER/i2c_master_conf.o
                               0x17be (size before relaxing)
 .debug_str     0x00006b17       0x94 ./Dave/Generated/CPU_CTRL_XMC4/cpu_ctrl_xmc4_conf.o
                                0x424 (size before relaxing)
 .debug_str     0x00006bab       0x74 ./Dave/Generated/CLOCK_XMC4/clock_xmc4_conf.o
                                0x75f (size before relaxing)

.debug_loc      0x00000000     0x60a2
 *(.debug_loc)
 .debug_loc     0x00000000       0x5c ./build/CMakeFiles/4.1.0-rc4/CompilerIdCXX/CMakeCXXCompilerId.o
 .debug_loc     0x0000005c      0x1a4 ./Startup/system_XMC4200.o
 .debug_loc     0x00000200       0xb8 ./Libraries/XMCLib/src/xmc4_gpio.o
 .debug_loc     0x000002b8     0x2948 ./Libraries/XMCLib/src/xmc4_scu.o
 .debug_loc     0x00002c00       0xb8 ./Libraries/XMCLib/src/xmc_gpio.o
 .debug_loc     0x00002cb8      0x650 ./Libraries/XMCLib/src/xmc_i2c.o
 .debug_loc     0x00003308      0x414 ./Libraries/XMCLib/src/xmc_uart.o
 .debug_loc     0x0000371c      0x6c6 ./Libraries/XMCLib/src/xmc_usic.o
 .debug_loc     0x00003de2      0x98c ./Dave/Generated/UART/uart.o
 .debug_loc     0x0000476e      0x308 ./Dave/Generated/UART/uart_conf.o
 .debug_loc     0x00004a76     0x10c8 ./Dave/Generated/I2C_MASTER/i2c_master.o
 .debug_loc     0x00005b3e      0x468 ./Dave/Generated/I2C_MASTER/i2c_master_conf.o
 .debug_loc     0x00005fa6       0xac ./Dave/Generated/CPU_CTRL_XMC4/cpu_ctrl_xmc4_conf.o
 .debug_loc     0x00006052       0x50 ./Dave/Generated/CLOCK_XMC4/clock_xmc4_conf.o

.debug_macinfo
 *(.debug_macinfo)

.debug_ranges   0x00000000      0x9c8
 *(.debug_ranges)
 .debug_ranges  0x00000000       0x10 ./build/CMakeFiles/4.1.0-rc4/CompilerIdCXX/CMakeCXXCompilerId.o
 .debug_ranges  0x00000010       0x38 ./Startup/system_XMC4200.o
 .debug_ranges  0x00000048       0x18 ./Libraries/XMCLib/src/xmc4_gpio.o
 .debug_ranges  0x00000060      0x418 ./Libraries/XMCLib/src/xmc4_scu.o
 .debug_ranges  0x00000478       0x18 ./Libraries/XMCLib/src/xmc_gpio.o
 .debug_ranges  0x00000490       0xa0 ./Libraries/XMCLib/src/xmc_i2c.o
 .debug_ranges  0x00000530       0x68 ./Libraries/XMCLib/src/xmc_uart.o
 .debug_ranges  0x00000598       0xa8 ./Libraries/XMCLib/src/xmc_usic.o
 .debug_ranges  0x00000640       0xe8 ./Dave/Generated/UART/uart.o
 .debug_ranges  0x00000728       0x58 ./Dave/Generated/UART/uart_conf.o
 .debug_ranges  0x00000780      0x1a0 ./Dave/Generated/I2C_MASTER/i2c_master.o
 .debug_ranges  0x00000920       0x80 ./Dave/Generated/I2C_MASTER/i2c_master_conf.o
 .debug_ranges  0x000009a0       0x18 ./Dave/Generated/CPU_CTRL_XMC4/cpu_ctrl_xmc4_conf.o
 .debug_ranges  0x000009b8       0x10 ./Dave/Generated/CLOCK_XMC4/clock_xmc4_conf.o

.debug_weaknames
 *(.debug_weaknames)

.debug_funcnames
 *(.debug_funcnames)

.debug_typenames
 *(.debug_typenames)

.debug_varnames
 *(.debug_varnames)

.build_attributes
                0x00000000      0x359
 *(.ARM.attributes)
 .ARM.attributes
                0x00000000       0x37 ./build/CMakeFiles/4.1.0-rc4/CompilerIdCXX/CMakeCXXCompilerId.o
 .ARM.attributes
                0x00000037       0x25 ./Startup/startup_XMC4200.o
 .ARM.attributes
                0x0000005c       0x37 ./Startup/system_XMC4200.o
 .ARM.attributes
                0x00000093       0x37 ./Libraries/XMCLib/src/xmc4_gpio.o
 .ARM.attributes
                0x000000ca       0x37 ./Libraries/XMCLib/src/xmc4_scu.o
 .ARM.attributes
                0x00000101       0x37 ./Libraries/XMCLib/src/xmc_gpio.o
 .ARM.attributes
                0x00000138       0x37 ./Libraries/XMCLib/src/xmc_i2c.o
 .ARM.attributes
                0x0000016f       0x37 ./Libraries/XMCLib/src/xmc_uart.o
 .ARM.attributes
                0x000001a6       0x37 ./Libraries/XMCLib/src/xmc_usic.o
 .ARM.attributes
                0x000001dd       0x37 ./Dave/Generated/UART/uart.o
 .ARM.attributes
                0x00000214       0x37 ./Dave/Generated/UART/uart_conf.o
 .ARM.attributes
                0x0000024b       0x37 ./Dave/Generated/I2C_MASTER/i2c_master.o
 .ARM.attributes
                0x00000282       0x37 ./Dave/Generated/I2C_MASTER/i2c_master_conf.o
 .ARM.attributes
                0x000002b9       0x37 ./Dave/Generated/CPU_CTRL_XMC4/cpu_ctrl_xmc4_conf.o
 .ARM.attributes
                0x000002f0       0x37 ./Dave/Generated/CLOCK_XMC4/clock_xmc4_conf.o
 .ARM.attributes
                0x00000327       0x32 d:/programy/4.5.0.202105191637/eclipse/arm-gcc-49/bin/../lib/gcc/arm-none-eabi/4.9.3/../../../../arm-none-eabi/lib/armv7e-m/softfp\libg_nano.a(lib_a-init.o)
OUTPUT(XMC4200.elf elf32-littlearm)
