2026-02-06 20:03:12,654 [INFO] Activator:176 - 


2026-02-06 20:03:12,663 [INFO] Activator:177 - !SESSION log4j initialized
2026-02-06 20:03:26,035 [INFO] LogOutputStream:77 - [STDOUT_REDIRECT] 
2026-02-06 20:03:38,885 [INFO] ApplicationProperties:184 - Using Application install path: D:\Programy\STM32CubeIDE_1.19.0\STM32CubeIDE\plugins\com.st.stm32cube.common.mx_6.15.0.202507011659
2026-02-06 20:03:38,905 [INFO] DbMcusXml:78 - Set database path to: D:\Programy\STM32CubeIDE_1.19.0\STM32CubeIDE\plugins\com.st.stm32cube.common.mx_6.15.0.202507011659\\db\/mcu/
2026-02-06 20:03:38,906 [INFO] ApiDb:274 - Set plugin database path to: D:\Programy\STM32CubeIDE_1.19.0\STM32CubeIDE\plugins\com.st.stm32cube.common.mx_6.15.0.202507011659\\db\/plugins/boardmanager/
2026-02-06 20:03:38,906 [WARN] ApiDb:259 - Overriding images path with different value:  => D:\Programy\STM32CubeIDE_1.19.0\STM32CubeIDE\plugins\com.st.stm32cube.common.mx_6.15.0.202507011659\\db\/plugins/mcufinder/images/
2026-02-06 20:03:38,916 [INFO] ApiDb:250 - Set database path to: C:\Users\kujon\.stmcufinder\plugins\mcufinder//mcu/
2026-02-06 20:03:38,918 [INFO] DbMcusAds:125 - Set database path to: C:\Users\kujon\.stmcufinder\plugins\mcufinder//mcu/
2026-02-06 20:03:38,940 [INFO] CrossReferenceDbSqlite:203 - Set database path to: C:\Users\kujon\.stmcufinder\plugins\mcufinder//mcu/cs/
2026-02-06 20:03:39,103 [INFO] RulesReader:64 - Compatibility file has been processed (317 Rules)
2026-02-06 20:03:39,216 [INFO] DbMcusXml:78 - Set database path to: D:\Programy\STM32CubeIDE_1.19.0\STM32CubeIDE\plugins\com.st.stm32cube.common.mx_6.15.0.202507011659\\db\/mcu/
2026-02-06 20:03:39,217 [INFO] ApiDb:274 - Set plugin database path to: D:\Programy\STM32CubeIDE_1.19.0\STM32CubeIDE\plugins\com.st.stm32cube.common.mx_6.15.0.202507011659\\db\/plugins/boardmanager/
2026-02-06 20:03:39,217 [INFO] ApiDb:261 - Set plugin images path to: D:\Programy\STM32CubeIDE_1.19.0\STM32CubeIDE\plugins\com.st.stm32cube.common.mx_6.15.0.202507011659\\db\/plugins/mcufinder/images/
2026-02-06 20:03:39,217 [WARN] DbFile:41 - Overriding database path with different value: C:\Users\kujon\.stmcufinder\plugins\mcufinder/ => C:\Users\kujon\.stmcufinder\plugins\mcufinder
2026-02-06 20:03:39,217 [INFO] ApiDb:250 - Set database path to: C:\Users\kujon\.stmcufinder\plugins\mcufinder//mcu/
2026-02-06 20:03:39,217 [WARN] DbFile:41 - Overriding database path with different value: C:\Users\kujon\.stmcufinder\plugins\mcufinder/ => C:\Users\kujon\.stmcufinder\plugins\mcufinder
2026-02-06 20:03:39,217 [INFO] DbMcusAds:125 - Set database path to: C:\Users\kujon\.stmcufinder\plugins\mcufinder//mcu/
2026-02-06 20:03:39,217 [WARN] DbFile:41 - Overriding database path with different value: C:\Users\kujon\.stmcufinder\plugins\mcufinder/ => C:\Users\kujon\.stmcufinder\plugins\mcufinder
2026-02-06 20:03:39,217 [WARN] DbFile:41 - Overriding database path with different value: C:\Users\kujon\.stmcufinder\plugins\mcufinder/ => C:\Users\kujon\.stmcufinder\plugins\mcufinder
2026-02-06 20:03:39,218 [INFO] CrossReferenceDbSqlite:203 - Set database path to: C:\Users\kujon\.stmcufinder\plugins\mcufinder//mcu/cs/
2026-02-06 20:03:39,318 [INFO] MainPanel:274 - HeapMemory: 268435456
2026-02-06 20:03:39,468 [INFO] DbMcusXml:78 - Set database path to: D:\Programy\STM32CubeIDE_1.19.0\STM32CubeIDE\plugins\com.st.stm32cube.common.mx_6.15.0.202507011659\\db\/mcu/
2026-02-06 20:03:39,468 [INFO] ApiDb:274 - Set plugin database path to: D:\Programy\STM32CubeIDE_1.19.0\STM32CubeIDE\plugins\com.st.stm32cube.common.mx_6.15.0.202507011659\\db\/plugins/boardmanager/
2026-02-06 20:03:39,468 [INFO] ApiDb:261 - Set plugin images path to: D:\Programy\STM32CubeIDE_1.19.0\STM32CubeIDE\plugins\com.st.stm32cube.common.mx_6.15.0.202507011659\\db\/plugins/mcufinder/images/
2026-02-06 20:03:39,469 [WARN] DbFile:41 - Overriding database path with different value: C:\Users\kujon\.stmcufinder\plugins\mcufinder/ => C:\Users\kujon\.stmcufinder\plugins\mcufinder
2026-02-06 20:03:39,469 [INFO] ApiDb:250 - Set database path to: C:\Users\kujon\.stmcufinder\plugins\mcufinder//mcu/
2026-02-06 20:03:39,469 [WARN] DbFile:41 - Overriding database path with different value: C:\Users\kujon\.stmcufinder\plugins\mcufinder/ => C:\Users\kujon\.stmcufinder\plugins\mcufinder
2026-02-06 20:03:39,469 [INFO] DbMcusAds:125 - Set database path to: C:\Users\kujon\.stmcufinder\plugins\mcufinder//mcu/
2026-02-06 20:03:39,469 [WARN] DbFile:41 - Overriding database path with different value: C:\Users\kujon\.stmcufinder\plugins\mcufinder/ => C:\Users\kujon\.stmcufinder\plugins\mcufinder
2026-02-06 20:03:39,469 [WARN] DbFile:41 - Overriding database path with different value: C:\Users\kujon\.stmcufinder\plugins\mcufinder/ => C:\Users\kujon\.stmcufinder\plugins\mcufinder
2026-02-06 20:03:39,469 [INFO] CrossReferenceDbSqlite:203 - Set database path to: C:\Users\kujon\.stmcufinder\plugins\mcufinder//mcu/cs/
2026-02-06 20:03:39,495 [INFO] ApplicationProperties:184 - Using Application install path: D:\Programy\STM32CubeIDE_1.19.0\STM32CubeIDE\plugins\com.st.stm32cube.common.mx_6.15.0.202507011659
2026-02-06 20:03:39,496 [INFO] PluginManage:196 - Search for loadable plugins [exclusion list=, ]
2026-02-06 20:03:39,499 [INFO] PluginManage:310 - Check plugin analytics
2026-02-06 20:03:39,763 [INFO] AnalyticsPlugin:253 - Accepted Software Licenses: 
2026-02-06 20:03:39,763 [INFO] AnalyticsPlugin:255 - Accepted CMSIS Pack Licenses: 
2026-02-06 20:03:39,763 [INFO] AnalyticsPlugin:257 - Accepted Firmware Licenses: 
2026-02-06 20:03:39,767 [INFO] PluginManage:359 - Loaded plugin analytics (category:tool,tabindex:-1)
2026-02-06 20:03:39,767 [INFO] PluginManage:310 - Check plugin cadmodel
2026-02-06 20:03:39,792 [INFO] CADModel:105 - Init CAD model plugin
2026-02-06 20:03:39,792 [INFO] PluginManage:359 - Loaded plugin cadmodel (category:power,tabindex:5)
2026-02-06 20:03:39,792 [INFO] PluginManage:310 - Check plugin clock
2026-02-06 20:03:39,824 [INFO] PluginManage:359 - Loaded plugin clock (category:base,tabindex:2)
2026-02-06 20:03:39,825 [INFO] PluginManage:310 - Check plugin ddr
2026-02-06 20:03:39,828 [INFO] PluginManage:359 - Loaded plugin ddr (category:tool,tabindex:6)
2026-02-06 20:03:39,828 [INFO] PluginManage:310 - Check plugin filemanager
2026-02-06 20:03:40,016 [INFO] PluginManage:359 - Loaded plugin filemanager (category:base,tabindex:10)
2026-02-06 20:03:40,016 [INFO] PluginManage:310 - Check plugin ipmanager
2026-02-06 20:03:40,026 [INFO] PluginManage:359 - Loaded plugin ipmanager (category:base,tabindex:5)
2026-02-06 20:03:40,026 [INFO] PluginManage:310 - Check plugin lpbam
2026-02-06 20:03:40,053 [INFO] PluginManage:359 - Loaded plugin lpbam (category:base,tabindex:0)
2026-02-06 20:03:40,053 [INFO] PluginManage:310 - Check plugin memorymap
2026-02-06 20:03:40,091 [INFO] PluginManage:359 - Loaded plugin memorymap (category:base,tabindex:4)
2026-02-06 20:03:40,092 [INFO] PluginManage:310 - Check plugin pinoutandconfiguration
2026-02-06 20:03:40,119 [INFO] PluginManage:359 - Loaded plugin pinoutandconfiguration (category:base,tabindex:1)
2026-02-06 20:03:40,119 [INFO] PluginManage:310 - Check plugin pinoutconfig
2026-02-06 20:03:40,240 [WARN] SupportedApi:132 - Cannot load RTOS API schema: s4s-elt-must-match.1: The content of 'definitions' must match (annotation?, (simpleType | complexType)?, (unique | key | keyref)*)). A problem was found starting at: attribute.
2026-02-06 20:03:40,394 [INFO] PluginManage:359 - Loaded plugin pinoutconfig (category:base,tabindex:0)
2026-02-06 20:03:40,394 [INFO] PluginManage:310 - Check plugin power
2026-02-06 20:03:40,426 [INFO] PluginManage:359 - Loaded plugin power (category:power,tabindex:4)
2026-02-06 20:03:40,426 [INFO] PluginManage:310 - Check plugin projectmanager
2026-02-06 20:03:40,442 [INFO] PluginManage:359 - Loaded plugin projectmanager (category:projectmanager,tabindex:4)
2026-02-06 20:03:40,442 [INFO] PluginManage:310 - Check plugin rif
2026-02-06 20:03:40,467 [INFO] PluginManage:359 - Loaded plugin rif (category:base,tabindex:3)
2026-02-06 20:03:40,467 [INFO] PluginManage:310 - Check plugin thirdparty
2026-02-06 20:03:40,906 [INFO] PluginManage:359 - Loaded plugin thirdparty (category:base,tabindex:-1)
2026-02-06 20:03:40,906 [INFO] PluginManage:310 - Check plugin tools
2026-02-06 20:03:40,906 [WARN] IntegrityCheckThread:84 - waiting for thirdparty lock release [integrity check]
2026-02-06 20:03:40,906 [INFO] IntegrityCheckThread:86 - entering critical section [integrity check]
2026-02-06 20:03:40,907 [INFO] ThirdPartyUpdaterWithRetryManager:70 - Updater plugin not ready yet. [1/15]
2026-02-06 20:03:40,975 [INFO] PluginManage:359 - Loaded plugin tools (category:base,tabindex:7)
2026-02-06 20:03:40,975 [INFO] PluginManage:310 - Check plugin tutovideos
2026-02-06 20:03:41,275 [INFO] PluginManage:359 - Loaded plugin tutovideos (category:base,tabindex:-1)
2026-02-06 20:03:41,275 [INFO] PluginManage:310 - Check plugin updater
2026-02-06 20:03:41,301 [INFO] PluginManage:359 - Loaded plugin updater (category:base,tabindex:12)
2026-02-06 20:03:41,302 [INFO] PluginManage:310 - Check plugin userauth
2026-02-06 20:03:41,306 [INFO] UserAuth:118 - Init User Auth plugin
2026-02-06 20:03:41,307 [INFO] PluginManage:359 - Loaded plugin userauth (category:base,tabindex:14)
2026-02-06 20:03:41,307 [INFO] PluginManage:283 - PluginManage : Loaded plugins [18]
2026-02-06 20:03:41,586 [INFO] PinOutPanel:1589 - setPackage(No Configuration,No Configuration)
2026-02-06 20:03:41,710 [INFO] CADModel:165 - CPN selected for project level
2026-02-06 20:03:41,711 [INFO] CADModel:114 - Register for checkConnection events
2026-02-06 20:03:41,756 [INFO] IPUIPlugin:80 - create IPUIPlugin
2026-02-06 20:03:41,756 [INFO] PluginManager:220 - loadIPPluginJar : add adc
2026-02-06 20:03:41,825 [INFO] IPUIPlugin:80 - create IPUIPlugin
2026-02-06 20:03:41,826 [INFO] PluginManager:220 - loadIPPluginJar : add aes
2026-02-06 20:03:41,906 [INFO] IPUIPlugin:80 - create IPUIPlugin
2026-02-06 20:03:41,906 [INFO] PluginManager:220 - loadIPPluginJar : add can
2026-02-06 20:03:41,965 [INFO] IPUIPlugin:80 - create IPUIPlugin
2026-02-06 20:03:41,965 [INFO] PluginManager:220 - loadIPPluginJar : add comp
2026-02-06 20:03:42,030 [INFO] IPUIPlugin:80 - create IPUIPlugin
2026-02-06 20:03:42,031 [INFO] PluginManager:220 - loadIPPluginJar : add cryp
2026-02-06 20:03:42,053 [INFO] IPUIPlugin:80 - create IPUIPlugin
2026-02-06 20:03:42,053 [INFO] PluginManager:220 - loadIPPluginJar : add ddr_ctrl_phy
2026-02-06 20:03:42,115 [INFO] IPUIPlugin:80 - create IPUIPlugin
2026-02-06 20:03:42,116 [INFO] PluginManager:220 - loadIPPluginJar : add dfsdm
2026-02-06 20:03:42,138 [INFO] IPUIPlugin:80 - create IPUIPlugin
2026-02-06 20:03:42,139 [INFO] PluginManager:220 - loadIPPluginJar : add dma
2026-02-06 20:03:42,214 [INFO] IPUIPlugin:80 - create IPUIPlugin
2026-02-06 20:03:42,215 [INFO] PluginManager:220 - loadIPPluginJar : add dma3
2026-02-06 20:03:42,295 [INFO] IPUIPlugin:80 - create IPUIPlugin
2026-02-06 20:03:42,296 [INFO] PluginManager:220 - loadIPPluginJar : add extmemmanager
2026-02-06 20:03:42,338 [INFO] IPUIPlugin:80 - create IPUIPlugin
2026-02-06 20:03:42,338 [INFO] PluginManager:220 - loadIPPluginJar : add fatfs
2026-02-06 20:03:42,421 [INFO] IPUIPlugin:80 - create IPUIPlugin
2026-02-06 20:03:42,421 [INFO] PluginManager:220 - loadIPPluginJar : add fmc
2026-02-06 20:03:42,444 [INFO] IPUIPlugin:80 - create IPUIPlugin
2026-02-06 20:03:42,445 [INFO] PluginManager:220 - loadIPPluginJar : add freertos
2026-02-06 20:03:42,486 [INFO] IPUIPlugin:80 - create IPUIPlugin
2026-02-06 20:03:42,486 [INFO] PluginManager:220 - loadIPPluginJar : add genericplugin
2026-02-06 20:03:42,662 [INFO] IPUIPlugin:80 - create IPUIPlugin
2026-02-06 20:03:42,662 [INFO] PluginManager:220 - loadIPPluginJar : add gfxmmu
2026-02-06 20:03:42,923 [INFO] IPUIPlugin:80 - create IPUIPlugin
2026-02-06 20:03:42,924 [INFO] PluginManager:220 - loadIPPluginJar : add gic
2026-02-06 20:03:42,953 [INFO] IPUIPlugin:80 - create IPUIPlugin
2026-02-06 20:03:42,953 [INFO] PluginManager:220 - loadIPPluginJar : add gpio
2026-02-06 20:03:43,158 [INFO] IPUIPlugin:80 - create IPUIPlugin
2026-02-06 20:03:43,158 [INFO] PluginManager:220 - loadIPPluginJar : add gtzc
2026-02-06 20:03:43,223 [INFO] IPUIPlugin:80 - create IPUIPlugin
2026-02-06 20:03:43,223 [INFO] PluginManager:220 - loadIPPluginJar : add hash
2026-02-06 20:03:43,327 [INFO] IPUIPlugin:80 - create IPUIPlugin
2026-02-06 20:03:43,327 [INFO] PluginManager:220 - loadIPPluginJar : add i2c
2026-02-06 20:03:43,399 [INFO] IPUIPlugin:80 - create IPUIPlugin
2026-02-06 20:03:43,399 [INFO] PluginManager:220 - loadIPPluginJar : add i2s
2026-02-06 20:03:43,473 [INFO] IPUIPlugin:80 - create IPUIPlugin
2026-02-06 20:03:43,473 [INFO] PluginManager:220 - loadIPPluginJar : add i3c
2026-02-06 20:03:43,639 [INFO] IPUIPlugin:80 - create IPUIPlugin
2026-02-06 20:03:43,639 [INFO] PluginManager:220 - loadIPPluginJar : add ipddr
2026-02-06 20:03:43,808 [INFO] IPUIPlugin:80 - create IPUIPlugin
2026-02-06 20:03:43,808 [INFO] PluginManager:220 - loadIPPluginJar : add linkedlist
2026-02-06 20:03:43,877 [INFO] IPUIPlugin:80 - create IPUIPlugin
2026-02-06 20:03:43,877 [INFO] PluginManager:220 - loadIPPluginJar : add lorawan
2026-02-06 20:03:43,908 [INFO] ThirdPartyUpdaterWithRetryManager:70 - Updater plugin not ready yet. [2/15]
2026-02-06 20:03:43,945 [INFO] IPUIPlugin:80 - create IPUIPlugin
2026-02-06 20:03:43,945 [INFO] PluginManager:220 - loadIPPluginJar : add ltdc
2026-02-06 20:03:43,970 [INFO] IPUIPlugin:80 - create IPUIPlugin
2026-02-06 20:03:43,970 [INFO] PluginManager:220 - loadIPPluginJar : add mdma
2026-02-06 20:03:43,988 [INFO] IPUIPlugin:80 - create IPUIPlugin
2026-02-06 20:03:43,989 [INFO] PluginManager:220 - loadIPPluginJar : add nvic
2026-02-06 20:03:44,061 [INFO] IPUIPlugin:80 - create IPUIPlugin
2026-02-06 20:03:44,061 [INFO] PluginManager:220 - loadIPPluginJar : add opamp
2026-02-06 20:03:44,178 [INFO] IPUIPlugin:80 - create IPUIPlugin
2026-02-06 20:03:44,178 [INFO] PluginManager:220 - loadIPPluginJar : add openamp
2026-02-06 20:03:44,258 [INFO] IPUIPlugin:80 - create IPUIPlugin
2026-02-06 20:03:44,258 [INFO] PluginManager:220 - loadIPPluginJar : add pdm2pcm
2026-02-06 20:03:44,280 [INFO] IPUIPlugin:80 - create IPUIPlugin
2026-02-06 20:03:44,284 [INFO] PluginManager:220 - loadIPPluginJar : add plateformsettings
2026-02-06 20:03:44,334 [INFO] IPUIPlugin:80 - create IPUIPlugin
2026-02-06 20:03:44,334 [INFO] PluginManager:220 - loadIPPluginJar : add quadspi
2026-02-06 20:03:44,385 [INFO] IPUIPlugin:80 - create IPUIPlugin
2026-02-06 20:03:44,386 [INFO] PluginManager:220 - loadIPPluginJar : add radio
2026-02-06 20:03:44,406 [INFO] IPUIPlugin:80 - create IPUIPlugin
2026-02-06 20:03:44,406 [INFO] PluginManager:220 - loadIPPluginJar : add resmgrutility
2026-02-06 20:03:44,519 [INFO] IPUIPlugin:80 - create IPUIPlugin
2026-02-06 20:03:44,520 [INFO] PluginManager:220 - loadIPPluginJar : add sai
2026-02-06 20:03:44,609 [INFO] IPUIPlugin:80 - create IPUIPlugin
2026-02-06 20:03:44,610 [INFO] PluginManager:220 - loadIPPluginJar : add spi
2026-02-06 20:03:44,746 [INFO] IPUIPlugin:80 - create IPUIPlugin
2026-02-06 20:03:44,746 [INFO] PluginManager:220 - loadIPPluginJar : add stm32_wpan
2026-02-06 20:03:44,796 [INFO] IPUIPlugin:80 - create IPUIPlugin
2026-02-06 20:03:44,796 [INFO] PluginManager:220 - loadIPPluginJar : add tim
2026-02-06 20:03:44,906 [INFO] IPUIPlugin:80 - create IPUIPlugin
2026-02-06 20:03:44,906 [INFO] PluginManager:220 - loadIPPluginJar : add touchsensing
2026-02-06 20:03:44,946 [INFO] IPUIPlugin:80 - create IPUIPlugin
2026-02-06 20:03:44,946 [INFO] PluginManager:220 - loadIPPluginJar : add tracer_emb
2026-02-06 20:03:44,996 [INFO] IPUIPlugin:80 - create IPUIPlugin
2026-02-06 20:03:44,997 [INFO] PluginManager:220 - loadIPPluginJar : add ts
2026-02-06 20:03:45,050 [INFO] IPUIPlugin:80 - create IPUIPlugin
2026-02-06 20:03:45,050 [INFO] PluginManager:220 - loadIPPluginJar : add tsc
2026-02-06 20:03:45,099 [INFO] IPUIPlugin:80 - create IPUIPlugin
2026-02-06 20:03:45,099 [INFO] PluginManager:220 - loadIPPluginJar : add ucpd
2026-02-06 20:03:45,186 [INFO] IPUIPlugin:80 - create IPUIPlugin
2026-02-06 20:03:45,186 [INFO] PluginManager:220 - loadIPPluginJar : add usart
2026-02-06 20:03:45,280 [INFO] IPUIPlugin:80 - create IPUIPlugin
2026-02-06 20:03:45,281 [INFO] PluginManager:220 - loadIPPluginJar : add usbx
2026-02-06 20:03:45,429 [FATAL] Updater:351 - Updater called before beeing initialized
2026-02-06 20:03:45,475 [INFO] RulesReader:64 - Compatibility file has been processed (317 Rules)
2026-02-06 20:03:45,487 [INFO] RulesReader:64 - Compatibility file has been processed (317 Rules)
2026-02-06 20:03:45,502 [INFO] CADModel:165 - CPN selected for project level
2026-02-06 20:03:45,502 [INFO] CADModel:114 - Register for checkConnection events
2026-02-06 20:03:45,502 [FATAL] Updater:351 - Updater called before beeing initialized
2026-02-06 20:03:45,502 [ERROR] CADModel:125 - Updater not yet initialized, retry later 
2026-02-06 20:03:45,723 [FATAL] Updater:351 - Updater called before beeing initialized
2026-02-06 20:03:45,731 [INFO] CADModel:165 - CPN selected for project level
2026-02-06 20:03:45,731 [INFO] CADModel:114 - Register for checkConnection events
2026-02-06 20:03:45,731 [FATAL] Updater:351 - Updater called before beeing initialized
2026-02-06 20:03:45,731 [ERROR] CADModel:125 - Updater not yet initialized, retry later 
2026-02-06 20:03:45,741 [FATAL] Updater:351 - Updater called before beeing initialized
2026-02-06 20:03:45,999 [FATAL] Updater:351 - Updater called before beeing initialized
2026-02-06 20:03:46,018 [INFO] DbMcusAds:53 - JSON generation date=Thu Oct 02 11:36:05 CEST 2025 (1759397765645)
2026-02-06 20:03:46,018 [FATAL] Updater:351 - Updater called before beeing initialized
2026-02-06 20:03:46,156 [WARN] DetailPanel:346 - Failed to get advertising image, set to default
2026-02-06 20:03:46,258 [FATAL] Updater:351 - Updater called before beeing initialized
2026-02-06 20:03:46,260 [FATAL] Updater:351 - Updater called before beeing initialized
2026-02-06 20:03:46,260 [FATAL] Updater:351 - Updater called before beeing initialized
2026-02-06 20:03:46,260 [WARN] DetailPanel:346 - Failed to get advertising image, set to default
2026-02-06 20:03:46,261 [FATAL] Updater:351 - Updater called before beeing initialized
2026-02-06 20:03:46,340 [ERROR] Updater:1198 - MainUpdater not yet initialized. External WinMGr cannot be set.
2026-02-06 20:03:46,357 [INFO] Updater:1134 - Updater Version found : 6.15.0
2026-02-06 20:03:46,380 [INFO] ApplicationProperties:184 - Using Application install path: D:\Programy\STM32CubeIDE_1.19.0\STM32CubeIDE\plugins\com.st.stm32cube.common.mx_6.15.0.202507011659
2026-02-06 20:03:46,909 [INFO] ThirdPartyUpdaterWithRetryManager:70 - Updater plugin not ready yet. [3/15]
2026-02-06 20:03:47,970 [ERROR] LogOutputStream:75 - [STDERR_REDIRECT] Feb 06, 2026 8:03:47 PM java.util.prefs.WindowsPreferences <init>
2026-02-06 20:03:47,971 [ERROR] LogOutputStream:75 - [STDERR_REDIRECT] WARNING: Could not open/create prefs root node Software\JavaSoft\Prefs at root 0xffffffff80000002. Windows RegCreateKeyEx(...) returned error code 5.
2026-02-06 20:03:47,971 [ERROR] LogOutputStream:75 - [STDERR_REDIRECT] 
2026-02-06 20:03:48,545 [INFO] MainUpdater:2872 - connection check result : 10
2026-02-06 20:03:48,546 [INFO] MainUpdater:289 - Updater Check For Update Now.
2026-02-06 20:03:48,546 [INFO] MicroXplorer:498 - Change Database Version : DB.6.0.150
2026-02-06 20:03:48,583 [INFO] McuFinderGlobals:63 - Set McuFinder mode to 2 (CubeIDE integrated)
2026-02-06 20:03:48,606 [INFO] UserAuth:487 - Internet connection configuration mode: 1
2026-02-06 20:03:48,663 [INFO] JxBrowserEngine:152 - Initiate JxBrowser Engine with user profile folder
2026-02-06 20:03:48,848 [INFO] CheckServerUpdateThread:120 - End of CheckServer Thread
2026-02-06 20:03:50,689 [WARN] PackLoader:240 - Cannot read IP mode file for STMicroelectronics.FP-SNS-MOTENVWB1.1.4.0
2026-02-06 20:03:50,734 [WARN] PackLoader:240 - Cannot read IP mode file for STMicroelectronics.FP-ATR-ASTRA1.2.0.2
2026-02-06 20:03:50,770 [WARN] PackLoader:240 - Cannot read IP mode file for STMicroelectronics.X-CUBE-SMBUS.2.1.0
2026-02-06 20:03:50,795 [WARN] PackLoader:240 - Cannot read IP mode file for STMicroelectronics.X-CUBE-ST60.1.0.0
2026-02-06 20:03:50,866 [WARN] PackLoader:240 - Cannot read IP mode file for STMicroelectronics.X-CUBE-AZRTOS-F7.1.1.0
2026-02-06 20:03:50,912 [WARN] PackLoader:240 - Cannot read IP mode file for STMicroelectronics.X-CUBE-BLE1.6.2.4
2026-02-06 20:03:50,949 [WARN] PackLoader:240 - Cannot read IP mode file for STMicroelectronics.FP-SNS-MOTENV1.5.1.0
2026-02-06 20:03:50,966 [INFO] WebApp:169 - Instantiating new browser for Auth
2026-02-06 20:03:50,992 [WARN] PackLoader:240 - Cannot read IP mode file for WES.I-CUBE-Cesium.1.4.0
2026-02-06 20:03:51,112 [WARN] PackLoader:240 - Cannot read IP mode file for Infineon.AIROC-Wi-Fi-Bluetooth-STM32.1.7.1
2026-02-06 20:03:51,219 [WARN] PackLoader:240 - Cannot read IP mode file for STMicroelectronics.X-CUBE-AZRTOS-H7.3.4.0
2026-02-06 20:03:51,264 [WARN] PackLoader:240 - Cannot read IP mode file for STMicroelectronics.X-CUBE-DISPLAY.3.0.0
2026-02-06 20:03:51,318 [WARN] PackLoader:240 - Cannot read IP mode file for STMicroelectronics.X-CUBE-NFC10.1.0.0
2026-02-06 20:03:51,358 [WARN] PackLoader:240 - Cannot read IP mode file for STMicroelectronics.X-CUBE-ST60.1.1.0
2026-02-06 20:03:51,401 [WARN] PackLoader:240 - Cannot read IP mode file for emotas.I-CUBE-CANOPEN.1.3.0
2026-02-06 20:03:51,439 [WARN] PackLoader:240 - Cannot read IP mode file for STMicroelectronics.X-CUBE-GNSS1.7.1.0
2026-02-06 20:03:51,486 [WARN] PackLoader:240 - Cannot read IP mode file for STMicroelectronics.FP-SNS-STBOX1.2.1.0
2026-02-06 20:03:51,518 [WARN] PackLoader:240 - Cannot read IP mode file for STMicroelectronics.FP-SNS-SMARTAG2.1.2.0
2026-02-06 20:03:51,554 [WARN] PackLoader:240 - Cannot read IP mode file for STMicroelectronics.FP-SNS-FLIGHT1.5.1.0
2026-02-06 20:03:51,591 [INFO] LogOutputStream:77 - [STDOUT_REDIRECT] 1 : Invalid condition id : UX_CORESTACK_Condition cause : null
2026-02-06 20:03:51,592 [INFO] LogOutputStream:77 - [STDOUT_REDIRECT] 1 : Invalid condition id : UX_CORESTACK_Condition cause : null
2026-02-06 20:03:51,593 [INFO] LogOutputStream:77 - [STDOUT_REDIRECT] 1 : Invalid condition id : UX_CORESTACK_Condition cause : null
2026-02-06 20:03:51,595 [INFO] LogOutputStream:77 - [STDOUT_REDIRECT] 1 : Invalid condition id : UX_CORESTACK_Condition cause : null
2026-02-06 20:03:51,598 [INFO] LogOutputStream:77 - [STDOUT_REDIRECT] 1 : Invalid condition id : UX_CORESTACK_Condition cause : null
2026-02-06 20:03:51,603 [WARN] PackLoader:240 - Cannot read IP mode file for STMicroelectronics.X-CUBE-AZRTOS-WL.2.0.0
2026-02-06 20:03:51,638 [WARN] PackLoader:240 - Cannot read IP mode file for STMicroelectronics.FP-SNS-MOTENV1.5.0.0
2026-02-06 20:03:51,698 [WARN] PackLoader:240 - Cannot read IP mode file for STMicroelectronics.X-CUBE-AZRTOS-H7RS.1.2.0
2026-02-06 20:03:51,760 [WARN] PackLoader:240 - Cannot read IP mode file for STMicroelectronics.X-CUBE-BLE2.3.3.0
2026-02-06 20:03:51,906 [WARN] PackLoader:240 - Cannot read IP mode file for STMicroelectronics.X-CUBE-TOF1.3.2.0
2026-02-06 20:03:52,062 [WARN] PackLoader:240 - Cannot read IP mode file for STMicroelectronics.X-CUBE-NFC9.1.0.0
2026-02-06 20:03:52,097 [WARN] PackLoader:240 - Cannot read IP mode file for wolfSSL.I-CUBE-wolfSSL.5.8.2
2026-02-06 20:03:52,129 [WARN] PackLoader:240 - Cannot read IP mode file for STMicroelectronics.X-CUBE-BLE1.7.1.0
2026-02-06 20:03:52,165 [WARN] PackLoader:240 - Cannot read IP mode file for wolfSSL.I-CUBE-wolfMQTT.1.19.2
2026-02-06 20:03:52,258 [WARN] PackLoader:240 - Cannot read IP mode file for STMicroelectronics.X-CUBE-FREERTOS.1.4.0
2026-02-06 20:03:52,304 [WARN] PackLoader:240 - Cannot read IP mode file for STMicroelectronics.X-CUBE-EEPRMA1.5.2.0
2026-02-06 20:03:52,358 [WARN] PackLoader:240 - Cannot read IP mode file for STMicroelectronics.X-CUBE-TOUCHGFX.4.21.1
2026-02-06 20:03:52,390 [WARN] PackLoader:240 - Cannot read IP mode file for STMicroelectronics.X-CUBE-ST67W61.1.1.0
2026-02-06 20:03:52,452 [INFO] WebApp:463 - Apply proxy settings
2026-02-06 20:03:52,453 [INFO] WebApp:548 - Chromium requires no authentication
2026-02-06 20:03:52,475 [INFO] WebApp:491 - Direct internet connection detected
2026-02-06 20:03:52,502 [WARN] PackLoader:240 - Cannot read IP mode file for STMicroelectronics.X-CUBE-MEMS1.12.0.0
2026-02-06 20:03:52,526 [INFO] WebApp:900 - Register for checkConnection events
2026-02-06 20:03:52,528 [INFO] WebApp:463 - Apply proxy settings
2026-02-06 20:03:52,528 [INFO] WebApp:548 - Chromium requires no authentication
2026-02-06 20:03:52,529 [INFO] WebApp:491 - Direct internet connection detected
2026-02-06 20:03:52,654 [WARN] PackLoader:240 - Cannot read IP mode file for STMicroelectronics.X-CUBE-ALGOBUILD.1.3.0
2026-02-06 20:03:52,752 [WARN] PackLoader:240 - Cannot read IP mode file for STMicroelectronics.X-CUBE-AZRTOS-G0.1.1.0
2026-02-06 20:03:52,831 [WARN] PackLoader:240 - Cannot read IP mode file for STMicroelectronics.X-CUBE-SAFEA1.1.2.2
2026-02-06 20:03:52,891 [INFO] WebApp:191 - Connection restablished
2026-02-06 20:03:52,978 [WARN] PackLoader:240 - Cannot read IP mode file for STMicroelectronics.X-CUBE-NFC4.3.0.0
2026-02-06 20:03:53,051 [WARN] PackLoader:240 - Cannot read IP mode file for EmbeddedOffice.I-CUBE-FS-RTOS.1.0.1
2026-02-06 20:03:53,142 [WARN] PackLoader:240 - Cannot read IP mode file for STMicroelectronics.X-CUBE-WB05N.2.0.0
2026-02-06 20:03:53,219 [INFO] WebApp:225 - Starting web application
2026-02-06 20:03:53,219 [INFO] WebApp:593 - Web application path used D:\Programy\STM32CubeIDE_1.19.0\STM32CubeIDE\plugins\com.st.stm32cube.common.mx_6.15.0.202507011659\db\plugins\mcufinder\reactClient1\index.html
2026-02-06 20:03:53,268 [WARN] PackLoader:240 - Cannot read IP mode file for wolfSSL.I-CUBE-wolfTPM.3.8.0
2026-02-06 20:03:53,450 [WARN] PackLoader:240 - Cannot read IP mode file for STMicroelectronics.X-CUBE-BLEMGR.1.3.0
2026-02-06 20:03:53,613 [WARN] PackLoader:240 - Cannot read IP mode file for STMicroelectronics.X-CUBE-TCPP.4.2.0
2026-02-06 20:03:53,680 [WARN] PackLoader:240 - Cannot read IP mode file for RealThread.X-CUBE-RT-Thread_Nano.4.1.1
2026-02-06 20:03:53,726 [WARN] PackLoader:240 - Cannot read IP mode file for STMicroelectronics.FP-ATR-SIGFOX1.3.2.0
2026-02-06 20:03:53,791 [WARN] PackLoader:240 - Cannot read IP mode file for ITTIA_DB.I-CUBE-ITTIADB.8.9.0
2026-02-06 20:03:53,878 [INFO] UserAuth:487 - Internet connection configuration mode: 1
2026-02-06 20:03:53,964 [WARN] PackLoader:240 - Cannot read IP mode file for STMicroelectronics.X-CUBE-NFC6.3.2.0
2026-02-06 20:03:54,108 [WARN] PackLoader:240 - Cannot read IP mode file for STMicroelectronics.X-CUBE-MEMS1.9.5.0
2026-02-06 20:03:54,753 [WARN] PackLoader:240 - Cannot read IP mode file for STMicroelectronics.X-CUBE-ST67W61.1.0.0
2026-02-06 20:03:54,801 [WARN] PackLoader:240 - Cannot read IP mode file for STMicroelectronics.X-CUBE-AI.10.2.0
2026-02-06 20:03:54,950 [WARN] PackLoader:240 - Cannot read IP mode file for SEGGER.I-CUBE-embOS.1.3.1
2026-02-06 20:03:55,039 [WARN] PackLoader:240 - Cannot read IP mode file for STMicroelectronics.X-CUBE-ALGOBUILD.1.4.0
2026-02-06 20:03:55,168 [WARN] PackLoader:240 - Cannot read IP mode file for STMicroelectronics.X-CUBE-MEMS1.11.3.0
2026-02-06 20:03:55,306 [WARN] PackLoader:240 - Cannot read IP mode file for STMicroelectronics.X-CUBE-PM33A1.1.0.0
2026-02-06 20:03:55,337 [WARN] PackLoader:240 - Cannot read IP mode file for STMicroelectronics.X-CUBE-GNSS1.6.0.0
2026-02-06 20:03:55,393 [WARN] PackLoader:240 - Cannot read IP mode file for STMicroelectronics.X-CUBE-AZRTOS-F4.1.1.0
2026-02-06 20:03:55,431 [WARN] PackLoader:240 - Cannot read IP mode file for Avnet-IotConnect.X-CUBE-IoTC-DA16k-PMOD.1.0.0
2026-02-06 20:03:55,463 [WARN] PackLoader:240 - Cannot read IP mode file for STMicroelectronics.X-CUBE-ISPU.2.1.0
2026-02-06 20:03:55,519 [WARN] PackLoader:240 - Cannot read IP mode file for STMicroelectronics.X-CUBE-IPS.3.2.0
2026-02-06 20:03:55,569 [WARN] PackLoader:240 - Cannot read IP mode file for STMicroelectronics.X-CUBE-NFC12.1.0.0
2026-02-06 20:03:55,619 [WARN] PackLoader:240 - Cannot read IP mode file for STMicroelectronics.X-CUBE-AZRTOS-L5.2.0.0
2026-02-06 20:03:55,658 [WARN] PackLoader:240 - Cannot read IP mode file for STMicroelectronics.X-CUBE-NFC6.3.1.0
2026-02-06 20:03:55,697 [WARN] PackLoader:240 - Cannot read IP mode file for emotas.I-CUBE-CANOPEN.1.1.3
2026-02-06 20:03:55,726 [WARN] PackLoader:240 - Cannot read IP mode file for wolfSSL.I-CUBE-wolfSSL.5.5.4
2026-02-06 20:03:55,756 [WARN] PackLoader:240 - Cannot read IP mode file for STMicroelectronics.X-CUBE-FREERTOS.1.3.1
2026-02-06 20:03:55,786 [WARN] PackLoader:240 - Cannot read IP mode file for STMicroelectronics.X-CUBE-NFC7.1.0.0
2026-02-06 20:03:55,826 [WARN] PackLoader:240 - Cannot read IP mode file for STMicroelectronics.X-CUBE-TOUCHGFX.4.26.0
2026-02-06 20:03:55,857 [WARN] PackLoader:240 - Cannot read IP mode file for STMicroelectronics.X-CUBE-EEPRMA1.4.1.0
2026-02-06 20:03:55,884 [WARN] PackLoader:240 - Cannot read IP mode file for STMicroelectronics.FP-SNS-STAIOTCFT.1.0.0
2026-02-06 20:03:55,909 [WARN] PackLoader:240 - Cannot read IP mode file for STMicroelectronics.X-CUBE-DPower.1.3.0
2026-02-06 20:03:55,949 [WARN] ConditionMgr:438 - getConditionDescription Invalid condition id : LAN8742 Phy interface Condition cause : null
2026-02-06 20:03:55,950 [WARN] PackLoader:240 - Cannot read IP mode file for STMicroelectronics.X-CUBE-AZRTOS-L4.2.0.0
2026-02-06 20:03:55,952 [WARN] ConditionMgr:1044 - genDependencies : Invalid condition id : LAN8742 Phy interface Condition cause : null
2026-02-06 20:03:55,953 [WARN] ConditionMgr:1044 - genDependencies : Invalid condition id : LAN8742 Phy interface Condition cause : null
2026-02-06 20:03:55,953 [WARN] ConditionMgr:1044 - genDependencies : Invalid condition id : LAN8742 Phy interface Condition cause : null
2026-02-06 20:03:55,976 [WARN] PackLoader:240 - Cannot read IP mode file for STMicroelectronics.X-CUBE-SFXS2LP1.4.0.0
2026-02-06 20:03:56,013 [WARN] PackLoader:240 - Cannot read IP mode file for STMicroelectronics.X-CUBE-AZRTOS-H7.3.0.0
2026-02-06 20:03:56,039 [WARN] PackLoader:240 - Cannot read IP mode file for STMicroelectronics.X-CUBE-ST67W61.1.2.0
2026-02-06 20:03:56,065 [WARN] PackLoader:240 - Cannot read IP mode file for STMicroelectronics.X-CUBE-ISPU.1.1.0
2026-02-06 20:03:56,098 [WARN] PackLoader:240 - Cannot read IP mode file for RoweBots.I-CUBE-UNISONRTOS.5.5.0-4
2026-02-06 20:03:56,130 [WARN] PackLoader:240 - Cannot read IP mode file for STMicroelectronics.X-CUBE-BLEMGR.4.1.0
2026-02-06 20:03:56,156 [WARN] PackLoader:240 - Cannot read IP mode file for STMicroelectronics.X-CUBE-AI.8.0.0
2026-02-06 20:03:56,188 [WARN] ConditionMgr:438 - getConditionDescription Invalid condition id : UX DEVICE CLASS RTOS Condition cause : null
2026-02-06 20:03:56,188 [WARN] ConditionMgr:438 - getConditionDescription Invalid condition id : UX DEVICE CLASS RTOS Condition cause : null
2026-02-06 20:03:56,189 [WARN] PackLoader:240 - Cannot read IP mode file for STMicroelectronics.X-CUBE-AZRTOS-WB.2.0.0
2026-02-06 20:03:56,190 [WARN] ConditionMgr:1044 - genDependencies : Invalid condition id : UX DEVICE CLASS RTOS Condition cause : null
2026-02-06 20:03:56,190 [WARN] ConditionMgr:1044 - genDependencies : Invalid condition id : UX DEVICE CLASS RTOS Condition cause : null
2026-02-06 20:03:56,190 [WARN] ConditionMgr:1044 - genDependencies : Invalid condition id : UX DEVICE CLASS RTOS Condition cause : null
2026-02-06 20:03:56,190 [WARN] ConditionMgr:1044 - genDependencies : Invalid condition id : UX DEVICE CLASS RTOS Condition cause : null
2026-02-06 20:03:56,191 [WARN] ConditionMgr:1044 - genDependencies : Invalid condition id : UX DEVICE CLASS RTOS Condition cause : null
2026-02-06 20:03:56,218 [WARN] PackLoader:240 - Cannot read IP mode file for STMicroelectronics.X-CUBE-GNSS1.7.0.1
2026-02-06 20:03:56,244 [WARN] PackLoader:240 - Cannot read IP mode file for STMicroelectronics.X-CUBE-TOUCHGFX.4.25.0
2026-02-06 20:03:56,266 [WARN] ConditionMgr:438 - getConditionDescription Invalid condition id : Cortex-A Device cause : null
2026-02-06 20:03:56,298 [WARN] ConditionMgr:1044 - genDependencies : Invalid condition id : Cortex-A Device cause : null
2026-02-06 20:03:56,298 [WARN] ConditionMgr:1044 - genDependencies : Invalid condition id : Cortex-A Device cause : null
2026-02-06 20:03:56,299 [WARN] ConditionMgr:1044 - genDependencies : Invalid condition id : Cortex-A Device cause : null
2026-02-06 20:03:56,326 [WARN] PackLoader:240 - Cannot read IP mode file for STMicroelectronics.X-CUBE-STSE01.2.0.0
2026-02-06 20:03:56,365 [WARN] PackLoader:240 - Cannot read IP mode file for STMicroelectronics.X-CUBE-AZRTOS-L5.1.1.0
2026-02-06 20:03:56,398 [WARN] PackLoader:240 - Cannot read IP mode file for STMicroelectronics.X-CUBE-SUBG2.5.0.0
2026-02-06 20:03:56,454 [WARN] PackLoader:240 - Cannot read IP mode file for STMicroelectronics.X-CUBE-AZRTOS-H7RS.1.1.0
2026-02-06 20:03:56,483 [WARN] PackLoader:240 - Cannot read IP mode file for Cesanta.I-CUBE-Mongoose.7.13.0
2026-02-06 20:03:56,524 [WARN] PackLoader:240 - Cannot read IP mode file for STMicroelectronics.X-CUBE-AZRTOS-G4.2.0.0
2026-02-06 20:03:56,876 [WARN] PackLoader:240 - Cannot read IP mode file for STMicroelectronics.FP-ATR-ASTRA1.1.1.1
2026-02-06 20:03:56,907 [WARN] PackLoader:240 - Cannot read IP mode file for wolfSSL.I-CUBE-wolfSSH.1.4.20
2026-02-06 20:03:56,938 [WARN] PackLoader:240 - Cannot read IP mode file for STMicroelectronics.X-CUBE-NFC7.2.0.0
2026-02-06 20:03:56,979 [WARN] PackLoader:240 - Cannot read IP mode file for STMicroelectronics.X-CUBE-AZRTOS-G4.1.0.0
2026-02-06 20:03:57,032 [WARN] PackLoader:240 - Cannot read IP mode file for STMicroelectronics.X-CUBE-AZRTOS-L4.1.0.0
2026-02-06 20:03:57,071 [WARN] PackLoader:240 - Cannot read IP mode file for STMicroelectronics.X-CUBE-IPS.3.1.0
2026-02-06 20:03:57,111 [WARN] PackLoader:240 - Cannot read IP mode file for STMicroelectronics.X-CUBE-ALS.1.0.2
2026-02-06 20:03:57,151 [WARN] PackLoader:240 - Cannot read IP mode file for STMicroelectronics.X-CUBE-AZRTOS-WL.1.0.0
2026-02-06 20:03:57,184 [WARN] PackLoader:240 - Cannot read IP mode file for STMicroelectronics.X-CUBE-STSE01.1.0.0
2026-02-06 20:03:57,219 [WARN] PackLoader:240 - Cannot read IP mode file for portGmbH.I-Cube-SoM-uGOAL.1.1.0
2026-02-06 20:03:57,245 [WARN] PackLoader:240 - Cannot read IP mode file for STMicroelectronics.X-CUBE-ALS.1.0.1
2026-02-06 20:03:57,297 [WARN] PackLoader:240 - Cannot read IP mode file for STMicroelectronics.X-CUBE-AZRTOS-WB.1.1.0
2026-02-06 20:03:57,381 [WARN] PackLoader:240 - Cannot read IP mode file for STMicroelectronics.X-CUBE-TOF1.3.4.3
2026-02-06 20:03:57,391 [INFO] ThirdParty:978 - Integrity check success = true
2026-02-06 20:03:57,391 [INFO] IntegrityCheckThread:100 - exiting critical section [integrity check]
2026-02-06 20:03:57,391 [INFO] IntegrityCheckThread:103 - End integrity checks thread
2026-02-06 20:27:12,880 [INFO] WebApp:194 - Connection lost
2026-02-06 20:32:59,537 [INFO] WebApp:191 - Connection restablished
2026-02-06 20:33:01,980 [INFO] WebApp:194 - Connection lost
2026-02-06 20:33:02,120 [INFO] WebApp:191 - Connection restablished
2026-02-06 20:33:05,126 [INFO] WebApp:194 - Connection lost
2026-02-06 20:33:05,628 [INFO] WebApp:191 - Connection restablished
2026-02-06 20:33:09,043 [INFO] WebApp:194 - Connection lost
2026-02-06 20:33:09,186 [INFO] WebApp:191 - Connection restablished
2026-02-06 22:07:15,242 [ERROR] LogOutputStream:75 - [STDERR_REDIRECT] 
