2026-02-01 13:45:22,923 [INFO] Activator:176 - 


2026-02-01 13:45:22,928 [INFO] Activator:177 - !SESSION log4j initialized
2026-02-01 13:45:31,330 [INFO] LogOutputStream:77 - [STDOUT_REDIRECT] 
2026-02-01 13:45:39,910 [INFO] ApplicationProperties:184 - Using Application install path: D:\Programy\STM32CubeIDE_1.19.0\STM32CubeIDE\plugins\com.st.stm32cube.common.mx_6.15.0.202507011659
2026-02-01 13:45:39,930 [INFO] DbMcusXml:78 - Set database path to: D:\Programy\STM32CubeIDE_1.19.0\STM32CubeIDE\plugins\com.st.stm32cube.common.mx_6.15.0.202507011659\\db\/mcu/
2026-02-01 13:45:39,930 [INFO] ApiDb:274 - Set plugin database path to: D:\Programy\STM32CubeIDE_1.19.0\STM32CubeIDE\plugins\com.st.stm32cube.common.mx_6.15.0.202507011659\\db\/plugins/boardmanager/
2026-02-01 13:45:39,930 [WARN] ApiDb:259 - Overriding images path with different value:  => D:\Programy\STM32CubeIDE_1.19.0\STM32CubeIDE\plugins\com.st.stm32cube.common.mx_6.15.0.202507011659\\db\/plugins/mcufinder/images/
2026-02-01 13:45:39,939 [INFO] ApiDb:250 - Set database path to: C:\Users\kujon\.stmcufinder\plugins\mcufinder//mcu/
2026-02-01 13:45:39,940 [INFO] DbMcusAds:125 - Set database path to: C:\Users\kujon\.stmcufinder\plugins\mcufinder//mcu/
2026-02-01 13:45:39,943 [INFO] CrossReferenceDbSqlite:203 - Set database path to: C:\Users\kujon\.stmcufinder\plugins\mcufinder//mcu/cs/
2026-02-01 13:45:40,071 [INFO] RulesReader:64 - Compatibility file has been processed (317 Rules)
2026-02-01 13:45:40,187 [INFO] DbMcusXml:78 - Set database path to: D:\Programy\STM32CubeIDE_1.19.0\STM32CubeIDE\plugins\com.st.stm32cube.common.mx_6.15.0.202507011659\\db\/mcu/
2026-02-01 13:45:40,187 [INFO] ApiDb:274 - Set plugin database path to: D:\Programy\STM32CubeIDE_1.19.0\STM32CubeIDE\plugins\com.st.stm32cube.common.mx_6.15.0.202507011659\\db\/plugins/boardmanager/
2026-02-01 13:45:40,187 [INFO] ApiDb:261 - Set plugin images path to: D:\Programy\STM32CubeIDE_1.19.0\STM32CubeIDE\plugins\com.st.stm32cube.common.mx_6.15.0.202507011659\\db\/plugins/mcufinder/images/
2026-02-01 13:45:40,187 [WARN] DbFile:41 - Overriding database path with different value: C:\Users\kujon\.stmcufinder\plugins\mcufinder/ => C:\Users\kujon\.stmcufinder\plugins\mcufinder
2026-02-01 13:45:40,187 [INFO] ApiDb:250 - Set database path to: C:\Users\kujon\.stmcufinder\plugins\mcufinder//mcu/
2026-02-01 13:45:40,187 [WARN] DbFile:41 - Overriding database path with different value: C:\Users\kujon\.stmcufinder\plugins\mcufinder/ => C:\Users\kujon\.stmcufinder\plugins\mcufinder
2026-02-01 13:45:40,187 [INFO] DbMcusAds:125 - Set database path to: C:\Users\kujon\.stmcufinder\plugins\mcufinder//mcu/
2026-02-01 13:45:40,187 [WARN] DbFile:41 - Overriding database path with different value: C:\Users\kujon\.stmcufinder\plugins\mcufinder/ => C:\Users\kujon\.stmcufinder\plugins\mcufinder
2026-02-01 13:45:40,187 [WARN] DbFile:41 - Overriding database path with different value: C:\Users\kujon\.stmcufinder\plugins\mcufinder/ => C:\Users\kujon\.stmcufinder\plugins\mcufinder
2026-02-01 13:45:40,187 [INFO] CrossReferenceDbSqlite:203 - Set database path to: C:\Users\kujon\.stmcufinder\plugins\mcufinder//mcu/cs/
2026-02-01 13:45:40,280 [INFO] MainPanel:274 - HeapMemory: 268435456
2026-02-01 13:45:40,406 [INFO] DbMcusXml:78 - Set database path to: D:\Programy\STM32CubeIDE_1.19.0\STM32CubeIDE\plugins\com.st.stm32cube.common.mx_6.15.0.202507011659\\db\/mcu/
2026-02-01 13:45:40,407 [INFO] ApiDb:274 - Set plugin database path to: D:\Programy\STM32CubeIDE_1.19.0\STM32CubeIDE\plugins\com.st.stm32cube.common.mx_6.15.0.202507011659\\db\/plugins/boardmanager/
2026-02-01 13:45:40,407 [INFO] ApiDb:261 - Set plugin images path to: D:\Programy\STM32CubeIDE_1.19.0\STM32CubeIDE\plugins\com.st.stm32cube.common.mx_6.15.0.202507011659\\db\/plugins/mcufinder/images/
2026-02-01 13:45:40,407 [WARN] DbFile:41 - Overriding database path with different value: C:\Users\kujon\.stmcufinder\plugins\mcufinder/ => C:\Users\kujon\.stmcufinder\plugins\mcufinder
2026-02-01 13:45:40,407 [INFO] ApiDb:250 - Set database path to: C:\Users\kujon\.stmcufinder\plugins\mcufinder//mcu/
2026-02-01 13:45:40,407 [WARN] DbFile:41 - Overriding database path with different value: C:\Users\kujon\.stmcufinder\plugins\mcufinder/ => C:\Users\kujon\.stmcufinder\plugins\mcufinder
2026-02-01 13:45:40,407 [INFO] DbMcusAds:125 - Set database path to: C:\Users\kujon\.stmcufinder\plugins\mcufinder//mcu/
2026-02-01 13:45:40,407 [WARN] DbFile:41 - Overriding database path with different value: C:\Users\kujon\.stmcufinder\plugins\mcufinder/ => C:\Users\kujon\.stmcufinder\plugins\mcufinder
2026-02-01 13:45:40,407 [WARN] DbFile:41 - Overriding database path with different value: C:\Users\kujon\.stmcufinder\plugins\mcufinder/ => C:\Users\kujon\.stmcufinder\plugins\mcufinder
2026-02-01 13:45:40,408 [INFO] CrossReferenceDbSqlite:203 - Set database path to: C:\Users\kujon\.stmcufinder\plugins\mcufinder//mcu/cs/
2026-02-01 13:45:40,427 [INFO] ApplicationProperties:184 - Using Application install path: D:\Programy\STM32CubeIDE_1.19.0\STM32CubeIDE\plugins\com.st.stm32cube.common.mx_6.15.0.202507011659
2026-02-01 13:45:40,429 [INFO] PluginManage:196 - Search for loadable plugins [exclusion list=, ]
2026-02-01 13:45:40,431 [INFO] PluginManage:310 - Check plugin analytics
2026-02-01 13:45:40,634 [INFO] AnalyticsPlugin:253 - Accepted Software Licenses: 
2026-02-01 13:45:40,634 [INFO] AnalyticsPlugin:255 - Accepted CMSIS Pack Licenses: 
2026-02-01 13:45:40,634 [INFO] AnalyticsPlugin:257 - Accepted Firmware Licenses: 
2026-02-01 13:45:40,637 [INFO] PluginManage:359 - Loaded plugin analytics (category:tool,tabindex:-1)
2026-02-01 13:45:40,639 [INFO] PluginManage:310 - Check plugin cadmodel
2026-02-01 13:45:40,667 [INFO] CADModel:105 - Init CAD model plugin
2026-02-01 13:45:40,668 [INFO] PluginManage:359 - Loaded plugin cadmodel (category:power,tabindex:5)
2026-02-01 13:45:40,668 [INFO] PluginManage:310 - Check plugin clock
2026-02-01 13:45:40,696 [INFO] PluginManage:359 - Loaded plugin clock (category:base,tabindex:2)
2026-02-01 13:45:40,696 [INFO] PluginManage:310 - Check plugin ddr
2026-02-01 13:45:40,698 [INFO] PluginManage:359 - Loaded plugin ddr (category:tool,tabindex:6)
2026-02-01 13:45:40,698 [INFO] PluginManage:310 - Check plugin filemanager
2026-02-01 13:45:40,864 [INFO] PluginManage:359 - Loaded plugin filemanager (category:base,tabindex:10)
2026-02-01 13:45:40,865 [INFO] PluginManage:310 - Check plugin ipmanager
2026-02-01 13:45:40,872 [INFO] PluginManage:359 - Loaded plugin ipmanager (category:base,tabindex:5)
2026-02-01 13:45:40,873 [INFO] PluginManage:310 - Check plugin lpbam
2026-02-01 13:45:40,894 [INFO] PluginManage:359 - Loaded plugin lpbam (category:base,tabindex:0)
2026-02-01 13:45:40,894 [INFO] PluginManage:310 - Check plugin memorymap
2026-02-01 13:45:40,920 [INFO] PluginManage:359 - Loaded plugin memorymap (category:base,tabindex:4)
2026-02-01 13:45:40,921 [INFO] PluginManage:310 - Check plugin pinoutandconfiguration
2026-02-01 13:45:40,944 [INFO] PluginManage:359 - Loaded plugin pinoutandconfiguration (category:base,tabindex:1)
2026-02-01 13:45:40,944 [INFO] PluginManage:310 - Check plugin pinoutconfig
2026-02-01 13:45:41,045 [WARN] SupportedApi:132 - Cannot load RTOS API schema: s4s-elt-must-match.1: The content of 'definitions' must match (annotation?, (simpleType | complexType)?, (unique | key | keyref)*)). A problem was found starting at: attribute.
2026-02-01 13:45:41,185 [INFO] PluginManage:359 - Loaded plugin pinoutconfig (category:base,tabindex:0)
2026-02-01 13:45:41,185 [INFO] PluginManage:310 - Check plugin power
2026-02-01 13:45:41,215 [INFO] PluginManage:359 - Loaded plugin power (category:power,tabindex:4)
2026-02-01 13:45:41,215 [INFO] PluginManage:310 - Check plugin projectmanager
2026-02-01 13:45:41,235 [INFO] PluginManage:359 - Loaded plugin projectmanager (category:projectmanager,tabindex:4)
2026-02-01 13:45:41,235 [INFO] PluginManage:310 - Check plugin rif
2026-02-01 13:45:41,261 [INFO] PluginManage:359 - Loaded plugin rif (category:base,tabindex:3)
2026-02-01 13:45:41,261 [INFO] PluginManage:310 - Check plugin thirdparty
2026-02-01 13:45:41,625 [INFO] PluginManage:359 - Loaded plugin thirdparty (category:base,tabindex:-1)
2026-02-01 13:45:41,625 [INFO] PluginManage:310 - Check plugin tools
2026-02-01 13:45:41,625 [WARN] IntegrityCheckThread:84 - waiting for thirdparty lock release [integrity check]
2026-02-01 13:45:41,626 [INFO] IntegrityCheckThread:86 - entering critical section [integrity check]
2026-02-01 13:45:41,626 [INFO] ThirdPartyUpdaterWithRetryManager:70 - Updater plugin not ready yet. [1/15]
2026-02-01 13:45:41,681 [INFO] PluginManage:359 - Loaded plugin tools (category:base,tabindex:7)
2026-02-01 13:45:41,681 [INFO] PluginManage:310 - Check plugin tutovideos
2026-02-01 13:45:41,932 [INFO] PluginManage:359 - Loaded plugin tutovideos (category:base,tabindex:-1)
2026-02-01 13:45:41,934 [INFO] PluginManage:310 - Check plugin updater
2026-02-01 13:45:41,955 [INFO] PluginManage:359 - Loaded plugin updater (category:base,tabindex:12)
2026-02-01 13:45:41,956 [INFO] PluginManage:310 - Check plugin userauth
2026-02-01 13:45:41,958 [INFO] UserAuth:118 - Init User Auth plugin
2026-02-01 13:45:41,959 [INFO] PluginManage:359 - Loaded plugin userauth (category:base,tabindex:14)
2026-02-01 13:45:41,960 [INFO] PluginManage:283 - PluginManage : Loaded plugins [18]
2026-02-01 13:45:42,191 [INFO] PinOutPanel:1589 - setPackage(No Configuration,No Configuration)
2026-02-01 13:45:42,283 [INFO] CADModel:165 - CPN selected for project level
2026-02-01 13:45:42,284 [INFO] CADModel:114 - Register for checkConnection events
2026-02-01 13:45:42,321 [INFO] IPUIPlugin:80 - create IPUIPlugin
2026-02-01 13:45:42,321 [INFO] PluginManager:220 - loadIPPluginJar : add adc
2026-02-01 13:45:42,381 [INFO] IPUIPlugin:80 - create IPUIPlugin
2026-02-01 13:45:42,381 [INFO] PluginManager:220 - loadIPPluginJar : add aes
2026-02-01 13:45:42,445 [INFO] IPUIPlugin:80 - create IPUIPlugin
2026-02-01 13:45:42,445 [INFO] PluginManager:220 - loadIPPluginJar : add can
2026-02-01 13:45:42,490 [INFO] IPUIPlugin:80 - create IPUIPlugin
2026-02-01 13:45:42,490 [INFO] PluginManager:220 - loadIPPluginJar : add comp
2026-02-01 13:45:42,542 [INFO] IPUIPlugin:80 - create IPUIPlugin
2026-02-01 13:45:42,542 [INFO] PluginManager:220 - loadIPPluginJar : add cryp
2026-02-01 13:45:42,559 [INFO] IPUIPlugin:80 - create IPUIPlugin
2026-02-01 13:45:42,559 [INFO] PluginManager:220 - loadIPPluginJar : add ddr_ctrl_phy
2026-02-01 13:45:42,608 [INFO] IPUIPlugin:80 - create IPUIPlugin
2026-02-01 13:45:42,608 [INFO] PluginManager:220 - loadIPPluginJar : add dfsdm
2026-02-01 13:45:42,628 [INFO] IPUIPlugin:80 - create IPUIPlugin
2026-02-01 13:45:42,629 [INFO] PluginManager:220 - loadIPPluginJar : add dma
2026-02-01 13:45:42,696 [INFO] IPUIPlugin:80 - create IPUIPlugin
2026-02-01 13:45:42,696 [INFO] PluginManager:220 - loadIPPluginJar : add dma3
2026-02-01 13:45:42,766 [INFO] IPUIPlugin:80 - create IPUIPlugin
2026-02-01 13:45:42,767 [INFO] PluginManager:220 - loadIPPluginJar : add extmemmanager
2026-02-01 13:45:42,802 [INFO] IPUIPlugin:80 - create IPUIPlugin
2026-02-01 13:45:42,803 [INFO] PluginManager:220 - loadIPPluginJar : add fatfs
2026-02-01 13:45:42,873 [INFO] IPUIPlugin:80 - create IPUIPlugin
2026-02-01 13:45:42,873 [INFO] PluginManager:220 - loadIPPluginJar : add fmc
2026-02-01 13:45:42,895 [INFO] IPUIPlugin:80 - create IPUIPlugin
2026-02-01 13:45:42,895 [INFO] PluginManager:220 - loadIPPluginJar : add freertos
2026-02-01 13:45:42,928 [INFO] IPUIPlugin:80 - create IPUIPlugin
2026-02-01 13:45:42,928 [INFO] PluginManager:220 - loadIPPluginJar : add genericplugin
2026-02-01 13:45:43,073 [INFO] IPUIPlugin:80 - create IPUIPlugin
2026-02-01 13:45:43,073 [INFO] PluginManager:220 - loadIPPluginJar : add gfxmmu
2026-02-01 13:45:43,275 [INFO] IPUIPlugin:80 - create IPUIPlugin
2026-02-01 13:45:43,275 [INFO] PluginManager:220 - loadIPPluginJar : add gic
2026-02-01 13:45:43,293 [INFO] IPUIPlugin:80 - create IPUIPlugin
2026-02-01 13:45:43,293 [INFO] PluginManager:220 - loadIPPluginJar : add gpio
2026-02-01 13:45:43,423 [INFO] IPUIPlugin:80 - create IPUIPlugin
2026-02-01 13:45:43,423 [INFO] PluginManager:220 - loadIPPluginJar : add gtzc
2026-02-01 13:45:43,472 [INFO] IPUIPlugin:80 - create IPUIPlugin
2026-02-01 13:45:43,473 [INFO] PluginManager:220 - loadIPPluginJar : add hash
2026-02-01 13:45:43,551 [INFO] IPUIPlugin:80 - create IPUIPlugin
2026-02-01 13:45:43,551 [INFO] PluginManager:220 - loadIPPluginJar : add i2c
2026-02-01 13:45:43,610 [INFO] IPUIPlugin:80 - create IPUIPlugin
2026-02-01 13:45:43,610 [INFO] PluginManager:220 - loadIPPluginJar : add i2s
2026-02-01 13:45:43,669 [INFO] IPUIPlugin:80 - create IPUIPlugin
2026-02-01 13:45:43,670 [INFO] PluginManager:220 - loadIPPluginJar : add i3c
2026-02-01 13:45:43,806 [INFO] IPUIPlugin:80 - create IPUIPlugin
2026-02-01 13:45:43,806 [INFO] PluginManager:220 - loadIPPluginJar : add ipddr
2026-02-01 13:45:43,941 [INFO] IPUIPlugin:80 - create IPUIPlugin
2026-02-01 13:45:43,941 [INFO] PluginManager:220 - loadIPPluginJar : add linkedlist
2026-02-01 13:45:43,996 [INFO] IPUIPlugin:80 - create IPUIPlugin
2026-02-01 13:45:43,996 [INFO] PluginManager:220 - loadIPPluginJar : add lorawan
2026-02-01 13:45:44,056 [INFO] IPUIPlugin:80 - create IPUIPlugin
2026-02-01 13:45:44,056 [INFO] PluginManager:220 - loadIPPluginJar : add ltdc
2026-02-01 13:45:44,079 [INFO] IPUIPlugin:80 - create IPUIPlugin
2026-02-01 13:45:44,079 [INFO] PluginManager:220 - loadIPPluginJar : add mdma
2026-02-01 13:45:44,096 [INFO] IPUIPlugin:80 - create IPUIPlugin
2026-02-01 13:45:44,096 [INFO] PluginManager:220 - loadIPPluginJar : add nvic
2026-02-01 13:45:44,153 [INFO] IPUIPlugin:80 - create IPUIPlugin
2026-02-01 13:45:44,153 [INFO] PluginManager:220 - loadIPPluginJar : add opamp
2026-02-01 13:45:44,256 [INFO] IPUIPlugin:80 - create IPUIPlugin
2026-02-01 13:45:44,257 [INFO] PluginManager:220 - loadIPPluginJar : add openamp
2026-02-01 13:45:44,320 [INFO] IPUIPlugin:80 - create IPUIPlugin
2026-02-01 13:45:44,320 [INFO] PluginManager:220 - loadIPPluginJar : add pdm2pcm
2026-02-01 13:45:44,340 [INFO] IPUIPlugin:80 - create IPUIPlugin
2026-02-01 13:45:44,342 [INFO] PluginManager:220 - loadIPPluginJar : add plateformsettings
2026-02-01 13:45:44,378 [INFO] IPUIPlugin:80 - create IPUIPlugin
2026-02-01 13:45:44,378 [INFO] PluginManager:220 - loadIPPluginJar : add quadspi
2026-02-01 13:45:44,418 [INFO] IPUIPlugin:80 - create IPUIPlugin
2026-02-01 13:45:44,418 [INFO] PluginManager:220 - loadIPPluginJar : add radio
2026-02-01 13:45:44,437 [INFO] IPUIPlugin:80 - create IPUIPlugin
2026-02-01 13:45:44,437 [INFO] PluginManager:220 - loadIPPluginJar : add resmgrutility
2026-02-01 13:45:44,506 [INFO] IPUIPlugin:80 - create IPUIPlugin
2026-02-01 13:45:44,506 [INFO] PluginManager:220 - loadIPPluginJar : add sai
2026-02-01 13:45:44,562 [INFO] IPUIPlugin:80 - create IPUIPlugin
2026-02-01 13:45:44,562 [INFO] PluginManager:220 - loadIPPluginJar : add spi
2026-02-01 13:45:44,628 [INFO] ThirdPartyUpdaterWithRetryManager:70 - Updater plugin not ready yet. [2/15]
2026-02-01 13:45:44,667 [INFO] IPUIPlugin:80 - create IPUIPlugin
2026-02-01 13:45:44,667 [INFO] PluginManager:220 - loadIPPluginJar : add stm32_wpan
2026-02-01 13:45:44,706 [INFO] IPUIPlugin:80 - create IPUIPlugin
2026-02-01 13:45:44,706 [INFO] PluginManager:220 - loadIPPluginJar : add tim
2026-02-01 13:45:44,793 [INFO] IPUIPlugin:80 - create IPUIPlugin
2026-02-01 13:45:44,793 [INFO] PluginManager:220 - loadIPPluginJar : add touchsensing
2026-02-01 13:45:44,827 [INFO] IPUIPlugin:80 - create IPUIPlugin
2026-02-01 13:45:44,828 [INFO] PluginManager:220 - loadIPPluginJar : add tracer_emb
2026-02-01 13:45:44,865 [INFO] IPUIPlugin:80 - create IPUIPlugin
2026-02-01 13:45:44,865 [INFO] PluginManager:220 - loadIPPluginJar : add ts
2026-02-01 13:45:44,900 [INFO] IPUIPlugin:80 - create IPUIPlugin
2026-02-01 13:45:44,900 [INFO] PluginManager:220 - loadIPPluginJar : add tsc
2026-02-01 13:45:44,934 [INFO] IPUIPlugin:80 - create IPUIPlugin
2026-02-01 13:45:44,934 [INFO] PluginManager:220 - loadIPPluginJar : add ucpd
2026-02-01 13:45:44,997 [INFO] IPUIPlugin:80 - create IPUIPlugin
2026-02-01 13:45:44,997 [INFO] PluginManager:220 - loadIPPluginJar : add usart
2026-02-01 13:45:45,065 [INFO] IPUIPlugin:80 - create IPUIPlugin
2026-02-01 13:45:45,065 [INFO] PluginManager:220 - loadIPPluginJar : add usbx
2026-02-01 13:45:45,199 [FATAL] Updater:351 - Updater called before beeing initialized
2026-02-01 13:45:45,230 [INFO] RulesReader:64 - Compatibility file has been processed (317 Rules)
2026-02-01 13:45:45,240 [INFO] RulesReader:64 - Compatibility file has been processed (317 Rules)
2026-02-01 13:45:45,250 [INFO] CADModel:165 - CPN selected for project level
2026-02-01 13:45:45,250 [INFO] CADModel:114 - Register for checkConnection events
2026-02-01 13:45:45,250 [FATAL] Updater:351 - Updater called before beeing initialized
2026-02-01 13:45:45,250 [ERROR] CADModel:125 - Updater not yet initialized, retry later 
2026-02-01 13:45:45,409 [FATAL] Updater:351 - Updater called before beeing initialized
2026-02-01 13:45:45,411 [INFO] CADModel:165 - CPN selected for project level
2026-02-01 13:45:45,411 [INFO] CADModel:114 - Register for checkConnection events
2026-02-01 13:45:45,411 [FATAL] Updater:351 - Updater called before beeing initialized
2026-02-01 13:45:45,411 [ERROR] CADModel:125 - Updater not yet initialized, retry later 
2026-02-01 13:45:45,415 [FATAL] Updater:351 - Updater called before beeing initialized
2026-02-01 13:45:45,541 [FATAL] Updater:351 - Updater called before beeing initialized
2026-02-01 13:45:45,555 [INFO] DbMcusAds:53 - JSON generation date=Thu Oct 02 11:36:05 CEST 2025 (1759397765645)
2026-02-01 13:45:45,555 [FATAL] Updater:351 - Updater called before beeing initialized
2026-02-01 13:45:45,652 [WARN] DetailPanel:346 - Failed to get advertising image, set to default
2026-02-01 13:45:45,732 [FATAL] Updater:351 - Updater called before beeing initialized
2026-02-01 13:45:45,733 [FATAL] Updater:351 - Updater called before beeing initialized
2026-02-01 13:45:45,735 [FATAL] Updater:351 - Updater called before beeing initialized
2026-02-01 13:45:45,735 [WARN] DetailPanel:346 - Failed to get advertising image, set to default
2026-02-01 13:45:45,735 [FATAL] Updater:351 - Updater called before beeing initialized
2026-02-01 13:45:45,799 [ERROR] Updater:1198 - MainUpdater not yet initialized. External WinMGr cannot be set.
2026-02-01 13:45:45,813 [INFO] Updater:1134 - Updater Version found : 6.15.0
2026-02-01 13:45:45,833 [INFO] ApplicationProperties:184 - Using Application install path: D:\Programy\STM32CubeIDE_1.19.0\STM32CubeIDE\plugins\com.st.stm32cube.common.mx_6.15.0.202507011659
2026-02-01 13:45:47,414 [ERROR] LogOutputStream:75 - [STDERR_REDIRECT] Feb 01, 2026 1:45:47 PM java.util.prefs.WindowsPreferences <init>
2026-02-01 13:45:47,416 [ERROR] LogOutputStream:75 - [STDERR_REDIRECT] WARNING: Could not open/create prefs root node Software\JavaSoft\Prefs at root 0xffffffff80000002. Windows RegCreateKeyEx(...) returned error code 5.
2026-02-01 13:45:47,416 [ERROR] LogOutputStream:75 - [STDERR_REDIRECT] 
2026-02-01 13:45:47,628 [INFO] ThirdPartyUpdaterWithRetryManager:70 - Updater plugin not ready yet. [3/15]
2026-02-01 13:45:47,858 [INFO] MainUpdater:2872 - connection check result : 10
2026-02-01 13:45:47,859 [INFO] MainUpdater:289 - Updater Check For Update Now.
2026-02-01 13:45:47,859 [INFO] MicroXplorer:498 - Change Database Version : DB.6.0.150
2026-02-01 13:45:47,897 [INFO] McuFinderGlobals:63 - Set McuFinder mode to 2 (CubeIDE integrated)
2026-02-01 13:45:47,909 [INFO] UserAuth:487 - Internet connection configuration mode: 1
2026-02-01 13:45:47,953 [INFO] JxBrowserEngine:152 - Initiate JxBrowser Engine with user profile folder
2026-02-01 13:45:48,099 [INFO] CheckServerUpdateThread:120 - End of CheckServer Thread
2026-02-01 13:45:49,655 [INFO] WebApp:169 - Instantiating new browser for Auth
2026-02-01 13:45:50,497 [INFO] WebApp:463 - Apply proxy settings
2026-02-01 13:45:50,498 [INFO] WebApp:548 - Chromium requires no authentication
2026-02-01 13:45:50,510 [INFO] WebApp:491 - Direct internet connection detected
2026-02-01 13:45:50,549 [INFO] WebApp:900 - Register for checkConnection events
2026-02-01 13:45:50,550 [INFO] WebApp:463 - Apply proxy settings
2026-02-01 13:45:50,550 [INFO] WebApp:548 - Chromium requires no authentication
2026-02-01 13:45:50,551 [INFO] WebApp:491 - Direct internet connection detected
2026-02-01 13:45:50,763 [INFO] WebApp:191 - Connection restablished
2026-02-01 13:45:50,866 [INFO] WebApp:225 - Starting web application
2026-02-01 13:45:50,866 [INFO] WebApp:593 - Web application path used D:\Programy\STM32CubeIDE_1.19.0\STM32CubeIDE\plugins\com.st.stm32cube.common.mx_6.15.0.202507011659\db\plugins\mcufinder\reactClient1\index.html
2026-02-01 13:45:51,128 [INFO] UserAuth:487 - Internet connection configuration mode: 1
2026-02-01 13:45:51,161 [WARN] PackLoader:240 - Cannot read IP mode file for STMicroelectronics.FP-SNS-MOTENVWB1.1.4.0
2026-02-01 13:45:51,196 [WARN] PackLoader:240 - Cannot read IP mode file for STMicroelectronics.FP-ATR-ASTRA1.2.0.2
2026-02-01 13:45:51,233 [WARN] PackLoader:240 - Cannot read IP mode file for STMicroelectronics.X-CUBE-SMBUS.2.1.0
2026-02-01 13:45:51,272 [WARN] PackLoader:240 - Cannot read IP mode file for STMicroelectronics.X-CUBE-ST60.1.0.0
2026-02-01 13:45:51,346 [WARN] PackLoader:240 - Cannot read IP mode file for STMicroelectronics.X-CUBE-AZRTOS-F7.1.1.0
2026-02-01 13:45:51,386 [WARN] PackLoader:240 - Cannot read IP mode file for STMicroelectronics.X-CUBE-BLE1.6.2.4
2026-02-01 13:45:51,421 [WARN] PackLoader:240 - Cannot read IP mode file for STMicroelectronics.FP-SNS-MOTENV1.5.1.0
2026-02-01 13:45:51,462 [WARN] PackLoader:240 - Cannot read IP mode file for WES.I-CUBE-Cesium.1.4.0
2026-02-01 13:45:51,533 [WARN] PackLoader:240 - Cannot read IP mode file for Infineon.AIROC-Wi-Fi-Bluetooth-STM32.1.7.1
2026-02-01 13:45:51,627 [WARN] PackLoader:240 - Cannot read IP mode file for STMicroelectronics.X-CUBE-AZRTOS-H7.3.4.0
2026-02-01 13:45:51,671 [WARN] PackLoader:240 - Cannot read IP mode file for STMicroelectronics.X-CUBE-DISPLAY.3.0.0
2026-02-01 13:45:51,707 [WARN] PackLoader:240 - Cannot read IP mode file for STMicroelectronics.X-CUBE-NFC10.1.0.0
2026-02-01 13:45:51,731 [WARN] PackLoader:240 - Cannot read IP mode file for STMicroelectronics.X-CUBE-ST60.1.1.0
2026-02-01 13:45:51,758 [WARN] PackLoader:240 - Cannot read IP mode file for emotas.I-CUBE-CANOPEN.1.3.0
2026-02-01 13:45:51,780 [WARN] PackLoader:240 - Cannot read IP mode file for STMicroelectronics.X-CUBE-GNSS1.7.1.0
2026-02-01 13:45:51,804 [WARN] PackLoader:240 - Cannot read IP mode file for STMicroelectronics.FP-SNS-STBOX1.2.1.0
2026-02-01 13:45:51,826 [WARN] PackLoader:240 - Cannot read IP mode file for STMicroelectronics.FP-SNS-SMARTAG2.1.2.0
2026-02-01 13:45:51,847 [WARN] PackLoader:240 - Cannot read IP mode file for STMicroelectronics.FP-SNS-FLIGHT1.5.1.0
2026-02-01 13:45:51,876 [INFO] LogOutputStream:77 - [STDOUT_REDIRECT] 1 : Invalid condition id : UX_CORESTACK_Condition cause : null
2026-02-01 13:45:51,877 [INFO] LogOutputStream:77 - [STDOUT_REDIRECT] 1 : Invalid condition id : UX_CORESTACK_Condition cause : null
2026-02-01 13:45:51,878 [INFO] LogOutputStream:77 - [STDOUT_REDIRECT] 1 : Invalid condition id : UX_CORESTACK_Condition cause : null
2026-02-01 13:45:51,879 [INFO] LogOutputStream:77 - [STDOUT_REDIRECT] 1 : Invalid condition id : UX_CORESTACK_Condition cause : null
2026-02-01 13:45:51,880 [INFO] LogOutputStream:77 - [STDOUT_REDIRECT] 1 : Invalid condition id : UX_CORESTACK_Condition cause : null
2026-02-01 13:45:51,883 [WARN] PackLoader:240 - Cannot read IP mode file for STMicroelectronics.X-CUBE-AZRTOS-WL.2.0.0
2026-02-01 13:45:51,907 [WARN] PackLoader:240 - Cannot read IP mode file for STMicroelectronics.FP-SNS-MOTENV1.5.0.0
2026-02-01 13:45:51,949 [WARN] PackLoader:240 - Cannot read IP mode file for STMicroelectronics.X-CUBE-AZRTOS-H7RS.1.2.0
2026-02-01 13:45:51,970 [WARN] PackLoader:240 - Cannot read IP mode file for STMicroelectronics.X-CUBE-BLE2.3.3.0
2026-02-01 13:45:52,092 [WARN] PackLoader:240 - Cannot read IP mode file for STMicroelectronics.X-CUBE-TOF1.3.2.0
2026-02-01 13:45:52,120 [WARN] PackLoader:240 - Cannot read IP mode file for STMicroelectronics.X-CUBE-NFC9.1.0.0
2026-02-01 13:45:52,146 [WARN] PackLoader:240 - Cannot read IP mode file for wolfSSL.I-CUBE-wolfSSL.5.8.2
2026-02-01 13:45:52,170 [WARN] PackLoader:240 - Cannot read IP mode file for STMicroelectronics.X-CUBE-BLE1.7.1.0
2026-02-01 13:45:52,189 [WARN] PackLoader:240 - Cannot read IP mode file for wolfSSL.I-CUBE-wolfMQTT.1.19.2
2026-02-01 13:45:52,209 [WARN] PackLoader:240 - Cannot read IP mode file for STMicroelectronics.X-CUBE-FREERTOS.1.4.0
2026-02-01 13:45:52,231 [WARN] PackLoader:240 - Cannot read IP mode file for STMicroelectronics.X-CUBE-EEPRMA1.5.2.0
2026-02-01 13:45:52,253 [WARN] PackLoader:240 - Cannot read IP mode file for STMicroelectronics.X-CUBE-TOUCHGFX.4.21.1
2026-02-01 13:45:52,273 [WARN] PackLoader:240 - Cannot read IP mode file for STMicroelectronics.X-CUBE-ST67W61.1.1.0
2026-02-01 13:45:52,325 [WARN] PackLoader:240 - Cannot read IP mode file for STMicroelectronics.X-CUBE-MEMS1.12.0.0
2026-02-01 13:45:52,424 [WARN] PackLoader:240 - Cannot read IP mode file for STMicroelectronics.X-CUBE-ALGOBUILD.1.3.0
2026-02-01 13:45:52,457 [WARN] PackLoader:240 - Cannot read IP mode file for STMicroelectronics.X-CUBE-AZRTOS-G0.1.1.0
2026-02-01 13:45:52,479 [WARN] PackLoader:240 - Cannot read IP mode file for STMicroelectronics.X-CUBE-SAFEA1.1.2.2
2026-02-01 13:45:52,505 [WARN] PackLoader:240 - Cannot read IP mode file for STMicroelectronics.X-CUBE-NFC4.3.0.0
2026-02-01 13:45:52,530 [WARN] PackLoader:240 - Cannot read IP mode file for EmbeddedOffice.I-CUBE-FS-RTOS.1.0.1
2026-02-01 13:45:52,554 [WARN] PackLoader:240 - Cannot read IP mode file for STMicroelectronics.X-CUBE-WB05N.2.0.0
2026-02-01 13:45:52,575 [WARN] PackLoader:240 - Cannot read IP mode file for wolfSSL.I-CUBE-wolfTPM.3.8.0
2026-02-01 13:45:52,596 [WARN] PackLoader:240 - Cannot read IP mode file for STMicroelectronics.X-CUBE-BLEMGR.1.3.0
2026-02-01 13:45:52,618 [WARN] PackLoader:240 - Cannot read IP mode file for STMicroelectronics.X-CUBE-TCPP.4.2.0
2026-02-01 13:45:52,642 [WARN] PackLoader:240 - Cannot read IP mode file for RealThread.X-CUBE-RT-Thread_Nano.4.1.1
2026-02-01 13:45:52,662 [WARN] PackLoader:240 - Cannot read IP mode file for STMicroelectronics.FP-ATR-SIGFOX1.3.2.0
2026-02-01 13:45:52,680 [WARN] PackLoader:240 - Cannot read IP mode file for ITTIA_DB.I-CUBE-ITTIADB.8.9.0
2026-02-01 13:45:52,698 [WARN] PackLoader:240 - Cannot read IP mode file for STMicroelectronics.X-CUBE-NFC6.3.2.0
2026-02-01 13:45:52,741 [WARN] PackLoader:240 - Cannot read IP mode file for STMicroelectronics.X-CUBE-MEMS1.9.5.0
2026-02-01 13:45:52,835 [WARN] PackLoader:240 - Cannot read IP mode file for STMicroelectronics.X-CUBE-ST67W61.1.0.0
2026-02-01 13:45:52,855 [WARN] PackLoader:240 - Cannot read IP mode file for STMicroelectronics.X-CUBE-AI.10.2.0
2026-02-01 13:45:52,892 [WARN] PackLoader:240 - Cannot read IP mode file for SEGGER.I-CUBE-embOS.1.3.1
2026-02-01 13:45:52,933 [WARN] PackLoader:240 - Cannot read IP mode file for STMicroelectronics.X-CUBE-ALGOBUILD.1.4.0
2026-02-01 13:45:52,991 [WARN] PackLoader:240 - Cannot read IP mode file for STMicroelectronics.X-CUBE-MEMS1.11.3.0
2026-02-01 13:45:53,156 [WARN] PackLoader:240 - Cannot read IP mode file for STMicroelectronics.X-CUBE-PM33A1.1.0.0
2026-02-01 13:45:53,178 [WARN] PackLoader:240 - Cannot read IP mode file for STMicroelectronics.X-CUBE-GNSS1.6.0.0
2026-02-01 13:45:53,217 [WARN] PackLoader:240 - Cannot read IP mode file for STMicroelectronics.X-CUBE-AZRTOS-F4.1.1.0
2026-02-01 13:45:53,239 [WARN] PackLoader:240 - Cannot read IP mode file for Avnet-IotConnect.X-CUBE-IoTC-DA16k-PMOD.1.0.0
2026-02-01 13:45:53,266 [WARN] PackLoader:240 - Cannot read IP mode file for STMicroelectronics.X-CUBE-ISPU.2.1.0
2026-02-01 13:45:53,309 [WARN] PackLoader:240 - Cannot read IP mode file for STMicroelectronics.X-CUBE-IPS.3.2.0
2026-02-01 13:45:53,349 [WARN] PackLoader:240 - Cannot read IP mode file for STMicroelectronics.X-CUBE-NFC12.1.0.0
2026-02-01 13:45:53,397 [WARN] PackLoader:240 - Cannot read IP mode file for STMicroelectronics.X-CUBE-AZRTOS-L5.2.0.0
2026-02-01 13:45:53,425 [WARN] PackLoader:240 - Cannot read IP mode file for STMicroelectronics.X-CUBE-NFC6.3.1.0
2026-02-01 13:45:53,456 [WARN] PackLoader:240 - Cannot read IP mode file for emotas.I-CUBE-CANOPEN.1.1.3
2026-02-01 13:45:53,478 [WARN] PackLoader:240 - Cannot read IP mode file for wolfSSL.I-CUBE-wolfSSL.5.5.4
2026-02-01 13:45:53,498 [WARN] PackLoader:240 - Cannot read IP mode file for STMicroelectronics.X-CUBE-FREERTOS.1.3.1
2026-02-01 13:45:53,521 [WARN] PackLoader:240 - Cannot read IP mode file for STMicroelectronics.X-CUBE-NFC7.1.0.0
2026-02-01 13:45:53,547 [WARN] PackLoader:240 - Cannot read IP mode file for STMicroelectronics.X-CUBE-TOUCHGFX.4.26.0
2026-02-01 13:45:53,570 [WARN] PackLoader:240 - Cannot read IP mode file for STMicroelectronics.X-CUBE-EEPRMA1.4.1.0
2026-02-01 13:45:53,596 [WARN] PackLoader:240 - Cannot read IP mode file for STMicroelectronics.FP-SNS-STAIOTCFT.1.0.0
2026-02-01 13:45:53,621 [WARN] PackLoader:240 - Cannot read IP mode file for STMicroelectronics.X-CUBE-DPower.1.3.0
2026-02-01 13:45:53,662 [WARN] ConditionMgr:438 - getConditionDescription Invalid condition id : LAN8742 Phy interface Condition cause : null
2026-02-01 13:45:53,662 [WARN] PackLoader:240 - Cannot read IP mode file for STMicroelectronics.X-CUBE-AZRTOS-L4.2.0.0
2026-02-01 13:45:53,664 [WARN] ConditionMgr:1044 - genDependencies : Invalid condition id : LAN8742 Phy interface Condition cause : null
2026-02-01 13:45:53,665 [WARN] ConditionMgr:1044 - genDependencies : Invalid condition id : LAN8742 Phy interface Condition cause : null
2026-02-01 13:45:53,666 [WARN] ConditionMgr:1044 - genDependencies : Invalid condition id : LAN8742 Phy interface Condition cause : null
2026-02-01 13:45:53,692 [WARN] PackLoader:240 - Cannot read IP mode file for STMicroelectronics.X-CUBE-SFXS2LP1.4.0.0
2026-02-01 13:45:53,736 [WARN] PackLoader:240 - Cannot read IP mode file for STMicroelectronics.X-CUBE-AZRTOS-H7.3.0.0
2026-02-01 13:45:53,765 [WARN] PackLoader:240 - Cannot read IP mode file for STMicroelectronics.X-CUBE-ST67W61.1.2.0
2026-02-01 13:45:53,783 [WARN] PackLoader:240 - Cannot read IP mode file for STMicroelectronics.X-CUBE-ISPU.1.1.0
2026-02-01 13:45:53,804 [WARN] PackLoader:240 - Cannot read IP mode file for RoweBots.I-CUBE-UNISONRTOS.5.5.0-4
2026-02-01 13:45:53,827 [WARN] PackLoader:240 - Cannot read IP mode file for STMicroelectronics.X-CUBE-BLEMGR.4.1.0
2026-02-01 13:45:53,846 [WARN] PackLoader:240 - Cannot read IP mode file for STMicroelectronics.X-CUBE-AI.8.0.0
2026-02-01 13:45:53,871 [WARN] ConditionMgr:438 - getConditionDescription Invalid condition id : UX DEVICE CLASS RTOS Condition cause : null
2026-02-01 13:45:53,872 [WARN] ConditionMgr:438 - getConditionDescription Invalid condition id : UX DEVICE CLASS RTOS Condition cause : null
2026-02-01 13:45:53,873 [WARN] PackLoader:240 - Cannot read IP mode file for STMicroelectronics.X-CUBE-AZRTOS-WB.2.0.0
2026-02-01 13:45:53,873 [WARN] ConditionMgr:1044 - genDependencies : Invalid condition id : UX DEVICE CLASS RTOS Condition cause : null
2026-02-01 13:45:53,873 [WARN] ConditionMgr:1044 - genDependencies : Invalid condition id : UX DEVICE CLASS RTOS Condition cause : null
2026-02-01 13:45:53,874 [WARN] ConditionMgr:1044 - genDependencies : Invalid condition id : UX DEVICE CLASS RTOS Condition cause : null
2026-02-01 13:45:53,874 [WARN] ConditionMgr:1044 - genDependencies : Invalid condition id : UX DEVICE CLASS RTOS Condition cause : null
2026-02-01 13:45:53,874 [WARN] ConditionMgr:1044 - genDependencies : Invalid condition id : UX DEVICE CLASS RTOS Condition cause : null
2026-02-01 13:45:53,893 [WARN] PackLoader:240 - Cannot read IP mode file for STMicroelectronics.X-CUBE-GNSS1.7.0.1
2026-02-01 13:45:53,910 [WARN] PackLoader:240 - Cannot read IP mode file for STMicroelectronics.X-CUBE-TOUCHGFX.4.25.0
2026-02-01 13:45:53,925 [WARN] ConditionMgr:438 - getConditionDescription Invalid condition id : Cortex-A Device cause : null
2026-02-01 13:45:53,951 [WARN] ConditionMgr:1044 - genDependencies : Invalid condition id : Cortex-A Device cause : null
2026-02-01 13:45:53,951 [WARN] ConditionMgr:1044 - genDependencies : Invalid condition id : Cortex-A Device cause : null
2026-02-01 13:45:53,951 [WARN] ConditionMgr:1044 - genDependencies : Invalid condition id : Cortex-A Device cause : null
2026-02-01 13:45:53,969 [WARN] PackLoader:240 - Cannot read IP mode file for STMicroelectronics.X-CUBE-STSE01.2.0.0
2026-02-01 13:45:53,999 [WARN] PackLoader:240 - Cannot read IP mode file for STMicroelectronics.X-CUBE-AZRTOS-L5.1.1.0
2026-02-01 13:45:54,028 [WARN] PackLoader:240 - Cannot read IP mode file for STMicroelectronics.X-CUBE-SUBG2.5.0.0
2026-02-01 13:45:54,065 [WARN] PackLoader:240 - Cannot read IP mode file for STMicroelectronics.X-CUBE-AZRTOS-H7RS.1.1.0
2026-02-01 13:45:54,087 [WARN] PackLoader:240 - Cannot read IP mode file for Cesanta.I-CUBE-Mongoose.7.13.0
2026-02-01 13:45:54,123 [WARN] PackLoader:240 - Cannot read IP mode file for STMicroelectronics.X-CUBE-AZRTOS-G4.2.0.0
2026-02-01 13:45:54,413 [WARN] PackLoader:240 - Cannot read IP mode file for STMicroelectronics.FP-ATR-ASTRA1.1.1.1
2026-02-01 13:45:54,433 [WARN] PackLoader:240 - Cannot read IP mode file for wolfSSL.I-CUBE-wolfSSH.1.4.20
2026-02-01 13:45:54,459 [WARN] PackLoader:240 - Cannot read IP mode file for STMicroelectronics.X-CUBE-NFC7.2.0.0
2026-02-01 13:45:54,489 [WARN] PackLoader:240 - Cannot read IP mode file for STMicroelectronics.X-CUBE-AZRTOS-G4.1.0.0
2026-02-01 13:45:54,532 [WARN] PackLoader:240 - Cannot read IP mode file for STMicroelectronics.X-CUBE-AZRTOS-L4.1.0.0
2026-02-01 13:45:54,561 [WARN] PackLoader:240 - Cannot read IP mode file for STMicroelectronics.X-CUBE-IPS.3.1.0
2026-02-01 13:45:54,587 [WARN] PackLoader:240 - Cannot read IP mode file for STMicroelectronics.X-CUBE-ALS.1.0.2
2026-02-01 13:45:54,615 [WARN] PackLoader:240 - Cannot read IP mode file for STMicroelectronics.X-CUBE-AZRTOS-WL.1.0.0
2026-02-01 13:45:54,633 [WARN] PackLoader:240 - Cannot read IP mode file for STMicroelectronics.X-CUBE-STSE01.1.0.0
2026-02-01 13:45:54,655 [WARN] PackLoader:240 - Cannot read IP mode file for portGmbH.I-Cube-SoM-uGOAL.1.1.0
2026-02-01 13:45:54,671 [WARN] PackLoader:240 - Cannot read IP mode file for STMicroelectronics.X-CUBE-ALS.1.0.1
2026-02-01 13:45:54,696 [WARN] PackLoader:240 - Cannot read IP mode file for STMicroelectronics.X-CUBE-AZRTOS-WB.1.1.0
2026-02-01 13:45:54,720 [WARN] PackLoader:240 - Cannot read IP mode file for STMicroelectronics.X-CUBE-TOF1.3.4.3
2026-02-01 13:45:54,727 [INFO] ThirdParty:978 - Integrity check success = true
2026-02-01 13:45:54,727 [INFO] IntegrityCheckThread:100 - exiting critical section [integrity check]
2026-02-01 13:45:54,727 [INFO] IntegrityCheckThread:103 - End integrity checks thread
2026-02-01 20:34:45,497 [ERROR] LogOutputStream:75 - [STDERR_REDIRECT] 
2026-02-01 22:37:22,721 [INFO] Activator:176 - 


2026-02-01 22:37:22,724 [INFO] Activator:177 - !SESSION log4j initialized
2026-02-01 22:37:31,360 [INFO] LogOutputStream:77 - [STDOUT_REDIRECT] 
2026-02-01 22:37:34,138 [INFO] ApplicationProperties:184 - Using Application install path: D:\Programy\STM32CubeIDE_1.19.0\STM32CubeIDE\plugins\com.st.stm32cube.common.mx_6.15.0.202507011659
2026-02-01 22:37:34,169 [INFO] DbMcusXml:78 - Set database path to: D:\Programy\STM32CubeIDE_1.19.0\STM32CubeIDE\plugins\com.st.stm32cube.common.mx_6.15.0.202507011659\\db\/mcu/
2026-02-01 22:37:34,169 [INFO] ApiDb:274 - Set plugin database path to: D:\Programy\STM32CubeIDE_1.19.0\STM32CubeIDE\plugins\com.st.stm32cube.common.mx_6.15.0.202507011659\\db\/plugins/boardmanager/
2026-02-01 22:37:34,170 [WARN] ApiDb:259 - Overriding images path with different value:  => D:\Programy\STM32CubeIDE_1.19.0\STM32CubeIDE\plugins\com.st.stm32cube.common.mx_6.15.0.202507011659\\db\/plugins/mcufinder/images/
2026-02-01 22:37:34,181 [INFO] ApiDb:250 - Set database path to: C:\Users\kujon\.stmcufinder\plugins\mcufinder//mcu/
2026-02-01 22:37:34,182 [INFO] DbMcusAds:125 - Set database path to: C:\Users\kujon\.stmcufinder\plugins\mcufinder//mcu/
2026-02-01 22:37:34,188 [INFO] CrossReferenceDbSqlite:203 - Set database path to: C:\Users\kujon\.stmcufinder\plugins\mcufinder//mcu/cs/
2026-02-01 22:37:34,410 [INFO] RulesReader:64 - Compatibility file has been processed (317 Rules)
2026-02-01 22:37:34,575 [INFO] DbMcusXml:78 - Set database path to: D:\Programy\STM32CubeIDE_1.19.0\STM32CubeIDE\plugins\com.st.stm32cube.common.mx_6.15.0.202507011659\\db\/mcu/
2026-02-01 22:37:34,575 [INFO] ApiDb:274 - Set plugin database path to: D:\Programy\STM32CubeIDE_1.19.0\STM32CubeIDE\plugins\com.st.stm32cube.common.mx_6.15.0.202507011659\\db\/plugins/boardmanager/
2026-02-01 22:37:34,575 [INFO] ApiDb:261 - Set plugin images path to: D:\Programy\STM32CubeIDE_1.19.0\STM32CubeIDE\plugins\com.st.stm32cube.common.mx_6.15.0.202507011659\\db\/plugins/mcufinder/images/
2026-02-01 22:37:34,576 [WARN] DbFile:41 - Overriding database path with different value: C:\Users\kujon\.stmcufinder\plugins\mcufinder/ => C:\Users\kujon\.stmcufinder\plugins\mcufinder
2026-02-01 22:37:34,576 [INFO] ApiDb:250 - Set database path to: C:\Users\kujon\.stmcufinder\plugins\mcufinder//mcu/
2026-02-01 22:37:34,578 [WARN] DbFile:41 - Overriding database path with different value: C:\Users\kujon\.stmcufinder\plugins\mcufinder/ => C:\Users\kujon\.stmcufinder\plugins\mcufinder
2026-02-01 22:37:34,578 [INFO] DbMcusAds:125 - Set database path to: C:\Users\kujon\.stmcufinder\plugins\mcufinder//mcu/
2026-02-01 22:37:34,578 [WARN] DbFile:41 - Overriding database path with different value: C:\Users\kujon\.stmcufinder\plugins\mcufinder/ => C:\Users\kujon\.stmcufinder\plugins\mcufinder
2026-02-01 22:37:34,578 [WARN] DbFile:41 - Overriding database path with different value: C:\Users\kujon\.stmcufinder\plugins\mcufinder/ => C:\Users\kujon\.stmcufinder\plugins\mcufinder
2026-02-01 22:37:34,578 [INFO] CrossReferenceDbSqlite:203 - Set database path to: C:\Users\kujon\.stmcufinder\plugins\mcufinder//mcu/cs/
2026-02-01 22:37:34,712 [INFO] MainPanel:274 - HeapMemory: 268435456
2026-02-01 22:37:34,917 [INFO] DbMcusXml:78 - Set database path to: D:\Programy\STM32CubeIDE_1.19.0\STM32CubeIDE\plugins\com.st.stm32cube.common.mx_6.15.0.202507011659\\db\/mcu/
2026-02-01 22:37:34,917 [INFO] ApiDb:274 - Set plugin database path to: D:\Programy\STM32CubeIDE_1.19.0\STM32CubeIDE\plugins\com.st.stm32cube.common.mx_6.15.0.202507011659\\db\/plugins/boardmanager/
2026-02-01 22:37:34,917 [INFO] ApiDb:261 - Set plugin images path to: D:\Programy\STM32CubeIDE_1.19.0\STM32CubeIDE\plugins\com.st.stm32cube.common.mx_6.15.0.202507011659\\db\/plugins/mcufinder/images/
2026-02-01 22:37:34,918 [WARN] DbFile:41 - Overriding database path with different value: C:\Users\kujon\.stmcufinder\plugins\mcufinder/ => C:\Users\kujon\.stmcufinder\plugins\mcufinder
2026-02-01 22:37:34,918 [INFO] ApiDb:250 - Set database path to: C:\Users\kujon\.stmcufinder\plugins\mcufinder//mcu/
2026-02-01 22:37:34,918 [WARN] DbFile:41 - Overriding database path with different value: C:\Users\kujon\.stmcufinder\plugins\mcufinder/ => C:\Users\kujon\.stmcufinder\plugins\mcufinder
2026-02-01 22:37:34,918 [INFO] DbMcusAds:125 - Set database path to: C:\Users\kujon\.stmcufinder\plugins\mcufinder//mcu/
2026-02-01 22:37:34,918 [WARN] DbFile:41 - Overriding database path with different value: C:\Users\kujon\.stmcufinder\plugins\mcufinder/ => C:\Users\kujon\.stmcufinder\plugins\mcufinder
2026-02-01 22:37:34,918 [WARN] DbFile:41 - Overriding database path with different value: C:\Users\kujon\.stmcufinder\plugins\mcufinder/ => C:\Users\kujon\.stmcufinder\plugins\mcufinder
2026-02-01 22:37:34,918 [INFO] CrossReferenceDbSqlite:203 - Set database path to: C:\Users\kujon\.stmcufinder\plugins\mcufinder//mcu/cs/
2026-02-01 22:37:34,959 [INFO] ApplicationProperties:184 - Using Application install path: D:\Programy\STM32CubeIDE_1.19.0\STM32CubeIDE\plugins\com.st.stm32cube.common.mx_6.15.0.202507011659
2026-02-01 22:37:34,960 [INFO] PluginManage:196 - Search for loadable plugins [exclusion list=, ]
2026-02-01 22:37:34,963 [INFO] PluginManage:310 - Check plugin analytics
2026-02-01 22:37:35,216 [INFO] AnalyticsPlugin:253 - Accepted Software Licenses: 
2026-02-01 22:37:35,218 [INFO] AnalyticsPlugin:255 - Accepted CMSIS Pack Licenses: 
2026-02-01 22:37:35,218 [INFO] AnalyticsPlugin:257 - Accepted Firmware Licenses: 
2026-02-01 22:37:35,220 [INFO] PluginManage:359 - Loaded plugin analytics (category:tool,tabindex:-1)
2026-02-01 22:37:35,221 [INFO] PluginManage:310 - Check plugin cadmodel
2026-02-01 22:37:35,264 [INFO] CADModel:105 - Init CAD model plugin
2026-02-01 22:37:35,264 [INFO] PluginManage:359 - Loaded plugin cadmodel (category:power,tabindex:5)
2026-02-01 22:37:35,264 [INFO] PluginManage:310 - Check plugin clock
2026-02-01 22:37:35,303 [INFO] PluginManage:359 - Loaded plugin clock (category:base,tabindex:2)
2026-02-01 22:37:35,303 [INFO] PluginManage:310 - Check plugin ddr
2026-02-01 22:37:35,309 [INFO] PluginManage:359 - Loaded plugin ddr (category:tool,tabindex:6)
2026-02-01 22:37:35,309 [INFO] PluginManage:310 - Check plugin filemanager
2026-02-01 22:37:35,519 [INFO] PluginManage:359 - Loaded plugin filemanager (category:base,tabindex:10)
2026-02-01 22:37:35,519 [INFO] PluginManage:310 - Check plugin ipmanager
2026-02-01 22:37:35,529 [INFO] PluginManage:359 - Loaded plugin ipmanager (category:base,tabindex:5)
2026-02-01 22:37:35,529 [INFO] PluginManage:310 - Check plugin lpbam
2026-02-01 22:37:35,561 [INFO] PluginManage:359 - Loaded plugin lpbam (category:base,tabindex:0)
2026-02-01 22:37:35,562 [INFO] PluginManage:310 - Check plugin memorymap
2026-02-01 22:37:35,599 [INFO] PluginManage:359 - Loaded plugin memorymap (category:base,tabindex:4)
2026-02-01 22:37:35,599 [INFO] PluginManage:310 - Check plugin pinoutandconfiguration
2026-02-01 22:37:35,628 [INFO] PluginManage:359 - Loaded plugin pinoutandconfiguration (category:base,tabindex:1)
2026-02-01 22:37:35,628 [INFO] PluginManage:310 - Check plugin pinoutconfig
2026-02-01 22:37:35,762 [WARN] SupportedApi:132 - Cannot load RTOS API schema: s4s-elt-must-match.1: The content of 'definitions' must match (annotation?, (simpleType | complexType)?, (unique | key | keyref)*)). A problem was found starting at: attribute.
2026-02-01 22:37:35,946 [INFO] PluginManage:359 - Loaded plugin pinoutconfig (category:base,tabindex:0)
2026-02-01 22:37:35,946 [INFO] PluginManage:310 - Check plugin power
2026-02-01 22:37:35,980 [INFO] PluginManage:359 - Loaded plugin power (category:power,tabindex:4)
2026-02-01 22:37:35,980 [INFO] PluginManage:310 - Check plugin projectmanager
2026-02-01 22:37:35,999 [INFO] PluginManage:359 - Loaded plugin projectmanager (category:projectmanager,tabindex:4)
2026-02-01 22:37:36,000 [INFO] PluginManage:310 - Check plugin rif
2026-02-01 22:37:36,031 [INFO] PluginManage:359 - Loaded plugin rif (category:base,tabindex:3)
2026-02-01 22:37:36,032 [INFO] PluginManage:310 - Check plugin thirdparty
2026-02-01 22:37:36,640 [WARN] IntegrityCheckThread:84 - waiting for thirdparty lock release [integrity check]
2026-02-01 22:37:36,641 [INFO] IntegrityCheckThread:86 - entering critical section [integrity check]
2026-02-01 22:37:36,642 [INFO] PluginManage:359 - Loaded plugin thirdparty (category:base,tabindex:-1)
2026-02-01 22:37:36,642 [INFO] PluginManage:310 - Check plugin tools
2026-02-01 22:37:36,642 [INFO] ThirdPartyUpdaterWithRetryManager:70 - Updater plugin not ready yet. [1/15]
2026-02-01 22:37:36,650 [INFO] PluginManage:359 - Loaded plugin tools (category:base,tabindex:7)
2026-02-01 22:37:36,650 [INFO] PluginManage:310 - Check plugin tutovideos
2026-02-01 22:37:37,074 [INFO] PluginManage:359 - Loaded plugin tutovideos (category:base,tabindex:-1)
2026-02-01 22:37:37,075 [INFO] PluginManage:310 - Check plugin updater
2026-02-01 22:37:37,111 [INFO] PluginManage:359 - Loaded plugin updater (category:base,tabindex:12)
2026-02-01 22:37:37,111 [INFO] PluginManage:310 - Check plugin userauth
2026-02-01 22:37:37,118 [INFO] UserAuth:118 - Init User Auth plugin
2026-02-01 22:37:37,119 [INFO] PluginManage:359 - Loaded plugin userauth (category:base,tabindex:14)
2026-02-01 22:37:37,120 [INFO] PluginManage:283 - PluginManage : Loaded plugins [18]
2026-02-01 22:37:37,711 [INFO] PinOutPanel:1589 - setPackage(No Configuration,No Configuration)
2026-02-01 22:37:37,838 [INFO] CADModel:165 - CPN selected for project level
2026-02-01 22:37:37,838 [INFO] CADModel:114 - Register for checkConnection events
2026-02-01 22:37:37,882 [INFO] IPUIPlugin:80 - create IPUIPlugin
2026-02-01 22:37:37,883 [INFO] PluginManager:220 - loadIPPluginJar : add adc
2026-02-01 22:37:37,970 [INFO] IPUIPlugin:80 - create IPUIPlugin
2026-02-01 22:37:37,970 [INFO] PluginManager:220 - loadIPPluginJar : add aes
2026-02-01 22:37:38,068 [INFO] IPUIPlugin:80 - create IPUIPlugin
2026-02-01 22:37:38,068 [INFO] PluginManager:220 - loadIPPluginJar : add can
2026-02-01 22:37:38,120 [INFO] IPUIPlugin:80 - create IPUIPlugin
2026-02-01 22:37:38,120 [INFO] PluginManager:220 - loadIPPluginJar : add comp
2026-02-01 22:37:38,186 [INFO] IPUIPlugin:80 - create IPUIPlugin
2026-02-01 22:37:38,186 [INFO] PluginManager:220 - loadIPPluginJar : add cryp
2026-02-01 22:37:38,207 [INFO] IPUIPlugin:80 - create IPUIPlugin
2026-02-01 22:37:38,207 [INFO] PluginManager:220 - loadIPPluginJar : add ddr_ctrl_phy
2026-02-01 22:37:38,263 [INFO] IPUIPlugin:80 - create IPUIPlugin
2026-02-01 22:37:38,263 [INFO] PluginManager:220 - loadIPPluginJar : add dfsdm
2026-02-01 22:37:38,285 [INFO] IPUIPlugin:80 - create IPUIPlugin
2026-02-01 22:37:38,285 [INFO] PluginManager:220 - loadIPPluginJar : add dma
2026-02-01 22:37:38,365 [INFO] IPUIPlugin:80 - create IPUIPlugin
2026-02-01 22:37:38,365 [INFO] PluginManager:220 - loadIPPluginJar : add dma3
2026-02-01 22:37:38,446 [INFO] IPUIPlugin:80 - create IPUIPlugin
2026-02-01 22:37:38,447 [INFO] PluginManager:220 - loadIPPluginJar : add extmemmanager
2026-02-01 22:37:38,452 [INFO] IPUIPlugin:80 - create IPUIPlugin
2026-02-01 22:37:38,452 [INFO] PluginManager:220 - loadIPPluginJar : add fatfs
2026-02-01 22:37:38,533 [INFO] IPUIPlugin:80 - create IPUIPlugin
2026-02-01 22:37:38,533 [INFO] PluginManager:220 - loadIPPluginJar : add fmc
2026-02-01 22:37:38,559 [INFO] IPUIPlugin:80 - create IPUIPlugin
2026-02-01 22:37:38,560 [INFO] PluginManager:220 - loadIPPluginJar : add freertos
2026-02-01 22:37:38,608 [INFO] IPUIPlugin:80 - create IPUIPlugin
2026-02-01 22:37:38,608 [INFO] PluginManager:220 - loadIPPluginJar : add genericplugin
2026-02-01 22:37:38,826 [INFO] IPUIPlugin:80 - create IPUIPlugin
2026-02-01 22:37:38,827 [INFO] PluginManager:220 - loadIPPluginJar : add gfxmmu
2026-02-01 22:37:39,080 [INFO] IPUIPlugin:80 - create IPUIPlugin
2026-02-01 22:37:39,081 [INFO] PluginManager:220 - loadIPPluginJar : add gic
2026-02-01 22:37:39,101 [INFO] IPUIPlugin:80 - create IPUIPlugin
2026-02-01 22:37:39,101 [INFO] PluginManager:220 - loadIPPluginJar : add gpio
2026-02-01 22:37:39,287 [INFO] IPUIPlugin:80 - create IPUIPlugin
2026-02-01 22:37:39,287 [INFO] PluginManager:220 - loadIPPluginJar : add gtzc
2026-02-01 22:37:39,356 [INFO] IPUIPlugin:80 - create IPUIPlugin
2026-02-01 22:37:39,357 [INFO] PluginManager:220 - loadIPPluginJar : add hash
2026-02-01 22:37:39,461 [INFO] IPUIPlugin:80 - create IPUIPlugin
2026-02-01 22:37:39,463 [INFO] PluginManager:220 - loadIPPluginJar : add i2c
2026-02-01 22:37:39,536 [INFO] IPUIPlugin:80 - create IPUIPlugin
2026-02-01 22:37:39,536 [INFO] PluginManager:220 - loadIPPluginJar : add i2s
2026-02-01 22:37:39,610 [INFO] IPUIPlugin:80 - create IPUIPlugin
2026-02-01 22:37:39,610 [INFO] PluginManager:220 - loadIPPluginJar : add i3c
2026-02-01 22:37:39,644 [INFO] ThirdPartyUpdaterWithRetryManager:70 - Updater plugin not ready yet. [2/15]
2026-02-01 22:37:39,808 [INFO] IPUIPlugin:80 - create IPUIPlugin
2026-02-01 22:37:39,809 [INFO] PluginManager:220 - loadIPPluginJar : add ipddr
2026-02-01 22:37:39,998 [INFO] IPUIPlugin:80 - create IPUIPlugin
2026-02-01 22:37:39,998 [INFO] PluginManager:220 - loadIPPluginJar : add linkedlist
2026-02-01 22:37:40,070 [INFO] IPUIPlugin:80 - create IPUIPlugin
2026-02-01 22:37:40,070 [INFO] PluginManager:220 - loadIPPluginJar : add lorawan
2026-02-01 22:37:40,142 [INFO] IPUIPlugin:80 - create IPUIPlugin
2026-02-01 22:37:40,142 [INFO] PluginManager:220 - loadIPPluginJar : add ltdc
2026-02-01 22:37:40,166 [INFO] IPUIPlugin:80 - create IPUIPlugin
2026-02-01 22:37:40,166 [INFO] PluginManager:220 - loadIPPluginJar : add mdma
2026-02-01 22:37:40,189 [INFO] IPUIPlugin:80 - create IPUIPlugin
2026-02-01 22:37:40,189 [INFO] PluginManager:220 - loadIPPluginJar : add nvic
2026-02-01 22:37:40,263 [INFO] IPUIPlugin:80 - create IPUIPlugin
2026-02-01 22:37:40,263 [INFO] PluginManager:220 - loadIPPluginJar : add opamp
2026-02-01 22:37:40,386 [INFO] IPUIPlugin:80 - create IPUIPlugin
2026-02-01 22:37:40,387 [INFO] PluginManager:220 - loadIPPluginJar : add openamp
2026-02-01 22:37:40,483 [INFO] IPUIPlugin:80 - create IPUIPlugin
2026-02-01 22:37:40,483 [INFO] PluginManager:220 - loadIPPluginJar : add pdm2pcm
2026-02-01 22:37:40,509 [INFO] IPUIPlugin:80 - create IPUIPlugin
2026-02-01 22:37:40,511 [INFO] PluginManager:220 - loadIPPluginJar : add plateformsettings
2026-02-01 22:37:40,557 [INFO] IPUIPlugin:80 - create IPUIPlugin
2026-02-01 22:37:40,557 [INFO] PluginManager:220 - loadIPPluginJar : add quadspi
2026-02-01 22:37:40,606 [INFO] IPUIPlugin:80 - create IPUIPlugin
2026-02-01 22:37:40,607 [INFO] PluginManager:220 - loadIPPluginJar : add radio
2026-02-01 22:37:40,627 [INFO] IPUIPlugin:80 - create IPUIPlugin
2026-02-01 22:37:40,627 [INFO] PluginManager:220 - loadIPPluginJar : add resmgrutility
2026-02-01 22:37:40,714 [INFO] IPUIPlugin:80 - create IPUIPlugin
2026-02-01 22:37:40,714 [INFO] PluginManager:220 - loadIPPluginJar : add sai
2026-02-01 22:37:40,781 [INFO] IPUIPlugin:80 - create IPUIPlugin
2026-02-01 22:37:40,782 [INFO] PluginManager:220 - loadIPPluginJar : add spi
2026-02-01 22:37:40,921 [INFO] IPUIPlugin:80 - create IPUIPlugin
2026-02-01 22:37:40,921 [INFO] PluginManager:220 - loadIPPluginJar : add stm32_wpan
2026-02-01 22:37:40,977 [INFO] IPUIPlugin:80 - create IPUIPlugin
2026-02-01 22:37:40,977 [INFO] PluginManager:220 - loadIPPluginJar : add tim
2026-02-01 22:37:41,091 [INFO] IPUIPlugin:80 - create IPUIPlugin
2026-02-01 22:37:41,091 [INFO] PluginManager:220 - loadIPPluginJar : add touchsensing
2026-02-01 22:37:41,095 [INFO] IPUIPlugin:80 - create IPUIPlugin
2026-02-01 22:37:41,096 [INFO] PluginManager:220 - loadIPPluginJar : add tracer_emb
2026-02-01 22:37:41,141 [INFO] IPUIPlugin:80 - create IPUIPlugin
2026-02-01 22:37:41,141 [INFO] PluginManager:220 - loadIPPluginJar : add ts
2026-02-01 22:37:41,219 [INFO] IPUIPlugin:80 - create IPUIPlugin
2026-02-01 22:37:41,219 [INFO] PluginManager:220 - loadIPPluginJar : add tsc
2026-02-01 22:37:41,275 [INFO] IPUIPlugin:80 - create IPUIPlugin
2026-02-01 22:37:41,277 [INFO] PluginManager:220 - loadIPPluginJar : add ucpd
2026-02-01 22:37:41,358 [INFO] IPUIPlugin:80 - create IPUIPlugin
2026-02-01 22:37:41,358 [INFO] PluginManager:220 - loadIPPluginJar : add usart
2026-02-01 22:37:41,446 [INFO] IPUIPlugin:80 - create IPUIPlugin
2026-02-01 22:37:41,447 [INFO] PluginManager:220 - loadIPPluginJar : add usbx
2026-02-01 22:37:41,597 [FATAL] Updater:351 - Updater called before beeing initialized
2026-02-01 22:37:41,629 [INFO] RulesReader:64 - Compatibility file has been processed (317 Rules)
2026-02-01 22:37:41,641 [INFO] RulesReader:64 - Compatibility file has been processed (317 Rules)
2026-02-01 22:37:41,655 [INFO] CADModel:165 - CPN selected for project level
2026-02-01 22:37:41,655 [INFO] CADModel:114 - Register for checkConnection events
2026-02-01 22:37:41,655 [FATAL] Updater:351 - Updater called before beeing initialized
2026-02-01 22:37:41,655 [ERROR] CADModel:125 - Updater not yet initialized, retry later 
2026-02-01 22:37:41,862 [FATAL] Updater:351 - Updater called before beeing initialized
2026-02-01 22:37:41,864 [INFO] CADModel:165 - CPN selected for project level
2026-02-01 22:37:41,864 [INFO] CADModel:114 - Register for checkConnection events
2026-02-01 22:37:41,864 [FATAL] Updater:351 - Updater called before beeing initialized
2026-02-01 22:37:41,864 [ERROR] CADModel:125 - Updater not yet initialized, retry later 
2026-02-01 22:37:41,870 [FATAL] Updater:351 - Updater called before beeing initialized
2026-02-01 22:37:42,035 [FATAL] Updater:351 - Updater called before beeing initialized
2026-02-01 22:37:42,055 [INFO] DbMcusAds:53 - JSON generation date=Thu Oct 02 11:36:05 CEST 2025 (1759397765645)
2026-02-01 22:37:42,055 [FATAL] Updater:351 - Updater called before beeing initialized
2026-02-01 22:37:42,176 [WARN] DetailPanel:346 - Failed to get advertising image, set to default
2026-02-01 22:37:42,270 [FATAL] Updater:351 - Updater called before beeing initialized
2026-02-01 22:37:42,272 [FATAL] Updater:351 - Updater called before beeing initialized
2026-02-01 22:37:42,272 [FATAL] Updater:351 - Updater called before beeing initialized
2026-02-01 22:37:42,272 [WARN] DetailPanel:346 - Failed to get advertising image, set to default
2026-02-01 22:37:42,273 [FATAL] Updater:351 - Updater called before beeing initialized
2026-02-01 22:37:42,355 [ERROR] Updater:1198 - MainUpdater not yet initialized. External WinMGr cannot be set.
2026-02-01 22:37:42,370 [INFO] Updater:1134 - Updater Version found : 6.15.0
2026-02-01 22:37:42,395 [INFO] ApplicationProperties:184 - Using Application install path: D:\Programy\STM32CubeIDE_1.19.0\STM32CubeIDE\plugins\com.st.stm32cube.common.mx_6.15.0.202507011659
2026-02-01 22:37:42,644 [INFO] ThirdPartyUpdaterWithRetryManager:70 - Updater plugin not ready yet. [3/15]
2026-02-01 22:37:43,986 [ERROR] LogOutputStream:75 - [STDERR_REDIRECT] Feb 01, 2026 10:37:43 PM java.util.prefs.WindowsPreferences <init>
2026-02-01 22:37:43,987 [ERROR] LogOutputStream:75 - [STDERR_REDIRECT] WARNING: Could not open/create prefs root node Software\JavaSoft\Prefs at root 0xffffffff80000002. Windows RegCreateKeyEx(...) returned error code 5.
2026-02-01 22:37:43,988 [ERROR] LogOutputStream:75 - [STDERR_REDIRECT] 
2026-02-01 22:37:44,842 [INFO] MainUpdater:2872 - connection check result : 10
2026-02-01 22:37:44,842 [INFO] MainUpdater:3604 - Updater definition file requires update
2026-02-01 22:37:44,844 [INFO] MainUpdater:289 - Updater Check For Update Now.
2026-02-01 22:37:44,844 [INFO] MicroXplorer:498 - Change Database Version : DB.6.0.150
2026-02-01 22:37:44,877 [INFO] McuFinderGlobals:63 - Set McuFinder mode to 2 (CubeIDE integrated)
2026-02-01 22:37:44,893 [INFO] UserAuth:487 - Internet connection configuration mode: 1
2026-02-01 22:37:44,941 [INFO] JxBrowserEngine:152 - Initiate JxBrowser Engine with user profile folder
2026-02-01 22:37:44,977 [INFO] ServerAccessManage:452 - Complete download http(s) 200
2026-02-01 22:37:44,979 [INFO] ServerAccessManage:509 - Download File updaters.zip
2026-02-01 22:37:45,227 [INFO] FileExtend:248 - Unzip File : updaters.zip
2026-02-01 22:37:45,228 [INFO] FileExtend:263 - Standard Zip Deflate
2026-02-01 22:37:45,651 [WARN] MainUpdater:1193 - Updater busy. Cannot search thirdparties
2026-02-01 22:37:45,653 [INFO] ThirdPartyUpdaterWithRetryManager:96 - Updater plugin is busy. [1/15]
2026-02-01 22:37:47,890 [INFO] ServerAccessManage:452 - Complete download http(s) 200
2026-02-01 22:37:47,891 [INFO] ServerAccessManage:509 - Download File PacksControlFlags.xml
2026-02-01 22:37:48,026 [INFO] ServerAccessManage:452 - Complete download http(s) 200
2026-02-01 22:37:48,027 [INFO] ServerAccessManage:509 - Download File cubemx.pidx
2026-02-01 22:37:48,518 [INFO] LoadServerUpdatesThread:375 - End of LoadServerUpdate Thread
2026-02-01 22:37:48,655 [WARN] MainUpdater:1193 - Updater busy. Cannot search thirdparties
2026-02-01 22:37:48,655 [INFO] ThirdPartyUpdaterWithRetryManager:96 - Updater plugin is busy. [2/15]
2026-02-01 22:37:48,736 [INFO] CheckServerUpdateThread:120 - End of CheckServer Thread
2026-02-01 22:37:49,206 [INFO] WebApp:169 - Instantiating new browser for Auth
2026-02-01 22:37:50,472 [INFO] WebApp:463 - Apply proxy settings
2026-02-01 22:37:50,472 [INFO] WebApp:548 - Chromium requires no authentication
2026-02-01 22:37:50,489 [INFO] WebApp:491 - Direct internet connection detected
2026-02-01 22:37:50,550 [INFO] WebApp:900 - Register for checkConnection events
2026-02-01 22:37:50,550 [INFO] WebApp:463 - Apply proxy settings
2026-02-01 22:37:50,550 [INFO] WebApp:548 - Chromium requires no authentication
2026-02-01 22:37:50,552 [INFO] WebApp:491 - Direct internet connection detected
2026-02-01 22:37:50,779 [INFO] WebApp:191 - Connection restablished
2026-02-01 22:37:51,103 [INFO] WebApp:225 - Starting web application
2026-02-01 22:37:51,104 [INFO] WebApp:593 - Web application path used D:\Programy\STM32CubeIDE_1.19.0\STM32CubeIDE\plugins\com.st.stm32cube.common.mx_6.15.0.202507011659\db\plugins\mcufinder\reactClient1\index.html
2026-02-01 22:37:51,510 [INFO] UserAuth:487 - Internet connection configuration mode: 1
2026-02-01 22:37:52,828 [WARN] PackLoader:240 - Cannot read IP mode file for STMicroelectronics.FP-SNS-MOTENVWB1.1.4.0
2026-02-01 22:37:52,869 [WARN] PackLoader:240 - Cannot read IP mode file for STMicroelectronics.FP-ATR-ASTRA1.2.0.2
2026-02-01 22:37:52,903 [WARN] PackLoader:240 - Cannot read IP mode file for STMicroelectronics.X-CUBE-SMBUS.2.1.0
2026-02-01 22:37:52,930 [WARN] PackLoader:240 - Cannot read IP mode file for STMicroelectronics.X-CUBE-ST60.1.0.0
2026-02-01 22:37:52,995 [WARN] PackLoader:240 - Cannot read IP mode file for STMicroelectronics.X-CUBE-AZRTOS-F7.1.1.0
2026-02-01 22:37:53,035 [WARN] PackLoader:240 - Cannot read IP mode file for STMicroelectronics.X-CUBE-BLE1.6.2.4
2026-02-01 22:37:53,074 [WARN] PackLoader:240 - Cannot read IP mode file for STMicroelectronics.FP-SNS-MOTENV1.5.1.0
2026-02-01 22:37:53,123 [WARN] PackLoader:240 - Cannot read IP mode file for WES.I-CUBE-Cesium.1.4.0
2026-02-01 22:37:53,194 [WARN] PackLoader:240 - Cannot read IP mode file for Infineon.AIROC-Wi-Fi-Bluetooth-STM32.1.7.1
2026-02-01 22:37:53,265 [WARN] PackLoader:240 - Cannot read IP mode file for STMicroelectronics.X-CUBE-AZRTOS-H7.3.4.0
2026-02-01 22:37:53,302 [WARN] PackLoader:240 - Cannot read IP mode file for STMicroelectronics.X-CUBE-DISPLAY.3.0.0
2026-02-01 22:37:53,344 [WARN] PackLoader:240 - Cannot read IP mode file for STMicroelectronics.X-CUBE-NFC10.1.0.0
2026-02-01 22:37:53,373 [WARN] PackLoader:240 - Cannot read IP mode file for STMicroelectronics.X-CUBE-ST60.1.1.0
2026-02-01 22:37:53,403 [WARN] PackLoader:240 - Cannot read IP mode file for emotas.I-CUBE-CANOPEN.1.3.0
2026-02-01 22:37:53,432 [WARN] PackLoader:240 - Cannot read IP mode file for STMicroelectronics.X-CUBE-GNSS1.7.1.0
2026-02-01 22:37:53,462 [WARN] PackLoader:240 - Cannot read IP mode file for STMicroelectronics.FP-SNS-STBOX1.2.1.0
2026-02-01 22:37:53,496 [WARN] PackLoader:240 - Cannot read IP mode file for STMicroelectronics.FP-SNS-SMARTAG2.1.2.0
2026-02-01 22:37:53,523 [WARN] PackLoader:240 - Cannot read IP mode file for STMicroelectronics.FP-SNS-FLIGHT1.5.1.0
2026-02-01 22:37:53,560 [INFO] LogOutputStream:77 - [STDOUT_REDIRECT] 1 : Invalid condition id : UX_CORESTACK_Condition cause : null
2026-02-01 22:37:53,561 [INFO] LogOutputStream:77 - [STDOUT_REDIRECT] 1 : Invalid condition id : UX_CORESTACK_Condition cause : null
2026-02-01 22:37:53,562 [INFO] LogOutputStream:77 - [STDOUT_REDIRECT] 1 : Invalid condition id : UX_CORESTACK_Condition cause : null
2026-02-01 22:37:53,566 [INFO] LogOutputStream:77 - [STDOUT_REDIRECT] 1 : Invalid condition id : UX_CORESTACK_Condition cause : null
2026-02-01 22:37:53,570 [INFO] LogOutputStream:77 - [STDOUT_REDIRECT] 1 : Invalid condition id : UX_CORESTACK_Condition cause : null
2026-02-01 22:37:53,574 [WARN] PackLoader:240 - Cannot read IP mode file for STMicroelectronics.X-CUBE-AZRTOS-WL.2.0.0
2026-02-01 22:37:53,606 [WARN] PackLoader:240 - Cannot read IP mode file for STMicroelectronics.FP-SNS-MOTENV1.5.0.0
2026-02-01 22:37:53,655 [WARN] PackLoader:240 - Cannot read IP mode file for STMicroelectronics.X-CUBE-AZRTOS-H7RS.1.2.0
2026-02-01 22:37:53,687 [WARN] PackLoader:240 - Cannot read IP mode file for STMicroelectronics.X-CUBE-BLE2.3.3.0
2026-02-01 22:37:53,786 [WARN] PackLoader:240 - Cannot read IP mode file for STMicroelectronics.X-CUBE-TOF1.3.2.0
2026-02-01 22:37:53,820 [WARN] PackLoader:240 - Cannot read IP mode file for STMicroelectronics.X-CUBE-NFC9.1.0.0
2026-02-01 22:37:53,850 [WARN] PackLoader:240 - Cannot read IP mode file for wolfSSL.I-CUBE-wolfSSL.5.8.2
2026-02-01 22:37:53,888 [WARN] PackLoader:240 - Cannot read IP mode file for STMicroelectronics.X-CUBE-BLE1.7.1.0
2026-02-01 22:37:53,927 [WARN] PackLoader:240 - Cannot read IP mode file for wolfSSL.I-CUBE-wolfMQTT.1.19.2
2026-02-01 22:37:53,960 [WARN] PackLoader:240 - Cannot read IP mode file for STMicroelectronics.X-CUBE-FREERTOS.1.4.0
2026-02-01 22:37:53,993 [WARN] PackLoader:240 - Cannot read IP mode file for STMicroelectronics.X-CUBE-EEPRMA1.5.2.0
2026-02-01 22:37:54,025 [WARN] PackLoader:240 - Cannot read IP mode file for STMicroelectronics.X-CUBE-TOUCHGFX.4.21.1
2026-02-01 22:37:54,073 [WARN] PackLoader:240 - Cannot read IP mode file for STMicroelectronics.X-CUBE-ST67W61.1.1.0
2026-02-01 22:37:54,173 [WARN] PackLoader:240 - Cannot read IP mode file for STMicroelectronics.X-CUBE-MEMS1.12.0.0
2026-02-01 22:37:54,336 [WARN] PackLoader:240 - Cannot read IP mode file for STMicroelectronics.X-CUBE-ALGOBUILD.1.3.0
2026-02-01 22:37:54,380 [WARN] PackLoader:240 - Cannot read IP mode file for STMicroelectronics.X-CUBE-AZRTOS-G0.1.1.0
2026-02-01 22:37:54,422 [WARN] PackLoader:240 - Cannot read IP mode file for STMicroelectronics.X-CUBE-SAFEA1.1.2.2
2026-02-01 22:37:54,452 [WARN] PackLoader:240 - Cannot read IP mode file for STMicroelectronics.X-CUBE-NFC4.3.0.0
2026-02-01 22:37:54,487 [WARN] PackLoader:240 - Cannot read IP mode file for EmbeddedOffice.I-CUBE-FS-RTOS.1.0.1
2026-02-01 22:37:54,523 [WARN] PackLoader:240 - Cannot read IP mode file for STMicroelectronics.X-CUBE-WB05N.2.0.0
2026-02-01 22:37:54,553 [WARN] PackLoader:240 - Cannot read IP mode file for wolfSSL.I-CUBE-wolfTPM.3.8.0
2026-02-01 22:37:54,589 [WARN] PackLoader:240 - Cannot read IP mode file for STMicroelectronics.X-CUBE-BLEMGR.1.3.0
2026-02-01 22:37:54,624 [WARN] PackLoader:240 - Cannot read IP mode file for STMicroelectronics.X-CUBE-TCPP.4.2.0
2026-02-01 22:37:54,662 [WARN] PackLoader:240 - Cannot read IP mode file for RealThread.X-CUBE-RT-Thread_Nano.4.1.1
2026-02-01 22:37:54,691 [WARN] PackLoader:240 - Cannot read IP mode file for STMicroelectronics.FP-ATR-SIGFOX1.3.2.0
2026-02-01 22:37:54,729 [WARN] PackLoader:240 - Cannot read IP mode file for ITTIA_DB.I-CUBE-ITTIADB.8.9.0
2026-02-01 22:37:54,753 [WARN] PackLoader:240 - Cannot read IP mode file for STMicroelectronics.X-CUBE-NFC6.3.2.0
2026-02-01 22:37:54,816 [WARN] PackLoader:240 - Cannot read IP mode file for STMicroelectronics.X-CUBE-MEMS1.9.5.0
2026-02-01 22:37:54,928 [WARN] PackLoader:240 - Cannot read IP mode file for STMicroelectronics.X-CUBE-ST67W61.1.0.0
2026-02-01 22:37:54,964 [WARN] PackLoader:240 - Cannot read IP mode file for STMicroelectronics.X-CUBE-AI.10.2.0
2026-02-01 22:37:55,011 [WARN] PackLoader:240 - Cannot read IP mode file for SEGGER.I-CUBE-embOS.1.3.1
2026-02-01 22:37:55,080 [WARN] PackLoader:240 - Cannot read IP mode file for STMicroelectronics.X-CUBE-ALGOBUILD.1.4.0
2026-02-01 22:37:55,151 [WARN] PackLoader:240 - Cannot read IP mode file for STMicroelectronics.X-CUBE-MEMS1.11.3.0
2026-02-01 22:37:55,271 [WARN] PackLoader:240 - Cannot read IP mode file for STMicroelectronics.X-CUBE-PM33A1.1.0.0
2026-02-01 22:37:55,300 [WARN] PackLoader:240 - Cannot read IP mode file for STMicroelectronics.X-CUBE-GNSS1.6.0.0
2026-02-01 22:37:55,350 [WARN] PackLoader:240 - Cannot read IP mode file for STMicroelectronics.X-CUBE-AZRTOS-F4.1.1.0
2026-02-01 22:37:55,411 [WARN] PackLoader:240 - Cannot read IP mode file for Avnet-IotConnect.X-CUBE-IoTC-DA16k-PMOD.1.0.0
2026-02-01 22:37:55,461 [WARN] PackLoader:240 - Cannot read IP mode file for STMicroelectronics.X-CUBE-ISPU.2.1.0
2026-02-01 22:37:55,500 [WARN] PackLoader:240 - Cannot read IP mode file for STMicroelectronics.X-CUBE-IPS.3.2.0
2026-02-01 22:37:55,541 [WARN] PackLoader:240 - Cannot read IP mode file for STMicroelectronics.X-CUBE-NFC12.1.0.0
2026-02-01 22:37:55,594 [WARN] PackLoader:240 - Cannot read IP mode file for STMicroelectronics.X-CUBE-AZRTOS-L5.2.0.0
2026-02-01 22:37:55,631 [WARN] PackLoader:240 - Cannot read IP mode file for STMicroelectronics.X-CUBE-NFC6.3.1.0
2026-02-01 22:37:55,664 [WARN] PackLoader:240 - Cannot read IP mode file for emotas.I-CUBE-CANOPEN.1.1.3
2026-02-01 22:37:55,687 [WARN] PackLoader:240 - Cannot read IP mode file for wolfSSL.I-CUBE-wolfSSL.5.5.4
2026-02-01 22:37:55,715 [WARN] PackLoader:240 - Cannot read IP mode file for STMicroelectronics.X-CUBE-FREERTOS.1.3.1
2026-02-01 22:37:55,739 [WARN] PackLoader:240 - Cannot read IP mode file for STMicroelectronics.X-CUBE-NFC7.1.0.0
2026-02-01 22:37:55,759 [WARN] PackLoader:240 - Cannot read IP mode file for STMicroelectronics.X-CUBE-TOUCHGFX.4.26.0
2026-02-01 22:37:55,783 [WARN] PackLoader:240 - Cannot read IP mode file for STMicroelectronics.X-CUBE-EEPRMA1.4.1.0
2026-02-01 22:37:55,811 [WARN] PackLoader:240 - Cannot read IP mode file for STMicroelectronics.FP-SNS-STAIOTCFT.1.0.0
2026-02-01 22:37:55,849 [WARN] PackLoader:240 - Cannot read IP mode file for STMicroelectronics.X-CUBE-DPower.1.3.0
2026-02-01 22:37:55,894 [WARN] ConditionMgr:438 - getConditionDescription Invalid condition id : LAN8742 Phy interface Condition cause : null
2026-02-01 22:37:55,894 [WARN] PackLoader:240 - Cannot read IP mode file for STMicroelectronics.X-CUBE-AZRTOS-L4.2.0.0
2026-02-01 22:37:55,896 [WARN] ConditionMgr:1044 - genDependencies : Invalid condition id : LAN8742 Phy interface Condition cause : null
2026-02-01 22:37:55,896 [WARN] ConditionMgr:1044 - genDependencies : Invalid condition id : LAN8742 Phy interface Condition cause : null
2026-02-01 22:37:55,897 [WARN] ConditionMgr:1044 - genDependencies : Invalid condition id : LAN8742 Phy interface Condition cause : null
2026-02-01 22:37:55,923 [WARN] PackLoader:240 - Cannot read IP mode file for STMicroelectronics.X-CUBE-SFXS2LP1.4.0.0
2026-02-01 22:37:55,970 [WARN] PackLoader:240 - Cannot read IP mode file for STMicroelectronics.X-CUBE-AZRTOS-H7.3.0.0
2026-02-01 22:37:56,001 [WARN] PackLoader:240 - Cannot read IP mode file for STMicroelectronics.X-CUBE-ST67W61.1.2.0
2026-02-01 22:37:56,022 [WARN] PackLoader:240 - Cannot read IP mode file for STMicroelectronics.X-CUBE-ISPU.1.1.0
2026-02-01 22:37:56,050 [WARN] PackLoader:240 - Cannot read IP mode file for RoweBots.I-CUBE-UNISONRTOS.5.5.0-4
2026-02-01 22:37:56,083 [WARN] PackLoader:240 - Cannot read IP mode file for STMicroelectronics.X-CUBE-BLEMGR.4.1.0
2026-02-01 22:37:56,110 [WARN] PackLoader:240 - Cannot read IP mode file for STMicroelectronics.X-CUBE-AI.8.0.0
2026-02-01 22:37:56,148 [WARN] ConditionMgr:438 - getConditionDescription Invalid condition id : UX DEVICE CLASS RTOS Condition cause : null
2026-02-01 22:37:56,148 [WARN] ConditionMgr:438 - getConditionDescription Invalid condition id : UX DEVICE CLASS RTOS Condition cause : null
2026-02-01 22:37:56,150 [WARN] PackLoader:240 - Cannot read IP mode file for STMicroelectronics.X-CUBE-AZRTOS-WB.2.0.0
2026-02-01 22:37:56,150 [WARN] ConditionMgr:1044 - genDependencies : Invalid condition id : UX DEVICE CLASS RTOS Condition cause : null
2026-02-01 22:37:56,150 [WARN] ConditionMgr:1044 - genDependencies : Invalid condition id : UX DEVICE CLASS RTOS Condition cause : null
2026-02-01 22:37:56,151 [WARN] ConditionMgr:1044 - genDependencies : Invalid condition id : UX DEVICE CLASS RTOS Condition cause : null
2026-02-01 22:37:56,151 [WARN] ConditionMgr:1044 - genDependencies : Invalid condition id : UX DEVICE CLASS RTOS Condition cause : null
2026-02-01 22:37:56,151 [WARN] ConditionMgr:1044 - genDependencies : Invalid condition id : UX DEVICE CLASS RTOS Condition cause : null
2026-02-01 22:37:56,175 [WARN] PackLoader:240 - Cannot read IP mode file for STMicroelectronics.X-CUBE-GNSS1.7.0.1
2026-02-01 22:37:56,201 [WARN] PackLoader:240 - Cannot read IP mode file for STMicroelectronics.X-CUBE-TOUCHGFX.4.25.0
2026-02-01 22:37:56,232 [WARN] ConditionMgr:438 - getConditionDescription Invalid condition id : Cortex-A Device cause : null
2026-02-01 22:37:56,273 [WARN] ConditionMgr:1044 - genDependencies : Invalid condition id : Cortex-A Device cause : null
2026-02-01 22:37:56,273 [WARN] ConditionMgr:1044 - genDependencies : Invalid condition id : Cortex-A Device cause : null
2026-02-01 22:37:56,273 [WARN] ConditionMgr:1044 - genDependencies : Invalid condition id : Cortex-A Device cause : null
2026-02-01 22:37:56,306 [WARN] PackLoader:240 - Cannot read IP mode file for STMicroelectronics.X-CUBE-STSE01.2.0.0
2026-02-01 22:37:56,353 [WARN] PackLoader:240 - Cannot read IP mode file for STMicroelectronics.X-CUBE-AZRTOS-L5.1.1.0
2026-02-01 22:37:56,390 [WARN] PackLoader:240 - Cannot read IP mode file for STMicroelectronics.X-CUBE-SUBG2.5.0.0
2026-02-01 22:37:56,439 [WARN] PackLoader:240 - Cannot read IP mode file for STMicroelectronics.X-CUBE-AZRTOS-H7RS.1.1.0
2026-02-01 22:37:56,469 [WARN] PackLoader:240 - Cannot read IP mode file for Cesanta.I-CUBE-Mongoose.7.13.0
2026-02-01 22:37:56,533 [WARN] PackLoader:240 - Cannot read IP mode file for STMicroelectronics.X-CUBE-AZRTOS-G4.2.0.0
2026-02-01 22:37:56,916 [WARN] PackLoader:240 - Cannot read IP mode file for STMicroelectronics.FP-ATR-ASTRA1.1.1.1
2026-02-01 22:37:56,943 [WARN] PackLoader:240 - Cannot read IP mode file for wolfSSL.I-CUBE-wolfSSH.1.4.20
2026-02-01 22:37:56,971 [WARN] PackLoader:240 - Cannot read IP mode file for STMicroelectronics.X-CUBE-NFC7.2.0.0
2026-02-01 22:37:57,005 [WARN] PackLoader:240 - Cannot read IP mode file for STMicroelectronics.X-CUBE-AZRTOS-G4.1.0.0
2026-02-01 22:37:57,047 [WARN] PackLoader:240 - Cannot read IP mode file for STMicroelectronics.X-CUBE-AZRTOS-L4.1.0.0
2026-02-01 22:37:57,086 [WARN] PackLoader:240 - Cannot read IP mode file for STMicroelectronics.X-CUBE-IPS.3.1.0
2026-02-01 22:37:57,117 [WARN] PackLoader:240 - Cannot read IP mode file for STMicroelectronics.X-CUBE-ALS.1.0.2
2026-02-01 22:37:57,147 [WARN] PackLoader:240 - Cannot read IP mode file for STMicroelectronics.X-CUBE-AZRTOS-WL.1.0.0
2026-02-01 22:37:57,173 [WARN] PackLoader:240 - Cannot read IP mode file for STMicroelectronics.X-CUBE-STSE01.1.0.0
2026-02-01 22:37:57,203 [WARN] PackLoader:240 - Cannot read IP mode file for portGmbH.I-Cube-SoM-uGOAL.1.1.0
2026-02-01 22:37:57,228 [WARN] PackLoader:240 - Cannot read IP mode file for STMicroelectronics.X-CUBE-ALS.1.0.1
2026-02-01 22:37:57,260 [WARN] PackLoader:240 - Cannot read IP mode file for STMicroelectronics.X-CUBE-AZRTOS-WB.1.1.0
2026-02-01 22:37:57,291 [WARN] PackLoader:240 - Cannot read IP mode file for STMicroelectronics.X-CUBE-TOF1.3.4.3
2026-02-01 22:37:57,298 [INFO] ThirdParty:978 - Integrity check success = true
2026-02-01 22:37:57,298 [INFO] IntegrityCheckThread:100 - exiting critical section [integrity check]
2026-02-01 22:37:57,298 [INFO] IntegrityCheckThread:103 - End integrity checks thread
