2026-02-07 13:05:15,512 [INFO] Activator:176 - 


2026-02-07 13:05:15,520 [INFO] Activator:177 - !SESSION log4j initialized
2026-02-07 13:05:25,940 [INFO] LogOutputStream:77 - [STDOUT_REDIRECT] 
2026-02-07 13:05:35,990 [INFO] ApplicationProperties:184 - Using Application install path: D:\Programy\STM32CubeIDE_1.19.0\STM32CubeIDE\plugins\com.st.stm32cube.common.mx_6.15.0.202507011659
2026-02-07 13:05:36,013 [INFO] DbMcusXml:78 - Set database path to: D:\Programy\STM32CubeIDE_1.19.0\STM32CubeIDE\plugins\com.st.stm32cube.common.mx_6.15.0.202507011659\\db\/mcu/
2026-02-07 13:05:36,013 [INFO] ApiDb:274 - Set plugin database path to: D:\Programy\STM32CubeIDE_1.19.0\STM32CubeIDE\plugins\com.st.stm32cube.common.mx_6.15.0.202507011659\\db\/plugins/boardmanager/
2026-02-07 13:05:36,013 [WARN] ApiDb:259 - Overriding images path with different value:  => D:\Programy\STM32CubeIDE_1.19.0\STM32CubeIDE\plugins\com.st.stm32cube.common.mx_6.15.0.202507011659\\db\/plugins/mcufinder/images/
2026-02-07 13:05:36,023 [INFO] ApiDb:250 - Set database path to: C:\Users\kujon\.stmcufinder\plugins\mcufinder//mcu/
2026-02-07 13:05:36,026 [INFO] DbMcusAds:125 - Set database path to: C:\Users\kujon\.stmcufinder\plugins\mcufinder//mcu/
2026-02-07 13:05:36,028 [INFO] CrossReferenceDbSqlite:203 - Set database path to: C:\Users\kujon\.stmcufinder\plugins\mcufinder//mcu/cs/
2026-02-07 13:05:36,173 [INFO] RulesReader:64 - Compatibility file has been processed (317 Rules)
2026-02-07 13:05:36,306 [INFO] DbMcusXml:78 - Set database path to: D:\Programy\STM32CubeIDE_1.19.0\STM32CubeIDE\plugins\com.st.stm32cube.common.mx_6.15.0.202507011659\\db\/mcu/
2026-02-07 13:05:36,306 [INFO] ApiDb:274 - Set plugin database path to: D:\Programy\STM32CubeIDE_1.19.0\STM32CubeIDE\plugins\com.st.stm32cube.common.mx_6.15.0.202507011659\\db\/plugins/boardmanager/
2026-02-07 13:05:36,306 [INFO] ApiDb:261 - Set plugin images path to: D:\Programy\STM32CubeIDE_1.19.0\STM32CubeIDE\plugins\com.st.stm32cube.common.mx_6.15.0.202507011659\\db\/plugins/mcufinder/images/
2026-02-07 13:05:36,306 [WARN] DbFile:41 - Overriding database path with different value: C:\Users\kujon\.stmcufinder\plugins\mcufinder/ => C:\Users\kujon\.stmcufinder\plugins\mcufinder
2026-02-07 13:05:36,306 [INFO] ApiDb:250 - Set database path to: C:\Users\kujon\.stmcufinder\plugins\mcufinder//mcu/
2026-02-07 13:05:36,307 [WARN] DbFile:41 - Overriding database path with different value: C:\Users\kujon\.stmcufinder\plugins\mcufinder/ => C:\Users\kujon\.stmcufinder\plugins\mcufinder
2026-02-07 13:05:36,307 [INFO] DbMcusAds:125 - Set database path to: C:\Users\kujon\.stmcufinder\plugins\mcufinder//mcu/
2026-02-07 13:05:36,307 [WARN] DbFile:41 - Overriding database path with different value: C:\Users\kujon\.stmcufinder\plugins\mcufinder/ => C:\Users\kujon\.stmcufinder\plugins\mcufinder
2026-02-07 13:05:36,307 [WARN] DbFile:41 - Overriding database path with different value: C:\Users\kujon\.stmcufinder\plugins\mcufinder/ => C:\Users\kujon\.stmcufinder\plugins\mcufinder
2026-02-07 13:05:36,324 [INFO] CrossReferenceDbSqlite:203 - Set database path to: C:\Users\kujon\.stmcufinder\plugins\mcufinder//mcu/cs/
2026-02-07 13:05:36,451 [INFO] MainPanel:274 - HeapMemory: 268435456
2026-02-07 13:05:36,653 [INFO] DbMcusXml:78 - Set database path to: D:\Programy\STM32CubeIDE_1.19.0\STM32CubeIDE\plugins\com.st.stm32cube.common.mx_6.15.0.202507011659\\db\/mcu/
2026-02-07 13:05:36,653 [INFO] ApiDb:274 - Set plugin database path to: D:\Programy\STM32CubeIDE_1.19.0\STM32CubeIDE\plugins\com.st.stm32cube.common.mx_6.15.0.202507011659\\db\/plugins/boardmanager/
2026-02-07 13:05:36,653 [INFO] ApiDb:261 - Set plugin images path to: D:\Programy\STM32CubeIDE_1.19.0\STM32CubeIDE\plugins\com.st.stm32cube.common.mx_6.15.0.202507011659\\db\/plugins/mcufinder/images/
2026-02-07 13:05:36,655 [WARN] DbFile:41 - Overriding database path with different value: C:\Users\kujon\.stmcufinder\plugins\mcufinder/ => C:\Users\kujon\.stmcufinder\plugins\mcufinder
2026-02-07 13:05:36,655 [INFO] ApiDb:250 - Set database path to: C:\Users\kujon\.stmcufinder\plugins\mcufinder//mcu/
2026-02-07 13:05:36,655 [WARN] DbFile:41 - Overriding database path with different value: C:\Users\kujon\.stmcufinder\plugins\mcufinder/ => C:\Users\kujon\.stmcufinder\plugins\mcufinder
2026-02-07 13:05:36,655 [INFO] DbMcusAds:125 - Set database path to: C:\Users\kujon\.stmcufinder\plugins\mcufinder//mcu/
2026-02-07 13:05:36,655 [WARN] DbFile:41 - Overriding database path with different value: C:\Users\kujon\.stmcufinder\plugins\mcufinder/ => C:\Users\kujon\.stmcufinder\plugins\mcufinder
2026-02-07 13:05:36,655 [WARN] DbFile:41 - Overriding database path with different value: C:\Users\kujon\.stmcufinder\plugins\mcufinder/ => C:\Users\kujon\.stmcufinder\plugins\mcufinder
2026-02-07 13:05:36,655 [INFO] CrossReferenceDbSqlite:203 - Set database path to: C:\Users\kujon\.stmcufinder\plugins\mcufinder//mcu/cs/
2026-02-07 13:05:36,698 [INFO] ApplicationProperties:184 - Using Application install path: D:\Programy\STM32CubeIDE_1.19.0\STM32CubeIDE\plugins\com.st.stm32cube.common.mx_6.15.0.202507011659
2026-02-07 13:05:36,701 [INFO] PluginManage:196 - Search for loadable plugins [exclusion list=, ]
2026-02-07 13:05:36,704 [INFO] PluginManage:310 - Check plugin analytics
2026-02-07 13:05:36,994 [INFO] AnalyticsPlugin:253 - Accepted Software Licenses: 
2026-02-07 13:05:36,994 [INFO] AnalyticsPlugin:255 - Accepted CMSIS Pack Licenses: 
2026-02-07 13:05:36,994 [INFO] AnalyticsPlugin:257 - Accepted Firmware Licenses: 
2026-02-07 13:05:36,997 [INFO] PluginManage:359 - Loaded plugin analytics (category:tool,tabindex:-1)
2026-02-07 13:05:36,997 [INFO] PluginManage:310 - Check plugin cadmodel
2026-02-07 13:05:37,026 [INFO] CADModel:105 - Init CAD model plugin
2026-02-07 13:05:37,026 [INFO] PluginManage:359 - Loaded plugin cadmodel (category:power,tabindex:5)
2026-02-07 13:05:37,026 [INFO] PluginManage:310 - Check plugin clock
2026-02-07 13:05:37,058 [INFO] PluginManage:359 - Loaded plugin clock (category:base,tabindex:2)
2026-02-07 13:05:37,058 [INFO] PluginManage:310 - Check plugin ddr
2026-02-07 13:05:37,062 [INFO] PluginManage:359 - Loaded plugin ddr (category:tool,tabindex:6)
2026-02-07 13:05:37,063 [INFO] PluginManage:310 - Check plugin filemanager
2026-02-07 13:05:37,239 [INFO] PluginManage:359 - Loaded plugin filemanager (category:base,tabindex:10)
2026-02-07 13:05:37,239 [INFO] PluginManage:310 - Check plugin ipmanager
2026-02-07 13:05:37,247 [INFO] PluginManage:359 - Loaded plugin ipmanager (category:base,tabindex:5)
2026-02-07 13:05:37,247 [INFO] PluginManage:310 - Check plugin lpbam
2026-02-07 13:05:37,275 [INFO] PluginManage:359 - Loaded plugin lpbam (category:base,tabindex:0)
2026-02-07 13:05:37,275 [INFO] PluginManage:310 - Check plugin memorymap
2026-02-07 13:05:37,310 [INFO] PluginManage:359 - Loaded plugin memorymap (category:base,tabindex:4)
2026-02-07 13:05:37,310 [INFO] PluginManage:310 - Check plugin pinoutandconfiguration
2026-02-07 13:05:37,335 [INFO] PluginManage:359 - Loaded plugin pinoutandconfiguration (category:base,tabindex:1)
2026-02-07 13:05:37,335 [INFO] PluginManage:310 - Check plugin pinoutconfig
2026-02-07 13:05:37,454 [WARN] SupportedApi:132 - Cannot load RTOS API schema: s4s-elt-must-match.1: The content of 'definitions' must match (annotation?, (simpleType | complexType)?, (unique | key | keyref)*)). A problem was found starting at: attribute.
2026-02-07 13:05:37,615 [INFO] PluginManage:359 - Loaded plugin pinoutconfig (category:base,tabindex:0)
2026-02-07 13:05:37,615 [INFO] PluginManage:310 - Check plugin power
2026-02-07 13:05:37,645 [INFO] PluginManage:359 - Loaded plugin power (category:power,tabindex:4)
2026-02-07 13:05:37,645 [INFO] PluginManage:310 - Check plugin projectmanager
2026-02-07 13:05:37,664 [INFO] PluginManage:359 - Loaded plugin projectmanager (category:projectmanager,tabindex:4)
2026-02-07 13:05:37,664 [INFO] PluginManage:310 - Check plugin rif
2026-02-07 13:05:37,691 [INFO] PluginManage:359 - Loaded plugin rif (category:base,tabindex:3)
2026-02-07 13:05:37,692 [INFO] PluginManage:310 - Check plugin thirdparty
2026-02-07 13:05:38,142 [WARN] IntegrityCheckThread:84 - waiting for thirdparty lock release [integrity check]
2026-02-07 13:05:38,142 [INFO] IntegrityCheckThread:86 - entering critical section [integrity check]
2026-02-07 13:05:38,142 [INFO] PluginManage:359 - Loaded plugin thirdparty (category:base,tabindex:-1)
2026-02-07 13:05:38,142 [INFO] PluginManage:310 - Check plugin tools
2026-02-07 13:05:38,143 [INFO] ThirdPartyUpdaterWithRetryManager:70 - Updater plugin not ready yet. [1/15]
2026-02-07 13:05:38,220 [INFO] PluginManage:359 - Loaded plugin tools (category:base,tabindex:7)
2026-02-07 13:05:38,220 [INFO] PluginManage:310 - Check plugin tutovideos
2026-02-07 13:05:38,514 [INFO] PluginManage:359 - Loaded plugin tutovideos (category:base,tabindex:-1)
2026-02-07 13:05:38,514 [INFO] PluginManage:310 - Check plugin updater
2026-02-07 13:05:38,542 [INFO] PluginManage:359 - Loaded plugin updater (category:base,tabindex:12)
2026-02-07 13:05:38,542 [INFO] PluginManage:310 - Check plugin userauth
2026-02-07 13:05:38,547 [INFO] UserAuth:118 - Init User Auth plugin
2026-02-07 13:05:38,548 [INFO] PluginManage:359 - Loaded plugin userauth (category:base,tabindex:14)
2026-02-07 13:05:38,549 [INFO] PluginManage:283 - PluginManage : Loaded plugins [18]
2026-02-07 13:05:38,836 [INFO] PinOutPanel:1589 - setPackage(No Configuration,No Configuration)
2026-02-07 13:05:38,962 [INFO] CADModel:165 - CPN selected for project level
2026-02-07 13:05:38,962 [INFO] CADModel:114 - Register for checkConnection events
2026-02-07 13:05:39,004 [INFO] IPUIPlugin:80 - create IPUIPlugin
2026-02-07 13:05:39,004 [INFO] PluginManager:220 - loadIPPluginJar : add adc
2026-02-07 13:05:39,079 [INFO] IPUIPlugin:80 - create IPUIPlugin
2026-02-07 13:05:39,080 [INFO] PluginManager:220 - loadIPPluginJar : add aes
2026-02-07 13:05:39,155 [INFO] IPUIPlugin:80 - create IPUIPlugin
2026-02-07 13:05:39,155 [INFO] PluginManager:220 - loadIPPluginJar : add can
2026-02-07 13:05:39,198 [INFO] IPUIPlugin:80 - create IPUIPlugin
2026-02-07 13:05:39,198 [INFO] PluginManager:220 - loadIPPluginJar : add comp
2026-02-07 13:05:39,261 [INFO] IPUIPlugin:80 - create IPUIPlugin
2026-02-07 13:05:39,261 [INFO] PluginManager:220 - loadIPPluginJar : add cryp
2026-02-07 13:05:39,283 [INFO] IPUIPlugin:80 - create IPUIPlugin
2026-02-07 13:05:39,283 [INFO] PluginManager:220 - loadIPPluginJar : add ddr_ctrl_phy
2026-02-07 13:05:39,337 [INFO] IPUIPlugin:80 - create IPUIPlugin
2026-02-07 13:05:39,337 [INFO] PluginManager:220 - loadIPPluginJar : add dfsdm
2026-02-07 13:05:39,358 [INFO] IPUIPlugin:80 - create IPUIPlugin
2026-02-07 13:05:39,359 [INFO] PluginManager:220 - loadIPPluginJar : add dma
2026-02-07 13:05:39,434 [INFO] IPUIPlugin:80 - create IPUIPlugin
2026-02-07 13:05:39,434 [INFO] PluginManager:220 - loadIPPluginJar : add dma3
2026-02-07 13:05:39,507 [INFO] IPUIPlugin:80 - create IPUIPlugin
2026-02-07 13:05:39,507 [INFO] PluginManager:220 - loadIPPluginJar : add extmemmanager
2026-02-07 13:05:39,547 [INFO] IPUIPlugin:80 - create IPUIPlugin
2026-02-07 13:05:39,547 [INFO] PluginManager:220 - loadIPPluginJar : add fatfs
2026-02-07 13:05:39,632 [INFO] IPUIPlugin:80 - create IPUIPlugin
2026-02-07 13:05:39,633 [INFO] PluginManager:220 - loadIPPluginJar : add fmc
2026-02-07 13:05:39,655 [INFO] IPUIPlugin:80 - create IPUIPlugin
2026-02-07 13:05:39,655 [INFO] PluginManager:220 - loadIPPluginJar : add freertos
2026-02-07 13:05:39,694 [INFO] IPUIPlugin:80 - create IPUIPlugin
2026-02-07 13:05:39,695 [INFO] PluginManager:220 - loadIPPluginJar : add genericplugin
2026-02-07 13:05:39,861 [INFO] IPUIPlugin:80 - create IPUIPlugin
2026-02-07 13:05:39,861 [INFO] PluginManager:220 - loadIPPluginJar : add gfxmmu
2026-02-07 13:05:40,098 [INFO] IPUIPlugin:80 - create IPUIPlugin
2026-02-07 13:05:40,098 [INFO] PluginManager:220 - loadIPPluginJar : add gic
2026-02-07 13:05:40,117 [INFO] IPUIPlugin:80 - create IPUIPlugin
2026-02-07 13:05:40,118 [INFO] PluginManager:220 - loadIPPluginJar : add gpio
2026-02-07 13:05:40,273 [INFO] IPUIPlugin:80 - create IPUIPlugin
2026-02-07 13:05:40,273 [INFO] PluginManager:220 - loadIPPluginJar : add gtzc
2026-02-07 13:05:40,646 [INFO] IPUIPlugin:80 - create IPUIPlugin
2026-02-07 13:05:40,646 [INFO] PluginManager:220 - loadIPPluginJar : add hash
2026-02-07 13:05:40,814 [INFO] IPUIPlugin:80 - create IPUIPlugin
2026-02-07 13:05:40,815 [INFO] PluginManager:220 - loadIPPluginJar : add i2c
2026-02-07 13:05:40,885 [INFO] IPUIPlugin:80 - create IPUIPlugin
2026-02-07 13:05:40,886 [INFO] PluginManager:220 - loadIPPluginJar : add i2s
2026-02-07 13:05:40,959 [INFO] IPUIPlugin:80 - create IPUIPlugin
2026-02-07 13:05:40,959 [INFO] PluginManager:220 - loadIPPluginJar : add i3c
2026-02-07 13:05:41,119 [INFO] IPUIPlugin:80 - create IPUIPlugin
2026-02-07 13:05:41,119 [INFO] PluginManager:220 - loadIPPluginJar : add ipddr
2026-02-07 13:05:41,143 [INFO] ThirdPartyUpdaterWithRetryManager:70 - Updater plugin not ready yet. [2/15]
2026-02-07 13:05:41,298 [INFO] IPUIPlugin:80 - create IPUIPlugin
2026-02-07 13:05:41,299 [INFO] PluginManager:220 - loadIPPluginJar : add linkedlist
2026-02-07 13:05:41,372 [INFO] IPUIPlugin:80 - create IPUIPlugin
2026-02-07 13:05:41,372 [INFO] PluginManager:220 - loadIPPluginJar : add lorawan
2026-02-07 13:05:41,439 [INFO] IPUIPlugin:80 - create IPUIPlugin
2026-02-07 13:05:41,439 [INFO] PluginManager:220 - loadIPPluginJar : add ltdc
2026-02-07 13:05:41,459 [INFO] IPUIPlugin:80 - create IPUIPlugin
2026-02-07 13:05:41,459 [INFO] PluginManager:220 - loadIPPluginJar : add mdma
2026-02-07 13:05:41,479 [INFO] IPUIPlugin:80 - create IPUIPlugin
2026-02-07 13:05:41,479 [INFO] PluginManager:220 - loadIPPluginJar : add nvic
2026-02-07 13:05:41,551 [INFO] IPUIPlugin:80 - create IPUIPlugin
2026-02-07 13:05:41,551 [INFO] PluginManager:220 - loadIPPluginJar : add opamp
2026-02-07 13:05:41,665 [INFO] IPUIPlugin:80 - create IPUIPlugin
2026-02-07 13:05:41,665 [INFO] PluginManager:220 - loadIPPluginJar : add openamp
2026-02-07 13:05:41,747 [INFO] IPUIPlugin:80 - create IPUIPlugin
2026-02-07 13:05:41,747 [INFO] PluginManager:220 - loadIPPluginJar : add pdm2pcm
2026-02-07 13:05:41,771 [INFO] IPUIPlugin:80 - create IPUIPlugin
2026-02-07 13:05:41,774 [INFO] PluginManager:220 - loadIPPluginJar : add plateformsettings
2026-02-07 13:05:41,819 [INFO] IPUIPlugin:80 - create IPUIPlugin
2026-02-07 13:05:41,819 [INFO] PluginManager:220 - loadIPPluginJar : add quadspi
2026-02-07 13:05:41,866 [INFO] IPUIPlugin:80 - create IPUIPlugin
2026-02-07 13:05:41,866 [INFO] PluginManager:220 - loadIPPluginJar : add radio
2026-02-07 13:05:41,889 [INFO] IPUIPlugin:80 - create IPUIPlugin
2026-02-07 13:05:41,890 [INFO] PluginManager:220 - loadIPPluginJar : add resmgrutility
2026-02-07 13:05:41,970 [INFO] IPUIPlugin:80 - create IPUIPlugin
2026-02-07 13:05:41,971 [INFO] PluginManager:220 - loadIPPluginJar : add sai
2026-02-07 13:05:42,036 [INFO] IPUIPlugin:80 - create IPUIPlugin
2026-02-07 13:05:42,036 [INFO] PluginManager:220 - loadIPPluginJar : add spi
2026-02-07 13:05:42,152 [INFO] IPUIPlugin:80 - create IPUIPlugin
2026-02-07 13:05:42,152 [INFO] PluginManager:220 - loadIPPluginJar : add stm32_wpan
2026-02-07 13:05:42,197 [INFO] IPUIPlugin:80 - create IPUIPlugin
2026-02-07 13:05:42,197 [INFO] PluginManager:220 - loadIPPluginJar : add tim
2026-02-07 13:05:42,300 [INFO] IPUIPlugin:80 - create IPUIPlugin
2026-02-07 13:05:42,300 [INFO] PluginManager:220 - loadIPPluginJar : add touchsensing
2026-02-07 13:05:42,342 [INFO] IPUIPlugin:80 - create IPUIPlugin
2026-02-07 13:05:42,342 [INFO] PluginManager:220 - loadIPPluginJar : add tracer_emb
2026-02-07 13:05:42,389 [INFO] IPUIPlugin:80 - create IPUIPlugin
2026-02-07 13:05:42,389 [INFO] PluginManager:220 - loadIPPluginJar : add ts
2026-02-07 13:05:42,432 [INFO] IPUIPlugin:80 - create IPUIPlugin
2026-02-07 13:05:42,432 [INFO] PluginManager:220 - loadIPPluginJar : add tsc
2026-02-07 13:05:42,470 [INFO] IPUIPlugin:80 - create IPUIPlugin
2026-02-07 13:05:42,470 [INFO] PluginManager:220 - loadIPPluginJar : add ucpd
2026-02-07 13:05:42,548 [INFO] IPUIPlugin:80 - create IPUIPlugin
2026-02-07 13:05:42,549 [INFO] PluginManager:220 - loadIPPluginJar : add usart
2026-02-07 13:05:42,629 [INFO] IPUIPlugin:80 - create IPUIPlugin
2026-02-07 13:05:42,629 [INFO] PluginManager:220 - loadIPPluginJar : add usbx
2026-02-07 13:05:42,771 [FATAL] Updater:351 - Updater called before beeing initialized
2026-02-07 13:05:42,804 [INFO] RulesReader:64 - Compatibility file has been processed (317 Rules)
2026-02-07 13:05:42,829 [INFO] RulesReader:64 - Compatibility file has been processed (317 Rules)
2026-02-07 13:05:42,843 [INFO] CADModel:165 - CPN selected for project level
2026-02-07 13:05:42,843 [INFO] CADModel:114 - Register for checkConnection events
2026-02-07 13:05:42,843 [FATAL] Updater:351 - Updater called before beeing initialized
2026-02-07 13:05:42,843 [ERROR] CADModel:125 - Updater not yet initialized, retry later 
2026-02-07 13:05:43,052 [FATAL] Updater:351 - Updater called before beeing initialized
2026-02-07 13:05:43,056 [INFO] CADModel:165 - CPN selected for project level
2026-02-07 13:05:43,056 [INFO] CADModel:114 - Register for checkConnection events
2026-02-07 13:05:43,056 [FATAL] Updater:351 - Updater called before beeing initialized
2026-02-07 13:05:43,056 [ERROR] CADModel:125 - Updater not yet initialized, retry later 
2026-02-07 13:05:43,060 [FATAL] Updater:351 - Updater called before beeing initialized
2026-02-07 13:05:43,235 [FATAL] Updater:351 - Updater called before beeing initialized
2026-02-07 13:05:43,252 [INFO] DbMcusAds:53 - JSON generation date=Thu Oct 02 11:36:05 CEST 2025 (1759397765645)
2026-02-07 13:05:43,252 [FATAL] Updater:351 - Updater called before beeing initialized
2026-02-07 13:05:43,363 [WARN] DetailPanel:346 - Failed to get advertising image, set to default
2026-02-07 13:05:43,452 [FATAL] Updater:351 - Updater called before beeing initialized
2026-02-07 13:05:43,455 [FATAL] Updater:351 - Updater called before beeing initialized
2026-02-07 13:05:43,455 [FATAL] Updater:351 - Updater called before beeing initialized
2026-02-07 13:05:43,455 [WARN] DetailPanel:346 - Failed to get advertising image, set to default
2026-02-07 13:05:43,455 [FATAL] Updater:351 - Updater called before beeing initialized
2026-02-07 13:05:43,525 [ERROR] Updater:1198 - MainUpdater not yet initialized. External WinMGr cannot be set.
2026-02-07 13:05:43,541 [INFO] Updater:1134 - Updater Version found : 6.15.0
2026-02-07 13:05:43,559 [INFO] ApplicationProperties:184 - Using Application install path: D:\Programy\STM32CubeIDE_1.19.0\STM32CubeIDE\plugins\com.st.stm32cube.common.mx_6.15.0.202507011659
2026-02-07 13:05:44,145 [INFO] ThirdPartyUpdaterWithRetryManager:70 - Updater plugin not ready yet. [3/15]
2026-02-07 13:05:45,151 [ERROR] LogOutputStream:75 - [STDERR_REDIRECT] Feb 07, 2026 1:05:45 PM java.util.prefs.WindowsPreferences <init>
2026-02-07 13:05:45,152 [ERROR] LogOutputStream:75 - [STDERR_REDIRECT] WARNING: Could not open/create prefs root node Software\JavaSoft\Prefs at root 0xffffffff80000002. Windows RegCreateKeyEx(...) returned error code 5.
2026-02-07 13:05:45,153 [ERROR] LogOutputStream:75 - [STDERR_REDIRECT] 
2026-02-07 13:05:45,737 [INFO] MainUpdater:2872 - connection check result : 10
2026-02-07 13:05:45,737 [INFO] MainUpdater:3604 - Updater definition file requires update
2026-02-07 13:05:45,738 [INFO] MainUpdater:289 - Updater Check For Update Now.
2026-02-07 13:05:45,739 [INFO] MicroXplorer:498 - Change Database Version : DB.6.0.150
2026-02-07 13:05:45,764 [INFO] McuFinderGlobals:63 - Set McuFinder mode to 2 (CubeIDE integrated)
2026-02-07 13:05:45,776 [INFO] UserAuth:487 - Internet connection configuration mode: 1
2026-02-07 13:05:45,814 [INFO] JxBrowserEngine:152 - Initiate JxBrowser Engine with user profile folder
2026-02-07 13:05:45,982 [INFO] ServerAccessManage:452 - Complete download http(s) 200
2026-02-07 13:05:45,984 [INFO] ServerAccessManage:509 - Download File updaters.zip
2026-02-07 13:05:46,181 [INFO] FileExtend:248 - Unzip File : updaters.zip
2026-02-07 13:05:46,182 [INFO] FileExtend:263 - Standard Zip Deflate
2026-02-07 13:05:47,149 [WARN] MainUpdater:1193 - Updater busy. Cannot search thirdparties
2026-02-07 13:05:47,154 [INFO] ThirdPartyUpdaterWithRetryManager:96 - Updater plugin is busy. [1/15]
2026-02-07 13:05:47,520 [INFO] ServerAccessManage:452 - Complete download http(s) 200
2026-02-07 13:05:47,520 [INFO] ServerAccessManage:509 - Download File PacksControlFlags.xml
2026-02-07 13:05:47,764 [INFO] ServerAccessManage:452 - Complete download http(s) 200
2026-02-07 13:05:47,765 [INFO] ServerAccessManage:509 - Download File cubemx.pidx
2026-02-07 13:05:48,317 [INFO] LoadServerUpdatesThread:375 - End of LoadServerUpdate Thread
2026-02-07 13:05:48,535 [INFO] CheckServerUpdateThread:120 - End of CheckServer Thread
2026-02-07 13:05:48,907 [INFO] WebApp:169 - Instantiating new browser for Auth
2026-02-07 13:05:50,016 [INFO] WebApp:463 - Apply proxy settings
2026-02-07 13:05:50,016 [INFO] WebApp:548 - Chromium requires no authentication
2026-02-07 13:05:50,032 [INFO] WebApp:491 - Direct internet connection detected
2026-02-07 13:05:50,076 [INFO] WebApp:900 - Register for checkConnection events
2026-02-07 13:05:50,076 [INFO] WebApp:463 - Apply proxy settings
2026-02-07 13:05:50,076 [INFO] WebApp:548 - Chromium requires no authentication
2026-02-07 13:05:50,078 [INFO] WebApp:491 - Direct internet connection detected
2026-02-07 13:05:50,305 [INFO] WebApp:191 - Connection restablished
2026-02-07 13:05:50,470 [INFO] WebApp:225 - Starting web application
2026-02-07 13:05:50,471 [INFO] WebApp:593 - Web application path used D:\Programy\STM32CubeIDE_1.19.0\STM32CubeIDE\plugins\com.st.stm32cube.common.mx_6.15.0.202507011659\db\plugins\mcufinder\reactClient1\index.html
2026-02-07 13:05:50,771 [INFO] UserAuth:487 - Internet connection configuration mode: 1
2026-02-07 13:05:50,948 [WARN] PackLoader:240 - Cannot read IP mode file for STMicroelectronics.FP-SNS-MOTENVWB1.1.4.0
2026-02-07 13:05:51,024 [WARN] PackLoader:240 - Cannot read IP mode file for STMicroelectronics.FP-ATR-ASTRA1.2.0.2
2026-02-07 13:05:51,089 [WARN] PackLoader:240 - Cannot read IP mode file for STMicroelectronics.X-CUBE-SMBUS.2.1.0
2026-02-07 13:05:51,125 [WARN] PackLoader:240 - Cannot read IP mode file for STMicroelectronics.X-CUBE-ST60.1.0.0
2026-02-07 13:05:51,214 [WARN] PackLoader:240 - Cannot read IP mode file for STMicroelectronics.X-CUBE-AZRTOS-F7.1.1.0
2026-02-07 13:05:51,261 [WARN] PackLoader:240 - Cannot read IP mode file for STMicroelectronics.X-CUBE-BLE1.6.2.4
2026-02-07 13:05:51,290 [WARN] PackLoader:240 - Cannot read IP mode file for STMicroelectronics.FP-SNS-MOTENV1.5.1.0
2026-02-07 13:05:51,330 [WARN] PackLoader:240 - Cannot read IP mode file for WES.I-CUBE-Cesium.1.4.0
2026-02-07 13:05:51,394 [WARN] PackLoader:240 - Cannot read IP mode file for Infineon.AIROC-Wi-Fi-Bluetooth-STM32.1.7.1
2026-02-07 13:05:51,468 [WARN] PackLoader:240 - Cannot read IP mode file for STMicroelectronics.X-CUBE-AZRTOS-H7.3.4.0
2026-02-07 13:05:51,518 [WARN] PackLoader:240 - Cannot read IP mode file for STMicroelectronics.X-CUBE-DISPLAY.3.0.0
2026-02-07 13:05:51,573 [WARN] PackLoader:240 - Cannot read IP mode file for STMicroelectronics.X-CUBE-NFC10.1.0.0
2026-02-07 13:05:51,612 [WARN] PackLoader:240 - Cannot read IP mode file for STMicroelectronics.X-CUBE-ST60.1.1.0
2026-02-07 13:05:51,647 [WARN] PackLoader:240 - Cannot read IP mode file for emotas.I-CUBE-CANOPEN.1.3.0
2026-02-07 13:05:51,684 [WARN] PackLoader:240 - Cannot read IP mode file for STMicroelectronics.X-CUBE-GNSS1.7.1.0
2026-02-07 13:05:51,786 [WARN] PackLoader:240 - Cannot read IP mode file for STMicroelectronics.FP-SNS-STBOX1.2.1.0
2026-02-07 13:05:51,826 [WARN] PackLoader:240 - Cannot read IP mode file for STMicroelectronics.FP-SNS-SMARTAG2.1.2.0
2026-02-07 13:05:51,855 [WARN] PackLoader:240 - Cannot read IP mode file for STMicroelectronics.FP-SNS-FLIGHT1.5.1.0
2026-02-07 13:05:51,903 [INFO] LogOutputStream:77 - [STDOUT_REDIRECT] 1 : Invalid condition id : UX_CORESTACK_Condition cause : null
2026-02-07 13:05:51,904 [INFO] LogOutputStream:77 - [STDOUT_REDIRECT] 1 : Invalid condition id : UX_CORESTACK_Condition cause : null
2026-02-07 13:05:51,905 [INFO] LogOutputStream:77 - [STDOUT_REDIRECT] 1 : Invalid condition id : UX_CORESTACK_Condition cause : null
2026-02-07 13:05:51,906 [INFO] LogOutputStream:77 - [STDOUT_REDIRECT] 1 : Invalid condition id : UX_CORESTACK_Condition cause : null
2026-02-07 13:05:51,908 [INFO] LogOutputStream:77 - [STDOUT_REDIRECT] 1 : Invalid condition id : UX_CORESTACK_Condition cause : null
2026-02-07 13:05:51,916 [WARN] PackLoader:240 - Cannot read IP mode file for STMicroelectronics.X-CUBE-AZRTOS-WL.2.0.0
2026-02-07 13:05:51,955 [WARN] PackLoader:240 - Cannot read IP mode file for STMicroelectronics.FP-SNS-MOTENV1.5.0.0
2026-02-07 13:05:52,033 [WARN] PackLoader:240 - Cannot read IP mode file for STMicroelectronics.X-CUBE-AZRTOS-H7RS.1.2.0
2026-02-07 13:05:52,074 [WARN] PackLoader:240 - Cannot read IP mode file for STMicroelectronics.X-CUBE-BLE2.3.3.0
2026-02-07 13:05:52,165 [WARN] PackLoader:240 - Cannot read IP mode file for STMicroelectronics.X-CUBE-TOF1.3.2.0
2026-02-07 13:05:52,203 [WARN] PackLoader:240 - Cannot read IP mode file for STMicroelectronics.X-CUBE-NFC9.1.0.0
2026-02-07 13:05:52,234 [WARN] PackLoader:240 - Cannot read IP mode file for wolfSSL.I-CUBE-wolfSSL.5.8.2
2026-02-07 13:05:52,256 [WARN] PackLoader:240 - Cannot read IP mode file for STMicroelectronics.X-CUBE-BLE1.7.1.0
2026-02-07 13:05:52,278 [WARN] PackLoader:240 - Cannot read IP mode file for wolfSSL.I-CUBE-wolfMQTT.1.19.2
2026-02-07 13:05:52,302 [WARN] PackLoader:240 - Cannot read IP mode file for STMicroelectronics.X-CUBE-FREERTOS.1.4.0
2026-02-07 13:05:52,329 [WARN] PackLoader:240 - Cannot read IP mode file for STMicroelectronics.X-CUBE-EEPRMA1.5.2.0
2026-02-07 13:05:52,353 [WARN] PackLoader:240 - Cannot read IP mode file for STMicroelectronics.X-CUBE-TOUCHGFX.4.21.1
2026-02-07 13:05:52,380 [WARN] PackLoader:240 - Cannot read IP mode file for STMicroelectronics.X-CUBE-ST67W61.1.1.0
2026-02-07 13:05:52,446 [WARN] PackLoader:240 - Cannot read IP mode file for STMicroelectronics.X-CUBE-MEMS1.12.0.0
2026-02-07 13:05:52,542 [WARN] PackLoader:240 - Cannot read IP mode file for STMicroelectronics.X-CUBE-ALGOBUILD.1.3.0
2026-02-07 13:05:52,586 [WARN] PackLoader:240 - Cannot read IP mode file for STMicroelectronics.X-CUBE-AZRTOS-G0.1.1.0
2026-02-07 13:05:52,613 [WARN] PackLoader:240 - Cannot read IP mode file for STMicroelectronics.X-CUBE-SAFEA1.1.2.2
2026-02-07 13:05:52,642 [WARN] PackLoader:240 - Cannot read IP mode file for STMicroelectronics.X-CUBE-NFC4.3.0.0
2026-02-07 13:05:52,675 [WARN] PackLoader:240 - Cannot read IP mode file for EmbeddedOffice.I-CUBE-FS-RTOS.1.0.1
2026-02-07 13:05:52,704 [WARN] PackLoader:240 - Cannot read IP mode file for STMicroelectronics.X-CUBE-WB05N.2.0.0
2026-02-07 13:05:52,728 [WARN] PackLoader:240 - Cannot read IP mode file for wolfSSL.I-CUBE-wolfTPM.3.8.0
2026-02-07 13:05:52,763 [WARN] PackLoader:240 - Cannot read IP mode file for STMicroelectronics.X-CUBE-BLEMGR.1.3.0
2026-02-07 13:05:52,793 [WARN] PackLoader:240 - Cannot read IP mode file for STMicroelectronics.X-CUBE-TCPP.4.2.0
2026-02-07 13:05:52,821 [WARN] PackLoader:240 - Cannot read IP mode file for RealThread.X-CUBE-RT-Thread_Nano.4.1.1
2026-02-07 13:05:52,847 [WARN] PackLoader:240 - Cannot read IP mode file for STMicroelectronics.FP-ATR-SIGFOX1.3.2.0
2026-02-07 13:05:52,877 [WARN] PackLoader:240 - Cannot read IP mode file for ITTIA_DB.I-CUBE-ITTIADB.8.9.0
2026-02-07 13:05:52,905 [WARN] PackLoader:240 - Cannot read IP mode file for STMicroelectronics.X-CUBE-NFC6.3.2.0
2026-02-07 13:05:52,965 [WARN] PackLoader:240 - Cannot read IP mode file for STMicroelectronics.X-CUBE-MEMS1.9.5.0
2026-02-07 13:05:53,087 [WARN] PackLoader:240 - Cannot read IP mode file for STMicroelectronics.X-CUBE-ST67W61.1.0.0
2026-02-07 13:05:53,109 [WARN] PackLoader:240 - Cannot read IP mode file for STMicroelectronics.X-CUBE-AI.10.2.0
2026-02-07 13:05:53,152 [WARN] PackLoader:240 - Cannot read IP mode file for SEGGER.I-CUBE-embOS.1.3.1
2026-02-07 13:05:53,268 [WARN] PackLoader:240 - Cannot read IP mode file for STMicroelectronics.X-CUBE-ALGOBUILD.1.4.0
2026-02-07 13:05:53,406 [WARN] PackLoader:240 - Cannot read IP mode file for STMicroelectronics.X-CUBE-MEMS1.11.3.0
2026-02-07 13:05:53,608 [WARN] PackLoader:240 - Cannot read IP mode file for STMicroelectronics.X-CUBE-PM33A1.1.0.0
2026-02-07 13:05:53,658 [WARN] PackLoader:240 - Cannot read IP mode file for STMicroelectronics.X-CUBE-GNSS1.6.0.0
2026-02-07 13:05:53,727 [WARN] PackLoader:240 - Cannot read IP mode file for STMicroelectronics.X-CUBE-AZRTOS-F4.1.1.0
2026-02-07 13:05:53,787 [WARN] PackLoader:240 - Cannot read IP mode file for Avnet-IotConnect.X-CUBE-IoTC-DA16k-PMOD.1.0.0
2026-02-07 13:05:53,815 [WARN] PackLoader:240 - Cannot read IP mode file for STMicroelectronics.X-CUBE-ISPU.2.1.0
2026-02-07 13:05:53,867 [WARN] PackLoader:240 - Cannot read IP mode file for STMicroelectronics.X-CUBE-IPS.3.2.0
2026-02-07 13:05:53,916 [WARN] PackLoader:240 - Cannot read IP mode file for STMicroelectronics.X-CUBE-NFC12.1.0.0
2026-02-07 13:05:53,966 [WARN] PackLoader:240 - Cannot read IP mode file for STMicroelectronics.X-CUBE-AZRTOS-L5.2.0.0
2026-02-07 13:05:54,004 [WARN] PackLoader:240 - Cannot read IP mode file for STMicroelectronics.X-CUBE-NFC6.3.1.0
2026-02-07 13:05:54,028 [WARN] PackLoader:240 - Cannot read IP mode file for emotas.I-CUBE-CANOPEN.1.1.3
2026-02-07 13:05:54,056 [WARN] PackLoader:240 - Cannot read IP mode file for wolfSSL.I-CUBE-wolfSSL.5.5.4
2026-02-07 13:05:54,079 [WARN] PackLoader:240 - Cannot read IP mode file for STMicroelectronics.X-CUBE-FREERTOS.1.3.1
2026-02-07 13:05:54,104 [WARN] PackLoader:240 - Cannot read IP mode file for STMicroelectronics.X-CUBE-NFC7.1.0.0
2026-02-07 13:05:54,133 [WARN] PackLoader:240 - Cannot read IP mode file for STMicroelectronics.X-CUBE-TOUCHGFX.4.26.0
2026-02-07 13:05:54,158 [WARN] PackLoader:240 - Cannot read IP mode file for STMicroelectronics.X-CUBE-EEPRMA1.4.1.0
2026-02-07 13:05:54,190 [WARN] PackLoader:240 - Cannot read IP mode file for STMicroelectronics.FP-SNS-STAIOTCFT.1.0.0
2026-02-07 13:05:54,215 [WARN] PackLoader:240 - Cannot read IP mode file for STMicroelectronics.X-CUBE-DPower.1.3.0
2026-02-07 13:05:54,267 [WARN] ConditionMgr:438 - getConditionDescription Invalid condition id : LAN8742 Phy interface Condition cause : null
2026-02-07 13:05:54,268 [WARN] PackLoader:240 - Cannot read IP mode file for STMicroelectronics.X-CUBE-AZRTOS-L4.2.0.0
2026-02-07 13:05:54,271 [WARN] ConditionMgr:1044 - genDependencies : Invalid condition id : LAN8742 Phy interface Condition cause : null
2026-02-07 13:05:54,272 [WARN] ConditionMgr:1044 - genDependencies : Invalid condition id : LAN8742 Phy interface Condition cause : null
2026-02-07 13:05:54,272 [WARN] ConditionMgr:1044 - genDependencies : Invalid condition id : LAN8742 Phy interface Condition cause : null
2026-02-07 13:05:54,300 [WARN] PackLoader:240 - Cannot read IP mode file for STMicroelectronics.X-CUBE-SFXS2LP1.4.0.0
2026-02-07 13:05:54,352 [WARN] PackLoader:240 - Cannot read IP mode file for STMicroelectronics.X-CUBE-AZRTOS-H7.3.0.0
2026-02-07 13:05:54,391 [WARN] PackLoader:240 - Cannot read IP mode file for STMicroelectronics.X-CUBE-ST67W61.1.2.0
2026-02-07 13:05:54,414 [WARN] PackLoader:240 - Cannot read IP mode file for STMicroelectronics.X-CUBE-ISPU.1.1.0
2026-02-07 13:05:54,445 [WARN] PackLoader:240 - Cannot read IP mode file for RoweBots.I-CUBE-UNISONRTOS.5.5.0-4
2026-02-07 13:05:54,475 [WARN] PackLoader:240 - Cannot read IP mode file for STMicroelectronics.X-CUBE-BLEMGR.4.1.0
2026-02-07 13:05:54,500 [WARN] PackLoader:240 - Cannot read IP mode file for STMicroelectronics.X-CUBE-AI.8.0.0
2026-02-07 13:05:54,535 [WARN] ConditionMgr:438 - getConditionDescription Invalid condition id : UX DEVICE CLASS RTOS Condition cause : null
2026-02-07 13:05:54,536 [WARN] ConditionMgr:438 - getConditionDescription Invalid condition id : UX DEVICE CLASS RTOS Condition cause : null
2026-02-07 13:05:54,537 [WARN] PackLoader:240 - Cannot read IP mode file for STMicroelectronics.X-CUBE-AZRTOS-WB.2.0.0
2026-02-07 13:05:54,538 [WARN] ConditionMgr:1044 - genDependencies : Invalid condition id : UX DEVICE CLASS RTOS Condition cause : null
2026-02-07 13:05:54,538 [WARN] ConditionMgr:1044 - genDependencies : Invalid condition id : UX DEVICE CLASS RTOS Condition cause : null
2026-02-07 13:05:54,539 [WARN] ConditionMgr:1044 - genDependencies : Invalid condition id : UX DEVICE CLASS RTOS Condition cause : null
2026-02-07 13:05:54,539 [WARN] ConditionMgr:1044 - genDependencies : Invalid condition id : UX DEVICE CLASS RTOS Condition cause : null
2026-02-07 13:05:54,540 [WARN] ConditionMgr:1044 - genDependencies : Invalid condition id : UX DEVICE CLASS RTOS Condition cause : null
2026-02-07 13:05:54,565 [WARN] PackLoader:240 - Cannot read IP mode file for STMicroelectronics.X-CUBE-GNSS1.7.0.1
2026-02-07 13:05:54,588 [WARN] PackLoader:240 - Cannot read IP mode file for STMicroelectronics.X-CUBE-TOUCHGFX.4.25.0
2026-02-07 13:05:54,609 [WARN] ConditionMgr:438 - getConditionDescription Invalid condition id : Cortex-A Device cause : null
2026-02-07 13:05:54,637 [WARN] ConditionMgr:1044 - genDependencies : Invalid condition id : Cortex-A Device cause : null
2026-02-07 13:05:54,637 [WARN] ConditionMgr:1044 - genDependencies : Invalid condition id : Cortex-A Device cause : null
2026-02-07 13:05:54,637 [WARN] ConditionMgr:1044 - genDependencies : Invalid condition id : Cortex-A Device cause : null
2026-02-07 13:05:54,657 [WARN] PackLoader:240 - Cannot read IP mode file for STMicroelectronics.X-CUBE-STSE01.2.0.0
2026-02-07 13:05:54,691 [WARN] PackLoader:240 - Cannot read IP mode file for STMicroelectronics.X-CUBE-AZRTOS-L5.1.1.0
2026-02-07 13:05:54,718 [WARN] PackLoader:240 - Cannot read IP mode file for STMicroelectronics.X-CUBE-SUBG2.5.0.0
2026-02-07 13:05:54,762 [WARN] PackLoader:240 - Cannot read IP mode file for STMicroelectronics.X-CUBE-AZRTOS-H7RS.1.1.0
2026-02-07 13:05:54,790 [WARN] PackLoader:240 - Cannot read IP mode file for Cesanta.I-CUBE-Mongoose.7.13.0
2026-02-07 13:05:54,831 [WARN] PackLoader:240 - Cannot read IP mode file for STMicroelectronics.X-CUBE-AZRTOS-G4.2.0.0
2026-02-07 13:05:55,119 [WARN] PackLoader:240 - Cannot read IP mode file for STMicroelectronics.FP-ATR-ASTRA1.1.1.1
2026-02-07 13:05:55,142 [WARN] PackLoader:240 - Cannot read IP mode file for wolfSSL.I-CUBE-wolfSSH.1.4.20
2026-02-07 13:05:55,163 [WARN] PackLoader:240 - Cannot read IP mode file for STMicroelectronics.X-CUBE-NFC7.2.0.0
2026-02-07 13:05:55,199 [WARN] PackLoader:240 - Cannot read IP mode file for STMicroelectronics.X-CUBE-AZRTOS-G4.1.0.0
2026-02-07 13:05:55,238 [WARN] PackLoader:240 - Cannot read IP mode file for STMicroelectronics.X-CUBE-AZRTOS-L4.1.0.0
2026-02-07 13:05:55,276 [WARN] PackLoader:240 - Cannot read IP mode file for STMicroelectronics.X-CUBE-IPS.3.1.0
2026-02-07 13:05:55,309 [WARN] PackLoader:240 - Cannot read IP mode file for STMicroelectronics.X-CUBE-ALS.1.0.2
2026-02-07 13:05:55,343 [WARN] PackLoader:240 - Cannot read IP mode file for STMicroelectronics.X-CUBE-AZRTOS-WL.1.0.0
2026-02-07 13:05:55,370 [WARN] PackLoader:240 - Cannot read IP mode file for STMicroelectronics.X-CUBE-STSE01.1.0.0
2026-02-07 13:05:55,397 [WARN] PackLoader:240 - Cannot read IP mode file for portGmbH.I-Cube-SoM-uGOAL.1.1.0
2026-02-07 13:05:55,417 [WARN] PackLoader:240 - Cannot read IP mode file for STMicroelectronics.X-CUBE-ALS.1.0.1
2026-02-07 13:05:55,449 [WARN] PackLoader:240 - Cannot read IP mode file for STMicroelectronics.X-CUBE-AZRTOS-WB.1.1.0
2026-02-07 13:05:55,481 [WARN] PackLoader:240 - Cannot read IP mode file for STMicroelectronics.X-CUBE-TOF1.3.4.3
2026-02-07 13:05:55,487 [INFO] ThirdParty:978 - Integrity check success = true
2026-02-07 13:05:55,487 [INFO] IntegrityCheckThread:100 - exiting critical section [integrity check]
2026-02-07 13:05:55,487 [INFO] IntegrityCheckThread:103 - End integrity checks thread
