2026-03-21 19:02:57,826 [ERROR] LogOutputStream:75 - [STDERR_REDIRECT] 
2026-03-21 19:22:23,322 [INFO] Activator:176 - 


2026-03-21 19:22:23,324 [INFO] Activator:177 - !SESSION log4j initialized
2026-03-21 19:22:32,553 [INFO] LogOutputStream:77 - [STDOUT_REDIRECT] 
2026-03-21 19:22:34,771 [INFO] ApplicationProperties:184 - Using Application install path: D:\Programy\STM32CubeIDE_1.19.0\STM32CubeIDE\plugins\com.st.stm32cube.common.mx_6.15.0.202507011659
2026-03-21 19:22:34,792 [INFO] DbMcusXml:78 - Set database path to: D:\Programy\STM32CubeIDE_1.19.0\STM32CubeIDE\plugins\com.st.stm32cube.common.mx_6.15.0.202507011659\\db\/mcu/
2026-03-21 19:22:34,793 [INFO] ApiDb:274 - Set plugin database path to: D:\Programy\STM32CubeIDE_1.19.0\STM32CubeIDE\plugins\com.st.stm32cube.common.mx_6.15.0.202507011659\\db\/plugins/boardmanager/
2026-03-21 19:22:34,793 [WARN] ApiDb:259 - Overriding images path with different value:  => D:\Programy\STM32CubeIDE_1.19.0\STM32CubeIDE\plugins\com.st.stm32cube.common.mx_6.15.0.202507011659\\db\/plugins/mcufinder/images/
2026-03-21 19:22:34,802 [INFO] ApiDb:250 - Set database path to: C:\Users\kujon\.stmcufinder\plugins\mcufinder//mcu/
2026-03-21 19:22:34,803 [INFO] DbMcusAds:125 - Set database path to: C:\Users\kujon\.stmcufinder\plugins\mcufinder//mcu/
2026-03-21 19:22:34,806 [INFO] CrossReferenceDbSqlite:203 - Set database path to: C:\Users\kujon\.stmcufinder\plugins\mcufinder//mcu/cs/
2026-03-21 19:22:34,932 [INFO] RulesReader:64 - Compatibility file has been processed (317 Rules)
2026-03-21 19:22:35,031 [INFO] DbMcusXml:78 - Set database path to: D:\Programy\STM32CubeIDE_1.19.0\STM32CubeIDE\plugins\com.st.stm32cube.common.mx_6.15.0.202507011659\\db\/mcu/
2026-03-21 19:22:35,031 [INFO] ApiDb:274 - Set plugin database path to: D:\Programy\STM32CubeIDE_1.19.0\STM32CubeIDE\plugins\com.st.stm32cube.common.mx_6.15.0.202507011659\\db\/plugins/boardmanager/
2026-03-21 19:22:35,032 [INFO] ApiDb:261 - Set plugin images path to: D:\Programy\STM32CubeIDE_1.19.0\STM32CubeIDE\plugins\com.st.stm32cube.common.mx_6.15.0.202507011659\\db\/plugins/mcufinder/images/
2026-03-21 19:22:35,032 [WARN] DbFile:41 - Overriding database path with different value: C:\Users\kujon\.stmcufinder\plugins\mcufinder/ => C:\Users\kujon\.stmcufinder\plugins\mcufinder
2026-03-21 19:22:35,032 [INFO] ApiDb:250 - Set database path to: C:\Users\kujon\.stmcufinder\plugins\mcufinder//mcu/
2026-03-21 19:22:35,032 [WARN] DbFile:41 - Overriding database path with different value: C:\Users\kujon\.stmcufinder\plugins\mcufinder/ => C:\Users\kujon\.stmcufinder\plugins\mcufinder
2026-03-21 19:22:35,032 [INFO] DbMcusAds:125 - Set database path to: C:\Users\kujon\.stmcufinder\plugins\mcufinder//mcu/
2026-03-21 19:22:35,032 [WARN] DbFile:41 - Overriding database path with different value: C:\Users\kujon\.stmcufinder\plugins\mcufinder/ => C:\Users\kujon\.stmcufinder\plugins\mcufinder
2026-03-21 19:22:35,032 [WARN] DbFile:41 - Overriding database path with different value: C:\Users\kujon\.stmcufinder\plugins\mcufinder/ => C:\Users\kujon\.stmcufinder\plugins\mcufinder
2026-03-21 19:22:35,032 [INFO] CrossReferenceDbSqlite:203 - Set database path to: C:\Users\kujon\.stmcufinder\plugins\mcufinder//mcu/cs/
2026-03-21 19:22:35,114 [INFO] MainPanel:274 - HeapMemory: 268435456
2026-03-21 19:22:35,243 [INFO] DbMcusXml:78 - Set database path to: D:\Programy\STM32CubeIDE_1.19.0\STM32CubeIDE\plugins\com.st.stm32cube.common.mx_6.15.0.202507011659\\db\/mcu/
2026-03-21 19:22:35,243 [INFO] ApiDb:274 - Set plugin database path to: D:\Programy\STM32CubeIDE_1.19.0\STM32CubeIDE\plugins\com.st.stm32cube.common.mx_6.15.0.202507011659\\db\/plugins/boardmanager/
2026-03-21 19:22:35,243 [INFO] ApiDb:261 - Set plugin images path to: D:\Programy\STM32CubeIDE_1.19.0\STM32CubeIDE\plugins\com.st.stm32cube.common.mx_6.15.0.202507011659\\db\/plugins/mcufinder/images/
2026-03-21 19:22:35,243 [WARN] DbFile:41 - Overriding database path with different value: C:\Users\kujon\.stmcufinder\plugins\mcufinder/ => C:\Users\kujon\.stmcufinder\plugins\mcufinder
2026-03-21 19:22:35,243 [INFO] ApiDb:250 - Set database path to: C:\Users\kujon\.stmcufinder\plugins\mcufinder//mcu/
2026-03-21 19:22:35,244 [WARN] DbFile:41 - Overriding database path with different value: C:\Users\kujon\.stmcufinder\plugins\mcufinder/ => C:\Users\kujon\.stmcufinder\plugins\mcufinder
2026-03-21 19:22:35,244 [INFO] DbMcusAds:125 - Set database path to: C:\Users\kujon\.stmcufinder\plugins\mcufinder//mcu/
2026-03-21 19:22:35,244 [WARN] DbFile:41 - Overriding database path with different value: C:\Users\kujon\.stmcufinder\plugins\mcufinder/ => C:\Users\kujon\.stmcufinder\plugins\mcufinder
2026-03-21 19:22:35,244 [WARN] DbFile:41 - Overriding database path with different value: C:\Users\kujon\.stmcufinder\plugins\mcufinder/ => C:\Users\kujon\.stmcufinder\plugins\mcufinder
2026-03-21 19:22:35,244 [INFO] CrossReferenceDbSqlite:203 - Set database path to: C:\Users\kujon\.stmcufinder\plugins\mcufinder//mcu/cs/
2026-03-21 19:22:35,262 [INFO] ApplicationProperties:184 - Using Application install path: D:\Programy\STM32CubeIDE_1.19.0\STM32CubeIDE\plugins\com.st.stm32cube.common.mx_6.15.0.202507011659
2026-03-21 19:22:35,263 [INFO] PluginManage:196 - Search for loadable plugins [exclusion list=, ]
2026-03-21 19:22:35,265 [INFO] PluginManage:310 - Check plugin analytics
2026-03-21 19:22:35,473 [INFO] AnalyticsPlugin:253 - Accepted Software Licenses: 
2026-03-21 19:22:35,473 [INFO] AnalyticsPlugin:255 - Accepted CMSIS Pack Licenses: 
2026-03-21 19:22:35,473 [INFO] AnalyticsPlugin:257 - Accepted Firmware Licenses: 
2026-03-21 19:22:35,478 [INFO] PluginManage:359 - Loaded plugin analytics (category:tool,tabindex:-1)
2026-03-21 19:22:35,478 [INFO] PluginManage:310 - Check plugin cadmodel
2026-03-21 19:22:35,502 [INFO] CADModel:105 - Init CAD model plugin
2026-03-21 19:22:35,502 [INFO] PluginManage:359 - Loaded plugin cadmodel (category:power,tabindex:5)
2026-03-21 19:22:35,502 [INFO] PluginManage:310 - Check plugin clock
2026-03-21 19:22:35,525 [INFO] PluginManage:359 - Loaded plugin clock (category:base,tabindex:2)
2026-03-21 19:22:35,525 [INFO] PluginManage:310 - Check plugin ddr
2026-03-21 19:22:35,528 [INFO] PluginManage:359 - Loaded plugin ddr (category:tool,tabindex:6)
2026-03-21 19:22:35,528 [INFO] PluginManage:310 - Check plugin filemanager
2026-03-21 19:22:35,681 [INFO] PluginManage:359 - Loaded plugin filemanager (category:base,tabindex:10)
2026-03-21 19:22:35,682 [INFO] PluginManage:310 - Check plugin ipmanager
2026-03-21 19:22:35,690 [INFO] PluginManage:359 - Loaded plugin ipmanager (category:base,tabindex:5)
2026-03-21 19:22:35,690 [INFO] PluginManage:310 - Check plugin lpbam
2026-03-21 19:22:35,711 [INFO] PluginManage:359 - Loaded plugin lpbam (category:base,tabindex:0)
2026-03-21 19:22:35,711 [INFO] PluginManage:310 - Check plugin memorymap
2026-03-21 19:22:35,740 [INFO] PluginManage:359 - Loaded plugin memorymap (category:base,tabindex:4)
2026-03-21 19:22:35,740 [INFO] PluginManage:310 - Check plugin pinoutandconfiguration
2026-03-21 19:22:35,763 [INFO] PluginManage:359 - Loaded plugin pinoutandconfiguration (category:base,tabindex:1)
2026-03-21 19:22:35,763 [INFO] PluginManage:310 - Check plugin pinoutconfig
2026-03-21 19:22:35,864 [WARN] SupportedApi:132 - Cannot load RTOS API schema: s4s-elt-must-match.1: The content of 'definitions' must match (annotation?, (simpleType | complexType)?, (unique | key | keyref)*)). A problem was found starting at: attribute.
2026-03-21 19:22:36,013 [INFO] PluginManage:359 - Loaded plugin pinoutconfig (category:base,tabindex:0)
2026-03-21 19:22:36,013 [INFO] PluginManage:310 - Check plugin power
2026-03-21 19:22:36,038 [INFO] PluginManage:359 - Loaded plugin power (category:power,tabindex:4)
2026-03-21 19:22:36,039 [INFO] PluginManage:310 - Check plugin projectmanager
2026-03-21 19:22:36,055 [INFO] PluginManage:359 - Loaded plugin projectmanager (category:projectmanager,tabindex:4)
2026-03-21 19:22:36,055 [INFO] PluginManage:310 - Check plugin rif
2026-03-21 19:22:36,080 [INFO] PluginManage:359 - Loaded plugin rif (category:base,tabindex:3)
2026-03-21 19:22:36,080 [INFO] PluginManage:310 - Check plugin thirdparty
2026-03-21 19:22:36,422 [INFO] PluginManage:359 - Loaded plugin thirdparty (category:base,tabindex:-1)
2026-03-21 19:22:36,422 [INFO] PluginManage:310 - Check plugin tools
2026-03-21 19:22:36,422 [WARN] IntegrityCheckThread:84 - waiting for thirdparty lock release [integrity check]
2026-03-21 19:22:36,423 [INFO] IntegrityCheckThread:86 - entering critical section [integrity check]
2026-03-21 19:22:36,423 [INFO] ThirdPartyUpdaterWithRetryManager:70 - Updater plugin not ready yet. [1/15]
2026-03-21 19:22:36,474 [INFO] PluginManage:359 - Loaded plugin tools (category:base,tabindex:7)
2026-03-21 19:22:36,474 [INFO] PluginManage:310 - Check plugin tutovideos
2026-03-21 19:22:36,723 [INFO] PluginManage:359 - Loaded plugin tutovideos (category:base,tabindex:-1)
2026-03-21 19:22:36,723 [INFO] PluginManage:310 - Check plugin updater
2026-03-21 19:22:36,749 [INFO] PluginManage:359 - Loaded plugin updater (category:base,tabindex:12)
2026-03-21 19:22:36,750 [INFO] PluginManage:310 - Check plugin userauth
2026-03-21 19:22:36,756 [INFO] UserAuth:118 - Init User Auth plugin
2026-03-21 19:22:36,758 [INFO] PluginManage:359 - Loaded plugin userauth (category:base,tabindex:14)
2026-03-21 19:22:36,758 [INFO] PluginManage:283 - PluginManage : Loaded plugins [18]
2026-03-21 19:22:36,997 [INFO] PinOutPanel:1589 - setPackage(No Configuration,No Configuration)
2026-03-21 19:22:37,092 [INFO] CADModel:165 - CPN selected for project level
2026-03-21 19:22:37,092 [INFO] CADModel:114 - Register for checkConnection events
2026-03-21 19:22:37,127 [INFO] IPUIPlugin:80 - create IPUIPlugin
2026-03-21 19:22:37,127 [INFO] PluginManager:220 - loadIPPluginJar : add adc
2026-03-21 19:22:37,185 [INFO] IPUIPlugin:80 - create IPUIPlugin
2026-03-21 19:22:37,185 [INFO] PluginManager:220 - loadIPPluginJar : add aes
2026-03-21 19:22:37,251 [INFO] IPUIPlugin:80 - create IPUIPlugin
2026-03-21 19:22:37,252 [INFO] PluginManager:220 - loadIPPluginJar : add can
2026-03-21 19:22:37,294 [INFO] IPUIPlugin:80 - create IPUIPlugin
2026-03-21 19:22:37,294 [INFO] PluginManager:220 - loadIPPluginJar : add comp
2026-03-21 19:22:37,347 [INFO] IPUIPlugin:80 - create IPUIPlugin
2026-03-21 19:22:37,347 [INFO] PluginManager:220 - loadIPPluginJar : add cryp
2026-03-21 19:22:37,364 [INFO] IPUIPlugin:80 - create IPUIPlugin
2026-03-21 19:22:37,364 [INFO] PluginManager:220 - loadIPPluginJar : add ddr_ctrl_phy
2026-03-21 19:22:37,404 [INFO] IPUIPlugin:80 - create IPUIPlugin
2026-03-21 19:22:37,404 [INFO] PluginManager:220 - loadIPPluginJar : add dfsdm
2026-03-21 19:22:37,424 [INFO] IPUIPlugin:80 - create IPUIPlugin
2026-03-21 19:22:37,424 [INFO] PluginManager:220 - loadIPPluginJar : add dma
2026-03-21 19:22:37,484 [INFO] IPUIPlugin:80 - create IPUIPlugin
2026-03-21 19:22:37,484 [INFO] PluginManager:220 - loadIPPluginJar : add dma3
2026-03-21 19:22:37,545 [INFO] IPUIPlugin:80 - create IPUIPlugin
2026-03-21 19:22:37,545 [INFO] PluginManager:220 - loadIPPluginJar : add extmemmanager
2026-03-21 19:22:37,574 [INFO] IPUIPlugin:80 - create IPUIPlugin
2026-03-21 19:22:37,575 [INFO] PluginManager:220 - loadIPPluginJar : add fatfs
2026-03-21 19:22:37,635 [INFO] IPUIPlugin:80 - create IPUIPlugin
2026-03-21 19:22:37,637 [INFO] PluginManager:220 - loadIPPluginJar : add fmc
2026-03-21 19:22:37,655 [INFO] IPUIPlugin:80 - create IPUIPlugin
2026-03-21 19:22:37,657 [INFO] PluginManager:220 - loadIPPluginJar : add freertos
2026-03-21 19:22:37,685 [INFO] IPUIPlugin:80 - create IPUIPlugin
2026-03-21 19:22:37,685 [INFO] PluginManager:220 - loadIPPluginJar : add genericplugin
2026-03-21 19:22:37,815 [INFO] IPUIPlugin:80 - create IPUIPlugin
2026-03-21 19:22:37,815 [INFO] PluginManager:220 - loadIPPluginJar : add gfxmmu
2026-03-21 19:22:37,994 [INFO] IPUIPlugin:80 - create IPUIPlugin
2026-03-21 19:22:37,994 [INFO] PluginManager:220 - loadIPPluginJar : add gic
2026-03-21 19:22:38,011 [INFO] IPUIPlugin:80 - create IPUIPlugin
2026-03-21 19:22:38,011 [INFO] PluginManager:220 - loadIPPluginJar : add gpio
2026-03-21 19:22:38,138 [INFO] IPUIPlugin:80 - create IPUIPlugin
2026-03-21 19:22:38,138 [INFO] PluginManager:220 - loadIPPluginJar : add gtzc
2026-03-21 19:22:38,189 [INFO] IPUIPlugin:80 - create IPUIPlugin
2026-03-21 19:22:38,189 [INFO] PluginManager:220 - loadIPPluginJar : add hash
2026-03-21 19:22:38,258 [INFO] IPUIPlugin:80 - create IPUIPlugin
2026-03-21 19:22:38,258 [INFO] PluginManager:220 - loadIPPluginJar : add i2c
2026-03-21 19:22:38,308 [INFO] IPUIPlugin:80 - create IPUIPlugin
2026-03-21 19:22:38,308 [INFO] PluginManager:220 - loadIPPluginJar : add i2s
2026-03-21 19:22:38,362 [INFO] IPUIPlugin:80 - create IPUIPlugin
2026-03-21 19:22:38,362 [INFO] PluginManager:220 - loadIPPluginJar : add i3c
2026-03-21 19:22:38,487 [INFO] IPUIPlugin:80 - create IPUIPlugin
2026-03-21 19:22:38,487 [INFO] PluginManager:220 - loadIPPluginJar : add ipddr
2026-03-21 19:22:38,605 [INFO] IPUIPlugin:80 - create IPUIPlugin
2026-03-21 19:22:38,605 [INFO] PluginManager:220 - loadIPPluginJar : add linkedlist
2026-03-21 19:22:38,651 [INFO] IPUIPlugin:80 - create IPUIPlugin
2026-03-21 19:22:38,652 [INFO] PluginManager:220 - loadIPPluginJar : add lorawan
2026-03-21 19:22:38,702 [INFO] IPUIPlugin:80 - create IPUIPlugin
2026-03-21 19:22:38,702 [INFO] PluginManager:220 - loadIPPluginJar : add ltdc
2026-03-21 19:22:38,721 [INFO] IPUIPlugin:80 - create IPUIPlugin
2026-03-21 19:22:38,721 [INFO] PluginManager:220 - loadIPPluginJar : add mdma
2026-03-21 19:22:38,738 [INFO] IPUIPlugin:80 - create IPUIPlugin
2026-03-21 19:22:38,738 [INFO] PluginManager:220 - loadIPPluginJar : add nvic
2026-03-21 19:22:38,789 [INFO] IPUIPlugin:80 - create IPUIPlugin
2026-03-21 19:22:38,789 [INFO] PluginManager:220 - loadIPPluginJar : add opamp
2026-03-21 19:22:38,872 [INFO] IPUIPlugin:80 - create IPUIPlugin
2026-03-21 19:22:38,872 [INFO] PluginManager:220 - loadIPPluginJar : add openamp
2026-03-21 19:22:38,927 [INFO] IPUIPlugin:80 - create IPUIPlugin
2026-03-21 19:22:38,927 [INFO] PluginManager:220 - loadIPPluginJar : add pdm2pcm
2026-03-21 19:22:38,944 [INFO] IPUIPlugin:80 - create IPUIPlugin
2026-03-21 19:22:38,947 [INFO] PluginManager:220 - loadIPPluginJar : add plateformsettings
2026-03-21 19:22:38,978 [INFO] IPUIPlugin:80 - create IPUIPlugin
2026-03-21 19:22:38,978 [INFO] PluginManager:220 - loadIPPluginJar : add quadspi
2026-03-21 19:22:39,012 [INFO] IPUIPlugin:80 - create IPUIPlugin
2026-03-21 19:22:39,013 [INFO] PluginManager:220 - loadIPPluginJar : add radio
2026-03-21 19:22:39,030 [INFO] IPUIPlugin:80 - create IPUIPlugin
2026-03-21 19:22:39,030 [INFO] PluginManager:220 - loadIPPluginJar : add resmgrutility
2026-03-21 19:22:39,088 [INFO] IPUIPlugin:80 - create IPUIPlugin
2026-03-21 19:22:39,088 [INFO] PluginManager:220 - loadIPPluginJar : add sai
2026-03-21 19:22:39,137 [INFO] IPUIPlugin:80 - create IPUIPlugin
2026-03-21 19:22:39,137 [INFO] PluginManager:220 - loadIPPluginJar : add spi
2026-03-21 19:22:39,234 [INFO] IPUIPlugin:80 - create IPUIPlugin
2026-03-21 19:22:39,234 [INFO] PluginManager:220 - loadIPPluginJar : add stm32_wpan
2026-03-21 19:22:39,267 [INFO] IPUIPlugin:80 - create IPUIPlugin
2026-03-21 19:22:39,267 [INFO] PluginManager:220 - loadIPPluginJar : add tim
2026-03-21 19:22:39,343 [INFO] IPUIPlugin:80 - create IPUIPlugin
2026-03-21 19:22:39,343 [INFO] PluginManager:220 - loadIPPluginJar : add touchsensing
2026-03-21 19:22:39,373 [INFO] IPUIPlugin:80 - create IPUIPlugin
2026-03-21 19:22:39,373 [INFO] PluginManager:220 - loadIPPluginJar : add tracer_emb
2026-03-21 19:22:39,405 [INFO] IPUIPlugin:80 - create IPUIPlugin
2026-03-21 19:22:39,405 [INFO] PluginManager:220 - loadIPPluginJar : add ts
2026-03-21 19:22:39,424 [INFO] ThirdPartyUpdaterWithRetryManager:70 - Updater plugin not ready yet. [2/15]
2026-03-21 19:22:39,438 [INFO] IPUIPlugin:80 - create IPUIPlugin
2026-03-21 19:22:39,439 [INFO] PluginManager:220 - loadIPPluginJar : add tsc
2026-03-21 19:22:39,467 [INFO] IPUIPlugin:80 - create IPUIPlugin
2026-03-21 19:22:39,468 [INFO] PluginManager:220 - loadIPPluginJar : add ucpd
2026-03-21 19:22:39,525 [INFO] IPUIPlugin:80 - create IPUIPlugin
2026-03-21 19:22:39,525 [INFO] PluginManager:220 - loadIPPluginJar : add usart
2026-03-21 19:22:39,583 [INFO] IPUIPlugin:80 - create IPUIPlugin
2026-03-21 19:22:39,583 [INFO] PluginManager:220 - loadIPPluginJar : add usbx
2026-03-21 19:22:39,721 [FATAL] Updater:351 - Updater called before beeing initialized
2026-03-21 19:22:39,749 [INFO] RulesReader:64 - Compatibility file has been processed (317 Rules)
2026-03-21 19:22:39,761 [INFO] RulesReader:64 - Compatibility file has been processed (317 Rules)
2026-03-21 19:22:39,770 [INFO] CADModel:165 - CPN selected for project level
2026-03-21 19:22:39,770 [INFO] CADModel:114 - Register for checkConnection events
2026-03-21 19:22:39,770 [FATAL] Updater:351 - Updater called before beeing initialized
2026-03-21 19:22:39,770 [ERROR] CADModel:125 - Updater not yet initialized, retry later 
2026-03-21 19:22:39,955 [FATAL] Updater:351 - Updater called before beeing initialized
2026-03-21 19:22:39,959 [INFO] CADModel:165 - CPN selected for project level
2026-03-21 19:22:39,959 [INFO] CADModel:114 - Register for checkConnection events
2026-03-21 19:22:39,959 [FATAL] Updater:351 - Updater called before beeing initialized
2026-03-21 19:22:39,959 [ERROR] CADModel:125 - Updater not yet initialized, retry later 
2026-03-21 19:22:39,963 [FATAL] Updater:351 - Updater called before beeing initialized
2026-03-21 19:22:40,109 [FATAL] Updater:351 - Updater called before beeing initialized
2026-03-21 19:22:40,122 [INFO] DbMcusAds:53 - JSON generation date=Thu Oct 02 11:36:05 CEST 2025 (1759397765645)
2026-03-21 19:22:40,122 [FATAL] Updater:351 - Updater called before beeing initialized
2026-03-21 19:22:40,217 [WARN] DetailPanel:346 - Failed to get advertising image, set to default
2026-03-21 19:22:40,300 [FATAL] Updater:351 - Updater called before beeing initialized
2026-03-21 19:22:40,301 [FATAL] Updater:351 - Updater called before beeing initialized
2026-03-21 19:22:40,301 [FATAL] Updater:351 - Updater called before beeing initialized
2026-03-21 19:22:40,301 [WARN] DetailPanel:346 - Failed to get advertising image, set to default
2026-03-21 19:22:40,302 [FATAL] Updater:351 - Updater called before beeing initialized
2026-03-21 19:22:40,359 [ERROR] Updater:1198 - MainUpdater not yet initialized. External WinMGr cannot be set.
2026-03-21 19:22:40,372 [INFO] Updater:1134 - Updater Version found : 6.15.0
2026-03-21 19:22:40,387 [INFO] ApplicationProperties:184 - Using Application install path: D:\Programy\STM32CubeIDE_1.19.0\STM32CubeIDE\plugins\com.st.stm32cube.common.mx_6.15.0.202507011659
2026-03-21 19:22:41,966 [ERROR] LogOutputStream:75 - [STDERR_REDIRECT] Mar 21, 2026 7:22:41 PM java.util.prefs.WindowsPreferences <init>
2026-03-21 19:22:41,967 [ERROR] LogOutputStream:75 - [STDERR_REDIRECT] WARNING: Could not open/create prefs root node Software\JavaSoft\Prefs at root 0xffffffff80000002. Windows RegCreateKeyEx(...) returned error code 5.
2026-03-21 19:22:41,967 [ERROR] LogOutputStream:75 - [STDERR_REDIRECT] 
2026-03-21 19:22:42,382 [INFO] MainUpdater:2872 - connection check result : 10
2026-03-21 19:22:42,382 [INFO] MainUpdater:3604 - Updater definition file requires update
2026-03-21 19:22:42,383 [INFO] MainUpdater:289 - Updater Check For Update Now.
2026-03-21 19:22:42,384 [INFO] MicroXplorer:498 - Change Database Version : DB.6.0.150
2026-03-21 19:22:42,404 [INFO] McuFinderGlobals:63 - Set McuFinder mode to 2 (CubeIDE integrated)
2026-03-21 19:22:42,411 [INFO] UserAuth:487 - Internet connection configuration mode: 1
2026-03-21 19:22:42,426 [WARN] MainUpdater:1193 - Updater busy. Cannot search thirdparties
2026-03-21 19:22:42,426 [INFO] ThirdPartyUpdaterWithRetryManager:96 - Updater plugin is busy. [1/15]
2026-03-21 19:22:42,444 [INFO] JxBrowserEngine:152 - Initiate JxBrowser Engine with user profile folder
2026-03-21 19:22:42,524 [INFO] ServerAccessManage:452 - Complete download http(s) 200
2026-03-21 19:22:42,525 [INFO] ServerAccessManage:509 - Download File updaters.zip
2026-03-21 19:22:42,637 [INFO] FileExtend:248 - Unzip File : updaters.zip
2026-03-21 19:22:42,637 [INFO] FileExtend:263 - Standard Zip Deflate
2026-03-21 19:22:44,038 [INFO] ServerAccessManage:452 - Complete download http(s) 200
2026-03-21 19:22:44,038 [INFO] ServerAccessManage:509 - Download File PacksControlFlags.xml
2026-03-21 19:22:44,371 [INFO] ServerAccessManage:452 - Complete download http(s) 200
2026-03-21 19:22:44,371 [INFO] ServerAccessManage:509 - Download File cubemx.pidx
2026-03-21 19:22:44,487 [INFO] LoadServerUpdatesThread:375 - End of LoadServerUpdate Thread
2026-03-21 19:22:44,750 [INFO] CheckServerUpdateThread:120 - End of CheckServer Thread
2026-03-21 19:22:44,876 [INFO] WebApp:169 - Instantiating new browser for Auth
2026-03-21 19:22:45,762 [INFO] WebApp:463 - Apply proxy settings
2026-03-21 19:22:45,762 [INFO] WebApp:548 - Chromium requires no authentication
2026-03-21 19:22:45,773 [INFO] WebApp:491 - Direct internet connection detected
2026-03-21 19:22:45,804 [INFO] WebApp:900 - Register for checkConnection events
2026-03-21 19:22:45,804 [INFO] WebApp:463 - Apply proxy settings
2026-03-21 19:22:45,804 [INFO] WebApp:548 - Chromium requires no authentication
2026-03-21 19:22:45,805 [INFO] WebApp:491 - Direct internet connection detected
2026-03-21 19:22:46,037 [INFO] WebApp:225 - Starting web application
2026-03-21 19:22:46,038 [INFO] WebApp:593 - Web application path used D:\Programy\STM32CubeIDE_1.19.0\STM32CubeIDE\plugins\com.st.stm32cube.common.mx_6.15.0.202507011659\db\plugins\mcufinder\reactClient1\index.html
2026-03-21 19:22:46,050 [WARN] PackLoader:240 - Cannot read IP mode file for STMicroelectronics.X-CUBE-AZRTOS-H7.3.5.0
2026-03-21 19:22:46,065 [INFO] WebApp:191 - Connection restablished
2026-03-21 19:22:46,099 [WARN] PackLoader:240 - Cannot read IP mode file for STMicroelectronics.FP-SNS-MOTENVWB1.1.4.0
2026-03-21 19:22:46,133 [WARN] PackLoader:240 - Cannot read IP mode file for STMicroelectronics.FP-ATR-ASTRA1.2.0.2
2026-03-21 19:22:46,168 [WARN] PackLoader:240 - Cannot read IP mode file for STMicroelectronics.X-CUBE-SMBUS.2.1.0
2026-03-21 19:22:46,205 [WARN] PackLoader:240 - Cannot read IP mode file for STMicroelectronics.X-CUBE-ST60.1.0.0
2026-03-21 19:22:46,285 [WARN] PackLoader:240 - Cannot read IP mode file for STMicroelectronics.X-CUBE-AZRTOS-F7.1.1.0
2026-03-21 19:22:46,324 [WARN] PackLoader:240 - Cannot read IP mode file for STMicroelectronics.X-CUBE-BLE1.6.2.4
2026-03-21 19:22:46,350 [WARN] PackLoader:240 - Cannot read IP mode file for STMicroelectronics.FP-SNS-MOTENV1.5.1.0
2026-03-21 19:22:46,362 [INFO] UserAuth:487 - Internet connection configuration mode: 1
2026-03-21 19:22:46,388 [WARN] PackLoader:240 - Cannot read IP mode file for WES.I-CUBE-Cesium.1.4.0
2026-03-21 19:22:46,448 [WARN] PackLoader:240 - Cannot read IP mode file for Infineon.AIROC-Wi-Fi-Bluetooth-STM32.1.7.1
2026-03-21 19:22:46,519 [WARN] PackLoader:240 - Cannot read IP mode file for STMicroelectronics.X-CUBE-AZRTOS-H7.3.4.0
2026-03-21 19:22:46,563 [WARN] PackLoader:240 - Cannot read IP mode file for STMicroelectronics.X-CUBE-DISPLAY.3.0.0
2026-03-21 19:22:46,607 [WARN] PackLoader:240 - Cannot read IP mode file for STMicroelectronics.FP-SNS-MOTENVWB1.1.5.0
2026-03-21 19:22:46,640 [WARN] PackLoader:240 - Cannot read IP mode file for STMicroelectronics.X-CUBE-NFC10.1.0.0
2026-03-21 19:22:46,667 [WARN] PackLoader:240 - Cannot read IP mode file for STMicroelectronics.X-CUBE-ST60.1.1.0
2026-03-21 19:22:46,693 [WARN] PackLoader:240 - Cannot read IP mode file for emotas.I-CUBE-CANOPEN.1.3.0
2026-03-21 19:22:46,724 [WARN] PackLoader:240 - Cannot read IP mode file for STMicroelectronics.X-CUBE-GNSS1.7.1.0
2026-03-21 19:22:46,754 [WARN] PackLoader:240 - Cannot read IP mode file for STMicroelectronics.FP-SNS-STBOX1.2.1.0
2026-03-21 19:22:46,784 [WARN] PackLoader:240 - Cannot read IP mode file for STMicroelectronics.FP-SNS-SMARTAG2.1.2.0
2026-03-21 19:22:46,808 [WARN] PackLoader:240 - Cannot read IP mode file for STMicroelectronics.FP-SNS-FLIGHT1.5.1.0
2026-03-21 19:22:46,837 [INFO] LogOutputStream:77 - [STDOUT_REDIRECT] 1 : Invalid condition id : UX_CORESTACK_Condition cause : null
2026-03-21 19:22:46,838 [INFO] LogOutputStream:77 - [STDOUT_REDIRECT] 1 : Invalid condition id : UX_CORESTACK_Condition cause : null
2026-03-21 19:22:46,839 [INFO] LogOutputStream:77 - [STDOUT_REDIRECT] 1 : Invalid condition id : UX_CORESTACK_Condition cause : null
2026-03-21 19:22:46,841 [INFO] LogOutputStream:77 - [STDOUT_REDIRECT] 1 : Invalid condition id : UX_CORESTACK_Condition cause : null
2026-03-21 19:22:46,843 [INFO] LogOutputStream:77 - [STDOUT_REDIRECT] 1 : Invalid condition id : UX_CORESTACK_Condition cause : null
2026-03-21 19:22:46,845 [WARN] PackLoader:240 - Cannot read IP mode file for STMicroelectronics.X-CUBE-AZRTOS-WL.2.0.0
2026-03-21 19:22:46,865 [WARN] PackLoader:240 - Cannot read IP mode file for STMicroelectronics.FP-SNS-MOTENV1.5.0.0
2026-03-21 19:22:46,908 [WARN] PackLoader:240 - Cannot read IP mode file for STMicroelectronics.X-CUBE-AZRTOS-H7RS.1.2.0
2026-03-21 19:22:46,931 [WARN] PackLoader:240 - Cannot read IP mode file for STMicroelectronics.X-CUBE-BLE2.3.3.0
2026-03-21 19:22:46,999 [WARN] PackLoader:240 - Cannot read IP mode file for STMicroelectronics.X-CUBE-TOF1.3.2.0
2026-03-21 19:22:47,022 [WARN] PackLoader:240 - Cannot read IP mode file for STMicroelectronics.X-CUBE-NFC9.1.0.0
2026-03-21 19:22:47,041 [WARN] PackLoader:240 - Cannot read IP mode file for wolfSSL.I-CUBE-wolfSSL.5.8.2
2026-03-21 19:22:47,058 [WARN] PackLoader:240 - Cannot read IP mode file for STMicroelectronics.X-CUBE-BLE1.7.1.0
2026-03-21 19:22:47,072 [WARN] PackLoader:240 - Cannot read IP mode file for wolfSSL.I-CUBE-wolfMQTT.1.19.2
2026-03-21 19:22:47,090 [WARN] PackLoader:240 - Cannot read IP mode file for STMicroelectronics.X-CUBE-FREERTOS.1.4.0
2026-03-21 19:22:47,108 [WARN] PackLoader:240 - Cannot read IP mode file for STMicroelectronics.X-CUBE-EEPRMA1.5.2.0
2026-03-21 19:22:47,125 [WARN] PackLoader:240 - Cannot read IP mode file for STMicroelectronics.X-CUBE-TOUCHGFX.4.21.1
2026-03-21 19:22:47,144 [WARN] PackLoader:240 - Cannot read IP mode file for STMicroelectronics.X-CUBE-ST67W61.1.1.0
2026-03-21 19:22:47,200 [WARN] PackLoader:240 - Cannot read IP mode file for STMicroelectronics.X-CUBE-MEMS1.12.0.0
2026-03-21 19:22:47,300 [WARN] PackLoader:240 - Cannot read IP mode file for STMicroelectronics.X-CUBE-ALGOBUILD.1.3.0
2026-03-21 19:22:47,334 [WARN] PackLoader:240 - Cannot read IP mode file for STMicroelectronics.X-CUBE-AZRTOS-G0.1.1.0
2026-03-21 19:22:47,357 [WARN] PackLoader:240 - Cannot read IP mode file for STMicroelectronics.X-CUBE-SAFEA1.1.2.2
2026-03-21 19:22:47,377 [WARN] PackLoader:240 - Cannot read IP mode file for STMicroelectronics.X-CUBE-NFC4.3.0.0
2026-03-21 19:22:47,404 [WARN] PackLoader:240 - Cannot read IP mode file for EmbeddedOffice.I-CUBE-FS-RTOS.1.0.1
2026-03-21 19:22:47,427 [WARN] PackLoader:240 - Cannot read IP mode file for STMicroelectronics.X-CUBE-WB05N.2.0.0
2026-03-21 19:22:47,444 [WARN] PackLoader:240 - Cannot read IP mode file for wolfSSL.I-CUBE-wolfTPM.3.8.0
2026-03-21 19:22:47,464 [WARN] PackLoader:240 - Cannot read IP mode file for STMicroelectronics.X-CUBE-BLEMGR.1.3.0
2026-03-21 19:22:47,485 [WARN] PackLoader:240 - Cannot read IP mode file for STMicroelectronics.X-CUBE-TCPP.4.2.0
2026-03-21 19:22:47,503 [WARN] PackLoader:240 - Cannot read IP mode file for RealThread.X-CUBE-RT-Thread_Nano.4.1.1
2026-03-21 19:22:47,520 [WARN] PackLoader:240 - Cannot read IP mode file for STMicroelectronics.FP-ATR-SIGFOX1.3.2.0
2026-03-21 19:22:47,538 [WARN] PackLoader:240 - Cannot read IP mode file for STMicroelectronics.X-CUBE-FREERTOS.1.5.0
2026-03-21 19:22:47,558 [WARN] PackLoader:240 - Cannot read IP mode file for ITTIA_DB.I-CUBE-ITTIADB.8.9.0
2026-03-21 19:22:47,581 [WARN] PackLoader:240 - Cannot read IP mode file for STMicroelectronics.X-CUBE-NFC6.3.2.0
2026-03-21 19:22:47,632 [WARN] PackLoader:240 - Cannot read IP mode file for STMicroelectronics.X-CUBE-MEMS1.9.5.0
2026-03-21 19:22:47,743 [WARN] PackLoader:240 - Cannot read IP mode file for STMicroelectronics.X-CUBE-ST67W61.1.0.0
2026-03-21 19:22:47,761 [WARN] PackLoader:240 - Cannot read IP mode file for STMicroelectronics.X-CUBE-AI.10.2.0
2026-03-21 19:22:47,794 [WARN] PackLoader:240 - Cannot read IP mode file for SEGGER.I-CUBE-embOS.1.3.1
2026-03-21 19:22:47,832 [WARN] PackLoader:240 - Cannot read IP mode file for STMicroelectronics.X-CUBE-ALGOBUILD.1.4.0
2026-03-21 19:22:47,885 [WARN] PackLoader:240 - Cannot read IP mode file for STMicroelectronics.X-CUBE-MEMS1.11.3.0
2026-03-21 19:22:47,970 [WARN] PackLoader:240 - Cannot read IP mode file for STMicroelectronics.X-CUBE-PM33A1.1.0.0
2026-03-21 19:22:47,989 [WARN] PackLoader:240 - Cannot read IP mode file for STMicroelectronics.X-CUBE-GNSS1.6.0.0
2026-03-21 19:22:48,026 [WARN] PackLoader:240 - Cannot read IP mode file for STMicroelectronics.X-CUBE-AZRTOS-F4.1.1.0
2026-03-21 19:22:48,045 [WARN] PackLoader:240 - Cannot read IP mode file for Avnet-IotConnect.X-CUBE-IoTC-DA16k-PMOD.1.0.0
2026-03-21 19:22:48,064 [WARN] PackLoader:240 - Cannot read IP mode file for STMicroelectronics.X-CUBE-ISPU.2.1.0
2026-03-21 19:22:48,088 [WARN] PackLoader:240 - Cannot read IP mode file for STMicroelectronics.X-CUBE-IPS.3.2.0
2026-03-21 19:22:48,110 [WARN] PackLoader:240 - Cannot read IP mode file for STMicroelectronics.X-CUBE-NFC12.1.0.0
2026-03-21 19:22:48,143 [WARN] PackLoader:240 - Cannot read IP mode file for STMicroelectronics.X-CUBE-AZRTOS-L5.2.0.0
2026-03-21 19:22:48,164 [WARN] PackLoader:240 - Cannot read IP mode file for STMicroelectronics.X-CUBE-NFC6.3.1.0
2026-03-21 19:22:48,183 [WARN] PackLoader:240 - Cannot read IP mode file for emotas.I-CUBE-CANOPEN.1.1.3
2026-03-21 19:22:48,202 [WARN] PackLoader:240 - Cannot read IP mode file for wolfSSL.I-CUBE-wolfSSL.5.5.4
2026-03-21 19:22:48,218 [WARN] PackLoader:240 - Cannot read IP mode file for STMicroelectronics.X-CUBE-FREERTOS.1.3.1
2026-03-21 19:22:48,233 [WARN] PackLoader:240 - Cannot read IP mode file for STMicroelectronics.X-CUBE-NFC7.1.0.0
2026-03-21 19:22:48,246 [WARN] PackLoader:240 - Cannot read IP mode file for STMicroelectronics.X-CUBE-TOUCHGFX.4.26.0
2026-03-21 19:22:48,259 [WARN] PackLoader:240 - Cannot read IP mode file for STMicroelectronics.X-CUBE-TOUCHGFX.4.26.1
2026-03-21 19:22:48,274 [WARN] PackLoader:240 - Cannot read IP mode file for STMicroelectronics.X-CUBE-EEPRMA1.4.1.0
2026-03-21 19:22:48,292 [WARN] PackLoader:240 - Cannot read IP mode file for STMicroelectronics.FP-SNS-STAIOTCFT.1.0.0
2026-03-21 19:22:48,306 [WARN] PackLoader:240 - Cannot read IP mode file for STMicroelectronics.X-CUBE-DPower.1.3.0
2026-03-21 19:22:48,342 [WARN] ConditionMgr:438 - getConditionDescription Invalid condition id : LAN8742 Phy interface Condition cause : null
2026-03-21 19:22:48,343 [WARN] PackLoader:240 - Cannot read IP mode file for STMicroelectronics.X-CUBE-AZRTOS-L4.2.0.0
2026-03-21 19:22:48,344 [WARN] ConditionMgr:1044 - genDependencies : Invalid condition id : LAN8742 Phy interface Condition cause : null
2026-03-21 19:22:48,345 [WARN] ConditionMgr:1044 - genDependencies : Invalid condition id : LAN8742 Phy interface Condition cause : null
2026-03-21 19:22:48,345 [WARN] ConditionMgr:1044 - genDependencies : Invalid condition id : LAN8742 Phy interface Condition cause : null
2026-03-21 19:22:48,369 [WARN] PackLoader:240 - Cannot read IP mode file for STMicroelectronics.X-CUBE-SFXS2LP1.4.0.0
2026-03-21 19:22:48,405 [WARN] PackLoader:240 - Cannot read IP mode file for STMicroelectronics.X-CUBE-AZRTOS-H7.3.0.0
2026-03-21 19:22:48,431 [WARN] PackLoader:240 - Cannot read IP mode file for STMicroelectronics.X-CUBE-ST67W61.1.2.0
2026-03-21 19:22:48,450 [WARN] PackLoader:240 - Cannot read IP mode file for STMicroelectronics.X-CUBE-ISPU.1.1.0
2026-03-21 19:22:48,475 [WARN] PackLoader:240 - Cannot read IP mode file for RoweBots.I-CUBE-UNISONRTOS.5.5.0-4
2026-03-21 19:22:48,503 [WARN] PackLoader:240 - Cannot read IP mode file for STMicroelectronics.X-CUBE-BLEMGR.4.1.0
2026-03-21 19:22:48,527 [WARN] PackLoader:240 - Cannot read IP mode file for STMicroelectronics.X-CUBE-AI.8.0.0
2026-03-21 19:22:48,560 [WARN] ConditionMgr:438 - getConditionDescription Invalid condition id : UX DEVICE CLASS RTOS Condition cause : null
2026-03-21 19:22:48,561 [WARN] ConditionMgr:438 - getConditionDescription Invalid condition id : UX DEVICE CLASS RTOS Condition cause : null
2026-03-21 19:22:48,562 [WARN] PackLoader:240 - Cannot read IP mode file for STMicroelectronics.X-CUBE-AZRTOS-WB.2.0.0
2026-03-21 19:22:48,563 [WARN] ConditionMgr:1044 - genDependencies : Invalid condition id : UX DEVICE CLASS RTOS Condition cause : null
2026-03-21 19:22:48,563 [WARN] ConditionMgr:1044 - genDependencies : Invalid condition id : UX DEVICE CLASS RTOS Condition cause : null
2026-03-21 19:22:48,563 [WARN] ConditionMgr:1044 - genDependencies : Invalid condition id : UX DEVICE CLASS RTOS Condition cause : null
2026-03-21 19:22:48,563 [WARN] ConditionMgr:1044 - genDependencies : Invalid condition id : UX DEVICE CLASS RTOS Condition cause : null
2026-03-21 19:22:48,563 [WARN] ConditionMgr:1044 - genDependencies : Invalid condition id : UX DEVICE CLASS RTOS Condition cause : null
2026-03-21 19:22:48,590 [WARN] PackLoader:240 - Cannot read IP mode file for STMicroelectronics.X-CUBE-GNSS1.7.0.1
2026-03-21 19:22:48,614 [WARN] PackLoader:240 - Cannot read IP mode file for STMicroelectronics.X-CUBE-TOUCHGFX.4.25.0
2026-03-21 19:22:48,635 [WARN] ConditionMgr:438 - getConditionDescription Invalid condition id : Cortex-A Device cause : null
2026-03-21 19:22:48,663 [WARN] ConditionMgr:1044 - genDependencies : Invalid condition id : Cortex-A Device cause : null
2026-03-21 19:22:48,663 [WARN] ConditionMgr:1044 - genDependencies : Invalid condition id : Cortex-A Device cause : null
2026-03-21 19:22:48,663 [WARN] ConditionMgr:1044 - genDependencies : Invalid condition id : Cortex-A Device cause : null
2026-03-21 19:22:48,687 [WARN] PackLoader:240 - Cannot read IP mode file for STMicroelectronics.X-CUBE-STSE01.2.0.0
2026-03-21 19:22:48,722 [WARN] PackLoader:240 - Cannot read IP mode file for STMicroelectronics.X-CUBE-AZRTOS-L5.1.1.0
2026-03-21 19:22:48,751 [WARN] PackLoader:240 - Cannot read IP mode file for STMicroelectronics.X-CUBE-SUBG2.5.0.0
2026-03-21 19:22:48,790 [WARN] PackLoader:240 - Cannot read IP mode file for STMicroelectronics.X-CUBE-AZRTOS-H7RS.1.1.0
2026-03-21 19:22:48,816 [WARN] PackLoader:240 - Cannot read IP mode file for Cesanta.I-CUBE-Mongoose.7.13.0
2026-03-21 19:22:48,851 [WARN] PackLoader:240 - Cannot read IP mode file for STMicroelectronics.X-CUBE-AZRTOS-G4.2.0.0
2026-03-21 19:22:49,100 [WARN] PackLoader:240 - Cannot read IP mode file for STMicroelectronics.FP-ATR-ASTRA1.1.1.1
2026-03-21 19:22:49,118 [WARN] PackLoader:240 - Cannot read IP mode file for wolfSSL.I-CUBE-wolfSSH.1.4.20
2026-03-21 19:22:49,135 [WARN] PackLoader:240 - Cannot read IP mode file for STMicroelectronics.X-CUBE-NFC7.2.0.0
2026-03-21 19:22:49,175 [WARN] PackLoader:240 - Cannot read IP mode file for STMicroelectronics.X-CUBE-AZRTOS-G4.1.0.0
2026-03-21 19:22:49,210 [WARN] PackLoader:240 - Cannot read IP mode file for STMicroelectronics.X-CUBE-AZRTOS-L4.1.0.0
2026-03-21 19:22:49,235 [WARN] PackLoader:240 - Cannot read IP mode file for STMicroelectronics.X-CUBE-IPS.3.1.0
2026-03-21 19:22:49,257 [WARN] PackLoader:240 - Cannot read IP mode file for STMicroelectronics.X-CUBE-ALS.1.0.2
2026-03-21 19:22:49,279 [WARN] PackLoader:240 - Cannot read IP mode file for STMicroelectronics.X-CUBE-AZRTOS-WL.1.0.0
2026-03-21 19:22:49,295 [WARN] PackLoader:240 - Cannot read IP mode file for STMicroelectronics.X-CUBE-STSE01.1.0.0
2026-03-21 19:22:49,325 [WARN] PackLoader:240 - Cannot read IP mode file for portGmbH.I-Cube-SoM-uGOAL.1.1.0
2026-03-21 19:22:49,339 [WARN] PackLoader:240 - Cannot read IP mode file for STMicroelectronics.X-CUBE-ALS.1.0.1
2026-03-21 19:22:49,364 [WARN] PackLoader:240 - Cannot read IP mode file for STMicroelectronics.X-CUBE-AZRTOS-WB.1.1.0
2026-03-21 19:22:49,385 [WARN] PackLoader:240 - Cannot read IP mode file for STMicroelectronics.X-CUBE-TOF1.3.4.3
2026-03-21 19:22:49,391 [INFO] ThirdParty:978 - Integrity check success = true
2026-03-21 19:22:49,391 [INFO] IntegrityCheckThread:100 - exiting critical section [integrity check]
2026-03-21 19:22:49,391 [INFO] IntegrityCheckThread:103 - End integrity checks thread
2026-03-21 19:54:41,053 [ERROR] LogOutputStream:75 - [STDERR_REDIRECT] 
2026-03-21 19:54:41,053 [ERROR] LogOutputStream:75 - [STDERR_REDIRECT] 
2026-03-21 21:25:12,200 [INFO] Activator:176 - 


2026-03-21 21:25:12,202 [INFO] Activator:177 - !SESSION log4j initialized
2026-03-21 21:25:21,058 [INFO] LogOutputStream:77 - [STDOUT_REDIRECT] 
2026-03-21 21:25:29,992 [INFO] ApplicationProperties:184 - Using Application install path: D:\Programy\STM32CubeIDE_1.19.0\STM32CubeIDE\plugins\com.st.stm32cube.common.mx_6.15.0.202507011659
2026-03-21 21:25:30,023 [INFO] DbMcusXml:78 - Set database path to: D:\Programy\STM32CubeIDE_1.19.0\STM32CubeIDE\plugins\com.st.stm32cube.common.mx_6.15.0.202507011659\\db\/mcu/
2026-03-21 21:25:30,023 [INFO] ApiDb:274 - Set plugin database path to: D:\Programy\STM32CubeIDE_1.19.0\STM32CubeIDE\plugins\com.st.stm32cube.common.mx_6.15.0.202507011659\\db\/plugins/boardmanager/
2026-03-21 21:25:30,023 [WARN] ApiDb:259 - Overriding images path with different value:  => D:\Programy\STM32CubeIDE_1.19.0\STM32CubeIDE\plugins\com.st.stm32cube.common.mx_6.15.0.202507011659\\db\/plugins/mcufinder/images/
2026-03-21 21:25:30,036 [INFO] ApiDb:250 - Set database path to: C:\Users\kujon\.stmcufinder\plugins\mcufinder//mcu/
2026-03-21 21:25:30,039 [INFO] DbMcusAds:125 - Set database path to: C:\Users\kujon\.stmcufinder\plugins\mcufinder//mcu/
2026-03-21 21:25:30,044 [INFO] CrossReferenceDbSqlite:203 - Set database path to: C:\Users\kujon\.stmcufinder\plugins\mcufinder//mcu/cs/
2026-03-21 21:25:30,220 [INFO] RulesReader:64 - Compatibility file has been processed (317 Rules)
2026-03-21 21:25:30,360 [INFO] DbMcusXml:78 - Set database path to: D:\Programy\STM32CubeIDE_1.19.0\STM32CubeIDE\plugins\com.st.stm32cube.common.mx_6.15.0.202507011659\\db\/mcu/
2026-03-21 21:25:30,360 [INFO] ApiDb:274 - Set plugin database path to: D:\Programy\STM32CubeIDE_1.19.0\STM32CubeIDE\plugins\com.st.stm32cube.common.mx_6.15.0.202507011659\\db\/plugins/boardmanager/
2026-03-21 21:25:30,360 [INFO] ApiDb:261 - Set plugin images path to: D:\Programy\STM32CubeIDE_1.19.0\STM32CubeIDE\plugins\com.st.stm32cube.common.mx_6.15.0.202507011659\\db\/plugins/mcufinder/images/
2026-03-21 21:25:30,360 [WARN] DbFile:41 - Overriding database path with different value: C:\Users\kujon\.stmcufinder\plugins\mcufinder/ => C:\Users\kujon\.stmcufinder\plugins\mcufinder
2026-03-21 21:25:30,360 [INFO] ApiDb:250 - Set database path to: C:\Users\kujon\.stmcufinder\plugins\mcufinder//mcu/
2026-03-21 21:25:30,360 [WARN] DbFile:41 - Overriding database path with different value: C:\Users\kujon\.stmcufinder\plugins\mcufinder/ => C:\Users\kujon\.stmcufinder\plugins\mcufinder
2026-03-21 21:25:30,360 [INFO] DbMcusAds:125 - Set database path to: C:\Users\kujon\.stmcufinder\plugins\mcufinder//mcu/
2026-03-21 21:25:30,361 [WARN] DbFile:41 - Overriding database path with different value: C:\Users\kujon\.stmcufinder\plugins\mcufinder/ => C:\Users\kujon\.stmcufinder\plugins\mcufinder
2026-03-21 21:25:30,361 [WARN] DbFile:41 - Overriding database path with different value: C:\Users\kujon\.stmcufinder\plugins\mcufinder/ => C:\Users\kujon\.stmcufinder\plugins\mcufinder
2026-03-21 21:25:30,361 [INFO] CrossReferenceDbSqlite:203 - Set database path to: C:\Users\kujon\.stmcufinder\plugins\mcufinder//mcu/cs/
2026-03-21 21:25:30,469 [INFO] MainPanel:274 - HeapMemory: 268435456
2026-03-21 21:25:30,628 [INFO] DbMcusXml:78 - Set database path to: D:\Programy\STM32CubeIDE_1.19.0\STM32CubeIDE\plugins\com.st.stm32cube.common.mx_6.15.0.202507011659\\db\/mcu/
2026-03-21 21:25:30,628 [INFO] ApiDb:274 - Set plugin database path to: D:\Programy\STM32CubeIDE_1.19.0\STM32CubeIDE\plugins\com.st.stm32cube.common.mx_6.15.0.202507011659\\db\/plugins/boardmanager/
2026-03-21 21:25:30,628 [INFO] ApiDb:261 - Set plugin images path to: D:\Programy\STM32CubeIDE_1.19.0\STM32CubeIDE\plugins\com.st.stm32cube.common.mx_6.15.0.202507011659\\db\/plugins/mcufinder/images/
2026-03-21 21:25:30,628 [WARN] DbFile:41 - Overriding database path with different value: C:\Users\kujon\.stmcufinder\plugins\mcufinder/ => C:\Users\kujon\.stmcufinder\plugins\mcufinder
2026-03-21 21:25:30,628 [INFO] ApiDb:250 - Set database path to: C:\Users\kujon\.stmcufinder\plugins\mcufinder//mcu/
2026-03-21 21:25:30,628 [WARN] DbFile:41 - Overriding database path with different value: C:\Users\kujon\.stmcufinder\plugins\mcufinder/ => C:\Users\kujon\.stmcufinder\plugins\mcufinder
2026-03-21 21:25:30,628 [INFO] DbMcusAds:125 - Set database path to: C:\Users\kujon\.stmcufinder\plugins\mcufinder//mcu/
2026-03-21 21:25:30,629 [WARN] DbFile:41 - Overriding database path with different value: C:\Users\kujon\.stmcufinder\plugins\mcufinder/ => C:\Users\kujon\.stmcufinder\plugins\mcufinder
2026-03-21 21:25:30,629 [WARN] DbFile:41 - Overriding database path with different value: C:\Users\kujon\.stmcufinder\plugins\mcufinder/ => C:\Users\kujon\.stmcufinder\plugins\mcufinder
2026-03-21 21:25:30,629 [INFO] CrossReferenceDbSqlite:203 - Set database path to: C:\Users\kujon\.stmcufinder\plugins\mcufinder//mcu/cs/
2026-03-21 21:25:30,651 [INFO] ApplicationProperties:184 - Using Application install path: D:\Programy\STM32CubeIDE_1.19.0\STM32CubeIDE\plugins\com.st.stm32cube.common.mx_6.15.0.202507011659
2026-03-21 21:25:30,653 [INFO] PluginManage:196 - Search for loadable plugins [exclusion list=, ]
2026-03-21 21:25:30,655 [INFO] PluginManage:310 - Check plugin analytics
2026-03-21 21:25:30,984 [INFO] AnalyticsPlugin:253 - Accepted Software Licenses: 
2026-03-21 21:25:30,985 [INFO] AnalyticsPlugin:255 - Accepted CMSIS Pack Licenses: 
2026-03-21 21:25:30,986 [INFO] AnalyticsPlugin:257 - Accepted Firmware Licenses: 
2026-03-21 21:25:30,996 [INFO] PluginManage:359 - Loaded plugin analytics (category:tool,tabindex:-1)
2026-03-21 21:25:30,997 [INFO] PluginManage:310 - Check plugin cadmodel
2026-03-21 21:25:31,026 [INFO] CADModel:105 - Init CAD model plugin
2026-03-21 21:25:31,026 [INFO] PluginManage:359 - Loaded plugin cadmodel (category:power,tabindex:5)
2026-03-21 21:25:31,027 [INFO] PluginManage:310 - Check plugin clock
2026-03-21 21:25:31,066 [INFO] PluginManage:359 - Loaded plugin clock (category:base,tabindex:2)
2026-03-21 21:25:31,066 [INFO] PluginManage:310 - Check plugin ddr
2026-03-21 21:25:31,074 [INFO] PluginManage:359 - Loaded plugin ddr (category:tool,tabindex:6)
2026-03-21 21:25:31,074 [INFO] PluginManage:310 - Check plugin filemanager
2026-03-21 21:25:31,380 [INFO] PluginManage:359 - Loaded plugin filemanager (category:base,tabindex:10)
2026-03-21 21:25:31,380 [INFO] PluginManage:310 - Check plugin ipmanager
2026-03-21 21:25:31,394 [INFO] PluginManage:359 - Loaded plugin ipmanager (category:base,tabindex:5)
2026-03-21 21:25:31,395 [INFO] PluginManage:310 - Check plugin lpbam
2026-03-21 21:25:31,427 [INFO] PluginManage:359 - Loaded plugin lpbam (category:base,tabindex:0)
2026-03-21 21:25:31,427 [INFO] PluginManage:310 - Check plugin memorymap
2026-03-21 21:25:31,468 [INFO] PluginManage:359 - Loaded plugin memorymap (category:base,tabindex:4)
2026-03-21 21:25:31,470 [INFO] PluginManage:310 - Check plugin pinoutandconfiguration
2026-03-21 21:25:31,513 [INFO] PluginManage:359 - Loaded plugin pinoutandconfiguration (category:base,tabindex:1)
2026-03-21 21:25:31,513 [INFO] PluginManage:310 - Check plugin pinoutconfig
2026-03-21 21:25:31,654 [WARN] SupportedApi:132 - Cannot load RTOS API schema: s4s-elt-must-match.1: The content of 'definitions' must match (annotation?, (simpleType | complexType)?, (unique | key | keyref)*)). A problem was found starting at: attribute.
2026-03-21 21:25:31,812 [INFO] PluginManage:359 - Loaded plugin pinoutconfig (category:base,tabindex:0)
2026-03-21 21:25:31,812 [INFO] PluginManage:310 - Check plugin power
2026-03-21 21:25:31,840 [INFO] PluginManage:359 - Loaded plugin power (category:power,tabindex:4)
2026-03-21 21:25:31,841 [INFO] PluginManage:310 - Check plugin projectmanager
2026-03-21 21:25:31,856 [INFO] PluginManage:359 - Loaded plugin projectmanager (category:projectmanager,tabindex:4)
2026-03-21 21:25:31,856 [INFO] PluginManage:310 - Check plugin rif
2026-03-21 21:25:31,883 [INFO] PluginManage:359 - Loaded plugin rif (category:base,tabindex:3)
2026-03-21 21:25:31,884 [INFO] PluginManage:310 - Check plugin thirdparty
2026-03-21 21:25:32,259 [INFO] PluginManage:359 - Loaded plugin thirdparty (category:base,tabindex:-1)
2026-03-21 21:25:32,259 [WARN] IntegrityCheckThread:84 - waiting for thirdparty lock release [integrity check]
2026-03-21 21:25:32,259 [INFO] PluginManage:310 - Check plugin tools
2026-03-21 21:25:32,259 [INFO] IntegrityCheckThread:86 - entering critical section [integrity check]
2026-03-21 21:25:32,269 [INFO] ThirdPartyUpdaterWithRetryManager:70 - Updater plugin not ready yet. [1/15]
2026-03-21 21:25:32,327 [INFO] PluginManage:359 - Loaded plugin tools (category:base,tabindex:7)
2026-03-21 21:25:32,327 [INFO] PluginManage:310 - Check plugin tutovideos
2026-03-21 21:25:32,628 [INFO] PluginManage:359 - Loaded plugin tutovideos (category:base,tabindex:-1)
2026-03-21 21:25:32,629 [INFO] PluginManage:310 - Check plugin updater
2026-03-21 21:25:32,652 [INFO] PluginManage:359 - Loaded plugin updater (category:base,tabindex:12)
2026-03-21 21:25:32,653 [INFO] PluginManage:310 - Check plugin userauth
2026-03-21 21:25:32,656 [INFO] UserAuth:118 - Init User Auth plugin
2026-03-21 21:25:32,658 [INFO] PluginManage:359 - Loaded plugin userauth (category:base,tabindex:14)
2026-03-21 21:25:32,659 [INFO] PluginManage:283 - PluginManage : Loaded plugins [18]
2026-03-21 21:25:32,911 [INFO] PinOutPanel:1589 - setPackage(No Configuration,No Configuration)
2026-03-21 21:25:33,066 [INFO] CADModel:165 - CPN selected for project level
2026-03-21 21:25:33,066 [INFO] CADModel:114 - Register for checkConnection events
2026-03-21 21:25:33,165 [INFO] IPUIPlugin:80 - create IPUIPlugin
2026-03-21 21:25:33,166 [INFO] PluginManager:220 - loadIPPluginJar : add adc
2026-03-21 21:25:33,311 [INFO] IPUIPlugin:80 - create IPUIPlugin
2026-03-21 21:25:33,311 [INFO] PluginManager:220 - loadIPPluginJar : add aes
2026-03-21 21:25:33,410 [INFO] IPUIPlugin:80 - create IPUIPlugin
2026-03-21 21:25:33,410 [INFO] PluginManager:220 - loadIPPluginJar : add can
2026-03-21 21:25:33,461 [INFO] IPUIPlugin:80 - create IPUIPlugin
2026-03-21 21:25:33,461 [INFO] PluginManager:220 - loadIPPluginJar : add comp
2026-03-21 21:25:33,521 [INFO] IPUIPlugin:80 - create IPUIPlugin
2026-03-21 21:25:33,521 [INFO] PluginManager:220 - loadIPPluginJar : add cryp
2026-03-21 21:25:33,546 [INFO] IPUIPlugin:80 - create IPUIPlugin
2026-03-21 21:25:33,546 [INFO] PluginManager:220 - loadIPPluginJar : add ddr_ctrl_phy
2026-03-21 21:25:33,600 [INFO] IPUIPlugin:80 - create IPUIPlugin
2026-03-21 21:25:33,600 [INFO] PluginManager:220 - loadIPPluginJar : add dfsdm
2026-03-21 21:25:33,624 [INFO] IPUIPlugin:80 - create IPUIPlugin
2026-03-21 21:25:33,625 [INFO] PluginManager:220 - loadIPPluginJar : add dma
2026-03-21 21:25:33,691 [INFO] IPUIPlugin:80 - create IPUIPlugin
2026-03-21 21:25:33,691 [INFO] PluginManager:220 - loadIPPluginJar : add dma3
2026-03-21 21:25:33,749 [INFO] IPUIPlugin:80 - create IPUIPlugin
2026-03-21 21:25:33,750 [INFO] PluginManager:220 - loadIPPluginJar : add extmemmanager
2026-03-21 21:25:33,777 [INFO] IPUIPlugin:80 - create IPUIPlugin
2026-03-21 21:25:33,777 [INFO] PluginManager:220 - loadIPPluginJar : add fatfs
2026-03-21 21:25:33,840 [INFO] IPUIPlugin:80 - create IPUIPlugin
2026-03-21 21:25:33,840 [INFO] PluginManager:220 - loadIPPluginJar : add fmc
2026-03-21 21:25:33,859 [INFO] IPUIPlugin:80 - create IPUIPlugin
2026-03-21 21:25:33,859 [INFO] PluginManager:220 - loadIPPluginJar : add freertos
2026-03-21 21:25:33,888 [INFO] IPUIPlugin:80 - create IPUIPlugin
2026-03-21 21:25:33,889 [INFO] PluginManager:220 - loadIPPluginJar : add genericplugin
2026-03-21 21:25:34,068 [INFO] IPUIPlugin:80 - create IPUIPlugin
2026-03-21 21:25:34,069 [INFO] PluginManager:220 - loadIPPluginJar : add gfxmmu
2026-03-21 21:25:34,245 [INFO] IPUIPlugin:80 - create IPUIPlugin
2026-03-21 21:25:34,245 [INFO] PluginManager:220 - loadIPPluginJar : add gic
2026-03-21 21:25:34,261 [INFO] IPUIPlugin:80 - create IPUIPlugin
2026-03-21 21:25:34,262 [INFO] PluginManager:220 - loadIPPluginJar : add gpio
2026-03-21 21:25:34,412 [INFO] IPUIPlugin:80 - create IPUIPlugin
2026-03-21 21:25:34,412 [INFO] PluginManager:220 - loadIPPluginJar : add gtzc
2026-03-21 21:25:34,486 [INFO] IPUIPlugin:80 - create IPUIPlugin
2026-03-21 21:25:34,486 [INFO] PluginManager:220 - loadIPPluginJar : add hash
2026-03-21 21:25:34,571 [INFO] IPUIPlugin:80 - create IPUIPlugin
2026-03-21 21:25:34,571 [INFO] PluginManager:220 - loadIPPluginJar : add i2c
2026-03-21 21:25:34,625 [INFO] IPUIPlugin:80 - create IPUIPlugin
2026-03-21 21:25:34,625 [INFO] PluginManager:220 - loadIPPluginJar : add i2s
2026-03-21 21:25:34,688 [INFO] IPUIPlugin:80 - create IPUIPlugin
2026-03-21 21:25:34,688 [INFO] PluginManager:220 - loadIPPluginJar : add i3c
2026-03-21 21:25:34,846 [INFO] IPUIPlugin:80 - create IPUIPlugin
2026-03-21 21:25:34,846 [INFO] PluginManager:220 - loadIPPluginJar : add ipddr
2026-03-21 21:25:34,982 [INFO] IPUIPlugin:80 - create IPUIPlugin
2026-03-21 21:25:34,982 [INFO] PluginManager:220 - loadIPPluginJar : add linkedlist
2026-03-21 21:25:35,033 [INFO] IPUIPlugin:80 - create IPUIPlugin
2026-03-21 21:25:35,034 [INFO] PluginManager:220 - loadIPPluginJar : add lorawan
2026-03-21 21:25:35,108 [INFO] IPUIPlugin:80 - create IPUIPlugin
2026-03-21 21:25:35,108 [INFO] PluginManager:220 - loadIPPluginJar : add ltdc
2026-03-21 21:25:35,136 [INFO] IPUIPlugin:80 - create IPUIPlugin
2026-03-21 21:25:35,136 [INFO] PluginManager:220 - loadIPPluginJar : add mdma
2026-03-21 21:25:35,158 [INFO] IPUIPlugin:80 - create IPUIPlugin
2026-03-21 21:25:35,158 [INFO] PluginManager:220 - loadIPPluginJar : add nvic
2026-03-21 21:25:35,263 [INFO] IPUIPlugin:80 - create IPUIPlugin
2026-03-21 21:25:35,263 [INFO] PluginManager:220 - loadIPPluginJar : add opamp
2026-03-21 21:25:35,270 [INFO] ThirdPartyUpdaterWithRetryManager:70 - Updater plugin not ready yet. [2/15]
2026-03-21 21:25:35,372 [INFO] IPUIPlugin:80 - create IPUIPlugin
2026-03-21 21:25:35,372 [INFO] PluginManager:220 - loadIPPluginJar : add openamp
2026-03-21 21:25:35,439 [INFO] IPUIPlugin:80 - create IPUIPlugin
2026-03-21 21:25:35,439 [INFO] PluginManager:220 - loadIPPluginJar : add pdm2pcm
2026-03-21 21:25:35,457 [INFO] IPUIPlugin:80 - create IPUIPlugin
2026-03-21 21:25:35,459 [INFO] PluginManager:220 - loadIPPluginJar : add plateformsettings
2026-03-21 21:25:35,493 [INFO] IPUIPlugin:80 - create IPUIPlugin
2026-03-21 21:25:35,493 [INFO] PluginManager:220 - loadIPPluginJar : add quadspi
2026-03-21 21:25:35,531 [INFO] IPUIPlugin:80 - create IPUIPlugin
2026-03-21 21:25:35,531 [INFO] PluginManager:220 - loadIPPluginJar : add radio
2026-03-21 21:25:35,550 [INFO] IPUIPlugin:80 - create IPUIPlugin
2026-03-21 21:25:35,550 [INFO] PluginManager:220 - loadIPPluginJar : add resmgrutility
2026-03-21 21:25:35,607 [INFO] IPUIPlugin:80 - create IPUIPlugin
2026-03-21 21:25:35,607 [INFO] PluginManager:220 - loadIPPluginJar : add sai
2026-03-21 21:25:35,659 [INFO] IPUIPlugin:80 - create IPUIPlugin
2026-03-21 21:25:35,659 [INFO] PluginManager:220 - loadIPPluginJar : add spi
2026-03-21 21:25:35,767 [INFO] IPUIPlugin:80 - create IPUIPlugin
2026-03-21 21:25:35,767 [INFO] PluginManager:220 - loadIPPluginJar : add stm32_wpan
2026-03-21 21:25:35,806 [INFO] IPUIPlugin:80 - create IPUIPlugin
2026-03-21 21:25:35,806 [INFO] PluginManager:220 - loadIPPluginJar : add tim
2026-03-21 21:25:35,895 [INFO] IPUIPlugin:80 - create IPUIPlugin
2026-03-21 21:25:35,895 [INFO] PluginManager:220 - loadIPPluginJar : add touchsensing
2026-03-21 21:25:35,928 [INFO] IPUIPlugin:80 - create IPUIPlugin
2026-03-21 21:25:35,928 [INFO] PluginManager:220 - loadIPPluginJar : add tracer_emb
2026-03-21 21:25:35,973 [INFO] IPUIPlugin:80 - create IPUIPlugin
2026-03-21 21:25:35,974 [INFO] PluginManager:220 - loadIPPluginJar : add ts
2026-03-21 21:25:36,014 [INFO] IPUIPlugin:80 - create IPUIPlugin
2026-03-21 21:25:36,014 [INFO] PluginManager:220 - loadIPPluginJar : add tsc
2026-03-21 21:25:36,078 [INFO] IPUIPlugin:80 - create IPUIPlugin
2026-03-21 21:25:36,079 [INFO] PluginManager:220 - loadIPPluginJar : add ucpd
2026-03-21 21:25:36,227 [INFO] IPUIPlugin:80 - create IPUIPlugin
2026-03-21 21:25:36,227 [INFO] PluginManager:220 - loadIPPluginJar : add usart
2026-03-21 21:25:36,329 [INFO] IPUIPlugin:80 - create IPUIPlugin
2026-03-21 21:25:36,329 [INFO] PluginManager:220 - loadIPPluginJar : add usbx
2026-03-21 21:25:36,484 [FATAL] Updater:351 - Updater called before beeing initialized
2026-03-21 21:25:36,561 [INFO] RulesReader:64 - Compatibility file has been processed (317 Rules)
2026-03-21 21:25:36,586 [INFO] RulesReader:64 - Compatibility file has been processed (317 Rules)
2026-03-21 21:25:36,619 [INFO] CADModel:165 - CPN selected for project level
2026-03-21 21:25:36,619 [INFO] CADModel:114 - Register for checkConnection events
2026-03-21 21:25:36,619 [FATAL] Updater:351 - Updater called before beeing initialized
2026-03-21 21:25:36,619 [ERROR] CADModel:125 - Updater not yet initialized, retry later 
2026-03-21 21:25:36,954 [FATAL] Updater:351 - Updater called before beeing initialized
2026-03-21 21:25:36,958 [INFO] CADModel:165 - CPN selected for project level
2026-03-21 21:25:36,958 [INFO] CADModel:114 - Register for checkConnection events
2026-03-21 21:25:36,958 [FATAL] Updater:351 - Updater called before beeing initialized
2026-03-21 21:25:36,958 [ERROR] CADModel:125 - Updater not yet initialized, retry later 
2026-03-21 21:25:36,966 [FATAL] Updater:351 - Updater called before beeing initialized
2026-03-21 21:25:37,304 [FATAL] Updater:351 - Updater called before beeing initialized
2026-03-21 21:25:37,333 [INFO] DbMcusAds:53 - JSON generation date=Thu Oct 02 11:36:05 CEST 2025 (1759397765645)
2026-03-21 21:25:37,334 [FATAL] Updater:351 - Updater called before beeing initialized
2026-03-21 21:25:37,506 [WARN] DetailPanel:346 - Failed to get advertising image, set to default
2026-03-21 21:25:37,609 [FATAL] Updater:351 - Updater called before beeing initialized
2026-03-21 21:25:37,610 [FATAL] Updater:351 - Updater called before beeing initialized
2026-03-21 21:25:37,610 [FATAL] Updater:351 - Updater called before beeing initialized
2026-03-21 21:25:37,611 [WARN] DetailPanel:346 - Failed to get advertising image, set to default
2026-03-21 21:25:37,611 [FATAL] Updater:351 - Updater called before beeing initialized
2026-03-21 21:25:37,694 [ERROR] Updater:1198 - MainUpdater not yet initialized. External WinMGr cannot be set.
2026-03-21 21:25:37,708 [INFO] Updater:1134 - Updater Version found : 6.15.0
2026-03-21 21:25:37,729 [INFO] ApplicationProperties:184 - Using Application install path: D:\Programy\STM32CubeIDE_1.19.0\STM32CubeIDE\plugins\com.st.stm32cube.common.mx_6.15.0.202507011659
2026-03-21 21:25:38,272 [INFO] ThirdPartyUpdaterWithRetryManager:70 - Updater plugin not ready yet. [3/15]
2026-03-21 21:25:39,322 [ERROR] LogOutputStream:75 - [STDERR_REDIRECT] Mar 21, 2026 9:25:39 PM java.util.prefs.WindowsPreferences <init>
2026-03-21 21:25:39,324 [ERROR] LogOutputStream:75 - [STDERR_REDIRECT] WARNING: Could not open/create prefs root node Software\JavaSoft\Prefs at root 0xffffffff80000002. Windows RegCreateKeyEx(...) returned error code 5.
2026-03-21 21:25:39,324 [ERROR] LogOutputStream:75 - [STDERR_REDIRECT] 
2026-03-21 21:25:39,803 [INFO] MainUpdater:2872 - connection check result : 10
2026-03-21 21:25:39,804 [INFO] MainUpdater:289 - Updater Check For Update Now.
2026-03-21 21:25:39,804 [INFO] MicroXplorer:498 - Change Database Version : DB.6.0.150
2026-03-21 21:25:39,833 [INFO] McuFinderGlobals:63 - Set McuFinder mode to 2 (CubeIDE integrated)
2026-03-21 21:25:39,845 [INFO] UserAuth:487 - Internet connection configuration mode: 1
2026-03-21 21:25:39,894 [INFO] JxBrowserEngine:152 - Initiate JxBrowser Engine with user profile folder
2026-03-21 21:25:40,048 [INFO] CheckServerUpdateThread:120 - End of CheckServer Thread
2026-03-21 21:25:42,648 [INFO] WebApp:169 - Instantiating new browser for Auth
2026-03-21 21:25:43,084 [WARN] PackLoader:240 - Cannot read IP mode file for STMicroelectronics.X-CUBE-AZRTOS-H7.3.5.0
2026-03-21 21:25:43,151 [WARN] PackLoader:240 - Cannot read IP mode file for STMicroelectronics.FP-SNS-MOTENVWB1.1.4.0
2026-03-21 21:25:43,211 [WARN] PackLoader:240 - Cannot read IP mode file for STMicroelectronics.FP-ATR-ASTRA1.2.0.2
2026-03-21 21:25:43,273 [WARN] PackLoader:240 - Cannot read IP mode file for STMicroelectronics.X-CUBE-SMBUS.2.1.0
2026-03-21 21:25:43,347 [WARN] PackLoader:240 - Cannot read IP mode file for STMicroelectronics.X-CUBE-ST60.1.0.0
2026-03-21 21:25:43,474 [WARN] PackLoader:240 - Cannot read IP mode file for STMicroelectronics.X-CUBE-AZRTOS-F7.1.1.0
2026-03-21 21:25:43,581 [WARN] PackLoader:240 - Cannot read IP mode file for STMicroelectronics.X-CUBE-BLE1.6.2.4
2026-03-21 21:25:43,763 [WARN] PackLoader:240 - Cannot read IP mode file for STMicroelectronics.FP-SNS-MOTENV1.5.1.0
2026-03-21 21:25:43,861 [WARN] PackLoader:240 - Cannot read IP mode file for WES.I-CUBE-Cesium.1.4.0
2026-03-21 21:25:43,933 [WARN] PackLoader:240 - Cannot read IP mode file for Infineon.AIROC-Wi-Fi-Bluetooth-STM32.1.7.1
2026-03-21 21:25:44,047 [WARN] PackLoader:240 - Cannot read IP mode file for STMicroelectronics.X-CUBE-AZRTOS-H7.3.4.0
2026-03-21 21:25:44,118 [WARN] PackLoader:240 - Cannot read IP mode file for STMicroelectronics.X-CUBE-DISPLAY.3.0.0
2026-03-21 21:25:44,158 [WARN] PackLoader:240 - Cannot read IP mode file for STMicroelectronics.FP-SNS-MOTENVWB1.1.5.0
2026-03-21 21:25:44,203 [WARN] PackLoader:240 - Cannot read IP mode file for STMicroelectronics.X-CUBE-NFC10.1.0.0
2026-03-21 21:25:44,241 [WARN] PackLoader:240 - Cannot read IP mode file for STMicroelectronics.X-CUBE-ST60.1.1.0
2026-03-21 21:25:44,284 [WARN] PackLoader:240 - Cannot read IP mode file for emotas.I-CUBE-CANOPEN.1.3.0
2026-03-21 21:25:44,328 [WARN] PackLoader:240 - Cannot read IP mode file for STMicroelectronics.X-CUBE-GNSS1.7.1.0
2026-03-21 21:25:44,377 [WARN] PackLoader:240 - Cannot read IP mode file for STMicroelectronics.FP-SNS-STBOX1.2.1.0
2026-03-21 21:25:44,424 [WARN] PackLoader:240 - Cannot read IP mode file for STMicroelectronics.FP-SNS-SMARTAG2.1.2.0
2026-03-21 21:25:44,485 [WARN] PackLoader:240 - Cannot read IP mode file for STMicroelectronics.FP-SNS-FLIGHT1.5.1.0
2026-03-21 21:25:44,548 [INFO] LogOutputStream:77 - [STDOUT_REDIRECT] 1 : Invalid condition id : UX_CORESTACK_Condition cause : null
2026-03-21 21:25:44,548 [INFO] LogOutputStream:77 - [STDOUT_REDIRECT] 1 : Invalid condition id : UX_CORESTACK_Condition cause : null
2026-03-21 21:25:44,554 [INFO] LogOutputStream:77 - [STDOUT_REDIRECT] 1 : Invalid condition id : UX_CORESTACK_Condition cause : null
2026-03-21 21:25:44,559 [INFO] LogOutputStream:77 - [STDOUT_REDIRECT] 1 : Invalid condition id : UX_CORESTACK_Condition cause : null
2026-03-21 21:25:44,560 [INFO] LogOutputStream:77 - [STDOUT_REDIRECT] 1 : Invalid condition id : UX_CORESTACK_Condition cause : null
2026-03-21 21:25:44,564 [WARN] PackLoader:240 - Cannot read IP mode file for STMicroelectronics.X-CUBE-AZRTOS-WL.2.0.0
2026-03-21 21:25:44,604 [WARN] PackLoader:240 - Cannot read IP mode file for STMicroelectronics.FP-SNS-MOTENV1.5.0.0
2026-03-21 21:25:44,681 [WARN] PackLoader:240 - Cannot read IP mode file for STMicroelectronics.X-CUBE-AZRTOS-H7RS.1.2.0
2026-03-21 21:25:44,740 [WARN] PackLoader:240 - Cannot read IP mode file for STMicroelectronics.X-CUBE-BLE2.3.3.0
2026-03-21 21:25:45,059 [WARN] PackLoader:240 - Cannot read IP mode file for STMicroelectronics.X-CUBE-TOF1.3.2.0
2026-03-21 21:25:45,152 [WARN] PackLoader:240 - Cannot read IP mode file for STMicroelectronics.X-CUBE-NFC9.1.0.0
2026-03-21 21:25:45,184 [WARN] PackLoader:240 - Cannot read IP mode file for wolfSSL.I-CUBE-wolfSSL.5.8.2
2026-03-21 21:25:45,245 [WARN] PackLoader:240 - Cannot read IP mode file for STMicroelectronics.X-CUBE-BLE1.7.1.0
2026-03-21 21:25:45,279 [WARN] PackLoader:240 - Cannot read IP mode file for wolfSSL.I-CUBE-wolfMQTT.1.19.2
2026-03-21 21:25:45,314 [WARN] PackLoader:240 - Cannot read IP mode file for STMicroelectronics.X-CUBE-FREERTOS.1.4.0
2026-03-21 21:25:45,355 [WARN] PackLoader:240 - Cannot read IP mode file for STMicroelectronics.X-CUBE-EEPRMA1.5.2.0
2026-03-21 21:25:45,417 [WARN] PackLoader:240 - Cannot read IP mode file for STMicroelectronics.X-CUBE-TOUCHGFX.4.21.1
2026-03-21 21:25:45,452 [WARN] PackLoader:240 - Cannot read IP mode file for STMicroelectronics.X-CUBE-ST67W61.1.1.0
2026-03-21 21:25:45,596 [WARN] PackLoader:240 - Cannot read IP mode file for STMicroelectronics.X-CUBE-MEMS1.12.0.0
2026-03-21 21:25:45,773 [WARN] PackLoader:240 - Cannot read IP mode file for STMicroelectronics.X-CUBE-ALGOBUILD.1.3.0
2026-03-21 21:25:45,829 [WARN] PackLoader:240 - Cannot read IP mode file for STMicroelectronics.X-CUBE-AZRTOS-G0.1.1.0
2026-03-21 21:25:45,989 [WARN] PackLoader:240 - Cannot read IP mode file for STMicroelectronics.X-CUBE-SAFEA1.1.2.2
2026-03-21 21:25:46,039 [WARN] PackLoader:240 - Cannot read IP mode file for STMicroelectronics.X-CUBE-NFC4.3.0.0
2026-03-21 21:25:46,095 [INFO] WebApp:463 - Apply proxy settings
2026-03-21 21:25:46,096 [INFO] WebApp:548 - Chromium requires no authentication
2026-03-21 21:25:46,098 [WARN] PackLoader:240 - Cannot read IP mode file for EmbeddedOffice.I-CUBE-FS-RTOS.1.0.1
2026-03-21 21:25:46,141 [WARN] PackLoader:240 - Cannot read IP mode file for STMicroelectronics.X-CUBE-WB05N.2.0.0
2026-03-21 21:25:46,156 [INFO] WebApp:491 - Direct internet connection detected
2026-03-21 21:25:46,181 [WARN] PackLoader:240 - Cannot read IP mode file for wolfSSL.I-CUBE-wolfTPM.3.8.0
2026-03-21 21:25:46,221 [WARN] PackLoader:240 - Cannot read IP mode file for STMicroelectronics.X-CUBE-BLEMGR.1.3.0
2026-03-21 21:25:46,256 [WARN] PackLoader:240 - Cannot read IP mode file for STMicroelectronics.X-CUBE-TCPP.4.2.0
2026-03-21 21:25:46,260 [INFO] WebApp:900 - Register for checkConnection events
2026-03-21 21:25:46,260 [INFO] WebApp:463 - Apply proxy settings
2026-03-21 21:25:46,264 [INFO] WebApp:548 - Chromium requires no authentication
2026-03-21 21:25:46,267 [INFO] WebApp:491 - Direct internet connection detected
2026-03-21 21:25:46,295 [WARN] PackLoader:240 - Cannot read IP mode file for RealThread.X-CUBE-RT-Thread_Nano.4.1.1
2026-03-21 21:25:46,339 [WARN] PackLoader:240 - Cannot read IP mode file for STMicroelectronics.FP-ATR-SIGFOX1.3.2.0
2026-03-21 21:25:46,372 [WARN] PackLoader:240 - Cannot read IP mode file for STMicroelectronics.X-CUBE-FREERTOS.1.5.0
2026-03-21 21:25:46,409 [WARN] PackLoader:240 - Cannot read IP mode file for ITTIA_DB.I-CUBE-ITTIADB.8.9.0
2026-03-21 21:25:46,445 [WARN] PackLoader:240 - Cannot read IP mode file for STMicroelectronics.X-CUBE-NFC6.3.2.0
2026-03-21 21:25:46,541 [WARN] PackLoader:240 - Cannot read IP mode file for STMicroelectronics.X-CUBE-MEMS1.9.5.0
2026-03-21 21:25:46,584 [INFO] WebApp:191 - Connection restablished
2026-03-21 21:25:46,769 [WARN] PackLoader:240 - Cannot read IP mode file for STMicroelectronics.X-CUBE-ST67W61.1.0.0
2026-03-21 21:25:46,803 [WARN] PackLoader:240 - Cannot read IP mode file for STMicroelectronics.X-CUBE-AI.10.2.0
2026-03-21 21:25:46,867 [WARN] PackLoader:240 - Cannot read IP mode file for SEGGER.I-CUBE-embOS.1.3.1
2026-03-21 21:25:47,176 [INFO] WebApp:225 - Starting web application
2026-03-21 21:25:47,177 [INFO] WebApp:593 - Web application path used D:\Programy\STM32CubeIDE_1.19.0\STM32CubeIDE\plugins\com.st.stm32cube.common.mx_6.15.0.202507011659\db\plugins\mcufinder\reactClient1\index.html
2026-03-21 21:25:47,279 [WARN] PackLoader:240 - Cannot read IP mode file for STMicroelectronics.X-CUBE-ALGOBUILD.1.4.0
2026-03-21 21:25:47,421 [WARN] PackLoader:240 - Cannot read IP mode file for STMicroelectronics.X-CUBE-MEMS1.11.3.0
2026-03-21 21:25:47,605 [INFO] UserAuth:487 - Internet connection configuration mode: 1
2026-03-21 21:25:47,647 [WARN] PackLoader:240 - Cannot read IP mode file for STMicroelectronics.X-CUBE-PM33A1.1.0.0
2026-03-21 21:25:47,679 [WARN] PackLoader:240 - Cannot read IP mode file for STMicroelectronics.X-CUBE-GNSS1.6.0.0
2026-03-21 21:25:47,766 [WARN] PackLoader:240 - Cannot read IP mode file for STMicroelectronics.X-CUBE-AZRTOS-F4.1.1.0
2026-03-21 21:25:47,810 [WARN] PackLoader:240 - Cannot read IP mode file for Avnet-IotConnect.X-CUBE-IoTC-DA16k-PMOD.1.0.0
2026-03-21 21:25:47,843 [WARN] PackLoader:240 - Cannot read IP mode file for STMicroelectronics.X-CUBE-ISPU.2.1.0
2026-03-21 21:25:47,890 [WARN] PackLoader:240 - Cannot read IP mode file for STMicroelectronics.X-CUBE-IPS.3.2.0
2026-03-21 21:25:47,936 [WARN] PackLoader:240 - Cannot read IP mode file for STMicroelectronics.X-CUBE-NFC12.1.0.0
2026-03-21 21:25:48,026 [WARN] PackLoader:240 - Cannot read IP mode file for STMicroelectronics.X-CUBE-AZRTOS-L5.2.0.0
2026-03-21 21:25:48,111 [WARN] PackLoader:240 - Cannot read IP mode file for STMicroelectronics.X-CUBE-NFC6.3.1.0
2026-03-21 21:25:48,146 [WARN] PackLoader:240 - Cannot read IP mode file for emotas.I-CUBE-CANOPEN.1.1.3
2026-03-21 21:25:48,197 [WARN] PackLoader:240 - Cannot read IP mode file for wolfSSL.I-CUBE-wolfSSL.5.5.4
2026-03-21 21:25:48,228 [WARN] PackLoader:240 - Cannot read IP mode file for STMicroelectronics.X-CUBE-FREERTOS.1.3.1
2026-03-21 21:25:48,260 [WARN] PackLoader:240 - Cannot read IP mode file for STMicroelectronics.X-CUBE-NFC7.1.0.0
2026-03-21 21:25:48,303 [WARN] PackLoader:240 - Cannot read IP mode file for STMicroelectronics.X-CUBE-TOUCHGFX.4.26.0
2026-03-21 21:25:48,333 [WARN] PackLoader:240 - Cannot read IP mode file for STMicroelectronics.X-CUBE-TOUCHGFX.4.26.1
2026-03-21 21:25:48,358 [WARN] PackLoader:240 - Cannot read IP mode file for STMicroelectronics.X-CUBE-EEPRMA1.4.1.0
2026-03-21 21:25:48,384 [WARN] PackLoader:240 - Cannot read IP mode file for STMicroelectronics.FP-SNS-STAIOTCFT.1.0.0
2026-03-21 21:25:48,403 [WARN] PackLoader:240 - Cannot read IP mode file for STMicroelectronics.X-CUBE-DPower.1.3.0
2026-03-21 21:25:48,449 [WARN] ConditionMgr:438 - getConditionDescription Invalid condition id : LAN8742 Phy interface Condition cause : null
2026-03-21 21:25:48,449 [WARN] PackLoader:240 - Cannot read IP mode file for STMicroelectronics.X-CUBE-AZRTOS-L4.2.0.0
2026-03-21 21:25:48,450 [WARN] ConditionMgr:1044 - genDependencies : Invalid condition id : LAN8742 Phy interface Condition cause : null
2026-03-21 21:25:48,452 [WARN] ConditionMgr:1044 - genDependencies : Invalid condition id : LAN8742 Phy interface Condition cause : null
2026-03-21 21:25:48,453 [WARN] ConditionMgr:1044 - genDependencies : Invalid condition id : LAN8742 Phy interface Condition cause : null
2026-03-21 21:25:48,485 [WARN] PackLoader:240 - Cannot read IP mode file for STMicroelectronics.X-CUBE-SFXS2LP1.4.0.0
2026-03-21 21:25:48,552 [WARN] PackLoader:240 - Cannot read IP mode file for STMicroelectronics.X-CUBE-AZRTOS-H7.3.0.0
2026-03-21 21:25:48,590 [WARN] PackLoader:240 - Cannot read IP mode file for STMicroelectronics.X-CUBE-ST67W61.1.2.0
2026-03-21 21:25:48,621 [WARN] PackLoader:240 - Cannot read IP mode file for STMicroelectronics.X-CUBE-ISPU.1.1.0
2026-03-21 21:25:48,652 [WARN] PackLoader:240 - Cannot read IP mode file for RoweBots.I-CUBE-UNISONRTOS.5.5.0-4
2026-03-21 21:25:48,687 [WARN] PackLoader:240 - Cannot read IP mode file for STMicroelectronics.X-CUBE-BLEMGR.4.1.0
2026-03-21 21:25:48,729 [WARN] PackLoader:240 - Cannot read IP mode file for STMicroelectronics.X-CUBE-AI.8.0.0
2026-03-21 21:25:48,775 [WARN] ConditionMgr:438 - getConditionDescription Invalid condition id : UX DEVICE CLASS RTOS Condition cause : null
2026-03-21 21:25:48,776 [WARN] ConditionMgr:438 - getConditionDescription Invalid condition id : UX DEVICE CLASS RTOS Condition cause : null
2026-03-21 21:25:48,778 [WARN] PackLoader:240 - Cannot read IP mode file for STMicroelectronics.X-CUBE-AZRTOS-WB.2.0.0
2026-03-21 21:25:48,778 [WARN] ConditionMgr:1044 - genDependencies : Invalid condition id : UX DEVICE CLASS RTOS Condition cause : null
2026-03-21 21:25:48,780 [WARN] ConditionMgr:1044 - genDependencies : Invalid condition id : UX DEVICE CLASS RTOS Condition cause : null
2026-03-21 21:25:48,780 [WARN] ConditionMgr:1044 - genDependencies : Invalid condition id : UX DEVICE CLASS RTOS Condition cause : null
2026-03-21 21:25:48,781 [WARN] ConditionMgr:1044 - genDependencies : Invalid condition id : UX DEVICE CLASS RTOS Condition cause : null
2026-03-21 21:25:48,781 [WARN] ConditionMgr:1044 - genDependencies : Invalid condition id : UX DEVICE CLASS RTOS Condition cause : null
2026-03-21 21:25:48,811 [WARN] PackLoader:240 - Cannot read IP mode file for STMicroelectronics.X-CUBE-GNSS1.7.0.1
2026-03-21 21:25:48,862 [WARN] PackLoader:240 - Cannot read IP mode file for STMicroelectronics.X-CUBE-TOUCHGFX.4.25.0
2026-03-21 21:25:48,913 [WARN] ConditionMgr:438 - getConditionDescription Invalid condition id : Cortex-A Device cause : null
2026-03-21 21:25:48,990 [WARN] ConditionMgr:1044 - genDependencies : Invalid condition id : Cortex-A Device cause : null
2026-03-21 21:25:48,990 [WARN] ConditionMgr:1044 - genDependencies : Invalid condition id : Cortex-A Device cause : null
2026-03-21 21:25:48,990 [WARN] ConditionMgr:1044 - genDependencies : Invalid condition id : Cortex-A Device cause : null
2026-03-21 21:25:49,047 [WARN] PackLoader:240 - Cannot read IP mode file for STMicroelectronics.X-CUBE-STSE01.2.0.0
2026-03-21 21:25:49,110 [WARN] PackLoader:240 - Cannot read IP mode file for STMicroelectronics.X-CUBE-AZRTOS-L5.1.1.0
2026-03-21 21:25:49,168 [WARN] PackLoader:240 - Cannot read IP mode file for STMicroelectronics.X-CUBE-SUBG2.5.0.0
2026-03-21 21:25:49,245 [WARN] PackLoader:240 - Cannot read IP mode file for STMicroelectronics.X-CUBE-AZRTOS-H7RS.1.1.0
2026-03-21 21:25:49,273 [WARN] PackLoader:240 - Cannot read IP mode file for Cesanta.I-CUBE-Mongoose.7.13.0
2026-03-21 21:25:49,325 [WARN] PackLoader:240 - Cannot read IP mode file for STMicroelectronics.X-CUBE-AZRTOS-G4.2.0.0
2026-03-21 21:25:49,811 [WARN] PackLoader:240 - Cannot read IP mode file for STMicroelectronics.FP-ATR-ASTRA1.1.1.1
2026-03-21 21:25:49,861 [WARN] PackLoader:240 - Cannot read IP mode file for wolfSSL.I-CUBE-wolfSSH.1.4.20
2026-03-21 21:25:49,899 [WARN] PackLoader:240 - Cannot read IP mode file for STMicroelectronics.X-CUBE-NFC7.2.0.0
2026-03-21 21:25:49,945 [WARN] PackLoader:240 - Cannot read IP mode file for STMicroelectronics.X-CUBE-AZRTOS-G4.1.0.0
2026-03-21 21:25:50,009 [WARN] PackLoader:240 - Cannot read IP mode file for STMicroelectronics.X-CUBE-AZRTOS-L4.1.0.0
2026-03-21 21:25:50,103 [WARN] PackLoader:240 - Cannot read IP mode file for STMicroelectronics.X-CUBE-IPS.3.1.0
2026-03-21 21:25:50,227 [WARN] PackLoader:240 - Cannot read IP mode file for STMicroelectronics.X-CUBE-ALS.1.0.2
2026-03-21 21:25:50,287 [WARN] PackLoader:240 - Cannot read IP mode file for STMicroelectronics.X-CUBE-AZRTOS-WL.1.0.0
2026-03-21 21:25:50,341 [WARN] PackLoader:240 - Cannot read IP mode file for STMicroelectronics.X-CUBE-STSE01.1.0.0
2026-03-21 21:25:50,375 [WARN] PackLoader:240 - Cannot read IP mode file for portGmbH.I-Cube-SoM-uGOAL.1.1.0
2026-03-21 21:25:50,412 [WARN] PackLoader:240 - Cannot read IP mode file for STMicroelectronics.X-CUBE-ALS.1.0.1
2026-03-21 21:25:50,457 [WARN] PackLoader:240 - Cannot read IP mode file for STMicroelectronics.X-CUBE-AZRTOS-WB.1.1.0
2026-03-21 21:25:50,578 [WARN] PackLoader:240 - Cannot read IP mode file for STMicroelectronics.X-CUBE-TOF1.3.4.3
2026-03-21 21:25:50,595 [INFO] ThirdParty:978 - Integrity check success = true
2026-03-21 21:25:50,595 [INFO] IntegrityCheckThread:100 - exiting critical section [integrity check]
2026-03-21 21:25:50,596 [INFO] IntegrityCheckThread:103 - End integrity checks thread
2026-03-21 22:01:21,479 [ERROR] LogOutputStream:75 - [STDERR_REDIRECT] 
