2025-12-03 13:52:33,579 [INFO] Activator:176 - 


2025-12-03 13:52:33,585 [INFO] Activator:177 - !SESSION log4j initialized
2025-12-03 13:52:42,719 [INFO] LogOutputStream:77 - [STDOUT_REDIRECT] 
2025-12-03 13:52:45,940 [INFO] ApplicationProperties:184 - Using Application install path: D:\Programy\STM32CubeIDE_1.19.0\STM32CubeIDE\plugins\com.st.stm32cube.common.mx_6.15.0.202507011659
2025-12-03 13:52:45,961 [INFO] DbMcusXml:78 - Set database path to: D:\Programy\STM32CubeIDE_1.19.0\STM32CubeIDE\plugins\com.st.stm32cube.common.mx_6.15.0.202507011659\\db\/mcu/
2025-12-03 13:52:45,961 [INFO] ApiDb:274 - Set plugin database path to: D:\Programy\STM32CubeIDE_1.19.0\STM32CubeIDE\plugins\com.st.stm32cube.common.mx_6.15.0.202507011659\\db\/plugins/boardmanager/
2025-12-03 13:52:45,962 [WARN] ApiDb:259 - Overriding images path with different value:  => D:\Programy\STM32CubeIDE_1.19.0\STM32CubeIDE\plugins\com.st.stm32cube.common.mx_6.15.0.202507011659\\db\/plugins/mcufinder/images/
2025-12-03 13:52:45,973 [INFO] ApiDb:250 - Set database path to: C:\Users\kujon\.stmcufinder\plugins\mcufinder//mcu/
2025-12-03 13:52:45,976 [INFO] DbMcusAds:125 - Set database path to: C:\Users\kujon\.stmcufinder\plugins\mcufinder//mcu/
2025-12-03 13:52:45,978 [INFO] CrossReferenceDbSqlite:203 - Set database path to: C:\Users\kujon\.stmcufinder\plugins\mcufinder//mcu/cs/
2025-12-03 13:52:46,140 [INFO] RulesReader:64 - Compatibility file has been processed (317 Rules)
2025-12-03 13:52:46,264 [INFO] DbMcusXml:78 - Set database path to: D:\Programy\STM32CubeIDE_1.19.0\STM32CubeIDE\plugins\com.st.stm32cube.common.mx_6.15.0.202507011659\\db\/mcu/
2025-12-03 13:52:46,264 [INFO] ApiDb:274 - Set plugin database path to: D:\Programy\STM32CubeIDE_1.19.0\STM32CubeIDE\plugins\com.st.stm32cube.common.mx_6.15.0.202507011659\\db\/plugins/boardmanager/
2025-12-03 13:52:46,264 [INFO] ApiDb:261 - Set plugin images path to: D:\Programy\STM32CubeIDE_1.19.0\STM32CubeIDE\plugins\com.st.stm32cube.common.mx_6.15.0.202507011659\\db\/plugins/mcufinder/images/
2025-12-03 13:52:46,264 [WARN] DbFile:41 - Overriding database path with different value: C:\Users\kujon\.stmcufinder\plugins\mcufinder/ => C:\Users\kujon\.stmcufinder\plugins\mcufinder
2025-12-03 13:52:46,264 [INFO] ApiDb:250 - Set database path to: C:\Users\kujon\.stmcufinder\plugins\mcufinder//mcu/
2025-12-03 13:52:46,265 [WARN] DbFile:41 - Overriding database path with different value: C:\Users\kujon\.stmcufinder\plugins\mcufinder/ => C:\Users\kujon\.stmcufinder\plugins\mcufinder
2025-12-03 13:52:46,265 [INFO] DbMcusAds:125 - Set database path to: C:\Users\kujon\.stmcufinder\plugins\mcufinder//mcu/
2025-12-03 13:52:46,265 [WARN] DbFile:41 - Overriding database path with different value: C:\Users\kujon\.stmcufinder\plugins\mcufinder/ => C:\Users\kujon\.stmcufinder\plugins\mcufinder
2025-12-03 13:52:46,265 [WARN] DbFile:41 - Overriding database path with different value: C:\Users\kujon\.stmcufinder\plugins\mcufinder/ => C:\Users\kujon\.stmcufinder\plugins\mcufinder
2025-12-03 13:52:46,265 [INFO] CrossReferenceDbSqlite:203 - Set database path to: C:\Users\kujon\.stmcufinder\plugins\mcufinder//mcu/cs/
2025-12-03 13:52:46,380 [INFO] MainPanel:274 - HeapMemory: 268435456
2025-12-03 13:52:46,639 [INFO] DbMcusXml:78 - Set database path to: D:\Programy\STM32CubeIDE_1.19.0\STM32CubeIDE\plugins\com.st.stm32cube.common.mx_6.15.0.202507011659\\db\/mcu/
2025-12-03 13:52:46,641 [INFO] ApiDb:274 - Set plugin database path to: D:\Programy\STM32CubeIDE_1.19.0\STM32CubeIDE\plugins\com.st.stm32cube.common.mx_6.15.0.202507011659\\db\/plugins/boardmanager/
2025-12-03 13:52:46,641 [INFO] ApiDb:261 - Set plugin images path to: D:\Programy\STM32CubeIDE_1.19.0\STM32CubeIDE\plugins\com.st.stm32cube.common.mx_6.15.0.202507011659\\db\/plugins/mcufinder/images/
2025-12-03 13:52:46,642 [WARN] DbFile:41 - Overriding database path with different value: C:\Users\kujon\.stmcufinder\plugins\mcufinder/ => C:\Users\kujon\.stmcufinder\plugins\mcufinder
2025-12-03 13:52:46,643 [INFO] ApiDb:250 - Set database path to: C:\Users\kujon\.stmcufinder\plugins\mcufinder//mcu/
2025-12-03 13:52:46,643 [WARN] DbFile:41 - Overriding database path with different value: C:\Users\kujon\.stmcufinder\plugins\mcufinder/ => C:\Users\kujon\.stmcufinder\plugins\mcufinder
2025-12-03 13:52:46,645 [INFO] DbMcusAds:125 - Set database path to: C:\Users\kujon\.stmcufinder\plugins\mcufinder//mcu/
2025-12-03 13:52:46,645 [WARN] DbFile:41 - Overriding database path with different value: C:\Users\kujon\.stmcufinder\plugins\mcufinder/ => C:\Users\kujon\.stmcufinder\plugins\mcufinder
2025-12-03 13:52:46,646 [WARN] DbFile:41 - Overriding database path with different value: C:\Users\kujon\.stmcufinder\plugins\mcufinder/ => C:\Users\kujon\.stmcufinder\plugins\mcufinder
2025-12-03 13:52:46,646 [INFO] CrossReferenceDbSqlite:203 - Set database path to: C:\Users\kujon\.stmcufinder\plugins\mcufinder//mcu/cs/
2025-12-03 13:52:46,711 [INFO] ApplicationProperties:184 - Using Application install path: D:\Programy\STM32CubeIDE_1.19.0\STM32CubeIDE\plugins\com.st.stm32cube.common.mx_6.15.0.202507011659
2025-12-03 13:52:46,714 [INFO] PluginManage:196 - Search for loadable plugins [exclusion list=, ]
2025-12-03 13:52:46,719 [INFO] PluginManage:310 - Check plugin analytics
2025-12-03 13:52:47,237 [INFO] AnalyticsPlugin:253 - Accepted Software Licenses: 
2025-12-03 13:52:47,239 [INFO] AnalyticsPlugin:255 - Accepted CMSIS Pack Licenses: 
2025-12-03 13:52:47,241 [INFO] AnalyticsPlugin:257 - Accepted Firmware Licenses: 
2025-12-03 13:52:47,247 [INFO] PluginManage:359 - Loaded plugin analytics (category:tool,tabindex:-1)
2025-12-03 13:52:47,247 [INFO] PluginManage:310 - Check plugin cadmodel
2025-12-03 13:52:47,302 [INFO] CADModel:105 - Init CAD model plugin
2025-12-03 13:52:47,302 [INFO] PluginManage:359 - Loaded plugin cadmodel (category:power,tabindex:5)
2025-12-03 13:52:47,303 [INFO] PluginManage:310 - Check plugin clock
2025-12-03 13:52:47,379 [INFO] PluginManage:359 - Loaded plugin clock (category:base,tabindex:2)
2025-12-03 13:52:47,380 [INFO] PluginManage:310 - Check plugin ddr
2025-12-03 13:52:47,391 [INFO] PluginManage:359 - Loaded plugin ddr (category:tool,tabindex:6)
2025-12-03 13:52:47,391 [INFO] PluginManage:310 - Check plugin filemanager
2025-12-03 13:52:47,745 [INFO] PluginManage:359 - Loaded plugin filemanager (category:base,tabindex:10)
2025-12-03 13:52:47,746 [INFO] PluginManage:310 - Check plugin ipmanager
2025-12-03 13:52:47,765 [INFO] PluginManage:359 - Loaded plugin ipmanager (category:base,tabindex:5)
2025-12-03 13:52:47,766 [INFO] PluginManage:310 - Check plugin lpbam
2025-12-03 13:52:47,836 [INFO] PluginManage:359 - Loaded plugin lpbam (category:base,tabindex:0)
2025-12-03 13:52:47,837 [INFO] PluginManage:310 - Check plugin memorymap
2025-12-03 13:52:47,910 [INFO] PluginManage:359 - Loaded plugin memorymap (category:base,tabindex:4)
2025-12-03 13:52:47,911 [INFO] PluginManage:310 - Check plugin pinoutandconfiguration
2025-12-03 13:52:47,957 [INFO] PluginManage:359 - Loaded plugin pinoutandconfiguration (category:base,tabindex:1)
2025-12-03 13:52:47,957 [INFO] PluginManage:310 - Check plugin pinoutconfig
2025-12-03 13:52:48,179 [WARN] SupportedApi:132 - Cannot load RTOS API schema: s4s-elt-must-match.1: The content of 'definitions' must match (annotation?, (simpleType | complexType)?, (unique | key | keyref)*)). A problem was found starting at: attribute.
2025-12-03 13:52:48,474 [INFO] PluginManage:359 - Loaded plugin pinoutconfig (category:base,tabindex:0)
2025-12-03 13:52:48,475 [INFO] PluginManage:310 - Check plugin power
2025-12-03 13:52:48,518 [INFO] PluginManage:359 - Loaded plugin power (category:power,tabindex:4)
2025-12-03 13:52:48,518 [INFO] PluginManage:310 - Check plugin projectmanager
2025-12-03 13:52:48,550 [INFO] PluginManage:359 - Loaded plugin projectmanager (category:projectmanager,tabindex:4)
2025-12-03 13:52:48,550 [INFO] PluginManage:310 - Check plugin rif
2025-12-03 13:52:48,595 [INFO] PluginManage:359 - Loaded plugin rif (category:base,tabindex:3)
2025-12-03 13:52:48,596 [INFO] PluginManage:310 - Check plugin thirdparty
2025-12-03 13:52:49,129 [INFO] PluginManage:359 - Loaded plugin thirdparty (category:base,tabindex:-1)
2025-12-03 13:52:49,129 [WARN] IntegrityCheckThread:84 - waiting for thirdparty lock release [integrity check]
2025-12-03 13:52:49,129 [INFO] PluginManage:310 - Check plugin tools
2025-12-03 13:52:49,129 [INFO] IntegrityCheckThread:86 - entering critical section [integrity check]
2025-12-03 13:52:49,130 [INFO] ThirdPartyUpdaterWithRetryManager:70 - Updater plugin not ready yet. [1/15]
2025-12-03 13:52:49,208 [INFO] PluginManage:359 - Loaded plugin tools (category:base,tabindex:7)
2025-12-03 13:52:49,209 [INFO] PluginManage:310 - Check plugin tutovideos
2025-12-03 13:52:49,515 [INFO] PluginManage:359 - Loaded plugin tutovideos (category:base,tabindex:-1)
2025-12-03 13:52:49,515 [INFO] PluginManage:310 - Check plugin updater
2025-12-03 13:52:49,543 [INFO] PluginManage:359 - Loaded plugin updater (category:base,tabindex:12)
2025-12-03 13:52:49,543 [INFO] PluginManage:310 - Check plugin userauth
2025-12-03 13:52:49,547 [INFO] UserAuth:118 - Init User Auth plugin
2025-12-03 13:52:49,548 [INFO] PluginManage:359 - Loaded plugin userauth (category:base,tabindex:14)
2025-12-03 13:52:49,549 [INFO] PluginManage:283 - PluginManage : Loaded plugins [18]
2025-12-03 13:52:49,800 [INFO] PinOutPanel:1589 - setPackage(No Configuration,No Configuration)
2025-12-03 13:52:49,907 [INFO] CADModel:165 - CPN selected for project level
2025-12-03 13:52:49,907 [INFO] CADModel:114 - Register for checkConnection events
2025-12-03 13:52:49,946 [INFO] IPUIPlugin:80 - create IPUIPlugin
2025-12-03 13:52:49,946 [INFO] PluginManager:220 - loadIPPluginJar : add adc
2025-12-03 13:52:50,013 [INFO] IPUIPlugin:80 - create IPUIPlugin
2025-12-03 13:52:50,013 [INFO] PluginManager:220 - loadIPPluginJar : add aes
2025-12-03 13:52:50,088 [INFO] IPUIPlugin:80 - create IPUIPlugin
2025-12-03 13:52:50,088 [INFO] PluginManager:220 - loadIPPluginJar : add can
2025-12-03 13:52:50,131 [INFO] IPUIPlugin:80 - create IPUIPlugin
2025-12-03 13:52:50,131 [INFO] PluginManager:220 - loadIPPluginJar : add comp
2025-12-03 13:52:50,186 [INFO] IPUIPlugin:80 - create IPUIPlugin
2025-12-03 13:52:50,186 [INFO] PluginManager:220 - loadIPPluginJar : add cryp
2025-12-03 13:52:50,205 [INFO] IPUIPlugin:80 - create IPUIPlugin
2025-12-03 13:52:50,205 [INFO] PluginManager:220 - loadIPPluginJar : add ddr_ctrl_phy
2025-12-03 13:52:50,252 [INFO] IPUIPlugin:80 - create IPUIPlugin
2025-12-03 13:52:50,252 [INFO] PluginManager:220 - loadIPPluginJar : add dfsdm
2025-12-03 13:52:50,273 [INFO] IPUIPlugin:80 - create IPUIPlugin
2025-12-03 13:52:50,273 [INFO] PluginManager:220 - loadIPPluginJar : add dma
2025-12-03 13:52:50,338 [INFO] IPUIPlugin:80 - create IPUIPlugin
2025-12-03 13:52:50,338 [INFO] PluginManager:220 - loadIPPluginJar : add dma3
2025-12-03 13:52:50,406 [INFO] IPUIPlugin:80 - create IPUIPlugin
2025-12-03 13:52:50,406 [INFO] PluginManager:220 - loadIPPluginJar : add extmemmanager
2025-12-03 13:52:50,443 [INFO] IPUIPlugin:80 - create IPUIPlugin
2025-12-03 13:52:50,443 [INFO] PluginManager:220 - loadIPPluginJar : add fatfs
2025-12-03 13:52:50,517 [INFO] IPUIPlugin:80 - create IPUIPlugin
2025-12-03 13:52:50,517 [INFO] PluginManager:220 - loadIPPluginJar : add fmc
2025-12-03 13:52:50,542 [INFO] IPUIPlugin:80 - create IPUIPlugin
2025-12-03 13:52:50,542 [INFO] PluginManager:220 - loadIPPluginJar : add freertos
2025-12-03 13:52:50,575 [INFO] IPUIPlugin:80 - create IPUIPlugin
2025-12-03 13:52:50,575 [INFO] PluginManager:220 - loadIPPluginJar : add genericplugin
2025-12-03 13:52:50,727 [INFO] IPUIPlugin:80 - create IPUIPlugin
2025-12-03 13:52:50,727 [INFO] PluginManager:220 - loadIPPluginJar : add gfxmmu
2025-12-03 13:52:50,937 [INFO] IPUIPlugin:80 - create IPUIPlugin
2025-12-03 13:52:50,937 [INFO] PluginManager:220 - loadIPPluginJar : add gic
2025-12-03 13:52:50,956 [INFO] IPUIPlugin:80 - create IPUIPlugin
2025-12-03 13:52:50,956 [INFO] PluginManager:220 - loadIPPluginJar : add gpio
2025-12-03 13:52:51,113 [INFO] IPUIPlugin:80 - create IPUIPlugin
2025-12-03 13:52:51,114 [INFO] PluginManager:220 - loadIPPluginJar : add gtzc
2025-12-03 13:52:51,174 [INFO] IPUIPlugin:80 - create IPUIPlugin
2025-12-03 13:52:51,174 [INFO] PluginManager:220 - loadIPPluginJar : add hash
2025-12-03 13:52:51,262 [INFO] IPUIPlugin:80 - create IPUIPlugin
2025-12-03 13:52:51,262 [INFO] PluginManager:220 - loadIPPluginJar : add i2c
2025-12-03 13:52:51,333 [INFO] IPUIPlugin:80 - create IPUIPlugin
2025-12-03 13:52:51,333 [INFO] PluginManager:220 - loadIPPluginJar : add i2s
2025-12-03 13:52:51,412 [INFO] IPUIPlugin:80 - create IPUIPlugin
2025-12-03 13:52:51,412 [INFO] PluginManager:220 - loadIPPluginJar : add i3c
2025-12-03 13:52:51,598 [INFO] IPUIPlugin:80 - create IPUIPlugin
2025-12-03 13:52:51,599 [INFO] PluginManager:220 - loadIPPluginJar : add ipddr
2025-12-03 13:52:51,757 [INFO] IPUIPlugin:80 - create IPUIPlugin
2025-12-03 13:52:51,758 [INFO] PluginManager:220 - loadIPPluginJar : add linkedlist
2025-12-03 13:52:51,820 [INFO] IPUIPlugin:80 - create IPUIPlugin
2025-12-03 13:52:51,820 [INFO] PluginManager:220 - loadIPPluginJar : add lorawan
2025-12-03 13:52:51,884 [INFO] IPUIPlugin:80 - create IPUIPlugin
2025-12-03 13:52:51,884 [INFO] PluginManager:220 - loadIPPluginJar : add ltdc
2025-12-03 13:52:51,905 [INFO] IPUIPlugin:80 - create IPUIPlugin
2025-12-03 13:52:51,906 [INFO] PluginManager:220 - loadIPPluginJar : add mdma
2025-12-03 13:52:51,926 [INFO] IPUIPlugin:80 - create IPUIPlugin
2025-12-03 13:52:51,927 [INFO] PluginManager:220 - loadIPPluginJar : add nvic
2025-12-03 13:52:51,995 [INFO] IPUIPlugin:80 - create IPUIPlugin
2025-12-03 13:52:51,995 [INFO] PluginManager:220 - loadIPPluginJar : add opamp
2025-12-03 13:52:52,106 [INFO] IPUIPlugin:80 - create IPUIPlugin
2025-12-03 13:52:52,106 [INFO] PluginManager:220 - loadIPPluginJar : add openamp
2025-12-03 13:52:52,132 [INFO] ThirdPartyUpdaterWithRetryManager:70 - Updater plugin not ready yet. [2/15]
2025-12-03 13:52:52,180 [INFO] IPUIPlugin:80 - create IPUIPlugin
2025-12-03 13:52:52,180 [INFO] PluginManager:220 - loadIPPluginJar : add pdm2pcm
2025-12-03 13:52:52,204 [INFO] IPUIPlugin:80 - create IPUIPlugin
2025-12-03 13:52:52,208 [INFO] PluginManager:220 - loadIPPluginJar : add plateformsettings
2025-12-03 13:52:52,252 [INFO] IPUIPlugin:80 - create IPUIPlugin
2025-12-03 13:52:52,252 [INFO] PluginManager:220 - loadIPPluginJar : add quadspi
2025-12-03 13:52:52,303 [INFO] IPUIPlugin:80 - create IPUIPlugin
2025-12-03 13:52:52,304 [INFO] PluginManager:220 - loadIPPluginJar : add radio
2025-12-03 13:52:52,325 [INFO] IPUIPlugin:80 - create IPUIPlugin
2025-12-03 13:52:52,326 [INFO] PluginManager:220 - loadIPPluginJar : add resmgrutility
2025-12-03 13:52:52,417 [INFO] IPUIPlugin:80 - create IPUIPlugin
2025-12-03 13:52:52,417 [INFO] PluginManager:220 - loadIPPluginJar : add sai
2025-12-03 13:52:52,484 [INFO] IPUIPlugin:80 - create IPUIPlugin
2025-12-03 13:52:52,485 [INFO] PluginManager:220 - loadIPPluginJar : add spi
2025-12-03 13:52:52,605 [INFO] IPUIPlugin:80 - create IPUIPlugin
2025-12-03 13:52:52,605 [INFO] PluginManager:220 - loadIPPluginJar : add stm32_wpan
2025-12-03 13:52:52,650 [INFO] IPUIPlugin:80 - create IPUIPlugin
2025-12-03 13:52:52,650 [INFO] PluginManager:220 - loadIPPluginJar : add tim
2025-12-03 13:52:52,748 [INFO] IPUIPlugin:80 - create IPUIPlugin
2025-12-03 13:52:52,748 [INFO] PluginManager:220 - loadIPPluginJar : add touchsensing
2025-12-03 13:52:52,785 [INFO] IPUIPlugin:80 - create IPUIPlugin
2025-12-03 13:52:52,785 [INFO] PluginManager:220 - loadIPPluginJar : add tracer_emb
2025-12-03 13:52:52,825 [INFO] IPUIPlugin:80 - create IPUIPlugin
2025-12-03 13:52:52,825 [INFO] PluginManager:220 - loadIPPluginJar : add ts
2025-12-03 13:52:52,861 [INFO] IPUIPlugin:80 - create IPUIPlugin
2025-12-03 13:52:52,861 [INFO] PluginManager:220 - loadIPPluginJar : add tsc
2025-12-03 13:52:52,895 [INFO] IPUIPlugin:80 - create IPUIPlugin
2025-12-03 13:52:52,895 [INFO] PluginManager:220 - loadIPPluginJar : add ucpd
2025-12-03 13:52:52,958 [INFO] IPUIPlugin:80 - create IPUIPlugin
2025-12-03 13:52:52,959 [INFO] PluginManager:220 - loadIPPluginJar : add usart
2025-12-03 13:52:53,024 [INFO] IPUIPlugin:80 - create IPUIPlugin
2025-12-03 13:52:53,024 [INFO] PluginManager:220 - loadIPPluginJar : add usbx
2025-12-03 13:52:53,178 [FATAL] Updater:351 - Updater called before beeing initialized
2025-12-03 13:52:53,205 [INFO] RulesReader:64 - Compatibility file has been processed (317 Rules)
2025-12-03 13:52:53,217 [INFO] RulesReader:64 - Compatibility file has been processed (317 Rules)
2025-12-03 13:52:53,225 [INFO] CADModel:165 - CPN selected for project level
2025-12-03 13:52:53,225 [INFO] CADModel:114 - Register for checkConnection events
2025-12-03 13:52:53,225 [FATAL] Updater:351 - Updater called before beeing initialized
2025-12-03 13:52:53,225 [ERROR] CADModel:125 - Updater not yet initialized, retry later 
2025-12-03 13:52:53,396 [FATAL] Updater:351 - Updater called before beeing initialized
2025-12-03 13:52:53,399 [INFO] CADModel:165 - CPN selected for project level
2025-12-03 13:52:53,400 [INFO] CADModel:114 - Register for checkConnection events
2025-12-03 13:52:53,400 [FATAL] Updater:351 - Updater called before beeing initialized
2025-12-03 13:52:53,400 [ERROR] CADModel:125 - Updater not yet initialized, retry later 
2025-12-03 13:52:53,405 [FATAL] Updater:351 - Updater called before beeing initialized
2025-12-03 13:52:53,581 [FATAL] Updater:351 - Updater called before beeing initialized
2025-12-03 13:52:53,595 [INFO] DbMcusAds:53 - JSON generation date=Thu Oct 02 11:36:05 CEST 2025 (1759397765645)
2025-12-03 13:52:53,595 [FATAL] Updater:351 - Updater called before beeing initialized
2025-12-03 13:52:53,695 [WARN] DetailPanel:346 - Failed to get advertising image, set to default
2025-12-03 13:52:53,796 [FATAL] Updater:351 - Updater called before beeing initialized
2025-12-03 13:52:53,798 [FATAL] Updater:351 - Updater called before beeing initialized
2025-12-03 13:52:53,798 [FATAL] Updater:351 - Updater called before beeing initialized
2025-12-03 13:52:53,798 [WARN] DetailPanel:346 - Failed to get advertising image, set to default
2025-12-03 13:52:53,800 [FATAL] Updater:351 - Updater called before beeing initialized
2025-12-03 13:52:53,890 [ERROR] Updater:1198 - MainUpdater not yet initialized. External WinMGr cannot be set.
2025-12-03 13:52:53,910 [INFO] Updater:1134 - Updater Version found : 6.15.0
2025-12-03 13:52:53,932 [INFO] ApplicationProperties:184 - Using Application install path: D:\Programy\STM32CubeIDE_1.19.0\STM32CubeIDE\plugins\com.st.stm32cube.common.mx_6.15.0.202507011659
2025-12-03 13:52:55,133 [INFO] ThirdPartyUpdaterWithRetryManager:70 - Updater plugin not ready yet. [3/15]
2025-12-03 13:52:55,519 [ERROR] LogOutputStream:75 - [STDERR_REDIRECT] Dec 03, 2025 1:52:55 PM java.util.prefs.WindowsPreferences <init>
2025-12-03 13:52:55,522 [ERROR] LogOutputStream:75 - [STDERR_REDIRECT] WARNING: Could not open/create prefs root node Software\JavaSoft\Prefs at root 0xffffffff80000002. Windows RegCreateKeyEx(...) returned error code 5.
2025-12-03 13:52:55,522 [ERROR] LogOutputStream:75 - [STDERR_REDIRECT] 
2025-12-03 13:52:56,003 [INFO] MainUpdater:2872 - connection check result : 10
2025-12-03 13:52:56,003 [INFO] MainUpdater:289 - Updater Check For Update Now.
2025-12-03 13:52:56,003 [INFO] MicroXplorer:498 - Change Database Version : DB.6.0.150
2025-12-03 13:52:56,028 [INFO] McuFinderGlobals:63 - Set McuFinder mode to 2 (CubeIDE integrated)
2025-12-03 13:52:56,040 [INFO] UserAuth:487 - Internet connection configuration mode: 1
2025-12-03 13:52:56,095 [INFO] JxBrowserEngine:152 - Initiate JxBrowser Engine with user profile folder
2025-12-03 13:52:56,256 [INFO] CheckServerUpdateThread:120 - End of CheckServer Thread
2025-12-03 13:52:57,786 [INFO] WebApp:169 - Instantiating new browser for Auth
2025-12-03 13:52:58,590 [WARN] PackLoader:240 - Cannot read IP mode file for STMicroelectronics.FP-SNS-MOTENVWB1.1.4.0
2025-12-03 13:52:58,622 [WARN] PackLoader:240 - Cannot read IP mode file for STMicroelectronics.FP-ATR-ASTRA1.2.0.2
2025-12-03 13:52:58,674 [WARN] PackLoader:240 - Cannot read IP mode file for STMicroelectronics.X-CUBE-SMBUS.2.1.0
2025-12-03 13:52:58,707 [WARN] PackLoader:240 - Cannot read IP mode file for STMicroelectronics.X-CUBE-ST60.1.0.0
2025-12-03 13:52:58,782 [WARN] PackLoader:240 - Cannot read IP mode file for STMicroelectronics.X-CUBE-AZRTOS-F7.1.1.0
2025-12-03 13:52:58,827 [WARN] PackLoader:240 - Cannot read IP mode file for STMicroelectronics.X-CUBE-BLE1.6.2.4
2025-12-03 13:52:58,833 [INFO] WebApp:463 - Apply proxy settings
2025-12-03 13:52:58,834 [INFO] WebApp:548 - Chromium requires no authentication
2025-12-03 13:52:58,850 [INFO] WebApp:491 - Direct internet connection detected
2025-12-03 13:52:58,857 [WARN] PackLoader:240 - Cannot read IP mode file for STMicroelectronics.FP-SNS-MOTENV1.5.1.0
2025-12-03 13:52:58,903 [WARN] PackLoader:240 - Cannot read IP mode file for WES.I-CUBE-Cesium.1.4.0
2025-12-03 13:52:58,909 [INFO] WebApp:900 - Register for checkConnection events
2025-12-03 13:52:58,909 [INFO] WebApp:463 - Apply proxy settings
2025-12-03 13:52:58,910 [INFO] WebApp:548 - Chromium requires no authentication
2025-12-03 13:52:58,911 [INFO] WebApp:491 - Direct internet connection detected
2025-12-03 13:52:58,963 [WARN] PackLoader:240 - Cannot read IP mode file for Infineon.AIROC-Wi-Fi-Bluetooth-STM32.1.7.1
2025-12-03 13:52:59,017 [WARN] PackLoader:240 - Cannot read IP mode file for STMicroelectronics.X-CUBE-AZRTOS-H7.3.4.0
2025-12-03 13:52:59,047 [WARN] PackLoader:240 - Cannot read IP mode file for STMicroelectronics.X-CUBE-DISPLAY.3.0.0
2025-12-03 13:52:59,086 [WARN] PackLoader:240 - Cannot read IP mode file for STMicroelectronics.X-CUBE-NFC10.1.0.0
2025-12-03 13:52:59,116 [INFO] WebApp:191 - Connection restablished
2025-12-03 13:52:59,122 [WARN] PackLoader:240 - Cannot read IP mode file for STMicroelectronics.X-CUBE-ST60.1.1.0
2025-12-03 13:52:59,156 [WARN] PackLoader:240 - Cannot read IP mode file for emotas.I-CUBE-CANOPEN.1.3.0
2025-12-03 13:52:59,187 [WARN] PackLoader:240 - Cannot read IP mode file for STMicroelectronics.X-CUBE-GNSS1.7.1.0
2025-12-03 13:52:59,227 [WARN] PackLoader:240 - Cannot read IP mode file for STMicroelectronics.FP-SNS-STBOX1.2.1.0
2025-12-03 13:52:59,260 [WARN] PackLoader:240 - Cannot read IP mode file for STMicroelectronics.FP-SNS-SMARTAG2.1.2.0
2025-12-03 13:52:59,294 [WARN] PackLoader:240 - Cannot read IP mode file for STMicroelectronics.FP-SNS-FLIGHT1.5.1.0
2025-12-03 13:52:59,303 [INFO] WebApp:225 - Starting web application
2025-12-03 13:52:59,303 [INFO] WebApp:593 - Web application path used D:\Programy\STM32CubeIDE_1.19.0\STM32CubeIDE\plugins\com.st.stm32cube.common.mx_6.15.0.202507011659\db\plugins\mcufinder\reactClient1\index.html
2025-12-03 13:52:59,339 [INFO] LogOutputStream:77 - [STDOUT_REDIRECT] 1 : Invalid condition id : UX_CORESTACK_Condition cause : null
2025-12-03 13:52:59,340 [INFO] LogOutputStream:77 - [STDOUT_REDIRECT] 1 : Invalid condition id : UX_CORESTACK_Condition cause : null
2025-12-03 13:52:59,343 [INFO] LogOutputStream:77 - [STDOUT_REDIRECT] 1 : Invalid condition id : UX_CORESTACK_Condition cause : null
2025-12-03 13:52:59,344 [INFO] LogOutputStream:77 - [STDOUT_REDIRECT] 1 : Invalid condition id : UX_CORESTACK_Condition cause : null
2025-12-03 13:52:59,346 [INFO] LogOutputStream:77 - [STDOUT_REDIRECT] 1 : Invalid condition id : UX_CORESTACK_Condition cause : null
2025-12-03 13:52:59,350 [WARN] PackLoader:240 - Cannot read IP mode file for STMicroelectronics.X-CUBE-AZRTOS-WL.2.0.0
2025-12-03 13:52:59,385 [WARN] PackLoader:240 - Cannot read IP mode file for STMicroelectronics.FP-SNS-MOTENV1.5.0.0
2025-12-03 13:52:59,444 [WARN] PackLoader:240 - Cannot read IP mode file for STMicroelectronics.X-CUBE-AZRTOS-H7RS.1.2.0
2025-12-03 13:52:59,485 [WARN] PackLoader:240 - Cannot read IP mode file for STMicroelectronics.X-CUBE-BLE2.3.3.0
2025-12-03 13:52:59,661 [WARN] PackLoader:240 - Cannot read IP mode file for STMicroelectronics.X-CUBE-TOF1.3.2.0
2025-12-03 13:52:59,715 [WARN] PackLoader:240 - Cannot read IP mode file for STMicroelectronics.X-CUBE-NFC9.1.0.0
2025-12-03 13:52:59,759 [WARN] PackLoader:240 - Cannot read IP mode file for wolfSSL.I-CUBE-wolfSSL.5.8.2
2025-12-03 13:52:59,819 [WARN] PackLoader:240 - Cannot read IP mode file for STMicroelectronics.X-CUBE-BLE1.7.1.0
2025-12-03 13:52:59,850 [INFO] UserAuth:487 - Internet connection configuration mode: 1
2025-12-03 13:52:59,866 [WARN] PackLoader:240 - Cannot read IP mode file for wolfSSL.I-CUBE-wolfMQTT.1.19.2
2025-12-03 13:52:59,919 [WARN] PackLoader:240 - Cannot read IP mode file for STMicroelectronics.X-CUBE-FREERTOS.1.4.0
2025-12-03 13:52:59,971 [WARN] PackLoader:240 - Cannot read IP mode file for STMicroelectronics.X-CUBE-EEPRMA1.5.2.0
2025-12-03 13:53:00,029 [WARN] PackLoader:240 - Cannot read IP mode file for STMicroelectronics.X-CUBE-TOUCHGFX.4.21.1
2025-12-03 13:53:00,081 [WARN] PackLoader:240 - Cannot read IP mode file for STMicroelectronics.X-CUBE-ST67W61.1.1.0
2025-12-03 13:53:00,193 [WARN] PackLoader:240 - Cannot read IP mode file for STMicroelectronics.X-CUBE-MEMS1.12.0.0
2025-12-03 13:53:00,798 [WARN] PackLoader:240 - Cannot read IP mode file for STMicroelectronics.X-CUBE-ALGOBUILD.1.3.0
2025-12-03 13:53:00,871 [WARN] PackLoader:240 - Cannot read IP mode file for STMicroelectronics.X-CUBE-AZRTOS-G0.1.1.0
2025-12-03 13:53:00,923 [WARN] PackLoader:240 - Cannot read IP mode file for STMicroelectronics.X-CUBE-SAFEA1.1.2.2
2025-12-03 13:53:00,974 [WARN] PackLoader:240 - Cannot read IP mode file for STMicroelectronics.X-CUBE-NFC4.3.0.0
2025-12-03 13:53:01,025 [WARN] PackLoader:240 - Cannot read IP mode file for EmbeddedOffice.I-CUBE-FS-RTOS.1.0.1
2025-12-03 13:53:01,075 [WARN] PackLoader:240 - Cannot read IP mode file for STMicroelectronics.X-CUBE-WB05N.2.0.0
2025-12-03 13:53:01,116 [WARN] PackLoader:240 - Cannot read IP mode file for wolfSSL.I-CUBE-wolfTPM.3.8.0
2025-12-03 13:53:01,160 [WARN] PackLoader:240 - Cannot read IP mode file for STMicroelectronics.X-CUBE-BLEMGR.1.3.0
2025-12-03 13:53:01,197 [WARN] PackLoader:240 - Cannot read IP mode file for STMicroelectronics.X-CUBE-TCPP.4.2.0
2025-12-03 13:53:01,242 [WARN] PackLoader:240 - Cannot read IP mode file for RealThread.X-CUBE-RT-Thread_Nano.4.1.1
2025-12-03 13:53:01,279 [WARN] PackLoader:240 - Cannot read IP mode file for STMicroelectronics.FP-ATR-SIGFOX1.3.2.0
2025-12-03 13:53:01,308 [WARN] PackLoader:240 - Cannot read IP mode file for ITTIA_DB.I-CUBE-ITTIADB.8.9.0
2025-12-03 13:53:01,361 [WARN] PackLoader:240 - Cannot read IP mode file for STMicroelectronics.X-CUBE-MEMS1.9.5.0
2025-12-03 13:53:01,466 [WARN] PackLoader:240 - Cannot read IP mode file for STMicroelectronics.X-CUBE-ST67W61.1.0.0
2025-12-03 13:53:01,487 [WARN] PackLoader:240 - Cannot read IP mode file for STMicroelectronics.X-CUBE-AI.10.2.0
2025-12-03 13:53:01,528 [WARN] PackLoader:240 - Cannot read IP mode file for SEGGER.I-CUBE-embOS.1.3.1
2025-12-03 13:53:01,579 [WARN] PackLoader:240 - Cannot read IP mode file for STMicroelectronics.X-CUBE-ALGOBUILD.1.4.0
2025-12-03 13:53:01,636 [WARN] PackLoader:240 - Cannot read IP mode file for STMicroelectronics.X-CUBE-MEMS1.11.3.0
2025-12-03 13:53:01,730 [WARN] PackLoader:240 - Cannot read IP mode file for STMicroelectronics.X-CUBE-PM33A1.1.0.0
2025-12-03 13:53:01,761 [WARN] PackLoader:240 - Cannot read IP mode file for STMicroelectronics.X-CUBE-GNSS1.6.0.0
2025-12-03 13:53:01,842 [WARN] PackLoader:240 - Cannot read IP mode file for STMicroelectronics.X-CUBE-AZRTOS-F4.1.1.0
2025-12-03 13:53:01,883 [WARN] PackLoader:240 - Cannot read IP mode file for Avnet-IotConnect.X-CUBE-IoTC-DA16k-PMOD.1.0.0
2025-12-03 13:53:01,911 [WARN] PackLoader:240 - Cannot read IP mode file for STMicroelectronics.X-CUBE-ISPU.2.1.0
2025-12-03 13:53:01,945 [WARN] PackLoader:240 - Cannot read IP mode file for STMicroelectronics.X-CUBE-IPS.3.2.0
2025-12-03 13:53:01,977 [WARN] PackLoader:240 - Cannot read IP mode file for STMicroelectronics.X-CUBE-NFC12.1.0.0
2025-12-03 13:53:02,029 [WARN] PackLoader:240 - Cannot read IP mode file for STMicroelectronics.X-CUBE-AZRTOS-L5.2.0.0
2025-12-03 13:53:02,061 [WARN] PackLoader:240 - Cannot read IP mode file for STMicroelectronics.X-CUBE-NFC6.3.1.0
2025-12-03 13:53:02,089 [WARN] PackLoader:240 - Cannot read IP mode file for emotas.I-CUBE-CANOPEN.1.1.3
2025-12-03 13:53:02,110 [WARN] PackLoader:240 - Cannot read IP mode file for wolfSSL.I-CUBE-wolfSSL.5.5.4
2025-12-03 13:53:02,131 [WARN] PackLoader:240 - Cannot read IP mode file for STMicroelectronics.X-CUBE-FREERTOS.1.3.1
2025-12-03 13:53:02,156 [WARN] PackLoader:240 - Cannot read IP mode file for STMicroelectronics.X-CUBE-NFC7.1.0.0
2025-12-03 13:53:02,177 [WARN] PackLoader:240 - Cannot read IP mode file for STMicroelectronics.X-CUBE-TOUCHGFX.4.26.0
2025-12-03 13:53:02,200 [WARN] PackLoader:240 - Cannot read IP mode file for STMicroelectronics.X-CUBE-EEPRMA1.4.1.0
2025-12-03 13:53:02,228 [WARN] PackLoader:240 - Cannot read IP mode file for STMicroelectronics.FP-SNS-STAIOTCFT.1.0.0
2025-12-03 13:53:02,250 [WARN] PackLoader:240 - Cannot read IP mode file for STMicroelectronics.X-CUBE-DPower.1.3.0
2025-12-03 13:53:02,293 [WARN] ConditionMgr:438 - getConditionDescription Invalid condition id : LAN8742 Phy interface Condition cause : null
2025-12-03 13:53:02,294 [WARN] PackLoader:240 - Cannot read IP mode file for STMicroelectronics.X-CUBE-AZRTOS-L4.2.0.0
2025-12-03 13:53:02,295 [WARN] ConditionMgr:1044 - genDependencies : Invalid condition id : LAN8742 Phy interface Condition cause : null
2025-12-03 13:53:02,295 [WARN] ConditionMgr:1044 - genDependencies : Invalid condition id : LAN8742 Phy interface Condition cause : null
2025-12-03 13:53:02,296 [WARN] ConditionMgr:1044 - genDependencies : Invalid condition id : LAN8742 Phy interface Condition cause : null
2025-12-03 13:53:02,321 [WARN] PackLoader:240 - Cannot read IP mode file for STMicroelectronics.X-CUBE-SFXS2LP1.4.0.0
2025-12-03 13:53:02,366 [WARN] PackLoader:240 - Cannot read IP mode file for STMicroelectronics.X-CUBE-AZRTOS-H7.3.0.0
2025-12-03 13:53:02,398 [WARN] PackLoader:240 - Cannot read IP mode file for STMicroelectronics.X-CUBE-ISPU.1.1.0
2025-12-03 13:53:02,427 [WARN] PackLoader:240 - Cannot read IP mode file for RoweBots.I-CUBE-UNISONRTOS.5.5.0-4
2025-12-03 13:53:02,460 [WARN] PackLoader:240 - Cannot read IP mode file for STMicroelectronics.X-CUBE-BLEMGR.4.1.0
2025-12-03 13:53:02,491 [WARN] PackLoader:240 - Cannot read IP mode file for STMicroelectronics.X-CUBE-AI.8.0.0
2025-12-03 13:53:02,533 [WARN] ConditionMgr:438 - getConditionDescription Invalid condition id : UX DEVICE CLASS RTOS Condition cause : null
2025-12-03 13:53:02,533 [WARN] ConditionMgr:438 - getConditionDescription Invalid condition id : UX DEVICE CLASS RTOS Condition cause : null
2025-12-03 13:53:02,536 [WARN] PackLoader:240 - Cannot read IP mode file for STMicroelectronics.X-CUBE-AZRTOS-WB.2.0.0
2025-12-03 13:53:02,537 [WARN] ConditionMgr:1044 - genDependencies : Invalid condition id : UX DEVICE CLASS RTOS Condition cause : null
2025-12-03 13:53:02,538 [WARN] ConditionMgr:1044 - genDependencies : Invalid condition id : UX DEVICE CLASS RTOS Condition cause : null
2025-12-03 13:53:02,538 [WARN] ConditionMgr:1044 - genDependencies : Invalid condition id : UX DEVICE CLASS RTOS Condition cause : null
2025-12-03 13:53:02,539 [WARN] ConditionMgr:1044 - genDependencies : Invalid condition id : UX DEVICE CLASS RTOS Condition cause : null
2025-12-03 13:53:02,539 [WARN] ConditionMgr:1044 - genDependencies : Invalid condition id : UX DEVICE CLASS RTOS Condition cause : null
2025-12-03 13:53:02,573 [WARN] PackLoader:240 - Cannot read IP mode file for STMicroelectronics.X-CUBE-GNSS1.7.0.1
2025-12-03 13:53:02,603 [WARN] PackLoader:240 - Cannot read IP mode file for STMicroelectronics.X-CUBE-TOUCHGFX.4.25.0
2025-12-03 13:53:02,628 [WARN] ConditionMgr:438 - getConditionDescription Invalid condition id : Cortex-A Device cause : null
2025-12-03 13:53:02,664 [WARN] ConditionMgr:1044 - genDependencies : Invalid condition id : Cortex-A Device cause : null
2025-12-03 13:53:02,664 [WARN] ConditionMgr:1044 - genDependencies : Invalid condition id : Cortex-A Device cause : null
2025-12-03 13:53:02,664 [WARN] ConditionMgr:1044 - genDependencies : Invalid condition id : Cortex-A Device cause : null
2025-12-03 13:53:02,698 [WARN] PackLoader:240 - Cannot read IP mode file for STMicroelectronics.X-CUBE-AZRTOS-L5.1.1.0
2025-12-03 13:53:02,729 [WARN] PackLoader:240 - Cannot read IP mode file for STMicroelectronics.X-CUBE-SUBG2.5.0.0
2025-12-03 13:53:02,781 [WARN] PackLoader:240 - Cannot read IP mode file for STMicroelectronics.X-CUBE-AZRTOS-H7RS.1.1.0
2025-12-03 13:53:02,809 [WARN] PackLoader:240 - Cannot read IP mode file for Cesanta.I-CUBE-Mongoose.7.13.0
2025-12-03 13:53:02,846 [WARN] PackLoader:240 - Cannot read IP mode file for STMicroelectronics.X-CUBE-AZRTOS-G4.2.0.0
2025-12-03 13:53:02,874 [WARN] PackLoader:240 - Cannot read IP mode file for STMicroelectronics.FP-ATR-ASTRA1.1.1.1
2025-12-03 13:53:02,897 [WARN] PackLoader:240 - Cannot read IP mode file for wolfSSL.I-CUBE-wolfSSH.1.4.20
2025-12-03 13:53:02,928 [WARN] PackLoader:240 - Cannot read IP mode file for STMicroelectronics.X-CUBE-NFC7.2.0.0
2025-12-03 13:53:02,961 [WARN] PackLoader:240 - Cannot read IP mode file for STMicroelectronics.X-CUBE-AZRTOS-G4.1.0.0
2025-12-03 13:53:02,995 [WARN] PackLoader:240 - Cannot read IP mode file for STMicroelectronics.X-CUBE-AZRTOS-L4.1.0.0
2025-12-03 13:53:03,025 [WARN] PackLoader:240 - Cannot read IP mode file for STMicroelectronics.X-CUBE-IPS.3.1.0
2025-12-03 13:53:03,056 [WARN] PackLoader:240 - Cannot read IP mode file for STMicroelectronics.X-CUBE-ALS.1.0.2
2025-12-03 13:53:03,087 [WARN] PackLoader:240 - Cannot read IP mode file for STMicroelectronics.X-CUBE-AZRTOS-WL.1.0.0
2025-12-03 13:53:03,112 [WARN] PackLoader:240 - Cannot read IP mode file for STMicroelectronics.X-CUBE-STSE01.1.0.0
2025-12-03 13:53:03,135 [WARN] PackLoader:240 - Cannot read IP mode file for portGmbH.I-Cube-SoM-uGOAL.1.1.0
2025-12-03 13:53:03,160 [WARN] PackLoader:240 - Cannot read IP mode file for STMicroelectronics.X-CUBE-ALS.1.0.1
2025-12-03 13:53:03,191 [WARN] PackLoader:240 - Cannot read IP mode file for STMicroelectronics.X-CUBE-AZRTOS-WB.1.1.0
2025-12-03 13:53:03,222 [WARN] PackLoader:240 - Cannot read IP mode file for STMicroelectronics.X-CUBE-TOF1.3.4.3
2025-12-03 13:53:03,229 [INFO] ThirdParty:978 - Integrity check success = true
2025-12-03 13:53:03,229 [INFO] IntegrityCheckThread:100 - exiting critical section [integrity check]
2025-12-03 13:53:03,229 [INFO] IntegrityCheckThread:103 - End integrity checks thread
2025-12-03 17:54:54,624 [ERROR] LogOutputStream:75 - [STDERR_REDIRECT] 
