2026-03-12 16:00:22,052 [INFO] WebApp:194 - Connection lost
2026-03-12 16:06:44,082 [INFO] WebApp:191 - Connection restablished
2026-03-12 16:06:45,939 [INFO] WebApp:194 - Connection lost
2026-03-12 16:06:46,070 [INFO] WebApp:191 - Connection restablished
2026-03-12 22:09:13,315 [WARN] IP:2250 - TX_NO_TIMER not found: check if there is a RefParameter without a condition.
2026-03-12 22:09:13,321 [WARN] IP:2250 - ALIGN_TYPE_VAL not found: check if there is a RefParameter without a condition.
2026-03-12 22:09:13,321 [WARN] IP:2250 - TX_BASEPRI_VALUE not found: check if there is a RefParameter without a condition.
2026-03-12 22:09:13,321 [WARN] IP:2250 - TX_APP_THREAD_ENTRY not found: check if there is a RefParameter without a condition.
2026-03-12 22:09:13,321 [WARN] IP:2250 - TX_APP_THREAD_NAME not found: check if there is a RefParameter without a condition.
2026-03-12 22:09:13,321 [WARN] IP:2250 - TX_APP_THREAD_PRIO not found: check if there is a RefParameter without a condition.
2026-03-12 22:09:13,321 [WARN] IP:2250 - TX_APP_STACK_SIZE not found: check if there is a RefParameter without a condition.
2026-03-12 22:09:13,321 [WARN] IP:2250 - TX_SEMAPHORE_NAME not found: check if there is a RefParameter without a condition.
2026-03-12 22:09:13,322 [WARN] IP:2250 - TX_SEMAPHORE_COUNT not found: check if there is a RefParameter without a condition.
2026-03-12 22:09:13,322 [WARN] IP:2250 - TX_MUTEX_NAME not found: check if there is a RefParameter without a condition.
2026-03-12 22:09:13,322 [WARN] IP:2250 - TX_Mutex_INHERITANCE not found: check if there is a RefParameter without a condition.
2026-03-12 22:09:13,322 [WARN] IP:2250 - TX_MSG_QUEUE_NAME not found: check if there is a RefParameter without a condition.
2026-03-12 22:09:13,322 [WARN] IP:2250 - TX_MSG_SIZE_WORDS not found: check if there is a RefParameter without a condition.
2026-03-12 22:09:13,322 [WARN] IP:2250 - TX_NB_MSG not found: check if there is a RefParameter without a condition.
2026-03-12 22:09:13,497 [WARN] IP:2250 - TX_NO_TIMER not found: check if there is a RefParameter without a condition.
2026-03-12 22:09:13,498 [WARN] IP:2250 - ALIGN_TYPE_VAL not found: check if there is a RefParameter without a condition.
2026-03-12 22:09:13,498 [WARN] IP:2250 - TX_BASEPRI_VALUE not found: check if there is a RefParameter without a condition.
2026-03-12 22:09:13,498 [WARN] IP:2250 - TX_APP_THREAD_ENTRY not found: check if there is a RefParameter without a condition.
2026-03-12 22:09:13,498 [WARN] IP:2250 - TX_APP_THREAD_NAME not found: check if there is a RefParameter without a condition.
2026-03-12 22:09:13,499 [WARN] IP:2250 - TX_APP_THREAD_PRIO not found: check if there is a RefParameter without a condition.
2026-03-12 22:09:13,499 [WARN] IP:2250 - TX_APP_STACK_SIZE not found: check if there is a RefParameter without a condition.
2026-03-12 22:09:13,499 [WARN] IP:2250 - TX_SEMAPHORE_NAME not found: check if there is a RefParameter without a condition.
2026-03-12 22:09:13,499 [WARN] IP:2250 - TX_SEMAPHORE_COUNT not found: check if there is a RefParameter without a condition.
2026-03-12 22:09:13,499 [WARN] IP:2250 - TX_MUTEX_NAME not found: check if there is a RefParameter without a condition.
2026-03-12 22:09:13,499 [WARN] IP:2250 - TX_Mutex_INHERITANCE not found: check if there is a RefParameter without a condition.
2026-03-12 22:09:13,499 [WARN] IP:2250 - TX_MSG_QUEUE_NAME not found: check if there is a RefParameter without a condition.
2026-03-12 22:09:13,500 [WARN] IP:2250 - TX_MSG_SIZE_WORDS not found: check if there is a RefParameter without a condition.
2026-03-12 22:09:13,500 [WARN] IP:2250 - TX_NB_MSG not found: check if there is a RefParameter without a condition.
2026-03-12 22:09:13,682 [WARN] IP:2250 - TX_NO_TIMER not found: check if there is a RefParameter without a condition.
2026-03-12 22:09:13,683 [WARN] IP:2250 - ALIGN_TYPE_VAL not found: check if there is a RefParameter without a condition.
2026-03-12 22:09:13,683 [WARN] IP:2250 - TX_BASEPRI_VALUE not found: check if there is a RefParameter without a condition.
2026-03-12 22:09:13,684 [WARN] IP:2250 - TX_APP_THREAD_ENTRY not found: check if there is a RefParameter without a condition.
2026-03-12 22:09:13,684 [WARN] IP:2250 - TX_APP_THREAD_NAME not found: check if there is a RefParameter without a condition.
2026-03-12 22:09:13,684 [WARN] IP:2250 - TX_APP_THREAD_PRIO not found: check if there is a RefParameter without a condition.
2026-03-12 22:09:13,684 [WARN] IP:2250 - TX_APP_STACK_SIZE not found: check if there is a RefParameter without a condition.
2026-03-12 22:09:13,684 [WARN] IP:2250 - TX_SEMAPHORE_NAME not found: check if there is a RefParameter without a condition.
2026-03-12 22:09:13,684 [WARN] IP:2250 - TX_SEMAPHORE_COUNT not found: check if there is a RefParameter without a condition.
2026-03-12 22:09:13,684 [WARN] IP:2250 - TX_MUTEX_NAME not found: check if there is a RefParameter without a condition.
2026-03-12 22:09:13,685 [WARN] IP:2250 - TX_Mutex_INHERITANCE not found: check if there is a RefParameter without a condition.
2026-03-12 22:09:13,685 [WARN] IP:2250 - TX_MSG_QUEUE_NAME not found: check if there is a RefParameter without a condition.
2026-03-12 22:09:13,685 [WARN] IP:2250 - TX_MSG_SIZE_WORDS not found: check if there is a RefParameter without a condition.
2026-03-12 22:09:13,685 [WARN] IP:2250 - TX_NB_MSG not found: check if there is a RefParameter without a condition.
2026-03-12 22:09:24,720 [INFO] Gpio:278 - dependency for GPIO [ADC1, I2C2, SPI1, SPI2, SYS, TIM2, TIM3, USART1, USART2]
2026-03-12 22:14:31,492 [INFO] UtilMem:75 - End SaveConfig() Used Memory: 867711120 Bytes (1073741824)
2026-03-12 22:14:35,087 [INFO] NvicIntPanel:101 - NVIC parent = com.st.microxplorer.plugins.ip.nvic.MultiNvicIntPanel[,2,27,922x352,layout=javax.swing.BoxLayout,alignmentX=0.0,alignmentY=0.0,border=,flags=9,maximumSize=,minimumSize=,preferredSize=]
2026-03-12 22:14:37,315 [INFO] Gpio:278 - dependency for GPIO [ADC1, I2C2, SPI1, SPI2, SYS, TIM2, TIM3, USART1, USART2]
2026-03-12 22:15:06,990 [INFO] I2cTimingTraitement:330 - 0x40621236
2026-03-12 22:15:07,109 [WARN] IP:2250 - TX_NO_TIMER not found: check if there is a RefParameter without a condition.
2026-03-12 22:15:07,109 [WARN] IP:2250 - ALIGN_TYPE_VAL not found: check if there is a RefParameter without a condition.
2026-03-12 22:15:07,109 [WARN] IP:2250 - TX_BASEPRI_VALUE not found: check if there is a RefParameter without a condition.
2026-03-12 22:15:07,109 [WARN] IP:2250 - TX_APP_THREAD_ENTRY not found: check if there is a RefParameter without a condition.
2026-03-12 22:15:07,109 [WARN] IP:2250 - TX_APP_THREAD_NAME not found: check if there is a RefParameter without a condition.
2026-03-12 22:15:07,109 [WARN] IP:2250 - TX_APP_THREAD_PRIO not found: check if there is a RefParameter without a condition.
2026-03-12 22:15:07,109 [WARN] IP:2250 - TX_APP_STACK_SIZE not found: check if there is a RefParameter without a condition.
2026-03-12 22:15:07,110 [WARN] IP:2250 - TX_SEMAPHORE_NAME not found: check if there is a RefParameter without a condition.
2026-03-12 22:15:07,110 [WARN] IP:2250 - TX_SEMAPHORE_COUNT not found: check if there is a RefParameter without a condition.
2026-03-12 22:15:07,110 [WARN] IP:2250 - TX_MUTEX_NAME not found: check if there is a RefParameter without a condition.
2026-03-12 22:15:07,110 [WARN] IP:2250 - TX_Mutex_INHERITANCE not found: check if there is a RefParameter without a condition.
2026-03-12 22:15:07,110 [WARN] IP:2250 - TX_MSG_QUEUE_NAME not found: check if there is a RefParameter without a condition.
2026-03-12 22:15:07,110 [WARN] IP:2250 - TX_MSG_SIZE_WORDS not found: check if there is a RefParameter without a condition.
2026-03-12 22:15:07,110 [WARN] IP:2250 - TX_NB_MSG not found: check if there is a RefParameter without a condition.
2026-03-12 22:15:07,165 [INFO] Gpio:278 - dependency for GPIO [ADC1, I2C2, SPI1, SPI2, SYS, TIM2, TIM3, USART1, USART2]
2026-03-12 22:15:07,375 [WARN] IP:2250 - TX_NO_TIMER not found: check if there is a RefParameter without a condition.
2026-03-12 22:15:07,375 [WARN] IP:2250 - ALIGN_TYPE_VAL not found: check if there is a RefParameter without a condition.
2026-03-12 22:15:07,375 [WARN] IP:2250 - TX_BASEPRI_VALUE not found: check if there is a RefParameter without a condition.
2026-03-12 22:15:07,376 [WARN] IP:2250 - TX_APP_THREAD_ENTRY not found: check if there is a RefParameter without a condition.
2026-03-12 22:15:07,376 [WARN] IP:2250 - TX_APP_THREAD_NAME not found: check if there is a RefParameter without a condition.
2026-03-12 22:15:07,376 [WARN] IP:2250 - TX_APP_THREAD_PRIO not found: check if there is a RefParameter without a condition.
2026-03-12 22:15:07,376 [WARN] IP:2250 - TX_APP_STACK_SIZE not found: check if there is a RefParameter without a condition.
2026-03-12 22:15:07,376 [WARN] IP:2250 - TX_SEMAPHORE_NAME not found: check if there is a RefParameter without a condition.
2026-03-12 22:15:07,376 [WARN] IP:2250 - TX_SEMAPHORE_COUNT not found: check if there is a RefParameter without a condition.
2026-03-12 22:15:07,376 [WARN] IP:2250 - TX_MUTEX_NAME not found: check if there is a RefParameter without a condition.
2026-03-12 22:15:07,376 [WARN] IP:2250 - TX_Mutex_INHERITANCE not found: check if there is a RefParameter without a condition.
2026-03-12 22:15:07,376 [WARN] IP:2250 - TX_MSG_QUEUE_NAME not found: check if there is a RefParameter without a condition.
2026-03-12 22:15:07,376 [WARN] IP:2250 - TX_MSG_SIZE_WORDS not found: check if there is a RefParameter without a condition.
2026-03-12 22:15:07,376 [WARN] IP:2250 - TX_NB_MSG not found: check if there is a RefParameter without a condition.
2026-03-12 22:15:07,498 [INFO] Gpio:278 - dependency for GPIO [ADC1, I2C2, SPI1, SPI2, SYS, TIM2, TIM3, USART1, USART2]
2026-03-12 22:15:32,284 [INFO] UtilMem:75 - End SaveConfig() Used Memory: 699394584 Bytes (1073741824)
2026-03-12 22:15:33,664 [INFO] UtilMem:75 - End SaveConfig() Used Memory: 733471256 Bytes (1073741824)
2026-03-12 22:15:36,581 [INFO] UtilMem:75 - End SaveConfig() Used Memory: 768320056 Bytes (1073741824)
2026-03-12 22:15:37,267 [INFO] BlockDiagram:2775 - set Specific Code input for plugin: SPI
2026-03-12 22:15:37,267 [INFO] BlockDiagram:2775 - set Specific Code input for plugin: SPI
2026-03-12 22:15:37,267 [INFO] BlockDiagram:2775 - set Specific Code input for plugin: TIM1_8G4
2026-03-12 22:15:37,267 [INFO] BlockDiagram:2775 - set Specific Code input for plugin: TIM1_8G4
2026-03-12 22:15:37,267 [INFO] BlockDiagram:2775 - set Specific Code input for plugin: SYS
2026-03-12 22:15:37,269 [INFO] BlockDiagram:2775 - set Specific Code input for plugin: ADC
2026-03-12 22:15:37,269 [INFO] BlockDiagram:2775 - set Specific Code input for plugin: RCC
2026-03-12 22:15:37,269 [INFO] BlockDiagram:2775 - set Specific Code input for plugin: I2C
2026-03-12 22:15:37,269 [INFO] BlockDiagram:2775 - set Specific Code input for plugin: STMicroelectronics.X-CUBE-AZRTOS-G4.2.0.0
2026-03-12 22:15:37,269 [INFO] BlockDiagram:2775 - set Specific Code input for plugin: NVIC
2026-03-12 22:15:37,269 [INFO] BlockDiagram:2775 - set Specific Code input for plugin: USART
2026-03-12 22:15:37,269 [INFO] BlockDiagram:2775 - set Specific Code input for plugin: USART
2026-03-12 22:15:37,269 [INFO] BlockDiagram:2775 - set Specific Code input for plugin: DMA
2026-03-12 22:15:37,269 [INFO] BlockDiagram:2775 - set Specific Code input for plugin: CORDIC
2026-03-12 22:15:37,269 [INFO] BlockDiagram:2775 - set Specific Code input for plugin: GPIO
2026-03-12 22:15:37,276 [WARN] IP:2250 - TX_NO_TIMER not found: check if there is a RefParameter without a condition.
2026-03-12 22:15:37,276 [WARN] IP:2250 - ALIGN_TYPE_VAL not found: check if there is a RefParameter without a condition.
2026-03-12 22:15:37,276 [WARN] IP:2250 - TX_BASEPRI_VALUE not found: check if there is a RefParameter without a condition.
2026-03-12 22:15:37,276 [WARN] IP:2250 - TX_APP_THREAD_ENTRY not found: check if there is a RefParameter without a condition.
2026-03-12 22:15:37,276 [WARN] IP:2250 - TX_APP_THREAD_NAME not found: check if there is a RefParameter without a condition.
2026-03-12 22:15:37,276 [WARN] IP:2250 - TX_APP_THREAD_PRIO not found: check if there is a RefParameter without a condition.
2026-03-12 22:15:37,276 [WARN] IP:2250 - TX_APP_STACK_SIZE not found: check if there is a RefParameter without a condition.
2026-03-12 22:15:37,277 [WARN] IP:2250 - TX_SEMAPHORE_NAME not found: check if there is a RefParameter without a condition.
2026-03-12 22:15:37,277 [WARN] IP:2250 - TX_SEMAPHORE_COUNT not found: check if there is a RefParameter without a condition.
2026-03-12 22:15:37,277 [WARN] IP:2250 - TX_MUTEX_NAME not found: check if there is a RefParameter without a condition.
2026-03-12 22:15:37,277 [WARN] IP:2250 - TX_Mutex_INHERITANCE not found: check if there is a RefParameter without a condition.
2026-03-12 22:15:37,277 [WARN] IP:2250 - TX_MSG_QUEUE_NAME not found: check if there is a RefParameter without a condition.
2026-03-12 22:15:37,277 [WARN] IP:2250 - TX_MSG_SIZE_WORDS not found: check if there is a RefParameter without a condition.
2026-03-12 22:15:37,277 [WARN] IP:2250 - TX_NB_MSG not found: check if there is a RefParameter without a condition.
2026-03-12 22:15:37,283 [WARN] ThirdPartyIpManager:480 - Condition 'CM4 IAR Condition' not fulfilled in pack 'STMicroelectronics.X-CUBE-AZRTOS-G4.2.0.0'
2026-03-12 22:15:37,283 [WARN] ThirdPartyIpManager:480 - Condition 'CM4 IAR Condition' not fulfilled in pack 'STMicroelectronics.X-CUBE-AZRTOS-G4.2.0.0'
2026-03-12 22:15:37,284 [WARN] ThirdPartyIpManager:480 - Condition 'CM4 IAR Condition' not fulfilled in pack 'STMicroelectronics.X-CUBE-AZRTOS-G4.2.0.0'
2026-03-12 22:15:37,284 [WARN] ThirdPartyIpManager:480 - Condition 'CM4 IAR Condition' not fulfilled in pack 'STMicroelectronics.X-CUBE-AZRTOS-G4.2.0.0'
2026-03-12 22:15:37,284 [WARN] ThirdPartyIpManager:480 - Condition 'CM4 IAR Condition' not fulfilled in pack 'STMicroelectronics.X-CUBE-AZRTOS-G4.2.0.0'
2026-03-12 22:15:37,284 [WARN] ThirdPartyIpManager:480 - Condition 'CM4 IAR Condition' not fulfilled in pack 'STMicroelectronics.X-CUBE-AZRTOS-G4.2.0.0'
2026-03-12 22:15:37,284 [WARN] ThirdPartyIpManager:480 - Condition 'CM4 IAR Condition' not fulfilled in pack 'STMicroelectronics.X-CUBE-AZRTOS-G4.2.0.0'
2026-03-12 22:15:37,284 [WARN] ThirdPartyIpManager:480 - Condition 'CM4 IAR Condition' not fulfilled in pack 'STMicroelectronics.X-CUBE-AZRTOS-G4.2.0.0'
2026-03-12 22:15:37,284 [WARN] ThirdPartyIpManager:480 - Condition 'CM4 IAR Condition' not fulfilled in pack 'STMicroelectronics.X-CUBE-AZRTOS-G4.2.0.0'
2026-03-12 22:15:37,284 [WARN] ThirdPartyIpManager:480 - Condition 'CM4 IAR Condition' not fulfilled in pack 'STMicroelectronics.X-CUBE-AZRTOS-G4.2.0.0'
2026-03-12 22:15:37,284 [WARN] ThirdPartyIpManager:480 - Condition 'CM4 IAR Condition' not fulfilled in pack 'STMicroelectronics.X-CUBE-AZRTOS-G4.2.0.0'
2026-03-12 22:15:37,285 [WARN] ThirdPartyIpManager:480 - Condition 'CM4 ARMC6 Condition' not fulfilled in pack 'STMicroelectronics.X-CUBE-AZRTOS-G4.2.0.0'
2026-03-12 22:15:37,286 [WARN] ThirdPartyIpManager:480 - Condition 'CM4 ARMC6 Condition' not fulfilled in pack 'STMicroelectronics.X-CUBE-AZRTOS-G4.2.0.0'
2026-03-12 22:15:37,286 [WARN] ThirdPartyIpManager:480 - Condition 'CM4 ARMC6 Condition' not fulfilled in pack 'STMicroelectronics.X-CUBE-AZRTOS-G4.2.0.0'
2026-03-12 22:15:37,286 [WARN] ThirdPartyIpManager:480 - Condition 'CM4 ARMC6 Condition' not fulfilled in pack 'STMicroelectronics.X-CUBE-AZRTOS-G4.2.0.0'
2026-03-12 22:15:37,286 [WARN] ThirdPartyIpManager:480 - Condition 'CM4 ARMC6 Condition' not fulfilled in pack 'STMicroelectronics.X-CUBE-AZRTOS-G4.2.0.0'
2026-03-12 22:15:37,286 [WARN] ThirdPartyIpManager:480 - Condition 'CM4 ARMC6 Condition' not fulfilled in pack 'STMicroelectronics.X-CUBE-AZRTOS-G4.2.0.0'
2026-03-12 22:15:37,286 [WARN] ThirdPartyIpManager:480 - Condition 'CM4 ARMC6 Condition' not fulfilled in pack 'STMicroelectronics.X-CUBE-AZRTOS-G4.2.0.0'
2026-03-12 22:15:37,286 [WARN] ThirdPartyIpManager:480 - Condition 'CM4 ARMC6 Condition' not fulfilled in pack 'STMicroelectronics.X-CUBE-AZRTOS-G4.2.0.0'
2026-03-12 22:15:37,287 [WARN] ThirdPartyIpManager:480 - Condition 'CM4 ARMC6 Condition' not fulfilled in pack 'STMicroelectronics.X-CUBE-AZRTOS-G4.2.0.0'
2026-03-12 22:15:37,287 [WARN] ThirdPartyIpManager:480 - Condition 'CM4 ARMC6 Condition' not fulfilled in pack 'STMicroelectronics.X-CUBE-AZRTOS-G4.2.0.0'
2026-03-12 22:15:37,291 [INFO] CodeGenerator:892 - code generatio: config db path: D:\Programy\STM32CubeIDE_1.19.0\STM32CubeIDE\plugins\com.st.stm32cube.common.mx_6.15.0.202507011659\\db\
2026-03-12 22:15:37,481 [INFO] IP:3329 - RTE Config file name : RTE_Component
2026-03-12 22:15:37,482 [INFO] IP:3347 - RTE template : RTE_Components.ftl
2026-03-12 22:15:37,515 [INFO] CodeEngine:265 - oldGeneratedFile, D:\Projekty\TrinityTrack6000\MainControlBoard\STM32\STM32G473CET6\MXTmpFiles\license.tmp_save
2026-03-12 22:15:37,995 [INFO] CodeEngine:289 - Generated code: D:\Projekty\TrinityTrack6000\MainControlBoard\STM32\STM32G473CET6\MXTmpFiles\license.tmp
2026-03-12 22:15:38,227 [INFO] CodeEngine:265 - oldGeneratedFile, D:\Projekty\TrinityTrack6000\MainControlBoard\STM32\STM32G473CET6\MXTmpFiles\gpio.tmp_save
2026-03-12 22:15:38,448 [INFO] CodeEngine:289 - Generated code: D:\Projekty\TrinityTrack6000\MainControlBoard\STM32\STM32G473CET6\MXTmpFiles\gpio.tmp
2026-03-12 22:15:48,377 [INFO] Middleware:1452 - No code input for Bsp Dependency
2026-03-12 22:15:48,401 [INFO] Middleware:1452 - No code input for Bsp Dependency
2026-03-12 22:15:48,417 [INFO] CodeEngine:265 - oldGeneratedFile, D:\Projekty\TrinityTrack6000\MainControlBoard\STM32\STM32G473CET6\Core\Inc\tx_user.h_save
2026-03-12 22:15:48,647 [INFO] CodeEngine:289 - Generated code: D:\Projekty\TrinityTrack6000\MainControlBoard\STM32\STM32G473CET6\Core\Inc\tx_user.h
2026-03-12 22:15:48,663 [INFO] CodeEngine:265 - oldGeneratedFile, D:\Projekty\TrinityTrack6000\MainControlBoard\STM32\STM32G473CET6\Core\Src\tx_initialize_low_level.S_save
2026-03-12 22:15:48,838 [INFO] CodeEngine:289 - Generated code: D:\Projekty\TrinityTrack6000\MainControlBoard\STM32\STM32G473CET6\Core\Src\tx_initialize_low_level.S
2026-03-12 22:15:48,850 [INFO] CodeEngine:265 - oldGeneratedFile, D:\Projekty\TrinityTrack6000\MainControlBoard\STM32\STM32G473CET6\AZURE_RTOS\App\app_azure_rtos_config.h_save
2026-03-12 22:15:48,966 [INFO] CodeEngine:289 - Generated code: D:\Projekty\TrinityTrack6000\MainControlBoard\STM32\STM32G473CET6\AZURE_RTOS\App\app_azure_rtos_config.h
2026-03-12 22:15:48,977 [INFO] CodeEngine:265 - oldGeneratedFile, D:\Projekty\TrinityTrack6000\MainControlBoard\STM32\STM32G473CET6\Core\Src\app_threadx.c_save
2026-03-12 22:15:49,085 [INFO] CodeEngine:289 - Generated code: D:\Projekty\TrinityTrack6000\MainControlBoard\STM32\STM32G473CET6\Core\Src\app_threadx.c
2026-03-12 22:15:49,101 [INFO] CodeEngine:265 - oldGeneratedFile, D:\Projekty\TrinityTrack6000\MainControlBoard\STM32\STM32G473CET6\Core\Inc\app_threadx.h_save
2026-03-12 22:15:49,210 [INFO] CodeEngine:289 - Generated code: D:\Projekty\TrinityTrack6000\MainControlBoard\STM32\STM32G473CET6\Core\Inc\app_threadx.h
2026-03-12 22:15:49,219 [INFO] CodeEngine:265 - oldGeneratedFile, D:\Projekty\TrinityTrack6000\MainControlBoard\STM32\STM32G473CET6\AZURE_RTOS\App\app_azure_rtos.c_save
2026-03-12 22:15:49,323 [INFO] CodeEngine:289 - Generated code: D:\Projekty\TrinityTrack6000\MainControlBoard\STM32\STM32G473CET6\AZURE_RTOS\App\app_azure_rtos.c
2026-03-12 22:15:49,331 [INFO] CodeEngine:265 - oldGeneratedFile, D:\Projekty\TrinityTrack6000\MainControlBoard\STM32\STM32G473CET6\AZURE_RTOS\App\app_azure_rtos.h_save
2026-03-12 22:15:49,421 [INFO] CodeEngine:289 - Generated code: D:\Projekty\TrinityTrack6000\MainControlBoard\STM32\STM32G473CET6\AZURE_RTOS\App\app_azure_rtos.h
2026-03-12 22:15:50,268 [INFO] CodeEngine:265 - oldGeneratedFile, D:\Projekty\TrinityTrack6000\MainControlBoard\STM32\STM32G473CET6\MXTmpFiles\dma.tmp_save
2026-03-12 22:15:50,403 [INFO] CodeEngine:289 - Generated code: D:\Projekty\TrinityTrack6000\MainControlBoard\STM32\STM32G473CET6\MXTmpFiles\dma.tmp
2026-03-12 22:15:50,420 [INFO] CodeEngine:265 - oldGeneratedFile, D:\Projekty\TrinityTrack6000\MainControlBoard\STM32\STM32G473CET6\MXTmpFiles\dma_GV.tmp_save
2026-03-12 22:15:50,484 [INFO] CodeEngine:289 - Generated code: D:\Projekty\TrinityTrack6000\MainControlBoard\STM32\STM32G473CET6\MXTmpFiles\dma_GV.tmp
2026-03-12 22:15:50,521 [INFO] CodeEngine:265 - oldGeneratedFile, D:\Projekty\TrinityTrack6000\MainControlBoard\STM32\STM32G473CET6\Core\Src\stm32g4xx_it.c_save
2026-03-12 22:15:50,817 [INFO] CodeEngine:289 - Generated code: D:\Projekty\TrinityTrack6000\MainControlBoard\STM32\STM32G473CET6\Core\Src\stm32g4xx_it.c
2026-03-12 22:15:50,829 [INFO] CodeEngine:265 - oldGeneratedFile, D:\Projekty\TrinityTrack6000\MainControlBoard\STM32\STM32G473CET6\Core\Inc\stm32g4xx_it.h_save
2026-03-12 22:15:51,005 [INFO] CodeEngine:289 - Generated code: D:\Projekty\TrinityTrack6000\MainControlBoard\STM32\STM32G473CET6\Core\Inc\stm32g4xx_it.h
2026-03-12 22:15:51,011 [INFO] IP:3329 - RTE Config file name : RTE_Component
2026-03-12 22:15:51,012 [INFO] IP:3347 - RTE template : RTE_Components.ftl
2026-03-12 22:15:51,012 [INFO] CodeGenerator:2312 - Add RTE Code Input 
2026-03-12 22:15:51,029 [INFO] CodeEngine:265 - oldGeneratedFile, D:\Projekty\TrinityTrack6000\MainControlBoard\STM32\STM32G473CET6\Core\Inc\RTE_Components.h_save
2026-03-12 22:15:51,190 [INFO] CodeEngine:289 - Generated code: D:\Projekty\TrinityTrack6000\MainControlBoard\STM32\STM32G473CET6\Core\Inc\RTE_Components.h
2026-03-12 22:15:51,217 [INFO] CodeEngine:265 - oldGeneratedFile, D:\Projekty\TrinityTrack6000\MainControlBoard\STM32\STM32G473CET6\Core\Src\stm32g4xx_hal_msp.c_save
2026-03-12 22:15:51,499 [INFO] CodeEngine:289 - Generated code: D:\Projekty\TrinityTrack6000\MainControlBoard\STM32\STM32G473CET6\Core\Src\stm32g4xx_hal_msp.c
2026-03-12 22:15:51,512 [INFO] CodeEngine:265 - oldGeneratedFile, D:\Projekty\TrinityTrack6000\MainControlBoard\STM32\STM32G473CET6\MXTmpFiles\system.tmp_save
2026-03-12 22:15:51,597 [INFO] CodeEngine:289 - Generated code: D:\Projekty\TrinityTrack6000\MainControlBoard\STM32\STM32G473CET6\MXTmpFiles\system.tmp
2026-03-12 22:15:51,615 [INFO] CodeEngine:265 - oldGeneratedFile, D:\Projekty\TrinityTrack6000\MainControlBoard\STM32\STM32G473CET6\Core\Src\stm32g4xx_hal_timebase_tim.c_save
2026-03-12 22:15:51,750 [INFO] CodeEngine:289 - Generated code: D:\Projekty\TrinityTrack6000\MainControlBoard\STM32\STM32G473CET6\Core\Src\stm32g4xx_hal_timebase_tim.c
2026-03-12 22:15:51,775 [INFO] CodeEngine:321 - oldGeneratedFile, D:\Projekty\TrinityTrack6000\MainControlBoard\STM32\STM32G473CET6\Core\Inc\stm32g4xx_hal_conf.h_save
2026-03-12 22:15:51,923 [INFO] CodeEngine:345 - Generated code: D:\Projekty\TrinityTrack6000\MainControlBoard\STM32\STM32G473CET6\Core\Inc\stm32g4xx_hal_conf.h
2026-03-12 22:15:51,962 [WARN] IPConfigManager:3238 - Warning: the RefConfig RCC_CommonPeriphClockConfig is not available in your config.xml file
2026-03-12 22:15:51,972 [INFO] ApiDbMcu:532 - Load IP Config File for ADC1
2026-03-12 22:15:51,973 [INFO] ApiDbMcu:532 - Load IP Config File for CORDIC
2026-03-12 22:15:51,977 [INFO] ApiDbMcu:532 - Load IP Config File for I2C2
2026-03-12 22:15:51,981 [INFO] ApiDbMcu:532 - Load IP Config File for SPI1
2026-03-12 22:15:51,981 [INFO] ApiDbMcu:532 - Load IP Config File for SPI2
2026-03-12 22:15:52,001 [INFO] ApiDbMcu:532 - Load IP Config File for TIM2
2026-03-12 22:15:52,018 [INFO] ApiDbMcu:532 - Load IP Config File for TIM3
2026-03-12 22:15:52,029 [INFO] ApiDbMcu:532 - Load IP Config File for USART1
2026-03-12 22:15:52,039 [INFO] ApiDbMcu:532 - Load IP Config File for USART2
2026-03-12 22:15:52,041 [INFO] ApiDbMcu:532 - Load IP Config File for RCC
2026-03-12 22:15:52,045 [WARN] IPConfigManager:3811 - IP not found : TIM
2026-03-12 22:15:52,047 [WARN] CodeGenerator:4259 - IP not found : null
2026-03-12 22:15:52,056 [INFO] CodeEngine:265 - oldGeneratedFile, D:\Projekty\TrinityTrack6000\MainControlBoard\STM32\STM32G473CET6\Core\Inc\main.h_save
2026-03-12 22:15:52,228 [INFO] CodeEngine:289 - Generated code: D:\Projekty\TrinityTrack6000\MainControlBoard\STM32\STM32G473CET6\Core\Inc\main.h
2026-03-12 22:15:52,237 [INFO] CodeEngine:265 - oldGeneratedFile, D:\Projekty\TrinityTrack6000\MainControlBoard\STM32\STM32G473CET6\Core\Src\main.c_save
2026-03-12 22:15:52,476 [INFO] CodeEngine:289 - Generated code: D:\Projekty\TrinityTrack6000\MainControlBoard\STM32\STM32G473CET6\Core\Src\main.c
2026-03-12 22:15:53,229 [INFO] ProjectBuilder:3606 - Time for Copy HAL[1] : 402mS.
2026-03-12 22:15:53,229 [ERROR] Middleware:2950 - Invalid RefComponent list
2026-03-12 22:15:53,229 [ERROR] Middleware:2950 - Invalid RefComponent list
2026-03-12 22:15:53,229 [ERROR] Middleware:2950 - Invalid RefComponent list
2026-03-12 22:15:53,229 [ERROR] Middleware:2950 - Invalid RefComponent list
2026-03-12 22:15:53,229 [ERROR] Middleware:2950 - Invalid RefComponent list
2026-03-12 22:15:53,229 [ERROR] Middleware:2950 - Invalid RefComponent list
2026-03-12 22:15:53,229 [ERROR] Middleware:2950 - Invalid RefComponent list
2026-03-12 22:15:53,229 [ERROR] Middleware:2950 - Invalid RefComponent list
2026-03-12 22:15:53,229 [ERROR] Middleware:2950 - Invalid RefComponent list
2026-03-12 22:15:53,229 [ERROR] Middleware:2950 - Invalid RefComponent list
2026-03-12 22:15:53,229 [ERROR] Middleware:2950 - Invalid RefComponent list
2026-03-12 22:15:53,229 [ERROR] Middleware:2950 - Invalid RefComponent list
2026-03-12 22:15:53,229 [ERROR] Middleware:2950 - Invalid RefComponent list
2026-03-12 22:15:53,229 [ERROR] Middleware:2950 - Invalid RefComponent list
2026-03-12 22:15:53,229 [ERROR] Middleware:2950 - Invalid RefComponent list
2026-03-12 22:15:53,229 [ERROR] Middleware:2950 - Invalid RefComponent list
2026-03-12 22:15:53,229 [ERROR] Middleware:2950 - Invalid RefComponent list
2026-03-12 22:15:53,229 [ERROR] Middleware:2950 - Invalid RefComponent list
2026-03-12 22:15:53,229 [ERROR] Middleware:2950 - Invalid RefComponent list
2026-03-12 22:15:53,229 [ERROR] Middleware:2950 - Invalid RefComponent list
2026-03-12 22:15:53,229 [ERROR] Middleware:2950 - Invalid RefComponent list
2026-03-12 22:15:53,229 [ERROR] Middleware:2950 - Invalid RefComponent list
2026-03-12 22:15:53,229 [ERROR] Middleware:2950 - Invalid RefComponent list
2026-03-12 22:15:53,229 [ERROR] Middleware:2950 - Invalid RefComponent list
2026-03-12 22:15:53,229 [ERROR] Middleware:2950 - Invalid RefComponent list
2026-03-12 22:15:53,229 [ERROR] Middleware:2950 - Invalid RefComponent list
2026-03-12 22:15:53,229 [ERROR] Middleware:2950 - Invalid RefComponent list
2026-03-12 22:15:53,229 [ERROR] Middleware:2950 - Invalid RefComponent list
2026-03-12 22:15:53,229 [ERROR] Middleware:2950 - Invalid RefComponent list
2026-03-12 22:15:53,229 [ERROR] Middleware:2950 - Invalid RefComponent list
2026-03-12 22:15:53,229 [ERROR] Middleware:2950 - Invalid RefComponent list
2026-03-12 22:15:53,229 [ERROR] Middleware:2950 - Invalid RefComponent list
2026-03-12 22:15:53,229 [ERROR] Middleware:2950 - Invalid RefComponent list
2026-03-12 22:15:53,229 [ERROR] Middleware:2950 - Invalid RefComponent list
2026-03-12 22:15:53,229 [ERROR] Middleware:2950 - Invalid RefComponent list
2026-03-12 22:15:53,229 [ERROR] Middleware:2950 - Invalid RefComponent list
2026-03-12 22:15:53,229 [ERROR] Middleware:2950 - Invalid RefComponent list
2026-03-12 22:15:53,229 [ERROR] Middleware:2950 - Invalid RefComponent list
2026-03-12 22:15:53,229 [ERROR] Middleware:2950 - Invalid RefComponent list
2026-03-12 22:15:53,229 [ERROR] Middleware:2950 - Invalid RefComponent list
2026-03-12 22:15:53,229 [ERROR] Middleware:2950 - Invalid RefComponent list
2026-03-12 22:15:53,229 [ERROR] Middleware:2950 - Invalid RefComponent list
2026-03-12 22:15:53,235 [ERROR] Middleware:2950 - Invalid RefComponent list
2026-03-12 22:15:53,235 [ERROR] Middleware:2950 - Invalid RefComponent list
2026-03-12 22:15:53,235 [ERROR] Middleware:2950 - Invalid RefComponent list
2026-03-12 22:15:53,235 [ERROR] Middleware:2950 - Invalid RefComponent list
2026-03-12 22:15:53,235 [ERROR] Middleware:2950 - Invalid RefComponent list
2026-03-12 22:15:53,235 [ERROR] Middleware:2950 - Invalid RefComponent list
2026-03-12 22:15:53,235 [ERROR] Middleware:2950 - Invalid RefComponent list
2026-03-12 22:15:53,235 [ERROR] Middleware:2950 - Invalid RefComponent list
2026-03-12 22:15:53,235 [ERROR] Middleware:2950 - Invalid RefComponent list
2026-03-12 22:15:53,235 [ERROR] Middleware:2950 - Invalid RefComponent list
2026-03-12 22:15:53,235 [ERROR] Middleware:2950 - Invalid RefComponent list
2026-03-12 22:15:53,235 [ERROR] Middleware:2950 - Invalid RefComponent list
2026-03-12 22:15:53,235 [ERROR] Middleware:2950 - Invalid RefComponent list
2026-03-12 22:15:53,235 [ERROR] Middleware:2950 - Invalid RefComponent list
2026-03-12 22:15:53,235 [ERROR] Middleware:2950 - Invalid RefComponent list
2026-03-12 22:15:53,235 [ERROR] Middleware:2950 - Invalid RefComponent list
2026-03-12 22:15:53,235 [ERROR] Middleware:2950 - Invalid RefComponent list
2026-03-12 22:15:53,235 [ERROR] Middleware:2950 - Invalid RefComponent list
2026-03-12 22:15:53,235 [ERROR] Middleware:2950 - Invalid RefComponent list
2026-03-12 22:15:53,235 [ERROR] Middleware:2950 - Invalid RefComponent list
2026-03-12 22:15:53,235 [ERROR] Middleware:2950 - Invalid RefComponent list
2026-03-12 22:15:53,235 [ERROR] Middleware:2950 - Invalid RefComponent list
2026-03-12 22:15:53,235 [ERROR] Middleware:2950 - Invalid RefComponent list
2026-03-12 22:15:53,235 [ERROR] Middleware:2950 - Invalid RefComponent list
2026-03-12 22:15:53,235 [ERROR] Middleware:2950 - Invalid RefComponent list
2026-03-12 22:15:53,235 [ERROR] Middleware:2950 - Invalid RefComponent list
2026-03-12 22:15:53,235 [ERROR] Middleware:2950 - Invalid RefComponent list
2026-03-12 22:15:53,235 [ERROR] Middleware:2950 - Invalid RefComponent list
2026-03-12 22:15:53,235 [ERROR] Middleware:2950 - Invalid RefComponent list
2026-03-12 22:15:53,235 [ERROR] Middleware:2950 - Invalid RefComponent list
2026-03-12 22:15:53,235 [ERROR] Middleware:2950 - Invalid RefComponent list
2026-03-12 22:15:53,235 [ERROR] Middleware:2950 - Invalid RefComponent list
2026-03-12 22:15:53,235 [ERROR] Middleware:2950 - Invalid RefComponent list
2026-03-12 22:15:53,235 [ERROR] Middleware:2950 - Invalid RefComponent list
2026-03-12 22:15:53,235 [ERROR] Middleware:2950 - Invalid RefComponent list
2026-03-12 22:15:53,235 [ERROR] Middleware:2950 - Invalid RefComponent list
2026-03-12 22:15:53,235 [ERROR] Middleware:2950 - Invalid RefComponent list
2026-03-12 22:15:53,235 [ERROR] Middleware:2950 - Invalid RefComponent list
2026-03-12 22:15:53,235 [ERROR] Middleware:2950 - Invalid RefComponent list
2026-03-12 22:15:53,235 [ERROR] Middleware:2950 - Invalid RefComponent list
2026-03-12 22:15:53,235 [ERROR] Middleware:2950 - Invalid RefComponent list
2026-03-12 22:15:53,235 [ERROR] Middleware:2950 - Invalid RefComponent list
2026-03-12 22:15:53,235 [ERROR] Middleware:2950 - Invalid RefComponent list
2026-03-12 22:15:53,235 [ERROR] Middleware:2950 - Invalid RefComponent list
2026-03-12 22:15:53,235 [ERROR] Middleware:2950 - Invalid RefComponent list
2026-03-12 22:15:53,235 [ERROR] Middleware:2950 - Invalid RefComponent list
2026-03-12 22:15:53,235 [WARN] ThirdPartyIpManager:480 - Condition 'CM4 IAR Condition' not fulfilled in pack 'STMicroelectronics.X-CUBE-AZRTOS-G4.2.0.0'
2026-03-12 22:15:53,235 [WARN] ThirdPartyIpManager:480 - Condition 'CM4 IAR Condition' not fulfilled in pack 'STMicroelectronics.X-CUBE-AZRTOS-G4.2.0.0'
2026-03-12 22:15:53,235 [WARN] ThirdPartyIpManager:480 - Condition 'CM4 IAR Condition' not fulfilled in pack 'STMicroelectronics.X-CUBE-AZRTOS-G4.2.0.0'
2026-03-12 22:15:53,235 [WARN] ThirdPartyIpManager:480 - Condition 'CM4 IAR Condition' not fulfilled in pack 'STMicroelectronics.X-CUBE-AZRTOS-G4.2.0.0'
2026-03-12 22:15:53,235 [WARN] ThirdPartyIpManager:480 - Condition 'CM4 IAR Condition' not fulfilled in pack 'STMicroelectronics.X-CUBE-AZRTOS-G4.2.0.0'
2026-03-12 22:15:53,235 [WARN] ThirdPartyIpManager:480 - Condition 'CM4 IAR Condition' not fulfilled in pack 'STMicroelectronics.X-CUBE-AZRTOS-G4.2.0.0'
2026-03-12 22:15:53,235 [WARN] ThirdPartyIpManager:480 - Condition 'CM4 IAR Condition' not fulfilled in pack 'STMicroelectronics.X-CUBE-AZRTOS-G4.2.0.0'
2026-03-12 22:15:53,235 [WARN] ThirdPartyIpManager:480 - Condition 'CM4 IAR Condition' not fulfilled in pack 'STMicroelectronics.X-CUBE-AZRTOS-G4.2.0.0'
2026-03-12 22:15:53,235 [WARN] ThirdPartyIpManager:480 - Condition 'CM4 IAR Condition' not fulfilled in pack 'STMicroelectronics.X-CUBE-AZRTOS-G4.2.0.0'
2026-03-12 22:15:53,235 [WARN] ThirdPartyIpManager:480 - Condition 'CM4 IAR Condition' not fulfilled in pack 'STMicroelectronics.X-CUBE-AZRTOS-G4.2.0.0'
2026-03-12 22:15:53,235 [WARN] ThirdPartyIpManager:480 - Condition 'CM4 IAR Condition' not fulfilled in pack 'STMicroelectronics.X-CUBE-AZRTOS-G4.2.0.0'
2026-03-12 22:15:53,235 [WARN] ThirdPartyIpManager:480 - Condition 'CM4 ARMC6 Condition' not fulfilled in pack 'STMicroelectronics.X-CUBE-AZRTOS-G4.2.0.0'
2026-03-12 22:15:53,235 [WARN] ThirdPartyIpManager:480 - Condition 'CM4 ARMC6 Condition' not fulfilled in pack 'STMicroelectronics.X-CUBE-AZRTOS-G4.2.0.0'
2026-03-12 22:15:53,235 [WARN] ThirdPartyIpManager:480 - Condition 'CM4 ARMC6 Condition' not fulfilled in pack 'STMicroelectronics.X-CUBE-AZRTOS-G4.2.0.0'
2026-03-12 22:15:53,235 [WARN] ThirdPartyIpManager:480 - Condition 'CM4 ARMC6 Condition' not fulfilled in pack 'STMicroelectronics.X-CUBE-AZRTOS-G4.2.0.0'
2026-03-12 22:15:53,235 [WARN] ThirdPartyIpManager:480 - Condition 'CM4 ARMC6 Condition' not fulfilled in pack 'STMicroelectronics.X-CUBE-AZRTOS-G4.2.0.0'
2026-03-12 22:15:53,235 [WARN] ThirdPartyIpManager:480 - Condition 'CM4 ARMC6 Condition' not fulfilled in pack 'STMicroelectronics.X-CUBE-AZRTOS-G4.2.0.0'
2026-03-12 22:15:53,235 [WARN] ThirdPartyIpManager:480 - Condition 'CM4 ARMC6 Condition' not fulfilled in pack 'STMicroelectronics.X-CUBE-AZRTOS-G4.2.0.0'
2026-03-12 22:15:53,235 [WARN] ThirdPartyIpManager:480 - Condition 'CM4 ARMC6 Condition' not fulfilled in pack 'STMicroelectronics.X-CUBE-AZRTOS-G4.2.0.0'
2026-03-12 22:15:53,235 [WARN] ThirdPartyIpManager:480 - Condition 'CM4 ARMC6 Condition' not fulfilled in pack 'STMicroelectronics.X-CUBE-AZRTOS-G4.2.0.0'
2026-03-12 22:15:53,235 [WARN] ThirdPartyIpManager:480 - Condition 'CM4 ARMC6 Condition' not fulfilled in pack 'STMicroelectronics.X-CUBE-AZRTOS-G4.2.0.0'
2026-03-12 22:15:53,613 [INFO] ProjectBuilder:9437 - Time for Copy ThirdParty[1] : 378mS.
2026-03-12 22:15:53,619 [INFO] ProjectBuilder:5216 - Project Generator version: 4.7.0-B52
2026-03-12 22:15:53,789 [INFO] ConfigFileManager:1595 - The Die is : DIE469
2026-03-12 22:15:53,805 [INFO] ApiDbMcu:532 - Load IP Config File for FATFS
2026-03-12 22:15:53,819 [INFO] ApiDbMcu:532 - Load IP Config File for FREERTOS
2026-03-12 22:15:53,839 [INFO] ApiDbMcu:532 - Load IP Config File for USBPD
2026-03-12 22:15:53,864 [INFO] ApiDbMcu:532 - Load IP Config File for USB_DEVICE
