2026-05-02 12:47:52,278 [INFO] Activator:176 - 


2026-05-02 12:47:52,284 [INFO] Activator:177 - !SESSION log4j initialized
2026-05-02 12:48:02,518 [INFO] LogOutputStream:77 - [STDOUT_REDIRECT] 
2026-05-02 12:48:04,091 [INFO] ApplicationProperties:184 - Using Application install path: D:\Programy\STM32CubeIDE_1.19.0\STM32CubeIDE\plugins\com.st.stm32cube.common.mx_6.15.0.202507011659
2026-05-02 12:48:04,110 [INFO] DbMcusXml:78 - Set database path to: D:\Programy\STM32CubeIDE_1.19.0\STM32CubeIDE\plugins\com.st.stm32cube.common.mx_6.15.0.202507011659\\db\/mcu/
2026-05-02 12:48:04,110 [INFO] ApiDb:274 - Set plugin database path to: D:\Programy\STM32CubeIDE_1.19.0\STM32CubeIDE\plugins\com.st.stm32cube.common.mx_6.15.0.202507011659\\db\/plugins/boardmanager/
2026-05-02 12:48:04,111 [WARN] ApiDb:259 - Overriding images path with different value:  => D:\Programy\STM32CubeIDE_1.19.0\STM32CubeIDE\plugins\com.st.stm32cube.common.mx_6.15.0.202507011659\\db\/plugins/mcufinder/images/
2026-05-02 12:48:04,120 [INFO] ApiDb:250 - Set database path to: C:\Users\kujon\.stmcufinder\plugins\mcufinder//mcu/
2026-05-02 12:48:04,121 [INFO] DbMcusAds:125 - Set database path to: C:\Users\kujon\.stmcufinder\plugins\mcufinder//mcu/
2026-05-02 12:48:04,124 [INFO] CrossReferenceDbSqlite:203 - Set database path to: C:\Users\kujon\.stmcufinder\plugins\mcufinder//mcu/cs/
2026-05-02 12:48:04,253 [INFO] RulesReader:64 - Compatibility file has been processed (317 Rules)
2026-05-02 12:48:04,354 [INFO] DbMcusXml:78 - Set database path to: D:\Programy\STM32CubeIDE_1.19.0\STM32CubeIDE\plugins\com.st.stm32cube.common.mx_6.15.0.202507011659\\db\/mcu/
2026-05-02 12:48:04,354 [INFO] ApiDb:274 - Set plugin database path to: D:\Programy\STM32CubeIDE_1.19.0\STM32CubeIDE\plugins\com.st.stm32cube.common.mx_6.15.0.202507011659\\db\/plugins/boardmanager/
2026-05-02 12:48:04,354 [INFO] ApiDb:261 - Set plugin images path to: D:\Programy\STM32CubeIDE_1.19.0\STM32CubeIDE\plugins\com.st.stm32cube.common.mx_6.15.0.202507011659\\db\/plugins/mcufinder/images/
2026-05-02 12:48:04,354 [WARN] DbFile:41 - Overriding database path with different value: C:\Users\kujon\.stmcufinder\plugins\mcufinder/ => C:\Users\kujon\.stmcufinder\plugins\mcufinder
2026-05-02 12:48:04,354 [INFO] ApiDb:250 - Set database path to: C:\Users\kujon\.stmcufinder\plugins\mcufinder//mcu/
2026-05-02 12:48:04,354 [WARN] DbFile:41 - Overriding database path with different value: C:\Users\kujon\.stmcufinder\plugins\mcufinder/ => C:\Users\kujon\.stmcufinder\plugins\mcufinder
2026-05-02 12:48:04,355 [INFO] DbMcusAds:125 - Set database path to: C:\Users\kujon\.stmcufinder\plugins\mcufinder//mcu/
2026-05-02 12:48:04,355 [WARN] DbFile:41 - Overriding database path with different value: C:\Users\kujon\.stmcufinder\plugins\mcufinder/ => C:\Users\kujon\.stmcufinder\plugins\mcufinder
2026-05-02 12:48:04,355 [WARN] DbFile:41 - Overriding database path with different value: C:\Users\kujon\.stmcufinder\plugins\mcufinder/ => C:\Users\kujon\.stmcufinder\plugins\mcufinder
2026-05-02 12:48:04,355 [INFO] CrossReferenceDbSqlite:203 - Set database path to: C:\Users\kujon\.stmcufinder\plugins\mcufinder//mcu/cs/
2026-05-02 12:48:04,441 [INFO] MainPanel:274 - HeapMemory: 268435456
2026-05-02 12:48:04,560 [INFO] DbMcusXml:78 - Set database path to: D:\Programy\STM32CubeIDE_1.19.0\STM32CubeIDE\plugins\com.st.stm32cube.common.mx_6.15.0.202507011659\\db\/mcu/
2026-05-02 12:48:04,560 [INFO] ApiDb:274 - Set plugin database path to: D:\Programy\STM32CubeIDE_1.19.0\STM32CubeIDE\plugins\com.st.stm32cube.common.mx_6.15.0.202507011659\\db\/plugins/boardmanager/
2026-05-02 12:48:04,560 [INFO] ApiDb:261 - Set plugin images path to: D:\Programy\STM32CubeIDE_1.19.0\STM32CubeIDE\plugins\com.st.stm32cube.common.mx_6.15.0.202507011659\\db\/plugins/mcufinder/images/
2026-05-02 12:48:04,560 [WARN] DbFile:41 - Overriding database path with different value: C:\Users\kujon\.stmcufinder\plugins\mcufinder/ => C:\Users\kujon\.stmcufinder\plugins\mcufinder
2026-05-02 12:48:04,560 [INFO] ApiDb:250 - Set database path to: C:\Users\kujon\.stmcufinder\plugins\mcufinder//mcu/
2026-05-02 12:48:04,561 [WARN] DbFile:41 - Overriding database path with different value: C:\Users\kujon\.stmcufinder\plugins\mcufinder/ => C:\Users\kujon\.stmcufinder\plugins\mcufinder
2026-05-02 12:48:04,561 [INFO] DbMcusAds:125 - Set database path to: C:\Users\kujon\.stmcufinder\plugins\mcufinder//mcu/
2026-05-02 12:48:04,561 [WARN] DbFile:41 - Overriding database path with different value: C:\Users\kujon\.stmcufinder\plugins\mcufinder/ => C:\Users\kujon\.stmcufinder\plugins\mcufinder
2026-05-02 12:48:04,561 [WARN] DbFile:41 - Overriding database path with different value: C:\Users\kujon\.stmcufinder\plugins\mcufinder/ => C:\Users\kujon\.stmcufinder\plugins\mcufinder
2026-05-02 12:48:04,561 [INFO] CrossReferenceDbSqlite:203 - Set database path to: C:\Users\kujon\.stmcufinder\plugins\mcufinder//mcu/cs/
2026-05-02 12:48:04,581 [INFO] ApplicationProperties:184 - Using Application install path: D:\Programy\STM32CubeIDE_1.19.0\STM32CubeIDE\plugins\com.st.stm32cube.common.mx_6.15.0.202507011659
2026-05-02 12:48:04,582 [INFO] PluginManage:196 - Search for loadable plugins [exclusion list=, ]
2026-05-02 12:48:04,585 [INFO] PluginManage:310 - Check plugin analytics
2026-05-02 12:48:04,809 [INFO] AnalyticsPlugin:253 - Accepted Software Licenses: 
2026-05-02 12:48:04,809 [INFO] AnalyticsPlugin:255 - Accepted CMSIS Pack Licenses: 
2026-05-02 12:48:04,809 [INFO] AnalyticsPlugin:257 - Accepted Firmware Licenses: 
2026-05-02 12:48:04,812 [INFO] PluginManage:359 - Loaded plugin analytics (category:tool,tabindex:-1)
2026-05-02 12:48:04,813 [INFO] PluginManage:310 - Check plugin cadmodel
2026-05-02 12:48:04,832 [INFO] CADModel:105 - Init CAD model plugin
2026-05-02 12:48:04,832 [INFO] PluginManage:359 - Loaded plugin cadmodel (category:power,tabindex:5)
2026-05-02 12:48:04,833 [INFO] PluginManage:310 - Check plugin clock
2026-05-02 12:48:04,856 [INFO] PluginManage:359 - Loaded plugin clock (category:base,tabindex:2)
2026-05-02 12:48:04,856 [INFO] PluginManage:310 - Check plugin ddr
2026-05-02 12:48:04,859 [INFO] PluginManage:359 - Loaded plugin ddr (category:tool,tabindex:6)
2026-05-02 12:48:04,859 [INFO] PluginManage:310 - Check plugin filemanager
2026-05-02 12:48:05,033 [INFO] PluginManage:359 - Loaded plugin filemanager (category:base,tabindex:10)
2026-05-02 12:48:05,033 [INFO] PluginManage:310 - Check plugin ipmanager
2026-05-02 12:48:05,040 [INFO] PluginManage:359 - Loaded plugin ipmanager (category:base,tabindex:5)
2026-05-02 12:48:05,040 [INFO] PluginManage:310 - Check plugin lpbam
2026-05-02 12:48:05,060 [INFO] PluginManage:359 - Loaded plugin lpbam (category:base,tabindex:0)
2026-05-02 12:48:05,060 [INFO] PluginManage:310 - Check plugin memorymap
2026-05-02 12:48:05,085 [INFO] PluginManage:359 - Loaded plugin memorymap (category:base,tabindex:4)
2026-05-02 12:48:05,086 [INFO] PluginManage:310 - Check plugin pinoutandconfiguration
2026-05-02 12:48:05,106 [INFO] PluginManage:359 - Loaded plugin pinoutandconfiguration (category:base,tabindex:1)
2026-05-02 12:48:05,106 [INFO] PluginManage:310 - Check plugin pinoutconfig
2026-05-02 12:48:05,226 [WARN] SupportedApi:132 - Cannot load RTOS API schema: s4s-elt-must-match.1: The content of 'definitions' must match (annotation?, (simpleType | complexType)?, (unique | key | keyref)*)). A problem was found starting at: attribute.
2026-05-02 12:48:05,400 [INFO] PluginManage:359 - Loaded plugin pinoutconfig (category:base,tabindex:0)
2026-05-02 12:48:05,400 [INFO] PluginManage:310 - Check plugin power
2026-05-02 12:48:05,425 [INFO] PluginManage:359 - Loaded plugin power (category:power,tabindex:4)
2026-05-02 12:48:05,426 [INFO] PluginManage:310 - Check plugin projectmanager
2026-05-02 12:48:05,443 [INFO] PluginManage:359 - Loaded plugin projectmanager (category:projectmanager,tabindex:4)
2026-05-02 12:48:05,443 [INFO] PluginManage:310 - Check plugin rif
2026-05-02 12:48:05,468 [INFO] PluginManage:359 - Loaded plugin rif (category:base,tabindex:3)
2026-05-02 12:48:05,469 [INFO] PluginManage:310 - Check plugin thirdparty
2026-05-02 12:48:05,813 [INFO] PluginManage:359 - Loaded plugin thirdparty (category:base,tabindex:-1)
2026-05-02 12:48:05,814 [INFO] PluginManage:310 - Check plugin tools
2026-05-02 12:48:05,813 [WARN] IntegrityCheckThread:84 - waiting for thirdparty lock release [integrity check]
2026-05-02 12:48:05,814 [INFO] IntegrityCheckThread:86 - entering critical section [integrity check]
2026-05-02 12:48:05,814 [INFO] ThirdPartyUpdaterWithRetryManager:70 - Updater plugin not ready yet. [1/15]
2026-05-02 12:48:05,859 [INFO] PluginManage:359 - Loaded plugin tools (category:base,tabindex:7)
2026-05-02 12:48:05,859 [INFO] PluginManage:310 - Check plugin tutovideos
2026-05-02 12:48:06,108 [INFO] PluginManage:359 - Loaded plugin tutovideos (category:base,tabindex:-1)
2026-05-02 12:48:06,108 [INFO] PluginManage:310 - Check plugin updater
2026-05-02 12:48:06,131 [INFO] PluginManage:359 - Loaded plugin updater (category:base,tabindex:12)
2026-05-02 12:48:06,131 [INFO] PluginManage:310 - Check plugin userauth
2026-05-02 12:48:06,135 [INFO] UserAuth:118 - Init User Auth plugin
2026-05-02 12:48:06,136 [INFO] PluginManage:359 - Loaded plugin userauth (category:base,tabindex:14)
2026-05-02 12:48:06,138 [INFO] PluginManage:283 - PluginManage : Loaded plugins [18]
2026-05-02 12:48:06,378 [INFO] PinOutPanel:1589 - setPackage(No Configuration,No Configuration)
2026-05-02 12:48:06,473 [INFO] CADModel:165 - CPN selected for project level
2026-05-02 12:48:06,473 [INFO] CADModel:114 - Register for checkConnection events
2026-05-02 12:48:06,502 [INFO] IPUIPlugin:80 - create IPUIPlugin
2026-05-02 12:48:06,503 [INFO] PluginManager:220 - loadIPPluginJar : add adc
2026-05-02 12:48:06,553 [INFO] IPUIPlugin:80 - create IPUIPlugin
2026-05-02 12:48:06,553 [INFO] PluginManager:220 - loadIPPluginJar : add aes
2026-05-02 12:48:06,607 [INFO] IPUIPlugin:80 - create IPUIPlugin
2026-05-02 12:48:06,607 [INFO] PluginManager:220 - loadIPPluginJar : add can
2026-05-02 12:48:06,639 [INFO] IPUIPlugin:80 - create IPUIPlugin
2026-05-02 12:48:06,639 [INFO] PluginManager:220 - loadIPPluginJar : add comp
2026-05-02 12:48:06,688 [INFO] IPUIPlugin:80 - create IPUIPlugin
2026-05-02 12:48:06,688 [INFO] PluginManager:220 - loadIPPluginJar : add cryp
2026-05-02 12:48:06,703 [INFO] IPUIPlugin:80 - create IPUIPlugin
2026-05-02 12:48:06,703 [INFO] PluginManager:220 - loadIPPluginJar : add ddr_ctrl_phy
2026-05-02 12:48:06,743 [INFO] IPUIPlugin:80 - create IPUIPlugin
2026-05-02 12:48:06,743 [INFO] PluginManager:220 - loadIPPluginJar : add dfsdm
2026-05-02 12:48:06,760 [INFO] IPUIPlugin:80 - create IPUIPlugin
2026-05-02 12:48:06,760 [INFO] PluginManager:220 - loadIPPluginJar : add dma
2026-05-02 12:48:06,812 [INFO] IPUIPlugin:80 - create IPUIPlugin
2026-05-02 12:48:06,812 [INFO] PluginManager:220 - loadIPPluginJar : add dma3
2026-05-02 12:48:06,868 [INFO] IPUIPlugin:80 - create IPUIPlugin
2026-05-02 12:48:06,868 [INFO] PluginManager:220 - loadIPPluginJar : add extmemmanager
2026-05-02 12:48:06,894 [INFO] IPUIPlugin:80 - create IPUIPlugin
2026-05-02 12:48:06,894 [INFO] PluginManager:220 - loadIPPluginJar : add fatfs
2026-05-02 12:48:06,950 [INFO] IPUIPlugin:80 - create IPUIPlugin
2026-05-02 12:48:06,950 [INFO] PluginManager:220 - loadIPPluginJar : add fmc
2026-05-02 12:48:06,966 [INFO] IPUIPlugin:80 - create IPUIPlugin
2026-05-02 12:48:06,966 [INFO] PluginManager:220 - loadIPPluginJar : add freertos
2026-05-02 12:48:06,992 [INFO] IPUIPlugin:80 - create IPUIPlugin
2026-05-02 12:48:06,992 [INFO] PluginManager:220 - loadIPPluginJar : add genericplugin
2026-05-02 12:48:07,110 [INFO] IPUIPlugin:80 - create IPUIPlugin
2026-05-02 12:48:07,110 [INFO] PluginManager:220 - loadIPPluginJar : add gfxmmu
2026-05-02 12:48:07,284 [INFO] IPUIPlugin:80 - create IPUIPlugin
2026-05-02 12:48:07,284 [INFO] PluginManager:220 - loadIPPluginJar : add gic
2026-05-02 12:48:07,298 [INFO] IPUIPlugin:80 - create IPUIPlugin
2026-05-02 12:48:07,299 [INFO] PluginManager:220 - loadIPPluginJar : add gpio
2026-05-02 12:48:07,412 [INFO] IPUIPlugin:80 - create IPUIPlugin
2026-05-02 12:48:07,412 [INFO] PluginManager:220 - loadIPPluginJar : add gtzc
2026-05-02 12:48:07,454 [INFO] IPUIPlugin:80 - create IPUIPlugin
2026-05-02 12:48:07,454 [INFO] PluginManager:220 - loadIPPluginJar : add hash
2026-05-02 12:48:07,520 [INFO] IPUIPlugin:80 - create IPUIPlugin
2026-05-02 12:48:07,520 [INFO] PluginManager:220 - loadIPPluginJar : add i2c
2026-05-02 12:48:07,578 [INFO] IPUIPlugin:80 - create IPUIPlugin
2026-05-02 12:48:07,578 [INFO] PluginManager:220 - loadIPPluginJar : add i2s
2026-05-02 12:48:07,626 [INFO] IPUIPlugin:80 - create IPUIPlugin
2026-05-02 12:48:07,626 [INFO] PluginManager:220 - loadIPPluginJar : add i3c
2026-05-02 12:48:07,752 [INFO] IPUIPlugin:80 - create IPUIPlugin
2026-05-02 12:48:07,752 [INFO] PluginManager:220 - loadIPPluginJar : add ipddr
2026-05-02 12:48:07,870 [INFO] IPUIPlugin:80 - create IPUIPlugin
2026-05-02 12:48:07,870 [INFO] PluginManager:220 - loadIPPluginJar : add linkedlist
2026-05-02 12:48:07,916 [INFO] IPUIPlugin:80 - create IPUIPlugin
2026-05-02 12:48:07,916 [INFO] PluginManager:220 - loadIPPluginJar : add lorawan
2026-05-02 12:48:07,962 [INFO] IPUIPlugin:80 - create IPUIPlugin
2026-05-02 12:48:07,962 [INFO] PluginManager:220 - loadIPPluginJar : add ltdc
2026-05-02 12:48:07,977 [INFO] IPUIPlugin:80 - create IPUIPlugin
2026-05-02 12:48:07,977 [INFO] PluginManager:220 - loadIPPluginJar : add mdma
2026-05-02 12:48:07,990 [INFO] IPUIPlugin:80 - create IPUIPlugin
2026-05-02 12:48:07,990 [INFO] PluginManager:220 - loadIPPluginJar : add nvic
2026-05-02 12:48:08,034 [INFO] IPUIPlugin:80 - create IPUIPlugin
2026-05-02 12:48:08,034 [INFO] PluginManager:220 - loadIPPluginJar : add opamp
2026-05-02 12:48:08,116 [INFO] IPUIPlugin:80 - create IPUIPlugin
2026-05-02 12:48:08,116 [INFO] PluginManager:220 - loadIPPluginJar : add openamp
2026-05-02 12:48:08,169 [INFO] IPUIPlugin:80 - create IPUIPlugin
2026-05-02 12:48:08,169 [INFO] PluginManager:220 - loadIPPluginJar : add pdm2pcm
2026-05-02 12:48:08,183 [INFO] IPUIPlugin:80 - create IPUIPlugin
2026-05-02 12:48:08,186 [INFO] PluginManager:220 - loadIPPluginJar : add plateformsettings
2026-05-02 12:48:08,213 [INFO] IPUIPlugin:80 - create IPUIPlugin
2026-05-02 12:48:08,213 [INFO] PluginManager:220 - loadIPPluginJar : add quadspi
2026-05-02 12:48:08,247 [INFO] IPUIPlugin:80 - create IPUIPlugin
2026-05-02 12:48:08,247 [INFO] PluginManager:220 - loadIPPluginJar : add radio
2026-05-02 12:48:08,260 [INFO] IPUIPlugin:80 - create IPUIPlugin
2026-05-02 12:48:08,260 [INFO] PluginManager:220 - loadIPPluginJar : add resmgrutility
2026-05-02 12:48:08,321 [INFO] IPUIPlugin:80 - create IPUIPlugin
2026-05-02 12:48:08,321 [INFO] PluginManager:220 - loadIPPluginJar : add sai
2026-05-02 12:48:08,371 [INFO] IPUIPlugin:80 - create IPUIPlugin
2026-05-02 12:48:08,371 [INFO] PluginManager:220 - loadIPPluginJar : add spi
2026-05-02 12:48:08,468 [INFO] IPUIPlugin:80 - create IPUIPlugin
2026-05-02 12:48:08,468 [INFO] PluginManager:220 - loadIPPluginJar : add stm32_wpan
2026-05-02 12:48:08,498 [INFO] IPUIPlugin:80 - create IPUIPlugin
2026-05-02 12:48:08,498 [INFO] PluginManager:220 - loadIPPluginJar : add tim
2026-05-02 12:48:08,571 [INFO] IPUIPlugin:80 - create IPUIPlugin
2026-05-02 12:48:08,571 [INFO] PluginManager:220 - loadIPPluginJar : add touchsensing
2026-05-02 12:48:08,600 [INFO] IPUIPlugin:80 - create IPUIPlugin
2026-05-02 12:48:08,601 [INFO] PluginManager:220 - loadIPPluginJar : add tracer_emb
2026-05-02 12:48:08,628 [INFO] IPUIPlugin:80 - create IPUIPlugin
2026-05-02 12:48:08,628 [INFO] PluginManager:220 - loadIPPluginJar : add ts
2026-05-02 12:48:08,656 [INFO] IPUIPlugin:80 - create IPUIPlugin
2026-05-02 12:48:08,656 [INFO] PluginManager:220 - loadIPPluginJar : add tsc
2026-05-02 12:48:08,685 [INFO] IPUIPlugin:80 - create IPUIPlugin
2026-05-02 12:48:08,686 [INFO] PluginManager:220 - loadIPPluginJar : add ucpd
2026-05-02 12:48:08,744 [INFO] IPUIPlugin:80 - create IPUIPlugin
2026-05-02 12:48:08,744 [INFO] PluginManager:220 - loadIPPluginJar : add usart
2026-05-02 12:48:08,801 [INFO] IPUIPlugin:80 - create IPUIPlugin
2026-05-02 12:48:08,801 [INFO] PluginManager:220 - loadIPPluginJar : add usbx
2026-05-02 12:48:08,830 [INFO] ThirdPartyUpdaterWithRetryManager:70 - Updater plugin not ready yet. [2/15]
2026-05-02 12:48:08,956 [FATAL] Updater:351 - Updater called before beeing initialized
2026-05-02 12:48:08,983 [INFO] RulesReader:64 - Compatibility file has been processed (317 Rules)
2026-05-02 12:48:08,994 [INFO] RulesReader:64 - Compatibility file has been processed (317 Rules)
2026-05-02 12:48:09,004 [INFO] CADModel:165 - CPN selected for project level
2026-05-02 12:48:09,004 [INFO] CADModel:114 - Register for checkConnection events
2026-05-02 12:48:09,004 [FATAL] Updater:351 - Updater called before beeing initialized
2026-05-02 12:48:09,005 [ERROR] CADModel:125 - Updater not yet initialized, retry later 
2026-05-02 12:48:09,188 [FATAL] Updater:351 - Updater called before beeing initialized
2026-05-02 12:48:09,190 [INFO] CADModel:165 - CPN selected for project level
2026-05-02 12:48:09,190 [INFO] CADModel:114 - Register for checkConnection events
2026-05-02 12:48:09,190 [FATAL] Updater:351 - Updater called before beeing initialized
2026-05-02 12:48:09,190 [ERROR] CADModel:125 - Updater not yet initialized, retry later 
2026-05-02 12:48:09,193 [FATAL] Updater:351 - Updater called before beeing initialized
2026-05-02 12:48:09,319 [FATAL] Updater:351 - Updater called before beeing initialized
2026-05-02 12:48:09,332 [INFO] DbMcusAds:53 - JSON generation date=Mon Apr 27 10:14:29 CEST 2026 (1777277669683)
2026-05-02 12:48:09,332 [FATAL] Updater:351 - Updater called before beeing initialized
2026-05-02 12:48:09,417 [WARN] DetailPanel:346 - Failed to get advertising image, set to default
2026-05-02 12:48:09,500 [FATAL] Updater:351 - Updater called before beeing initialized
2026-05-02 12:48:09,501 [FATAL] Updater:351 - Updater called before beeing initialized
2026-05-02 12:48:09,502 [FATAL] Updater:351 - Updater called before beeing initialized
2026-05-02 12:48:09,502 [WARN] DetailPanel:346 - Failed to get advertising image, set to default
2026-05-02 12:48:09,502 [FATAL] Updater:351 - Updater called before beeing initialized
2026-05-02 12:48:09,567 [ERROR] Updater:1198 - MainUpdater not yet initialized. External WinMGr cannot be set.
2026-05-02 12:48:09,580 [INFO] Updater:1134 - Updater Version found : 6.15.0
2026-05-02 12:48:09,600 [INFO] ApplicationProperties:184 - Using Application install path: D:\Programy\STM32CubeIDE_1.19.0\STM32CubeIDE\plugins\com.st.stm32cube.common.mx_6.15.0.202507011659
2026-05-02 12:48:11,215 [ERROR] LogOutputStream:75 - [STDERR_REDIRECT] May 02, 2026 12:48:11 PM java.util.prefs.WindowsPreferences <init>
2026-05-02 12:48:11,216 [ERROR] LogOutputStream:75 - [STDERR_REDIRECT] WARNING: Could not open/create prefs root node Software\JavaSoft\Prefs at root 0xffffffff80000002. Windows RegCreateKeyEx(...) returned error code 5.
2026-05-02 12:48:11,217 [ERROR] LogOutputStream:75 - [STDERR_REDIRECT] 
2026-05-02 12:48:11,614 [INFO] MainUpdater:2872 - connection check result : 10
2026-05-02 12:48:11,616 [INFO] MainUpdater:289 - Updater Check For Update Now.
2026-05-02 12:48:11,617 [INFO] MicroXplorer:498 - Change Database Version : DB.6.0.150
2026-05-02 12:48:11,674 [INFO] McuFinderGlobals:63 - Set McuFinder mode to 2 (CubeIDE integrated)
2026-05-02 12:48:11,687 [INFO] UserAuth:487 - Internet connection configuration mode: 1
2026-05-02 12:48:11,766 [INFO] JxBrowserEngine:152 - Initiate JxBrowser Engine with user profile folder
2026-05-02 12:48:11,835 [WARN] MainUpdater:1193 - Updater busy. Cannot search thirdparties
2026-05-02 12:48:11,835 [INFO] ThirdPartyUpdaterWithRetryManager:96 - Updater plugin is busy. [1/15]
2026-05-02 12:48:11,947 [INFO] CheckServerUpdateThread:120 - End of CheckServer Thread
2026-05-02 12:48:13,637 [INFO] WebApp:169 - Instantiating new browser for Auth
2026-05-02 12:48:14,500 [INFO] WebApp:463 - Apply proxy settings
2026-05-02 12:48:14,501 [INFO] WebApp:548 - Chromium requires no authentication
2026-05-02 12:48:14,512 [INFO] WebApp:491 - Direct internet connection detected
2026-05-02 12:48:14,540 [INFO] WebApp:900 - Register for checkConnection events
2026-05-02 12:48:14,540 [INFO] WebApp:463 - Apply proxy settings
2026-05-02 12:48:14,540 [INFO] WebApp:548 - Chromium requires no authentication
2026-05-02 12:48:14,541 [INFO] WebApp:491 - Direct internet connection detected
2026-05-02 12:48:14,748 [INFO] WebApp:225 - Starting web application
2026-05-02 12:48:14,748 [INFO] WebApp:593 - Web application path used D:\Programy\STM32CubeIDE_1.19.0\STM32CubeIDE\plugins\com.st.stm32cube.common.mx_6.15.0.202507011659\db\plugins\mcufinder\reactClient1\index.html
2026-05-02 12:48:14,786 [INFO] WebApp:191 - Connection restablished
2026-05-02 12:48:15,012 [INFO] UserAuth:487 - Internet connection configuration mode: 1
2026-05-02 12:48:15,510 [WARN] PackLoader:240 - Cannot read IP mode file for STMicroelectronics.X-CUBE-AZRTOS-H7.3.5.0
2026-05-02 12:48:15,539 [WARN] PackLoader:240 - Cannot read IP mode file for STMicroelectronics.FP-SNS-MOTENVWB1.1.4.0
2026-05-02 12:48:15,559 [WARN] PackLoader:240 - Cannot read IP mode file for STMicroelectronics.FP-ATR-ASTRA1.2.0.2
2026-05-02 12:48:15,577 [WARN] PackLoader:240 - Cannot read IP mode file for STMicroelectronics.X-CUBE-SMBUS.2.1.0
2026-05-02 12:48:15,594 [WARN] PackLoader:240 - Cannot read IP mode file for STMicroelectronics.X-CUBE-ST60.1.0.0
2026-05-02 12:48:15,642 [WARN] PackLoader:240 - Cannot read IP mode file for STMicroelectronics.X-CUBE-AZRTOS-F7.1.1.0
2026-05-02 12:48:15,671 [WARN] PackLoader:240 - Cannot read IP mode file for STMicroelectronics.X-CUBE-BLE1.6.2.4
2026-05-02 12:48:15,709 [WARN] PackLoader:240 - Cannot read IP mode file for STMicroelectronics.FP-SNS-MOTENV1.5.1.0
2026-05-02 12:48:15,745 [WARN] PackLoader:240 - Cannot read IP mode file for WES.I-CUBE-Cesium.1.4.0
2026-05-02 12:48:15,785 [WARN] PackLoader:240 - Cannot read IP mode file for Infineon.AIROC-Wi-Fi-Bluetooth-STM32.1.7.1
2026-05-02 12:48:15,830 [WARN] PackLoader:240 - Cannot read IP mode file for STMicroelectronics.X-CUBE-AZRTOS-H7.3.4.0
2026-05-02 12:48:15,858 [WARN] PackLoader:240 - Cannot read IP mode file for STMicroelectronics.X-CUBE-DISPLAY.3.0.0
2026-05-02 12:48:15,894 [WARN] PackLoader:240 - Cannot read IP mode file for STMicroelectronics.X-CUBE-GNSS1.7.1.1
2026-05-02 12:48:15,910 [WARN] PackLoader:240 - Cannot read IP mode file for STMicroelectronics.FP-SNS-MOTENVWB1.1.5.0
2026-05-02 12:48:15,927 [WARN] PackLoader:240 - Cannot read IP mode file for STMicroelectronics.X-CUBE-NFC10.1.0.0
2026-05-02 12:48:15,945 [WARN] PackLoader:240 - Cannot read IP mode file for STMicroelectronics.X-CUBE-ST60.1.1.0
2026-05-02 12:48:15,963 [WARN] PackLoader:240 - Cannot read IP mode file for emotas.I-CUBE-CANOPEN.1.3.0
2026-05-02 12:48:15,979 [WARN] PackLoader:240 - Cannot read IP mode file for STMicroelectronics.X-CUBE-GNSS1.7.1.0
2026-05-02 12:48:16,000 [WARN] PackLoader:240 - Cannot read IP mode file for STMicroelectronics.FP-SNS-STBOX1.2.1.0
2026-05-02 12:48:16,020 [WARN] PackLoader:240 - Cannot read IP mode file for STMicroelectronics.FP-SNS-SMARTAG2.1.2.0
2026-05-02 12:48:16,039 [WARN] PackLoader:240 - Cannot read IP mode file for STMicroelectronics.FP-SNS-FLIGHT1.5.1.0
2026-05-02 12:48:16,064 [INFO] LogOutputStream:77 - [STDOUT_REDIRECT] 1 : Invalid condition id : UX_CORESTACK_Condition cause : null
2026-05-02 12:48:16,066 [INFO] LogOutputStream:77 - [STDOUT_REDIRECT] 1 : Invalid condition id : UX_CORESTACK_Condition cause : null
2026-05-02 12:48:16,067 [INFO] LogOutputStream:77 - [STDOUT_REDIRECT] 1 : Invalid condition id : UX_CORESTACK_Condition cause : null
2026-05-02 12:48:16,068 [INFO] LogOutputStream:77 - [STDOUT_REDIRECT] 1 : Invalid condition id : UX_CORESTACK_Condition cause : null
2026-05-02 12:48:16,069 [INFO] LogOutputStream:77 - [STDOUT_REDIRECT] 1 : Invalid condition id : UX_CORESTACK_Condition cause : null
2026-05-02 12:48:16,071 [WARN] PackLoader:240 - Cannot read IP mode file for STMicroelectronics.X-CUBE-AZRTOS-WL.2.0.0
2026-05-02 12:48:16,089 [WARN] PackLoader:240 - Cannot read IP mode file for STMicroelectronics.FP-SNS-MOTENV1.5.0.0
2026-05-02 12:48:16,119 [WARN] PackLoader:240 - Cannot read IP mode file for STMicroelectronics.X-CUBE-AZRTOS-H7RS.1.2.0
2026-05-02 12:48:16,138 [WARN] PackLoader:240 - Cannot read IP mode file for STMicroelectronics.X-CUBE-BLE2.3.3.0
2026-05-02 12:48:16,199 [WARN] PackLoader:240 - Cannot read IP mode file for STMicroelectronics.X-CUBE-TOF1.3.2.0
2026-05-02 12:48:16,224 [WARN] PackLoader:240 - Cannot read IP mode file for STMicroelectronics.X-CUBE-NFC9.1.0.0
2026-05-02 12:48:16,239 [WARN] PackLoader:240 - Cannot read IP mode file for wolfSSL.I-CUBE-wolfSSL.5.8.2
2026-05-02 12:48:16,254 [WARN] PackLoader:240 - Cannot read IP mode file for STMicroelectronics.X-CUBE-BLE1.7.1.0
2026-05-02 12:48:16,266 [WARN] PackLoader:240 - Cannot read IP mode file for wolfSSL.I-CUBE-wolfMQTT.1.19.2
2026-05-02 12:48:16,281 [WARN] PackLoader:240 - Cannot read IP mode file for STMicroelectronics.X-CUBE-FREERTOS.1.4.0
2026-05-02 12:48:16,297 [WARN] PackLoader:240 - Cannot read IP mode file for STMicroelectronics.X-CUBE-EEPRMA1.5.2.0
2026-05-02 12:48:16,313 [WARN] PackLoader:240 - Cannot read IP mode file for STMicroelectronics.X-CUBE-TOUCHGFX.4.21.1
2026-05-02 12:48:16,328 [WARN] PackLoader:240 - Cannot read IP mode file for STMicroelectronics.X-CUBE-ST67W61.1.1.0
2026-05-02 12:48:16,344 [WARN] PackLoader:240 - Cannot read IP mode file for STMicroelectronics.FP-SNS-STAIOTCFT.1.1.0
2026-05-02 12:48:16,396 [WARN] PackLoader:240 - Cannot read IP mode file for STMicroelectronics.X-CUBE-MEMS1.12.0.0
2026-05-02 12:48:16,476 [WARN] PackLoader:240 - Cannot read IP mode file for STMicroelectronics.X-CUBE-ALGOBUILD.1.3.0
2026-05-02 12:48:16,502 [WARN] PackLoader:240 - Cannot read IP mode file for STMicroelectronics.X-CUBE-AZRTOS-G0.1.1.0
2026-05-02 12:48:16,521 [WARN] PackLoader:240 - Cannot read IP mode file for STMicroelectronics.X-CUBE-SAFEA1.1.2.2
2026-05-02 12:48:16,541 [WARN] PackLoader:240 - Cannot read IP mode file for STMicroelectronics.X-CUBE-NFC4.3.0.0
2026-05-02 12:48:16,565 [WARN] PackLoader:240 - Cannot read IP mode file for EmbeddedOffice.I-CUBE-FS-RTOS.1.0.1
2026-05-02 12:48:16,589 [WARN] PackLoader:240 - Cannot read IP mode file for STMicroelectronics.X-CUBE-WB05N.2.0.0
2026-05-02 12:48:16,617 [WARN] PackLoader:240 - Cannot read IP mode file for wolfSSL.I-CUBE-wolfTPM.3.8.0
2026-05-02 12:48:16,648 [WARN] PackLoader:240 - Cannot read IP mode file for STMicroelectronics.X-CUBE-BLEMGR.1.3.0
2026-05-02 12:48:16,682 [WARN] PackLoader:240 - Cannot read IP mode file for STMicroelectronics.X-CUBE-TCPP.4.2.0
2026-05-02 12:48:16,718 [WARN] PackLoader:240 - Cannot read IP mode file for RealThread.X-CUBE-RT-Thread_Nano.4.1.1
2026-05-02 12:48:16,766 [WARN] PackLoader:240 - Cannot read IP mode file for STMicroelectronics.FP-ATR-SIGFOX1.3.2.0
2026-05-02 12:48:16,840 [WARN] PackLoader:240 - Cannot read IP mode file for STMicroelectronics.X-CUBE-FREERTOS.1.5.0
2026-05-02 12:48:16,883 [WARN] PackLoader:240 - Cannot read IP mode file for ITTIA_DB.I-CUBE-ITTIADB.8.9.0
2026-05-02 12:48:16,915 [WARN] PackLoader:240 - Cannot read IP mode file for STMicroelectronics.X-CUBE-NFC6.3.2.0
2026-05-02 12:48:16,979 [WARN] PackLoader:240 - Cannot read IP mode file for STMicroelectronics.X-CUBE-MEMS1.9.5.0
2026-05-02 12:48:17,089 [WARN] PackLoader:240 - Cannot read IP mode file for STMicroelectronics.X-CUBE-ST67W61.1.0.0
2026-05-02 12:48:17,111 [WARN] PackLoader:240 - Cannot read IP mode file for STMicroelectronics.X-CUBE-AI.10.2.0
2026-05-02 12:48:17,185 [WARN] PackLoader:240 - Cannot read IP mode file for STMicroelectronics.X-CUBE-MEMS1.12.1.0
2026-05-02 12:48:17,363 [WARN] PackLoader:240 - Cannot read IP mode file for SEGGER.I-CUBE-embOS.1.3.1
2026-05-02 12:48:17,418 [WARN] PackLoader:240 - Cannot read IP mode file for STMicroelectronics.X-CUBE-ALGOBUILD.1.4.0
2026-05-02 12:48:17,502 [WARN] PackLoader:240 - Cannot read IP mode file for STMicroelectronics.X-CUBE-MEMS1.11.3.0
2026-05-02 12:48:17,633 [WARN] PackLoader:240 - Cannot read IP mode file for STMicroelectronics.X-CUBE-PM33A1.1.0.0
2026-05-02 12:48:17,658 [WARN] PackLoader:240 - Cannot read IP mode file for STMicroelectronics.X-CUBE-GNSS1.6.0.0
2026-05-02 12:48:17,699 [WARN] PackLoader:240 - Cannot read IP mode file for STMicroelectronics.X-CUBE-AZRTOS-F4.1.1.0
2026-05-02 12:48:17,726 [WARN] PackLoader:240 - Cannot read IP mode file for Avnet-IotConnect.X-CUBE-IoTC-DA16k-PMOD.1.0.0
2026-05-02 12:48:17,751 [WARN] PackLoader:240 - Cannot read IP mode file for STMicroelectronics.X-CUBE-ISPU.2.1.0
2026-05-02 12:48:17,823 [WARN] PackLoader:240 - Cannot read IP mode file for STMicroelectronics.X-CUBE-IPS.3.2.0
2026-05-02 12:48:17,855 [WARN] PackLoader:240 - Cannot read IP mode file for STMicroelectronics.eDS-WB_DPC_TT-BIDIR.2.1.1
2026-05-02 12:48:17,879 [WARN] PackLoader:240 - Cannot read IP mode file for STMicroelectronics.X-CUBE-NFC12.1.0.0
2026-05-02 12:48:17,920 [WARN] PackLoader:240 - Cannot read IP mode file for STMicroelectronics.X-CUBE-AZRTOS-L5.2.0.0
2026-05-02 12:48:17,950 [WARN] PackLoader:240 - Cannot read IP mode file for STMicroelectronics.X-CUBE-NFC6.3.1.0
2026-05-02 12:48:17,973 [WARN] PackLoader:240 - Cannot read IP mode file for emotas.I-CUBE-CANOPEN.1.1.3
2026-05-02 12:48:17,993 [WARN] PackLoader:240 - Cannot read IP mode file for STMicroelectronics.eDS-WB_DPC_VIENNA.1.2.0
2026-05-02 12:48:18,011 [WARN] PackLoader:240 - Cannot read IP mode file for STMicroelectronics.eDS-WB_DPC_3PH2L-BIDIR.1.1.1
2026-05-02 12:48:18,031 [ERROR] Engine:466 - C:\Users\kujon\.stm32cubemx\thirdparties\pdsc\STMicroelectronics.X-CUBE-ST67W61.1.3.0.pdsc: PDSC version is not supported
2026-05-02 12:48:18,047 [WARN] PackLoader:240 - Cannot read IP mode file for wolfSSL.I-CUBE-wolfSSL.5.5.4
2026-05-02 12:48:18,067 [WARN] PackLoader:240 - Cannot read IP mode file for STMicroelectronics.X-CUBE-FREERTOS.1.3.1
2026-05-02 12:48:18,086 [WARN] PackLoader:240 - Cannot read IP mode file for STMicroelectronics.X-CUBE-NFC7.1.0.0
2026-05-02 12:48:18,107 [WARN] PackLoader:240 - Cannot read IP mode file for STMicroelectronics.X-CUBE-TOUCHGFX.4.26.0
2026-05-02 12:48:18,123 [WARN] PackLoader:240 - Cannot read IP mode file for STMicroelectronics.X-CUBE-TOUCHGFX.4.26.1
2026-05-02 12:48:18,137 [WARN] PackLoader:240 - Cannot read IP mode file for STMicroelectronics.X-CUBE-EEPRMA1.4.1.0
2026-05-02 12:48:18,153 [WARN] PackLoader:240 - Cannot read IP mode file for STMicroelectronics.FP-SNS-STAIOTCFT.1.0.0
2026-05-02 12:48:18,168 [WARN] PackLoader:240 - Cannot read IP mode file for STMicroelectronics.X-CUBE-DPower.1.3.0
2026-05-02 12:48:18,195 [WARN] ConditionMgr:438 - getConditionDescription Invalid condition id : LAN8742 Phy interface Condition cause : null
2026-05-02 12:48:18,196 [WARN] PackLoader:240 - Cannot read IP mode file for STMicroelectronics.X-CUBE-AZRTOS-L4.2.0.0
2026-05-02 12:48:18,202 [WARN] ConditionMgr:1044 - genDependencies : Invalid condition id : LAN8742 Phy interface Condition cause : null
2026-05-02 12:48:18,204 [WARN] ConditionMgr:1044 - genDependencies : Invalid condition id : LAN8742 Phy interface Condition cause : null
2026-05-02 12:48:18,204 [WARN] ConditionMgr:1044 - genDependencies : Invalid condition id : LAN8742 Phy interface Condition cause : null
2026-05-02 12:48:18,225 [WARN] PackLoader:240 - Cannot read IP mode file for STMicroelectronics.X-CUBE-SFXS2LP1.4.0.0
2026-05-02 12:48:18,253 [WARN] PackLoader:240 - Cannot read IP mode file for STMicroelectronics.X-CUBE-AZRTOS-H7.3.0.0
2026-05-02 12:48:18,271 [WARN] PackLoader:240 - Cannot read IP mode file for STMicroelectronics.X-CUBE-WB05N.2.1.0
2026-05-02 12:48:18,287 [WARN] PackLoader:240 - Cannot read IP mode file for STMicroelectronics.X-CUBE-ST67W61.1.2.0
2026-05-02 12:48:18,301 [WARN] PackLoader:240 - Cannot read IP mode file for STMicroelectronics.X-CUBE-ISPU.1.1.0
2026-05-02 12:48:18,324 [WARN] PackLoader:240 - Cannot read IP mode file for RoweBots.I-CUBE-UNISONRTOS.5.5.0-4
2026-05-02 12:48:18,343 [WARN] PackLoader:240 - Cannot read IP mode file for STMicroelectronics.X-CUBE-BLEMGR.4.1.0
2026-05-02 12:48:18,359 [WARN] PackLoader:240 - Cannot read IP mode file for STMicroelectronics.X-CUBE-AI.8.0.0
2026-05-02 12:48:18,384 [WARN] ConditionMgr:438 - getConditionDescription Invalid condition id : UX DEVICE CLASS RTOS Condition cause : null
2026-05-02 12:48:18,384 [WARN] ConditionMgr:438 - getConditionDescription Invalid condition id : UX DEVICE CLASS RTOS Condition cause : null
2026-05-02 12:48:18,385 [WARN] PackLoader:240 - Cannot read IP mode file for STMicroelectronics.X-CUBE-AZRTOS-WB.2.0.0
2026-05-02 12:48:18,386 [WARN] ConditionMgr:1044 - genDependencies : Invalid condition id : UX DEVICE CLASS RTOS Condition cause : null
2026-05-02 12:48:18,386 [WARN] ConditionMgr:1044 - genDependencies : Invalid condition id : UX DEVICE CLASS RTOS Condition cause : null
2026-05-02 12:48:18,386 [WARN] ConditionMgr:1044 - genDependencies : Invalid condition id : UX DEVICE CLASS RTOS Condition cause : null
2026-05-02 12:48:18,386 [WARN] ConditionMgr:1044 - genDependencies : Invalid condition id : UX DEVICE CLASS RTOS Condition cause : null
2026-05-02 12:48:18,386 [WARN] ConditionMgr:1044 - genDependencies : Invalid condition id : UX DEVICE CLASS RTOS Condition cause : null
2026-05-02 12:48:18,402 [WARN] PackLoader:240 - Cannot read IP mode file for STMicroelectronics.X-CUBE-GNSS1.7.0.1
2026-05-02 12:48:18,419 [WARN] PackLoader:240 - Cannot read IP mode file for STMicroelectronics.X-CUBE-TOUCHGFX.4.25.0
2026-05-02 12:48:18,432 [WARN] ConditionMgr:438 - getConditionDescription Invalid condition id : Cortex-A Device cause : null
2026-05-02 12:48:18,453 [WARN] ConditionMgr:1044 - genDependencies : Invalid condition id : Cortex-A Device cause : null
2026-05-02 12:48:18,455 [WARN] ConditionMgr:1044 - genDependencies : Invalid condition id : Cortex-A Device cause : null
2026-05-02 12:48:18,455 [WARN] ConditionMgr:1044 - genDependencies : Invalid condition id : Cortex-A Device cause : null
2026-05-02 12:48:18,474 [WARN] PackLoader:240 - Cannot read IP mode file for STMicroelectronics.X-CUBE-STSE01.2.0.0
2026-05-02 12:48:18,500 [WARN] PackLoader:240 - Cannot read IP mode file for STMicroelectronics.X-CUBE-AZRTOS-L5.1.1.0
2026-05-02 12:48:18,526 [WARN] PackLoader:240 - Cannot read IP mode file for STMicroelectronics.X-CUBE-SUBG2.5.0.0
2026-05-02 12:48:18,558 [WARN] PackLoader:240 - Cannot read IP mode file for STMicroelectronics.X-CUBE-AZRTOS-H7RS.1.1.0
2026-05-02 12:48:18,577 [WARN] PackLoader:240 - Cannot read IP mode file for Cesanta.I-CUBE-Mongoose.7.13.0
2026-05-02 12:48:18,609 [WARN] PackLoader:240 - Cannot read IP mode file for STMicroelectronics.X-CUBE-AZRTOS-G4.2.0.0
2026-05-02 12:48:18,877 [WARN] PackLoader:240 - Cannot read IP mode file for STMicroelectronics.FP-ATR-ASTRA1.1.1.1
2026-05-02 12:48:18,892 [WARN] PackLoader:240 - Cannot read IP mode file for wolfSSL.I-CUBE-wolfSSH.1.4.20
2026-05-02 12:48:18,911 [WARN] PackLoader:240 - Cannot read IP mode file for STMicroelectronics.X-CUBE-NFC7.2.0.0
2026-05-02 12:48:18,937 [WARN] PackLoader:240 - Cannot read IP mode file for STMicroelectronics.X-CUBE-AZRTOS-G4.1.0.0
2026-05-02 12:48:18,964 [WARN] PackLoader:240 - Cannot read IP mode file for STMicroelectronics.X-CUBE-AZRTOS-L4.1.0.0
2026-05-02 12:48:18,985 [WARN] PackLoader:240 - Cannot read IP mode file for STMicroelectronics.X-CUBE-IPS.3.1.0
2026-05-02 12:48:19,005 [WARN] PackLoader:240 - Cannot read IP mode file for STMicroelectronics.X-CUBE-ALS.1.0.2
2026-05-02 12:48:19,027 [WARN] PackLoader:240 - Cannot read IP mode file for STMicroelectronics.X-CUBE-AZRTOS-WL.1.0.0
2026-05-02 12:48:19,046 [WARN] PackLoader:240 - Cannot read IP mode file for STMicroelectronics.X-CUBE-STSE01.1.0.0
2026-05-02 12:48:19,061 [WARN] PackLoader:240 - Cannot read IP mode file for portGmbH.I-Cube-SoM-uGOAL.1.1.0
2026-05-02 12:48:19,076 [WARN] PackLoader:240 - Cannot read IP mode file for STMicroelectronics.X-CUBE-ALS.1.0.1
2026-05-02 12:48:19,104 [WARN] PackLoader:240 - Cannot read IP mode file for STMicroelectronics.X-CUBE-AZRTOS-WB.1.1.0
2026-05-02 12:48:19,125 [WARN] PackLoader:240 - Cannot read IP mode file for STMicroelectronics.X-CUBE-TOF1.3.4.3
2026-05-02 12:48:19,135 [INFO] ThirdParty:978 - Integrity check success = true
2026-05-02 12:48:19,135 [INFO] IntegrityCheckThread:100 - exiting critical section [integrity check]
2026-05-02 12:48:19,135 [INFO] IntegrityCheckThread:103 - End integrity checks thread
2026-05-02 22:11:02,383 [ERROR] LogOutputStream:75 - [STDERR_REDIRECT] 
