2025-12-08 16:39:51,104 [INFO] Activator:176 - 


2025-12-08 16:39:51,110 [INFO] Activator:177 - !SESSION log4j initialized
2025-12-08 16:40:01,255 [INFO] LogOutputStream:77 - [STDOUT_REDIRECT] 
2025-12-08 16:40:05,190 [INFO] ApplicationProperties:184 - Using Application install path: D:\Programy\STM32CubeIDE_1.19.0\STM32CubeIDE\plugins\com.st.stm32cube.common.mx_6.15.0.202507011659
2025-12-08 16:40:05,216 [INFO] DbMcusXml:78 - Set database path to: D:\Programy\STM32CubeIDE_1.19.0\STM32CubeIDE\plugins\com.st.stm32cube.common.mx_6.15.0.202507011659\\db\/mcu/
2025-12-08 16:40:05,216 [INFO] ApiDb:274 - Set plugin database path to: D:\Programy\STM32CubeIDE_1.19.0\STM32CubeIDE\plugins\com.st.stm32cube.common.mx_6.15.0.202507011659\\db\/plugins/boardmanager/
2025-12-08 16:40:05,216 [WARN] ApiDb:259 - Overriding images path with different value:  => D:\Programy\STM32CubeIDE_1.19.0\STM32CubeIDE\plugins\com.st.stm32cube.common.mx_6.15.0.202507011659\\db\/plugins/mcufinder/images/
2025-12-08 16:40:05,225 [INFO] ApiDb:250 - Set database path to: C:\Users\kujon\.stmcufinder\plugins\mcufinder//mcu/
2025-12-08 16:40:05,226 [INFO] DbMcusAds:125 - Set database path to: C:\Users\kujon\.stmcufinder\plugins\mcufinder//mcu/
2025-12-08 16:40:05,229 [INFO] CrossReferenceDbSqlite:203 - Set database path to: C:\Users\kujon\.stmcufinder\plugins\mcufinder//mcu/cs/
2025-12-08 16:40:05,393 [INFO] RulesReader:64 - Compatibility file has been processed (317 Rules)
2025-12-08 16:40:05,519 [INFO] DbMcusXml:78 - Set database path to: D:\Programy\STM32CubeIDE_1.19.0\STM32CubeIDE\plugins\com.st.stm32cube.common.mx_6.15.0.202507011659\\db\/mcu/
2025-12-08 16:40:05,519 [INFO] ApiDb:274 - Set plugin database path to: D:\Programy\STM32CubeIDE_1.19.0\STM32CubeIDE\plugins\com.st.stm32cube.common.mx_6.15.0.202507011659\\db\/plugins/boardmanager/
2025-12-08 16:40:05,519 [INFO] ApiDb:261 - Set plugin images path to: D:\Programy\STM32CubeIDE_1.19.0\STM32CubeIDE\plugins\com.st.stm32cube.common.mx_6.15.0.202507011659\\db\/plugins/mcufinder/images/
2025-12-08 16:40:05,519 [WARN] DbFile:41 - Overriding database path with different value: C:\Users\kujon\.stmcufinder\plugins\mcufinder/ => C:\Users\kujon\.stmcufinder\plugins\mcufinder
2025-12-08 16:40:05,519 [INFO] ApiDb:250 - Set database path to: C:\Users\kujon\.stmcufinder\plugins\mcufinder//mcu/
2025-12-08 16:40:05,519 [WARN] DbFile:41 - Overriding database path with different value: C:\Users\kujon\.stmcufinder\plugins\mcufinder/ => C:\Users\kujon\.stmcufinder\plugins\mcufinder
2025-12-08 16:40:05,520 [INFO] DbMcusAds:125 - Set database path to: C:\Users\kujon\.stmcufinder\plugins\mcufinder//mcu/
2025-12-08 16:40:05,520 [WARN] DbFile:41 - Overriding database path with different value: C:\Users\kujon\.stmcufinder\plugins\mcufinder/ => C:\Users\kujon\.stmcufinder\plugins\mcufinder
2025-12-08 16:40:05,520 [WARN] DbFile:41 - Overriding database path with different value: C:\Users\kujon\.stmcufinder\plugins\mcufinder/ => C:\Users\kujon\.stmcufinder\plugins\mcufinder
2025-12-08 16:40:05,520 [INFO] CrossReferenceDbSqlite:203 - Set database path to: C:\Users\kujon\.stmcufinder\plugins\mcufinder//mcu/cs/
2025-12-08 16:40:05,633 [INFO] MainPanel:274 - HeapMemory: 268435456
2025-12-08 16:40:05,800 [INFO] DbMcusXml:78 - Set database path to: D:\Programy\STM32CubeIDE_1.19.0\STM32CubeIDE\plugins\com.st.stm32cube.common.mx_6.15.0.202507011659\\db\/mcu/
2025-12-08 16:40:05,800 [INFO] ApiDb:274 - Set plugin database path to: D:\Programy\STM32CubeIDE_1.19.0\STM32CubeIDE\plugins\com.st.stm32cube.common.mx_6.15.0.202507011659\\db\/plugins/boardmanager/
2025-12-08 16:40:05,800 [INFO] ApiDb:261 - Set plugin images path to: D:\Programy\STM32CubeIDE_1.19.0\STM32CubeIDE\plugins\com.st.stm32cube.common.mx_6.15.0.202507011659\\db\/plugins/mcufinder/images/
2025-12-08 16:40:05,801 [WARN] DbFile:41 - Overriding database path with different value: C:\Users\kujon\.stmcufinder\plugins\mcufinder/ => C:\Users\kujon\.stmcufinder\plugins\mcufinder
2025-12-08 16:40:05,801 [INFO] ApiDb:250 - Set database path to: C:\Users\kujon\.stmcufinder\plugins\mcufinder//mcu/
2025-12-08 16:40:05,801 [WARN] DbFile:41 - Overriding database path with different value: C:\Users\kujon\.stmcufinder\plugins\mcufinder/ => C:\Users\kujon\.stmcufinder\plugins\mcufinder
2025-12-08 16:40:05,801 [INFO] DbMcusAds:125 - Set database path to: C:\Users\kujon\.stmcufinder\plugins\mcufinder//mcu/
2025-12-08 16:40:05,801 [WARN] DbFile:41 - Overriding database path with different value: C:\Users\kujon\.stmcufinder\plugins\mcufinder/ => C:\Users\kujon\.stmcufinder\plugins\mcufinder
2025-12-08 16:40:05,801 [WARN] DbFile:41 - Overriding database path with different value: C:\Users\kujon\.stmcufinder\plugins\mcufinder/ => C:\Users\kujon\.stmcufinder\plugins\mcufinder
2025-12-08 16:40:05,802 [INFO] CrossReferenceDbSqlite:203 - Set database path to: C:\Users\kujon\.stmcufinder\plugins\mcufinder//mcu/cs/
2025-12-08 16:40:05,822 [INFO] ApplicationProperties:184 - Using Application install path: D:\Programy\STM32CubeIDE_1.19.0\STM32CubeIDE\plugins\com.st.stm32cube.common.mx_6.15.0.202507011659
2025-12-08 16:40:05,824 [INFO] PluginManage:196 - Search for loadable plugins [exclusion list=, ]
2025-12-08 16:40:05,826 [INFO] PluginManage:310 - Check plugin analytics
2025-12-08 16:40:06,078 [INFO] AnalyticsPlugin:253 - Accepted Software Licenses: 
2025-12-08 16:40:06,078 [INFO] AnalyticsPlugin:255 - Accepted CMSIS Pack Licenses: 
2025-12-08 16:40:06,078 [INFO] AnalyticsPlugin:257 - Accepted Firmware Licenses: 
2025-12-08 16:40:06,081 [INFO] PluginManage:359 - Loaded plugin analytics (category:tool,tabindex:-1)
2025-12-08 16:40:06,081 [INFO] PluginManage:310 - Check plugin cadmodel
2025-12-08 16:40:06,108 [INFO] CADModel:105 - Init CAD model plugin
2025-12-08 16:40:06,109 [INFO] PluginManage:359 - Loaded plugin cadmodel (category:power,tabindex:5)
2025-12-08 16:40:06,109 [INFO] PluginManage:310 - Check plugin clock
2025-12-08 16:40:06,142 [INFO] PluginManage:359 - Loaded plugin clock (category:base,tabindex:2)
2025-12-08 16:40:06,142 [INFO] PluginManage:310 - Check plugin ddr
2025-12-08 16:40:06,144 [INFO] PluginManage:359 - Loaded plugin ddr (category:tool,tabindex:6)
2025-12-08 16:40:06,145 [INFO] PluginManage:310 - Check plugin filemanager
2025-12-08 16:40:06,326 [INFO] PluginManage:359 - Loaded plugin filemanager (category:base,tabindex:10)
2025-12-08 16:40:06,326 [INFO] PluginManage:310 - Check plugin ipmanager
2025-12-08 16:40:06,338 [INFO] PluginManage:359 - Loaded plugin ipmanager (category:base,tabindex:5)
2025-12-08 16:40:06,340 [INFO] PluginManage:310 - Check plugin lpbam
2025-12-08 16:40:06,368 [INFO] PluginManage:359 - Loaded plugin lpbam (category:base,tabindex:0)
2025-12-08 16:40:06,368 [INFO] PluginManage:310 - Check plugin memorymap
2025-12-08 16:40:06,401 [INFO] PluginManage:359 - Loaded plugin memorymap (category:base,tabindex:4)
2025-12-08 16:40:06,401 [INFO] PluginManage:310 - Check plugin pinoutandconfiguration
2025-12-08 16:40:06,432 [INFO] PluginManage:359 - Loaded plugin pinoutandconfiguration (category:base,tabindex:1)
2025-12-08 16:40:06,432 [INFO] PluginManage:310 - Check plugin pinoutconfig
2025-12-08 16:40:06,570 [WARN] SupportedApi:132 - Cannot load RTOS API schema: s4s-elt-must-match.1: The content of 'definitions' must match (annotation?, (simpleType | complexType)?, (unique | key | keyref)*)). A problem was found starting at: attribute.
2025-12-08 16:40:06,770 [INFO] PluginManage:359 - Loaded plugin pinoutconfig (category:base,tabindex:0)
2025-12-08 16:40:06,770 [INFO] PluginManage:310 - Check plugin power
2025-12-08 16:40:06,805 [INFO] PluginManage:359 - Loaded plugin power (category:power,tabindex:4)
2025-12-08 16:40:06,806 [INFO] PluginManage:310 - Check plugin projectmanager
2025-12-08 16:40:06,821 [INFO] PluginManage:359 - Loaded plugin projectmanager (category:projectmanager,tabindex:4)
2025-12-08 16:40:06,822 [INFO] PluginManage:310 - Check plugin rif
2025-12-08 16:40:06,860 [INFO] PluginManage:359 - Loaded plugin rif (category:base,tabindex:3)
2025-12-08 16:40:06,861 [INFO] PluginManage:310 - Check plugin thirdparty
2025-12-08 16:40:07,370 [INFO] PluginManage:359 - Loaded plugin thirdparty (category:base,tabindex:-1)
2025-12-08 16:40:07,370 [WARN] IntegrityCheckThread:84 - waiting for thirdparty lock release [integrity check]
2025-12-08 16:40:07,370 [INFO] PluginManage:310 - Check plugin tools
2025-12-08 16:40:07,370 [INFO] IntegrityCheckThread:86 - entering critical section [integrity check]
2025-12-08 16:40:07,371 [INFO] ThirdPartyUpdaterWithRetryManager:70 - Updater plugin not ready yet. [1/15]
2025-12-08 16:40:07,445 [INFO] PluginManage:359 - Loaded plugin tools (category:base,tabindex:7)
2025-12-08 16:40:07,445 [INFO] PluginManage:310 - Check plugin tutovideos
2025-12-08 16:40:07,774 [INFO] PluginManage:359 - Loaded plugin tutovideos (category:base,tabindex:-1)
2025-12-08 16:40:07,774 [INFO] PluginManage:310 - Check plugin updater
2025-12-08 16:40:07,804 [INFO] PluginManage:359 - Loaded plugin updater (category:base,tabindex:12)
2025-12-08 16:40:07,804 [INFO] PluginManage:310 - Check plugin userauth
2025-12-08 16:40:07,810 [INFO] UserAuth:118 - Init User Auth plugin
2025-12-08 16:40:07,811 [INFO] PluginManage:359 - Loaded plugin userauth (category:base,tabindex:14)
2025-12-08 16:40:07,812 [INFO] PluginManage:283 - PluginManage : Loaded plugins [18]
2025-12-08 16:40:08,108 [INFO] PinOutPanel:1589 - setPackage(No Configuration,No Configuration)
2025-12-08 16:40:08,231 [INFO] CADModel:165 - CPN selected for project level
2025-12-08 16:40:08,231 [INFO] CADModel:114 - Register for checkConnection events
2025-12-08 16:40:08,272 [INFO] IPUIPlugin:80 - create IPUIPlugin
2025-12-08 16:40:08,272 [INFO] PluginManager:220 - loadIPPluginJar : add adc
2025-12-08 16:40:08,341 [INFO] IPUIPlugin:80 - create IPUIPlugin
2025-12-08 16:40:08,342 [INFO] PluginManager:220 - loadIPPluginJar : add aes
2025-12-08 16:40:08,439 [INFO] IPUIPlugin:80 - create IPUIPlugin
2025-12-08 16:40:08,439 [INFO] PluginManager:220 - loadIPPluginJar : add can
2025-12-08 16:40:08,500 [INFO] IPUIPlugin:80 - create IPUIPlugin
2025-12-08 16:40:08,501 [INFO] PluginManager:220 - loadIPPluginJar : add comp
2025-12-08 16:40:08,564 [INFO] IPUIPlugin:80 - create IPUIPlugin
2025-12-08 16:40:08,565 [INFO] PluginManager:220 - loadIPPluginJar : add cryp
2025-12-08 16:40:08,597 [INFO] IPUIPlugin:80 - create IPUIPlugin
2025-12-08 16:40:08,597 [INFO] PluginManager:220 - loadIPPluginJar : add ddr_ctrl_phy
2025-12-08 16:40:08,649 [INFO] IPUIPlugin:80 - create IPUIPlugin
2025-12-08 16:40:08,649 [INFO] PluginManager:220 - loadIPPluginJar : add dfsdm
2025-12-08 16:40:08,690 [INFO] IPUIPlugin:80 - create IPUIPlugin
2025-12-08 16:40:08,690 [INFO] PluginManager:220 - loadIPPluginJar : add dma
2025-12-08 16:40:08,775 [INFO] IPUIPlugin:80 - create IPUIPlugin
2025-12-08 16:40:08,775 [INFO] PluginManager:220 - loadIPPluginJar : add dma3
2025-12-08 16:40:08,867 [INFO] IPUIPlugin:80 - create IPUIPlugin
2025-12-08 16:40:08,867 [INFO] PluginManager:220 - loadIPPluginJar : add extmemmanager
2025-12-08 16:40:08,922 [INFO] IPUIPlugin:80 - create IPUIPlugin
2025-12-08 16:40:08,922 [INFO] PluginManager:220 - loadIPPluginJar : add fatfs
2025-12-08 16:40:09,008 [INFO] IPUIPlugin:80 - create IPUIPlugin
2025-12-08 16:40:09,008 [INFO] PluginManager:220 - loadIPPluginJar : add fmc
2025-12-08 16:40:09,038 [INFO] IPUIPlugin:80 - create IPUIPlugin
2025-12-08 16:40:09,038 [INFO] PluginManager:220 - loadIPPluginJar : add freertos
2025-12-08 16:40:09,086 [INFO] IPUIPlugin:80 - create IPUIPlugin
2025-12-08 16:40:09,087 [INFO] PluginManager:220 - loadIPPluginJar : add genericplugin
2025-12-08 16:40:09,275 [INFO] IPUIPlugin:80 - create IPUIPlugin
2025-12-08 16:40:09,275 [INFO] PluginManager:220 - loadIPPluginJar : add gfxmmu
2025-12-08 16:40:09,549 [INFO] IPUIPlugin:80 - create IPUIPlugin
2025-12-08 16:40:09,549 [INFO] PluginManager:220 - loadIPPluginJar : add gic
2025-12-08 16:40:09,576 [INFO] IPUIPlugin:80 - create IPUIPlugin
2025-12-08 16:40:09,577 [INFO] PluginManager:220 - loadIPPluginJar : add gpio
2025-12-08 16:40:09,740 [INFO] IPUIPlugin:80 - create IPUIPlugin
2025-12-08 16:40:09,740 [INFO] PluginManager:220 - loadIPPluginJar : add gtzc
2025-12-08 16:40:09,809 [INFO] IPUIPlugin:80 - create IPUIPlugin
2025-12-08 16:40:09,809 [INFO] PluginManager:220 - loadIPPluginJar : add hash
2025-12-08 16:40:09,909 [INFO] IPUIPlugin:80 - create IPUIPlugin
2025-12-08 16:40:09,909 [INFO] PluginManager:220 - loadIPPluginJar : add i2c
2025-12-08 16:40:09,987 [INFO] IPUIPlugin:80 - create IPUIPlugin
2025-12-08 16:40:09,987 [INFO] PluginManager:220 - loadIPPluginJar : add i2s
2025-12-08 16:40:10,067 [INFO] IPUIPlugin:80 - create IPUIPlugin
2025-12-08 16:40:10,067 [INFO] PluginManager:220 - loadIPPluginJar : add i3c
2025-12-08 16:40:10,237 [INFO] IPUIPlugin:80 - create IPUIPlugin
2025-12-08 16:40:10,237 [INFO] PluginManager:220 - loadIPPluginJar : add ipddr
2025-12-08 16:40:10,372 [INFO] ThirdPartyUpdaterWithRetryManager:70 - Updater plugin not ready yet. [2/15]
2025-12-08 16:40:10,408 [INFO] IPUIPlugin:80 - create IPUIPlugin
2025-12-08 16:40:10,408 [INFO] PluginManager:220 - loadIPPluginJar : add linkedlist
2025-12-08 16:40:10,487 [INFO] IPUIPlugin:80 - create IPUIPlugin
2025-12-08 16:40:10,487 [INFO] PluginManager:220 - loadIPPluginJar : add lorawan
2025-12-08 16:40:10,556 [INFO] IPUIPlugin:80 - create IPUIPlugin
2025-12-08 16:40:10,556 [INFO] PluginManager:220 - loadIPPluginJar : add ltdc
2025-12-08 16:40:10,577 [INFO] IPUIPlugin:80 - create IPUIPlugin
2025-12-08 16:40:10,577 [INFO] PluginManager:220 - loadIPPluginJar : add mdma
2025-12-08 16:40:10,597 [INFO] IPUIPlugin:80 - create IPUIPlugin
2025-12-08 16:40:10,598 [INFO] PluginManager:220 - loadIPPluginJar : add nvic
2025-12-08 16:40:10,660 [INFO] IPUIPlugin:80 - create IPUIPlugin
2025-12-08 16:40:10,660 [INFO] PluginManager:220 - loadIPPluginJar : add opamp
2025-12-08 16:40:10,791 [INFO] IPUIPlugin:80 - create IPUIPlugin
2025-12-08 16:40:10,791 [INFO] PluginManager:220 - loadIPPluginJar : add openamp
2025-12-08 16:40:10,871 [INFO] IPUIPlugin:80 - create IPUIPlugin
2025-12-08 16:40:10,871 [INFO] PluginManager:220 - loadIPPluginJar : add pdm2pcm
2025-12-08 16:40:10,898 [INFO] IPUIPlugin:80 - create IPUIPlugin
2025-12-08 16:40:10,900 [INFO] PluginManager:220 - loadIPPluginJar : add plateformsettings
2025-12-08 16:40:10,942 [INFO] IPUIPlugin:80 - create IPUIPlugin
2025-12-08 16:40:10,942 [INFO] PluginManager:220 - loadIPPluginJar : add quadspi
2025-12-08 16:40:10,991 [INFO] IPUIPlugin:80 - create IPUIPlugin
2025-12-08 16:40:10,991 [INFO] PluginManager:220 - loadIPPluginJar : add radio
2025-12-08 16:40:11,016 [INFO] IPUIPlugin:80 - create IPUIPlugin
2025-12-08 16:40:11,016 [INFO] PluginManager:220 - loadIPPluginJar : add resmgrutility
2025-12-08 16:40:11,098 [INFO] IPUIPlugin:80 - create IPUIPlugin
2025-12-08 16:40:11,098 [INFO] PluginManager:220 - loadIPPluginJar : add sai
2025-12-08 16:40:11,158 [INFO] IPUIPlugin:80 - create IPUIPlugin
2025-12-08 16:40:11,159 [INFO] PluginManager:220 - loadIPPluginJar : add spi
2025-12-08 16:40:11,301 [INFO] IPUIPlugin:80 - create IPUIPlugin
2025-12-08 16:40:11,301 [INFO] PluginManager:220 - loadIPPluginJar : add stm32_wpan
2025-12-08 16:40:11,346 [INFO] IPUIPlugin:80 - create IPUIPlugin
2025-12-08 16:40:11,346 [INFO] PluginManager:220 - loadIPPluginJar : add tim
2025-12-08 16:40:11,449 [INFO] IPUIPlugin:80 - create IPUIPlugin
2025-12-08 16:40:11,449 [INFO] PluginManager:220 - loadIPPluginJar : add touchsensing
2025-12-08 16:40:11,491 [INFO] IPUIPlugin:80 - create IPUIPlugin
2025-12-08 16:40:11,491 [INFO] PluginManager:220 - loadIPPluginJar : add tracer_emb
2025-12-08 16:40:11,537 [INFO] IPUIPlugin:80 - create IPUIPlugin
2025-12-08 16:40:11,537 [INFO] PluginManager:220 - loadIPPluginJar : add ts
2025-12-08 16:40:11,576 [INFO] IPUIPlugin:80 - create IPUIPlugin
2025-12-08 16:40:11,576 [INFO] PluginManager:220 - loadIPPluginJar : add tsc
2025-12-08 16:40:11,616 [INFO] IPUIPlugin:80 - create IPUIPlugin
2025-12-08 16:40:11,617 [INFO] PluginManager:220 - loadIPPluginJar : add ucpd
2025-12-08 16:40:11,694 [INFO] IPUIPlugin:80 - create IPUIPlugin
2025-12-08 16:40:11,694 [INFO] PluginManager:220 - loadIPPluginJar : add usart
2025-12-08 16:40:11,814 [INFO] IPUIPlugin:80 - create IPUIPlugin
2025-12-08 16:40:11,815 [INFO] PluginManager:220 - loadIPPluginJar : add usbx
2025-12-08 16:40:12,074 [FATAL] Updater:351 - Updater called before beeing initialized
2025-12-08 16:40:12,140 [INFO] RulesReader:64 - Compatibility file has been processed (317 Rules)
2025-12-08 16:40:12,158 [INFO] RulesReader:64 - Compatibility file has been processed (317 Rules)
2025-12-08 16:40:12,193 [INFO] CADModel:165 - CPN selected for project level
2025-12-08 16:40:12,194 [INFO] CADModel:114 - Register for checkConnection events
2025-12-08 16:40:12,195 [FATAL] Updater:351 - Updater called before beeing initialized
2025-12-08 16:40:12,198 [ERROR] CADModel:125 - Updater not yet initialized, retry later 
2025-12-08 16:40:12,565 [FATAL] Updater:351 - Updater called before beeing initialized
2025-12-08 16:40:12,570 [INFO] CADModel:165 - CPN selected for project level
2025-12-08 16:40:12,570 [INFO] CADModel:114 - Register for checkConnection events
2025-12-08 16:40:12,570 [FATAL] Updater:351 - Updater called before beeing initialized
2025-12-08 16:40:12,570 [ERROR] CADModel:125 - Updater not yet initialized, retry later 
2025-12-08 16:40:12,574 [FATAL] Updater:351 - Updater called before beeing initialized
2025-12-08 16:40:12,868 [FATAL] Updater:351 - Updater called before beeing initialized
2025-12-08 16:40:12,899 [INFO] DbMcusAds:53 - JSON generation date=Thu Oct 02 11:36:05 CEST 2025 (1759397765645)
2025-12-08 16:40:12,900 [FATAL] Updater:351 - Updater called before beeing initialized
2025-12-08 16:40:13,059 [WARN] DetailPanel:346 - Failed to get advertising image, set to default
2025-12-08 16:40:13,184 [FATAL] Updater:351 - Updater called before beeing initialized
2025-12-08 16:40:13,186 [FATAL] Updater:351 - Updater called before beeing initialized
2025-12-08 16:40:13,187 [FATAL] Updater:351 - Updater called before beeing initialized
2025-12-08 16:40:13,187 [WARN] DetailPanel:346 - Failed to get advertising image, set to default
2025-12-08 16:40:13,188 [FATAL] Updater:351 - Updater called before beeing initialized
2025-12-08 16:40:13,265 [ERROR] Updater:1198 - MainUpdater not yet initialized. External WinMGr cannot be set.
2025-12-08 16:40:13,279 [INFO] Updater:1134 - Updater Version found : 6.15.0
2025-12-08 16:40:13,304 [INFO] ApplicationProperties:184 - Using Application install path: D:\Programy\STM32CubeIDE_1.19.0\STM32CubeIDE\plugins\com.st.stm32cube.common.mx_6.15.0.202507011659
2025-12-08 16:40:13,373 [INFO] ThirdPartyUpdaterWithRetryManager:70 - Updater plugin not ready yet. [3/15]
2025-12-08 16:40:14,912 [ERROR] LogOutputStream:75 - [STDERR_REDIRECT] Dec 08, 2025 4:40:14 PM java.util.prefs.WindowsPreferences <init>
2025-12-08 16:40:14,915 [ERROR] LogOutputStream:75 - [STDERR_REDIRECT] WARNING: Could not open/create prefs root node Software\JavaSoft\Prefs at root 0xffffffff80000002. Windows RegCreateKeyEx(...) returned error code 5.
2025-12-08 16:40:14,916 [ERROR] LogOutputStream:75 - [STDERR_REDIRECT] 
2025-12-08 16:40:15,686 [INFO] MainUpdater:2872 - connection check result : 10
2025-12-08 16:40:15,688 [INFO] MainUpdater:289 - Updater Check For Update Now.
2025-12-08 16:40:15,689 [INFO] MicroXplorer:498 - Change Database Version : DB.6.0.150
2025-12-08 16:40:15,728 [INFO] McuFinderGlobals:63 - Set McuFinder mode to 2 (CubeIDE integrated)
2025-12-08 16:40:15,742 [INFO] UserAuth:487 - Internet connection configuration mode: 1
2025-12-08 16:40:15,865 [INFO] JxBrowserEngine:152 - Initiate JxBrowser Engine with user profile folder
2025-12-08 16:40:16,086 [INFO] CheckServerUpdateThread:120 - End of CheckServer Thread
2025-12-08 16:40:16,870 [WARN] PackLoader:240 - Cannot read IP mode file for STMicroelectronics.FP-SNS-MOTENVWB1.1.4.0
2025-12-08 16:40:16,898 [WARN] PackLoader:240 - Cannot read IP mode file for STMicroelectronics.FP-ATR-ASTRA1.2.0.2
2025-12-08 16:40:16,920 [WARN] PackLoader:240 - Cannot read IP mode file for STMicroelectronics.X-CUBE-SMBUS.2.1.0
2025-12-08 16:40:16,941 [WARN] PackLoader:240 - Cannot read IP mode file for STMicroelectronics.X-CUBE-ST60.1.0.0
2025-12-08 16:40:16,994 [WARN] PackLoader:240 - Cannot read IP mode file for STMicroelectronics.X-CUBE-AZRTOS-F7.1.1.0
2025-12-08 16:40:17,026 [WARN] PackLoader:240 - Cannot read IP mode file for STMicroelectronics.X-CUBE-BLE1.6.2.4
2025-12-08 16:40:17,048 [WARN] PackLoader:240 - Cannot read IP mode file for STMicroelectronics.FP-SNS-MOTENV1.5.1.0
2025-12-08 16:40:17,079 [WARN] PackLoader:240 - Cannot read IP mode file for WES.I-CUBE-Cesium.1.4.0
2025-12-08 16:40:17,128 [WARN] PackLoader:240 - Cannot read IP mode file for Infineon.AIROC-Wi-Fi-Bluetooth-STM32.1.7.1
2025-12-08 16:40:17,198 [WARN] PackLoader:240 - Cannot read IP mode file for STMicroelectronics.X-CUBE-AZRTOS-H7.3.4.0
2025-12-08 16:40:17,231 [WARN] PackLoader:240 - Cannot read IP mode file for STMicroelectronics.X-CUBE-DISPLAY.3.0.0
2025-12-08 16:40:17,256 [WARN] PackLoader:240 - Cannot read IP mode file for STMicroelectronics.X-CUBE-NFC10.1.0.0
2025-12-08 16:40:17,282 [WARN] PackLoader:240 - Cannot read IP mode file for STMicroelectronics.X-CUBE-ST60.1.1.0
2025-12-08 16:40:17,318 [WARN] PackLoader:240 - Cannot read IP mode file for emotas.I-CUBE-CANOPEN.1.3.0
2025-12-08 16:40:17,523 [WARN] PackLoader:240 - Cannot read IP mode file for STMicroelectronics.X-CUBE-GNSS1.7.1.0
2025-12-08 16:40:17,568 [WARN] PackLoader:240 - Cannot read IP mode file for STMicroelectronics.FP-SNS-STBOX1.2.1.0
2025-12-08 16:40:17,592 [WARN] PackLoader:240 - Cannot read IP mode file for STMicroelectronics.FP-SNS-SMARTAG2.1.2.0
2025-12-08 16:40:17,614 [WARN] PackLoader:240 - Cannot read IP mode file for STMicroelectronics.FP-SNS-FLIGHT1.5.1.0
2025-12-08 16:40:17,645 [INFO] LogOutputStream:77 - [STDOUT_REDIRECT] 1 : Invalid condition id : UX_CORESTACK_Condition cause : null
2025-12-08 16:40:17,645 [INFO] LogOutputStream:77 - [STDOUT_REDIRECT] 1 : Invalid condition id : UX_CORESTACK_Condition cause : null
2025-12-08 16:40:17,647 [INFO] LogOutputStream:77 - [STDOUT_REDIRECT] 1 : Invalid condition id : UX_CORESTACK_Condition cause : null
2025-12-08 16:40:17,648 [INFO] LogOutputStream:77 - [STDOUT_REDIRECT] 1 : Invalid condition id : UX_CORESTACK_Condition cause : null
2025-12-08 16:40:17,649 [INFO] LogOutputStream:77 - [STDOUT_REDIRECT] 1 : Invalid condition id : UX_CORESTACK_Condition cause : null
2025-12-08 16:40:17,651 [WARN] PackLoader:240 - Cannot read IP mode file for STMicroelectronics.X-CUBE-AZRTOS-WL.2.0.0
2025-12-08 16:40:17,673 [WARN] PackLoader:240 - Cannot read IP mode file for STMicroelectronics.FP-SNS-MOTENV1.5.0.0
2025-12-08 16:40:17,715 [WARN] PackLoader:240 - Cannot read IP mode file for STMicroelectronics.X-CUBE-AZRTOS-H7RS.1.2.0
2025-12-08 16:40:17,743 [WARN] PackLoader:240 - Cannot read IP mode file for STMicroelectronics.X-CUBE-BLE2.3.3.0
2025-12-08 16:40:17,847 [WARN] PackLoader:240 - Cannot read IP mode file for STMicroelectronics.X-CUBE-TOF1.3.2.0
2025-12-08 16:40:17,894 [WARN] PackLoader:240 - Cannot read IP mode file for STMicroelectronics.X-CUBE-NFC9.1.0.0
2025-12-08 16:40:17,932 [WARN] PackLoader:240 - Cannot read IP mode file for wolfSSL.I-CUBE-wolfSSL.5.8.2
2025-12-08 16:40:17,973 [WARN] PackLoader:240 - Cannot read IP mode file for STMicroelectronics.X-CUBE-BLE1.7.1.0
2025-12-08 16:40:18,017 [WARN] PackLoader:240 - Cannot read IP mode file for wolfSSL.I-CUBE-wolfMQTT.1.19.2
2025-12-08 16:40:18,062 [WARN] PackLoader:240 - Cannot read IP mode file for STMicroelectronics.X-CUBE-FREERTOS.1.4.0
2025-12-08 16:40:18,102 [WARN] PackLoader:240 - Cannot read IP mode file for STMicroelectronics.X-CUBE-EEPRMA1.5.2.0
2025-12-08 16:40:18,135 [WARN] PackLoader:240 - Cannot read IP mode file for STMicroelectronics.X-CUBE-TOUCHGFX.4.21.1
2025-12-08 16:40:18,167 [WARN] PackLoader:240 - Cannot read IP mode file for STMicroelectronics.X-CUBE-ST67W61.1.1.0
2025-12-08 16:40:18,247 [WARN] PackLoader:240 - Cannot read IP mode file for STMicroelectronics.X-CUBE-MEMS1.12.0.0
2025-12-08 16:40:18,338 [INFO] WebApp:169 - Instantiating new browser for Auth
2025-12-08 16:40:18,345 [WARN] PackLoader:240 - Cannot read IP mode file for STMicroelectronics.X-CUBE-ALGOBUILD.1.3.0
2025-12-08 16:40:18,418 [WARN] PackLoader:240 - Cannot read IP mode file for STMicroelectronics.X-CUBE-AZRTOS-G0.1.1.0
2025-12-08 16:40:18,459 [WARN] PackLoader:240 - Cannot read IP mode file for STMicroelectronics.X-CUBE-SAFEA1.1.2.2
2025-12-08 16:40:18,498 [WARN] PackLoader:240 - Cannot read IP mode file for STMicroelectronics.X-CUBE-NFC4.3.0.0
2025-12-08 16:40:18,533 [WARN] PackLoader:240 - Cannot read IP mode file for EmbeddedOffice.I-CUBE-FS-RTOS.1.0.1
2025-12-08 16:40:18,564 [WARN] PackLoader:240 - Cannot read IP mode file for STMicroelectronics.X-CUBE-WB05N.2.0.0
2025-12-08 16:40:18,586 [WARN] PackLoader:240 - Cannot read IP mode file for wolfSSL.I-CUBE-wolfTPM.3.8.0
2025-12-08 16:40:18,622 [WARN] PackLoader:240 - Cannot read IP mode file for STMicroelectronics.X-CUBE-BLEMGR.1.3.0
2025-12-08 16:40:18,660 [WARN] PackLoader:240 - Cannot read IP mode file for STMicroelectronics.X-CUBE-TCPP.4.2.0
2025-12-08 16:40:18,724 [WARN] PackLoader:240 - Cannot read IP mode file for RealThread.X-CUBE-RT-Thread_Nano.4.1.1
2025-12-08 16:40:18,772 [WARN] PackLoader:240 - Cannot read IP mode file for STMicroelectronics.FP-ATR-SIGFOX1.3.2.0
2025-12-08 16:40:18,811 [WARN] PackLoader:240 - Cannot read IP mode file for ITTIA_DB.I-CUBE-ITTIADB.8.9.0
2025-12-08 16:40:18,914 [WARN] PackLoader:240 - Cannot read IP mode file for STMicroelectronics.X-CUBE-MEMS1.9.5.0
2025-12-08 16:40:19,130 [WARN] PackLoader:240 - Cannot read IP mode file for STMicroelectronics.X-CUBE-ST67W61.1.0.0
2025-12-08 16:40:19,185 [WARN] PackLoader:240 - Cannot read IP mode file for STMicroelectronics.X-CUBE-AI.10.2.0
2025-12-08 16:40:19,266 [WARN] PackLoader:240 - Cannot read IP mode file for SEGGER.I-CUBE-embOS.1.3.1
2025-12-08 16:40:19,373 [WARN] PackLoader:240 - Cannot read IP mode file for STMicroelectronics.X-CUBE-ALGOBUILD.1.4.0
2025-12-08 16:40:19,514 [WARN] PackLoader:240 - Cannot read IP mode file for STMicroelectronics.X-CUBE-MEMS1.11.3.0
2025-12-08 16:40:19,717 [WARN] PackLoader:240 - Cannot read IP mode file for STMicroelectronics.X-CUBE-PM33A1.1.0.0
2025-12-08 16:40:19,772 [WARN] PackLoader:240 - Cannot read IP mode file for STMicroelectronics.X-CUBE-GNSS1.6.0.0
2025-12-08 16:40:19,863 [WARN] PackLoader:240 - Cannot read IP mode file for STMicroelectronics.X-CUBE-AZRTOS-F4.1.1.0
2025-12-08 16:40:19,910 [WARN] PackLoader:240 - Cannot read IP mode file for Avnet-IotConnect.X-CUBE-IoTC-DA16k-PMOD.1.0.0
2025-12-08 16:40:19,962 [WARN] PackLoader:240 - Cannot read IP mode file for STMicroelectronics.X-CUBE-ISPU.2.1.0
2025-12-08 16:40:20,016 [WARN] PackLoader:240 - Cannot read IP mode file for STMicroelectronics.X-CUBE-IPS.3.2.0
2025-12-08 16:40:20,053 [WARN] PackLoader:240 - Cannot read IP mode file for STMicroelectronics.X-CUBE-NFC12.1.0.0
2025-12-08 16:40:20,111 [WARN] PackLoader:240 - Cannot read IP mode file for STMicroelectronics.X-CUBE-AZRTOS-L5.2.0.0
2025-12-08 16:40:20,147 [WARN] PackLoader:240 - Cannot read IP mode file for STMicroelectronics.X-CUBE-NFC6.3.1.0
2025-12-08 16:40:20,173 [WARN] PackLoader:240 - Cannot read IP mode file for emotas.I-CUBE-CANOPEN.1.1.3
2025-12-08 16:40:20,200 [WARN] PackLoader:240 - Cannot read IP mode file for wolfSSL.I-CUBE-wolfSSL.5.5.4
2025-12-08 16:40:20,230 [WARN] PackLoader:240 - Cannot read IP mode file for STMicroelectronics.X-CUBE-FREERTOS.1.3.1
2025-12-08 16:40:20,253 [WARN] PackLoader:240 - Cannot read IP mode file for STMicroelectronics.X-CUBE-NFC7.1.0.0
2025-12-08 16:40:20,319 [WARN] PackLoader:240 - Cannot read IP mode file for STMicroelectronics.X-CUBE-TOUCHGFX.4.26.0
2025-12-08 16:40:20,421 [WARN] PackLoader:240 - Cannot read IP mode file for STMicroelectronics.X-CUBE-EEPRMA1.4.1.0
2025-12-08 16:40:20,484 [WARN] PackLoader:240 - Cannot read IP mode file for STMicroelectronics.FP-SNS-STAIOTCFT.1.0.0
2025-12-08 16:40:20,538 [WARN] PackLoader:240 - Cannot read IP mode file for STMicroelectronics.X-CUBE-DPower.1.3.0
2025-12-08 16:40:20,604 [INFO] WebApp:463 - Apply proxy settings
2025-12-08 16:40:20,605 [INFO] WebApp:548 - Chromium requires no authentication
2025-12-08 16:40:20,630 [INFO] WebApp:491 - Direct internet connection detected
2025-12-08 16:40:20,630 [WARN] ConditionMgr:438 - getConditionDescription Invalid condition id : LAN8742 Phy interface Condition cause : null
2025-12-08 16:40:20,631 [WARN] PackLoader:240 - Cannot read IP mode file for STMicroelectronics.X-CUBE-AZRTOS-L4.2.0.0
2025-12-08 16:40:20,632 [WARN] ConditionMgr:1044 - genDependencies : Invalid condition id : LAN8742 Phy interface Condition cause : null
2025-12-08 16:40:20,632 [WARN] ConditionMgr:1044 - genDependencies : Invalid condition id : LAN8742 Phy interface Condition cause : null
2025-12-08 16:40:20,633 [WARN] ConditionMgr:1044 - genDependencies : Invalid condition id : LAN8742 Phy interface Condition cause : null
2025-12-08 16:40:20,674 [WARN] PackLoader:240 - Cannot read IP mode file for STMicroelectronics.X-CUBE-SFXS2LP1.4.0.0
2025-12-08 16:40:20,694 [INFO] WebApp:900 - Register for checkConnection events
2025-12-08 16:40:20,695 [INFO] WebApp:463 - Apply proxy settings
2025-12-08 16:40:20,695 [INFO] WebApp:548 - Chromium requires no authentication
2025-12-08 16:40:20,696 [INFO] WebApp:491 - Direct internet connection detected
2025-12-08 16:40:20,738 [WARN] PackLoader:240 - Cannot read IP mode file for STMicroelectronics.X-CUBE-AZRTOS-H7.3.0.0
2025-12-08 16:40:20,764 [WARN] PackLoader:240 - Cannot read IP mode file for STMicroelectronics.X-CUBE-ISPU.1.1.0
2025-12-08 16:40:20,802 [WARN] PackLoader:240 - Cannot read IP mode file for RoweBots.I-CUBE-UNISONRTOS.5.5.0-4
2025-12-08 16:40:20,885 [INFO] WebApp:191 - Connection restablished
2025-12-08 16:40:20,924 [WARN] PackLoader:240 - Cannot read IP mode file for STMicroelectronics.X-CUBE-BLEMGR.4.1.0
2025-12-08 16:40:20,994 [WARN] PackLoader:240 - Cannot read IP mode file for STMicroelectronics.X-CUBE-AI.8.0.0
2025-12-08 16:40:21,077 [WARN] ConditionMgr:438 - getConditionDescription Invalid condition id : UX DEVICE CLASS RTOS Condition cause : null
2025-12-08 16:40:21,079 [WARN] ConditionMgr:438 - getConditionDescription Invalid condition id : UX DEVICE CLASS RTOS Condition cause : null
2025-12-08 16:40:21,082 [WARN] PackLoader:240 - Cannot read IP mode file for STMicroelectronics.X-CUBE-AZRTOS-WB.2.0.0
2025-12-08 16:40:21,083 [WARN] ConditionMgr:1044 - genDependencies : Invalid condition id : UX DEVICE CLASS RTOS Condition cause : null
2025-12-08 16:40:21,083 [WARN] ConditionMgr:1044 - genDependencies : Invalid condition id : UX DEVICE CLASS RTOS Condition cause : null
2025-12-08 16:40:21,084 [WARN] ConditionMgr:1044 - genDependencies : Invalid condition id : UX DEVICE CLASS RTOS Condition cause : null
2025-12-08 16:40:21,085 [WARN] ConditionMgr:1044 - genDependencies : Invalid condition id : UX DEVICE CLASS RTOS Condition cause : null
2025-12-08 16:40:21,085 [WARN] ConditionMgr:1044 - genDependencies : Invalid condition id : UX DEVICE CLASS RTOS Condition cause : null
2025-12-08 16:40:21,130 [WARN] PackLoader:240 - Cannot read IP mode file for STMicroelectronics.X-CUBE-GNSS1.7.0.1
2025-12-08 16:40:21,173 [WARN] PackLoader:240 - Cannot read IP mode file for STMicroelectronics.X-CUBE-TOUCHGFX.4.25.0
2025-12-08 16:40:21,214 [WARN] ConditionMgr:438 - getConditionDescription Invalid condition id : Cortex-A Device cause : null
2025-12-08 16:40:21,284 [INFO] WebApp:225 - Starting web application
2025-12-08 16:40:21,285 [INFO] WebApp:593 - Web application path used D:\Programy\STM32CubeIDE_1.19.0\STM32CubeIDE\plugins\com.st.stm32cube.common.mx_6.15.0.202507011659\db\plugins\mcufinder\reactClient1\index.html
2025-12-08 16:40:21,290 [WARN] ConditionMgr:1044 - genDependencies : Invalid condition id : Cortex-A Device cause : null
2025-12-08 16:40:21,290 [WARN] ConditionMgr:1044 - genDependencies : Invalid condition id : Cortex-A Device cause : null
2025-12-08 16:40:21,290 [WARN] ConditionMgr:1044 - genDependencies : Invalid condition id : Cortex-A Device cause : null
2025-12-08 16:40:21,383 [WARN] PackLoader:240 - Cannot read IP mode file for STMicroelectronics.X-CUBE-AZRTOS-L5.1.1.0
2025-12-08 16:40:21,461 [WARN] PackLoader:240 - Cannot read IP mode file for STMicroelectronics.X-CUBE-SUBG2.5.0.0
2025-12-08 16:40:21,853 [WARN] PackLoader:240 - Cannot read IP mode file for STMicroelectronics.X-CUBE-AZRTOS-H7RS.1.1.0
2025-12-08 16:40:21,882 [INFO] UserAuth:487 - Internet connection configuration mode: 1
2025-12-08 16:40:21,957 [WARN] PackLoader:240 - Cannot read IP mode file for Cesanta.I-CUBE-Mongoose.7.13.0
2025-12-08 16:40:22,038 [WARN] PackLoader:240 - Cannot read IP mode file for STMicroelectronics.X-CUBE-AZRTOS-G4.2.0.0
2025-12-08 16:40:22,121 [WARN] PackLoader:240 - Cannot read IP mode file for STMicroelectronics.FP-ATR-ASTRA1.1.1.1
2025-12-08 16:40:22,214 [WARN] PackLoader:240 - Cannot read IP mode file for wolfSSL.I-CUBE-wolfSSH.1.4.20
2025-12-08 16:40:22,301 [WARN] PackLoader:240 - Cannot read IP mode file for STMicroelectronics.X-CUBE-NFC7.2.0.0
2025-12-08 16:40:22,368 [WARN] PackLoader:240 - Cannot read IP mode file for STMicroelectronics.X-CUBE-AZRTOS-G4.1.0.0
2025-12-08 16:40:22,465 [WARN] PackLoader:240 - Cannot read IP mode file for STMicroelectronics.X-CUBE-AZRTOS-L4.1.0.0
2025-12-08 16:40:22,666 [WARN] PackLoader:240 - Cannot read IP mode file for STMicroelectronics.X-CUBE-IPS.3.1.0
2025-12-08 16:40:22,792 [WARN] PackLoader:240 - Cannot read IP mode file for STMicroelectronics.X-CUBE-ALS.1.0.2
2025-12-08 16:40:22,919 [WARN] PackLoader:240 - Cannot read IP mode file for STMicroelectronics.X-CUBE-AZRTOS-WL.1.0.0
2025-12-08 16:40:23,128 [WARN] PackLoader:240 - Cannot read IP mode file for STMicroelectronics.X-CUBE-STSE01.1.0.0
2025-12-08 16:40:23,166 [WARN] PackLoader:240 - Cannot read IP mode file for portGmbH.I-Cube-SoM-uGOAL.1.1.0
2025-12-08 16:40:23,197 [WARN] PackLoader:240 - Cannot read IP mode file for STMicroelectronics.X-CUBE-ALS.1.0.1
2025-12-08 16:40:23,239 [WARN] PackLoader:240 - Cannot read IP mode file for STMicroelectronics.X-CUBE-AZRTOS-WB.1.1.0
2025-12-08 16:40:23,274 [WARN] PackLoader:240 - Cannot read IP mode file for STMicroelectronics.X-CUBE-TOF1.3.4.3
2025-12-08 16:40:23,281 [INFO] ThirdParty:978 - Integrity check success = true
2025-12-08 16:40:23,281 [INFO] IntegrityCheckThread:100 - exiting critical section [integrity check]
2025-12-08 16:40:23,281 [INFO] IntegrityCheckThread:103 - End integrity checks thread
2025-12-08 19:20:17,133 [ERROR] LogOutputStream:75 - [STDERR_REDIRECT] 
