2026-04-29 00:35:04,888 [ERROR] LogOutputStream:75 - [STDERR_REDIRECT] 
2026-04-29 00:35:46,857 [INFO] Activator:176 - 


2026-04-29 00:35:46,859 [INFO] Activator:177 - !SESSION log4j initialized
2026-04-29 00:35:55,013 [INFO] LogOutputStream:77 - [STDOUT_REDIRECT] 
2026-04-29 00:35:58,057 [INFO] ApplicationProperties:184 - Using Application install path: D:\Programy\STM32CubeIDE_1.19.0\STM32CubeIDE\plugins\com.st.stm32cube.common.mx_6.15.0.202507011659
2026-04-29 00:35:58,081 [INFO] DbMcusXml:78 - Set database path to: D:\Programy\STM32CubeIDE_1.19.0\STM32CubeIDE\plugins\com.st.stm32cube.common.mx_6.15.0.202507011659\\db\/mcu/
2026-04-29 00:35:58,082 [INFO] ApiDb:274 - Set plugin database path to: D:\Programy\STM32CubeIDE_1.19.0\STM32CubeIDE\plugins\com.st.stm32cube.common.mx_6.15.0.202507011659\\db\/plugins/boardmanager/
2026-04-29 00:35:58,083 [WARN] ApiDb:259 - Overriding images path with different value:  => D:\Programy\STM32CubeIDE_1.19.0\STM32CubeIDE\plugins\com.st.stm32cube.common.mx_6.15.0.202507011659\\db\/plugins/mcufinder/images/
2026-04-29 00:35:58,097 [INFO] ApiDb:250 - Set database path to: C:\Users\kujon\.stmcufinder\plugins\mcufinder//mcu/
2026-04-29 00:35:58,098 [INFO] DbMcusAds:125 - Set database path to: C:\Users\kujon\.stmcufinder\plugins\mcufinder//mcu/
2026-04-29 00:35:58,101 [INFO] CrossReferenceDbSqlite:203 - Set database path to: C:\Users\kujon\.stmcufinder\plugins\mcufinder//mcu/cs/
2026-04-29 00:35:58,297 [INFO] RulesReader:64 - Compatibility file has been processed (317 Rules)
2026-04-29 00:35:58,465 [INFO] DbMcusXml:78 - Set database path to: D:\Programy\STM32CubeIDE_1.19.0\STM32CubeIDE\plugins\com.st.stm32cube.common.mx_6.15.0.202507011659\\db\/mcu/
2026-04-29 00:35:58,465 [INFO] ApiDb:274 - Set plugin database path to: D:\Programy\STM32CubeIDE_1.19.0\STM32CubeIDE\plugins\com.st.stm32cube.common.mx_6.15.0.202507011659\\db\/plugins/boardmanager/
2026-04-29 00:35:58,466 [INFO] ApiDb:261 - Set plugin images path to: D:\Programy\STM32CubeIDE_1.19.0\STM32CubeIDE\plugins\com.st.stm32cube.common.mx_6.15.0.202507011659\\db\/plugins/mcufinder/images/
2026-04-29 00:35:58,466 [WARN] DbFile:41 - Overriding database path with different value: C:\Users\kujon\.stmcufinder\plugins\mcufinder/ => C:\Users\kujon\.stmcufinder\plugins\mcufinder
2026-04-29 00:35:58,467 [INFO] ApiDb:250 - Set database path to: C:\Users\kujon\.stmcufinder\plugins\mcufinder//mcu/
2026-04-29 00:35:58,467 [WARN] DbFile:41 - Overriding database path with different value: C:\Users\kujon\.stmcufinder\plugins\mcufinder/ => C:\Users\kujon\.stmcufinder\plugins\mcufinder
2026-04-29 00:35:58,467 [INFO] DbMcusAds:125 - Set database path to: C:\Users\kujon\.stmcufinder\plugins\mcufinder//mcu/
2026-04-29 00:35:58,467 [WARN] DbFile:41 - Overriding database path with different value: C:\Users\kujon\.stmcufinder\plugins\mcufinder/ => C:\Users\kujon\.stmcufinder\plugins\mcufinder
2026-04-29 00:35:58,467 [WARN] DbFile:41 - Overriding database path with different value: C:\Users\kujon\.stmcufinder\plugins\mcufinder/ => C:\Users\kujon\.stmcufinder\plugins\mcufinder
2026-04-29 00:35:58,467 [INFO] CrossReferenceDbSqlite:203 - Set database path to: C:\Users\kujon\.stmcufinder\plugins\mcufinder//mcu/cs/
2026-04-29 00:35:58,613 [INFO] MainPanel:274 - HeapMemory: 298844160
2026-04-29 00:35:58,812 [INFO] DbMcusXml:78 - Set database path to: D:\Programy\STM32CubeIDE_1.19.0\STM32CubeIDE\plugins\com.st.stm32cube.common.mx_6.15.0.202507011659\\db\/mcu/
2026-04-29 00:35:58,812 [INFO] ApiDb:274 - Set plugin database path to: D:\Programy\STM32CubeIDE_1.19.0\STM32CubeIDE\plugins\com.st.stm32cube.common.mx_6.15.0.202507011659\\db\/plugins/boardmanager/
2026-04-29 00:35:58,812 [INFO] ApiDb:261 - Set plugin images path to: D:\Programy\STM32CubeIDE_1.19.0\STM32CubeIDE\plugins\com.st.stm32cube.common.mx_6.15.0.202507011659\\db\/plugins/mcufinder/images/
2026-04-29 00:35:58,813 [WARN] DbFile:41 - Overriding database path with different value: C:\Users\kujon\.stmcufinder\plugins\mcufinder/ => C:\Users\kujon\.stmcufinder\plugins\mcufinder
2026-04-29 00:35:58,813 [INFO] ApiDb:250 - Set database path to: C:\Users\kujon\.stmcufinder\plugins\mcufinder//mcu/
2026-04-29 00:35:58,813 [WARN] DbFile:41 - Overriding database path with different value: C:\Users\kujon\.stmcufinder\plugins\mcufinder/ => C:\Users\kujon\.stmcufinder\plugins\mcufinder
2026-04-29 00:35:58,813 [INFO] DbMcusAds:125 - Set database path to: C:\Users\kujon\.stmcufinder\plugins\mcufinder//mcu/
2026-04-29 00:35:58,813 [WARN] DbFile:41 - Overriding database path with different value: C:\Users\kujon\.stmcufinder\plugins\mcufinder/ => C:\Users\kujon\.stmcufinder\plugins\mcufinder
2026-04-29 00:35:58,813 [WARN] DbFile:41 - Overriding database path with different value: C:\Users\kujon\.stmcufinder\plugins\mcufinder/ => C:\Users\kujon\.stmcufinder\plugins\mcufinder
2026-04-29 00:35:58,813 [INFO] CrossReferenceDbSqlite:203 - Set database path to: C:\Users\kujon\.stmcufinder\plugins\mcufinder//mcu/cs/
2026-04-29 00:35:58,846 [INFO] ApplicationProperties:184 - Using Application install path: D:\Programy\STM32CubeIDE_1.19.0\STM32CubeIDE\plugins\com.st.stm32cube.common.mx_6.15.0.202507011659
2026-04-29 00:35:58,847 [INFO] PluginManage:196 - Search for loadable plugins [exclusion list=, ]
2026-04-29 00:35:58,849 [INFO] PluginManage:310 - Check plugin analytics
2026-04-29 00:35:59,145 [INFO] AnalyticsPlugin:253 - Accepted Software Licenses: 
2026-04-29 00:35:59,146 [INFO] AnalyticsPlugin:255 - Accepted CMSIS Pack Licenses: 
2026-04-29 00:35:59,146 [INFO] AnalyticsPlugin:257 - Accepted Firmware Licenses: 
2026-04-29 00:35:59,150 [INFO] PluginManage:359 - Loaded plugin analytics (category:tool,tabindex:-1)
2026-04-29 00:35:59,150 [INFO] PluginManage:310 - Check plugin cadmodel
2026-04-29 00:35:59,158 [INFO] CADModel:105 - Init CAD model plugin
2026-04-29 00:35:59,158 [INFO] PluginManage:359 - Loaded plugin cadmodel (category:power,tabindex:5)
2026-04-29 00:35:59,158 [INFO] PluginManage:310 - Check plugin clock
2026-04-29 00:35:59,175 [INFO] PluginManage:359 - Loaded plugin clock (category:base,tabindex:2)
2026-04-29 00:35:59,176 [INFO] PluginManage:310 - Check plugin ddr
2026-04-29 00:35:59,178 [INFO] PluginManage:359 - Loaded plugin ddr (category:tool,tabindex:6)
2026-04-29 00:35:59,179 [INFO] PluginManage:310 - Check plugin filemanager
2026-04-29 00:35:59,398 [INFO] PluginManage:359 - Loaded plugin filemanager (category:base,tabindex:10)
2026-04-29 00:35:59,398 [INFO] PluginManage:310 - Check plugin ipmanager
2026-04-29 00:35:59,410 [INFO] PluginManage:359 - Loaded plugin ipmanager (category:base,tabindex:5)
2026-04-29 00:35:59,410 [INFO] PluginManage:310 - Check plugin lpbam
2026-04-29 00:35:59,426 [INFO] PluginManage:359 - Loaded plugin lpbam (category:base,tabindex:0)
2026-04-29 00:35:59,427 [INFO] PluginManage:310 - Check plugin memorymap
2026-04-29 00:35:59,459 [INFO] PluginManage:359 - Loaded plugin memorymap (category:base,tabindex:4)
2026-04-29 00:35:59,459 [INFO] PluginManage:310 - Check plugin pinoutandconfiguration
2026-04-29 00:35:59,477 [INFO] PluginManage:359 - Loaded plugin pinoutandconfiguration (category:base,tabindex:1)
2026-04-29 00:35:59,478 [INFO] PluginManage:310 - Check plugin pinoutconfig
2026-04-29 00:35:59,658 [WARN] SupportedApi:132 - Cannot load RTOS API schema: s4s-elt-must-match.1: The content of 'definitions' must match (annotation?, (simpleType | complexType)?, (unique | key | keyref)*)). A problem was found starting at: attribute.
2026-04-29 00:35:59,923 [INFO] PluginManage:359 - Loaded plugin pinoutconfig (category:base,tabindex:0)
2026-04-29 00:35:59,923 [INFO] PluginManage:310 - Check plugin power
2026-04-29 00:35:59,940 [INFO] PluginManage:359 - Loaded plugin power (category:power,tabindex:4)
2026-04-29 00:35:59,940 [INFO] PluginManage:310 - Check plugin projectmanager
2026-04-29 00:35:59,963 [INFO] PluginManage:359 - Loaded plugin projectmanager (category:projectmanager,tabindex:4)
2026-04-29 00:35:59,963 [INFO] PluginManage:310 - Check plugin rif
2026-04-29 00:35:59,979 [INFO] PluginManage:359 - Loaded plugin rif (category:base,tabindex:3)
2026-04-29 00:35:59,980 [INFO] PluginManage:310 - Check plugin thirdparty
2026-04-29 00:36:00,238 [INFO] PluginManage:359 - Loaded plugin thirdparty (category:base,tabindex:-1)
2026-04-29 00:36:00,238 [WARN] IntegrityCheckThread:84 - waiting for thirdparty lock release [integrity check]
2026-04-29 00:36:00,239 [INFO] PluginManage:310 - Check plugin tools
2026-04-29 00:36:00,239 [INFO] IntegrityCheckThread:86 - entering critical section [integrity check]
2026-04-29 00:36:00,241 [INFO] ThirdPartyUpdaterWithRetryManager:70 - Updater plugin not ready yet. [1/15]
2026-04-29 00:36:00,243 [INFO] PluginManage:359 - Loaded plugin tools (category:base,tabindex:7)
2026-04-29 00:36:00,244 [INFO] PluginManage:310 - Check plugin tutovideos
2026-04-29 00:36:00,691 [INFO] PluginManage:359 - Loaded plugin tutovideos (category:base,tabindex:-1)
2026-04-29 00:36:00,691 [INFO] PluginManage:310 - Check plugin updater
2026-04-29 00:36:00,729 [INFO] PluginManage:359 - Loaded plugin updater (category:base,tabindex:12)
2026-04-29 00:36:00,729 [INFO] PluginManage:310 - Check plugin userauth
2026-04-29 00:36:00,737 [INFO] UserAuth:118 - Init User Auth plugin
2026-04-29 00:36:00,739 [INFO] PluginManage:359 - Loaded plugin userauth (category:base,tabindex:14)
2026-04-29 00:36:00,755 [INFO] PluginManage:283 - PluginManage : Loaded plugins [18]
2026-04-29 00:36:01,274 [INFO] PinOutPanel:1589 - setPackage(No Configuration,No Configuration)
2026-04-29 00:36:01,450 [INFO] CADModel:165 - CPN selected for project level
2026-04-29 00:36:01,450 [INFO] CADModel:114 - Register for checkConnection events
2026-04-29 00:36:01,485 [INFO] IPUIPlugin:80 - create IPUIPlugin
2026-04-29 00:36:01,485 [INFO] PluginManager:220 - loadIPPluginJar : add adc
2026-04-29 00:36:01,491 [INFO] IPUIPlugin:80 - create IPUIPlugin
2026-04-29 00:36:01,491 [INFO] PluginManager:220 - loadIPPluginJar : add aes
2026-04-29 00:36:01,494 [INFO] IPUIPlugin:80 - create IPUIPlugin
2026-04-29 00:36:01,497 [INFO] PluginManager:220 - loadIPPluginJar : add can
2026-04-29 00:36:01,499 [INFO] IPUIPlugin:80 - create IPUIPlugin
2026-04-29 00:36:01,500 [INFO] PluginManager:220 - loadIPPluginJar : add comp
2026-04-29 00:36:01,505 [INFO] IPUIPlugin:80 - create IPUIPlugin
2026-04-29 00:36:01,506 [INFO] PluginManager:220 - loadIPPluginJar : add cryp
2026-04-29 00:36:01,513 [INFO] IPUIPlugin:80 - create IPUIPlugin
2026-04-29 00:36:01,513 [INFO] PluginManager:220 - loadIPPluginJar : add ddr_ctrl_phy
2026-04-29 00:36:01,518 [INFO] IPUIPlugin:80 - create IPUIPlugin
2026-04-29 00:36:01,518 [INFO] PluginManager:220 - loadIPPluginJar : add dfsdm
2026-04-29 00:36:01,527 [INFO] IPUIPlugin:80 - create IPUIPlugin
2026-04-29 00:36:01,528 [INFO] PluginManager:220 - loadIPPluginJar : add dma
2026-04-29 00:36:01,533 [INFO] IPUIPlugin:80 - create IPUIPlugin
2026-04-29 00:36:01,533 [INFO] PluginManager:220 - loadIPPluginJar : add dma3
2026-04-29 00:36:01,538 [INFO] IPUIPlugin:80 - create IPUIPlugin
2026-04-29 00:36:01,539 [INFO] PluginManager:220 - loadIPPluginJar : add extmemmanager
2026-04-29 00:36:01,543 [INFO] IPUIPlugin:80 - create IPUIPlugin
2026-04-29 00:36:01,543 [INFO] PluginManager:220 - loadIPPluginJar : add fatfs
2026-04-29 00:36:01,563 [INFO] IPUIPlugin:80 - create IPUIPlugin
2026-04-29 00:36:01,563 [INFO] PluginManager:220 - loadIPPluginJar : add fmc
2026-04-29 00:36:01,574 [INFO] IPUIPlugin:80 - create IPUIPlugin
2026-04-29 00:36:01,575 [INFO] PluginManager:220 - loadIPPluginJar : add freertos
2026-04-29 00:36:01,578 [INFO] IPUIPlugin:80 - create IPUIPlugin
2026-04-29 00:36:01,579 [INFO] PluginManager:220 - loadIPPluginJar : add genericplugin
2026-04-29 00:36:01,582 [INFO] IPUIPlugin:80 - create IPUIPlugin
2026-04-29 00:36:01,582 [INFO] PluginManager:220 - loadIPPluginJar : add gfxmmu
2026-04-29 00:36:01,594 [INFO] IPUIPlugin:80 - create IPUIPlugin
2026-04-29 00:36:01,594 [INFO] PluginManager:220 - loadIPPluginJar : add gic
2026-04-29 00:36:01,601 [INFO] IPUIPlugin:80 - create IPUIPlugin
2026-04-29 00:36:01,602 [INFO] PluginManager:220 - loadIPPluginJar : add gpio
2026-04-29 00:36:01,606 [INFO] IPUIPlugin:80 - create IPUIPlugin
2026-04-29 00:36:01,606 [INFO] PluginManager:220 - loadIPPluginJar : add gtzc
2026-04-29 00:36:01,611 [INFO] IPUIPlugin:80 - create IPUIPlugin
2026-04-29 00:36:01,611 [INFO] PluginManager:220 - loadIPPluginJar : add hash
2026-04-29 00:36:01,616 [INFO] IPUIPlugin:80 - create IPUIPlugin
2026-04-29 00:36:01,616 [INFO] PluginManager:220 - loadIPPluginJar : add i2c
2026-04-29 00:36:01,621 [INFO] IPUIPlugin:80 - create IPUIPlugin
2026-04-29 00:36:01,621 [INFO] PluginManager:220 - loadIPPluginJar : add i2s
2026-04-29 00:36:01,626 [INFO] IPUIPlugin:80 - create IPUIPlugin
2026-04-29 00:36:01,627 [INFO] PluginManager:220 - loadIPPluginJar : add i3c
2026-04-29 00:36:01,633 [INFO] IPUIPlugin:80 - create IPUIPlugin
2026-04-29 00:36:01,633 [INFO] PluginManager:220 - loadIPPluginJar : add ipddr
2026-04-29 00:36:01,648 [INFO] IPUIPlugin:80 - create IPUIPlugin
2026-04-29 00:36:01,648 [INFO] PluginManager:220 - loadIPPluginJar : add linkedlist
2026-04-29 00:36:01,653 [INFO] IPUIPlugin:80 - create IPUIPlugin
2026-04-29 00:36:01,653 [INFO] PluginManager:220 - loadIPPluginJar : add lorawan
2026-04-29 00:36:01,657 [INFO] IPUIPlugin:80 - create IPUIPlugin
2026-04-29 00:36:01,658 [INFO] PluginManager:220 - loadIPPluginJar : add ltdc
2026-04-29 00:36:01,669 [INFO] IPUIPlugin:80 - create IPUIPlugin
2026-04-29 00:36:01,670 [INFO] PluginManager:220 - loadIPPluginJar : add mdma
2026-04-29 00:36:01,676 [INFO] IPUIPlugin:80 - create IPUIPlugin
2026-04-29 00:36:01,677 [INFO] PluginManager:220 - loadIPPluginJar : add nvic
2026-04-29 00:36:01,682 [INFO] IPUIPlugin:80 - create IPUIPlugin
2026-04-29 00:36:01,683 [INFO] PluginManager:220 - loadIPPluginJar : add opamp
2026-04-29 00:36:01,688 [INFO] IPUIPlugin:80 - create IPUIPlugin
2026-04-29 00:36:01,689 [INFO] PluginManager:220 - loadIPPluginJar : add openamp
2026-04-29 00:36:01,694 [INFO] IPUIPlugin:80 - create IPUIPlugin
2026-04-29 00:36:01,694 [INFO] PluginManager:220 - loadIPPluginJar : add pdm2pcm
2026-04-29 00:36:01,705 [INFO] IPUIPlugin:80 - create IPUIPlugin
2026-04-29 00:36:01,710 [INFO] PluginManager:220 - loadIPPluginJar : add plateformsettings
2026-04-29 00:36:01,713 [INFO] IPUIPlugin:80 - create IPUIPlugin
2026-04-29 00:36:01,713 [INFO] PluginManager:220 - loadIPPluginJar : add quadspi
2026-04-29 00:36:01,716 [INFO] IPUIPlugin:80 - create IPUIPlugin
2026-04-29 00:36:01,718 [INFO] PluginManager:220 - loadIPPluginJar : add radio
2026-04-29 00:36:01,724 [INFO] IPUIPlugin:80 - create IPUIPlugin
2026-04-29 00:36:01,725 [INFO] PluginManager:220 - loadIPPluginJar : add resmgrutility
2026-04-29 00:36:01,731 [INFO] IPUIPlugin:80 - create IPUIPlugin
2026-04-29 00:36:01,731 [INFO] PluginManager:220 - loadIPPluginJar : add sai
2026-04-29 00:36:01,735 [INFO] IPUIPlugin:80 - create IPUIPlugin
2026-04-29 00:36:01,736 [INFO] PluginManager:220 - loadIPPluginJar : add spi
2026-04-29 00:36:01,746 [INFO] IPUIPlugin:80 - create IPUIPlugin
2026-04-29 00:36:01,746 [INFO] PluginManager:220 - loadIPPluginJar : add stm32_wpan
2026-04-29 00:36:01,749 [INFO] IPUIPlugin:80 - create IPUIPlugin
2026-04-29 00:36:01,750 [INFO] PluginManager:220 - loadIPPluginJar : add tim
2026-04-29 00:36:01,757 [INFO] IPUIPlugin:80 - create IPUIPlugin
2026-04-29 00:36:01,758 [INFO] PluginManager:220 - loadIPPluginJar : add touchsensing
2026-04-29 00:36:01,762 [INFO] IPUIPlugin:80 - create IPUIPlugin
2026-04-29 00:36:01,762 [INFO] PluginManager:220 - loadIPPluginJar : add tracer_emb
2026-04-29 00:36:01,765 [INFO] IPUIPlugin:80 - create IPUIPlugin
2026-04-29 00:36:01,765 [INFO] PluginManager:220 - loadIPPluginJar : add ts
2026-04-29 00:36:01,769 [INFO] IPUIPlugin:80 - create IPUIPlugin
2026-04-29 00:36:01,769 [INFO] PluginManager:220 - loadIPPluginJar : add tsc
2026-04-29 00:36:01,773 [INFO] IPUIPlugin:80 - create IPUIPlugin
2026-04-29 00:36:01,774 [INFO] PluginManager:220 - loadIPPluginJar : add ucpd
2026-04-29 00:36:01,779 [INFO] IPUIPlugin:80 - create IPUIPlugin
2026-04-29 00:36:01,779 [INFO] PluginManager:220 - loadIPPluginJar : add usart
2026-04-29 00:36:01,785 [INFO] IPUIPlugin:80 - create IPUIPlugin
2026-04-29 00:36:01,785 [INFO] PluginManager:220 - loadIPPluginJar : add usbx
2026-04-29 00:36:02,031 [FATAL] Updater:351 - Updater called before beeing initialized
2026-04-29 00:36:02,099 [INFO] RulesReader:64 - Compatibility file has been processed (317 Rules)
2026-04-29 00:36:02,123 [INFO] RulesReader:64 - Compatibility file has been processed (317 Rules)
2026-04-29 00:36:02,146 [INFO] CADModel:165 - CPN selected for project level
2026-04-29 00:36:02,146 [INFO] CADModel:114 - Register for checkConnection events
2026-04-29 00:36:02,147 [FATAL] Updater:351 - Updater called before beeing initialized
2026-04-29 00:36:02,147 [ERROR] CADModel:125 - Updater not yet initialized, retry later 
2026-04-29 00:36:02,604 [FATAL] Updater:351 - Updater called before beeing initialized
2026-04-29 00:36:02,609 [INFO] CADModel:165 - CPN selected for project level
2026-04-29 00:36:02,609 [INFO] CADModel:114 - Register for checkConnection events
2026-04-29 00:36:02,609 [FATAL] Updater:351 - Updater called before beeing initialized
2026-04-29 00:36:02,609 [ERROR] CADModel:125 - Updater not yet initialized, retry later 
2026-04-29 00:36:02,616 [FATAL] Updater:351 - Updater called before beeing initialized
2026-04-29 00:36:02,975 [FATAL] Updater:351 - Updater called before beeing initialized
2026-04-29 00:36:02,983 [INFO] DbMcusAds:53 - JSON generation date=Mon Apr 27 10:14:29 CEST 2026 (1777277669683)
2026-04-29 00:36:02,984 [FATAL] Updater:351 - Updater called before beeing initialized
2026-04-29 00:36:03,049 [WARN] DetailPanel:346 - Failed to get advertising image, set to default
2026-04-29 00:36:03,203 [FATAL] Updater:351 - Updater called before beeing initialized
2026-04-29 00:36:03,207 [FATAL] Updater:351 - Updater called before beeing initialized
2026-04-29 00:36:03,207 [FATAL] Updater:351 - Updater called before beeing initialized
2026-04-29 00:36:03,207 [WARN] DetailPanel:346 - Failed to get advertising image, set to default
2026-04-29 00:36:03,208 [FATAL] Updater:351 - Updater called before beeing initialized
2026-04-29 00:36:03,249 [INFO] ThirdPartyUpdaterWithRetryManager:70 - Updater plugin not ready yet. [2/15]
2026-04-29 00:36:03,317 [ERROR] Updater:1198 - MainUpdater not yet initialized. External WinMGr cannot be set.
2026-04-29 00:36:03,321 [INFO] Updater:1134 - Updater Version found : 6.15.0
2026-04-29 00:36:03,353 [INFO] ApplicationProperties:184 - Using Application install path: D:\Programy\STM32CubeIDE_1.19.0\STM32CubeIDE\plugins\com.st.stm32cube.common.mx_6.15.0.202507011659
2026-04-29 00:36:04,947 [ERROR] LogOutputStream:75 - [STDERR_REDIRECT] Apr 29, 2026 12:36:04 AM java.util.prefs.WindowsPreferences <init>
2026-04-29 00:36:04,949 [ERROR] LogOutputStream:75 - [STDERR_REDIRECT] WARNING: Could not open/create prefs root node Software\JavaSoft\Prefs at root 0xffffffff80000002. Windows RegCreateKeyEx(...) returned error code 5.
2026-04-29 00:36:04,950 [ERROR] LogOutputStream:75 - [STDERR_REDIRECT] 
2026-04-29 00:36:05,558 [INFO] MainUpdater:2872 - connection check result : 10
2026-04-29 00:36:05,560 [INFO] MainUpdater:289 - Updater Check For Update Now.
2026-04-29 00:36:05,561 [INFO] MicroXplorer:498 - Change Database Version : DB.6.0.150
2026-04-29 00:36:05,569 [INFO] McuFinderGlobals:63 - Set McuFinder mode to 2 (CubeIDE integrated)
2026-04-29 00:36:05,571 [INFO] UserAuth:487 - Internet connection configuration mode: 1
2026-04-29 00:36:05,613 [INFO] JxBrowserEngine:152 - Initiate JxBrowser Engine with user profile folder
2026-04-29 00:36:05,810 [INFO] CheckServerUpdateThread:120 - End of CheckServer Thread
2026-04-29 00:36:07,158 [WARN] PackLoader:240 - Cannot read IP mode file for STMicroelectronics.X-CUBE-AZRTOS-H7.3.5.0
2026-04-29 00:36:07,179 [WARN] PackLoader:240 - Cannot read IP mode file for STMicroelectronics.FP-SNS-MOTENVWB1.1.4.0
2026-04-29 00:36:07,193 [WARN] PackLoader:240 - Cannot read IP mode file for STMicroelectronics.FP-ATR-ASTRA1.2.0.2
2026-04-29 00:36:07,211 [WARN] PackLoader:240 - Cannot read IP mode file for STMicroelectronics.X-CUBE-SMBUS.2.1.0
2026-04-29 00:36:07,223 [WARN] PackLoader:240 - Cannot read IP mode file for STMicroelectronics.X-CUBE-ST60.1.0.0
2026-04-29 00:36:07,279 [WARN] PackLoader:240 - Cannot read IP mode file for STMicroelectronics.X-CUBE-AZRTOS-F7.1.1.0
2026-04-29 00:36:07,301 [WARN] PackLoader:240 - Cannot read IP mode file for STMicroelectronics.X-CUBE-BLE1.6.2.4
2026-04-29 00:36:07,315 [WARN] PackLoader:240 - Cannot read IP mode file for STMicroelectronics.FP-SNS-MOTENV1.5.1.0
2026-04-29 00:36:07,349 [WARN] PackLoader:240 - Cannot read IP mode file for WES.I-CUBE-Cesium.1.4.0
2026-04-29 00:36:07,398 [WARN] PackLoader:240 - Cannot read IP mode file for Infineon.AIROC-Wi-Fi-Bluetooth-STM32.1.7.1
2026-04-29 00:36:07,465 [WARN] PackLoader:240 - Cannot read IP mode file for STMicroelectronics.X-CUBE-AZRTOS-H7.3.4.0
2026-04-29 00:36:07,489 [WARN] PackLoader:240 - Cannot read IP mode file for STMicroelectronics.X-CUBE-DISPLAY.3.0.0
2026-04-29 00:36:07,510 [WARN] PackLoader:240 - Cannot read IP mode file for STMicroelectronics.X-CUBE-GNSS1.7.1.1
2026-04-29 00:36:07,521 [WARN] PackLoader:240 - Cannot read IP mode file for STMicroelectronics.FP-SNS-MOTENVWB1.1.5.0
2026-04-29 00:36:07,535 [WARN] PackLoader:240 - Cannot read IP mode file for STMicroelectronics.X-CUBE-NFC10.1.0.0
2026-04-29 00:36:07,550 [WARN] PackLoader:240 - Cannot read IP mode file for STMicroelectronics.X-CUBE-ST60.1.1.0
2026-04-29 00:36:07,566 [WARN] PackLoader:240 - Cannot read IP mode file for emotas.I-CUBE-CANOPEN.1.3.0
2026-04-29 00:36:07,585 [WARN] PackLoader:240 - Cannot read IP mode file for STMicroelectronics.X-CUBE-GNSS1.7.1.0
2026-04-29 00:36:07,603 [WARN] PackLoader:240 - Cannot read IP mode file for STMicroelectronics.FP-SNS-STBOX1.2.1.0
2026-04-29 00:36:07,604 [INFO] WebApp:169 - Instantiating new browser for Auth
2026-04-29 00:36:07,615 [WARN] PackLoader:240 - Cannot read IP mode file for STMicroelectronics.FP-SNS-SMARTAG2.1.2.0
2026-04-29 00:36:07,631 [WARN] PackLoader:240 - Cannot read IP mode file for STMicroelectronics.FP-SNS-FLIGHT1.5.1.0
2026-04-29 00:36:07,669 [INFO] LogOutputStream:77 - [STDOUT_REDIRECT] 1 : Invalid condition id : UX_CORESTACK_Condition cause : null
2026-04-29 00:36:07,670 [INFO] LogOutputStream:77 - [STDOUT_REDIRECT] 1 : Invalid condition id : UX_CORESTACK_Condition cause : null
2026-04-29 00:36:07,672 [INFO] LogOutputStream:77 - [STDOUT_REDIRECT] 1 : Invalid condition id : UX_CORESTACK_Condition cause : null
2026-04-29 00:36:07,675 [INFO] LogOutputStream:77 - [STDOUT_REDIRECT] 1 : Invalid condition id : UX_CORESTACK_Condition cause : null
2026-04-29 00:36:07,676 [INFO] LogOutputStream:77 - [STDOUT_REDIRECT] 1 : Invalid condition id : UX_CORESTACK_Condition cause : null
2026-04-29 00:36:07,682 [WARN] PackLoader:240 - Cannot read IP mode file for STMicroelectronics.X-CUBE-AZRTOS-WL.2.0.0
2026-04-29 00:36:07,696 [WARN] PackLoader:240 - Cannot read IP mode file for STMicroelectronics.FP-SNS-MOTENV1.5.0.0
2026-04-29 00:36:07,749 [WARN] PackLoader:240 - Cannot read IP mode file for STMicroelectronics.X-CUBE-AZRTOS-H7RS.1.2.0
2026-04-29 00:36:07,765 [WARN] PackLoader:240 - Cannot read IP mode file for STMicroelectronics.X-CUBE-BLE2.3.3.0
2026-04-29 00:36:07,850 [WARN] PackLoader:240 - Cannot read IP mode file for STMicroelectronics.X-CUBE-TOF1.3.2.0
2026-04-29 00:36:07,873 [WARN] PackLoader:240 - Cannot read IP mode file for STMicroelectronics.X-CUBE-NFC9.1.0.0
2026-04-29 00:36:07,887 [WARN] PackLoader:240 - Cannot read IP mode file for wolfSSL.I-CUBE-wolfSSL.5.8.2
2026-04-29 00:36:07,894 [WARN] PackLoader:240 - Cannot read IP mode file for STMicroelectronics.X-CUBE-BLE1.7.1.0
2026-04-29 00:36:07,905 [WARN] PackLoader:240 - Cannot read IP mode file for wolfSSL.I-CUBE-wolfMQTT.1.19.2
2026-04-29 00:36:07,963 [WARN] PackLoader:240 - Cannot read IP mode file for STMicroelectronics.X-CUBE-FREERTOS.1.4.0
2026-04-29 00:36:07,976 [WARN] PackLoader:240 - Cannot read IP mode file for STMicroelectronics.X-CUBE-EEPRMA1.5.2.0
2026-04-29 00:36:07,988 [WARN] PackLoader:240 - Cannot read IP mode file for STMicroelectronics.X-CUBE-TOUCHGFX.4.21.1
2026-04-29 00:36:08,000 [WARN] PackLoader:240 - Cannot read IP mode file for STMicroelectronics.X-CUBE-ST67W61.1.1.0
2026-04-29 00:36:08,018 [WARN] PackLoader:240 - Cannot read IP mode file for STMicroelectronics.FP-SNS-STAIOTCFT.1.1.0
2026-04-29 00:36:08,137 [WARN] PackLoader:240 - Cannot read IP mode file for STMicroelectronics.X-CUBE-MEMS1.12.0.0
2026-04-29 00:36:08,267 [WARN] PackLoader:240 - Cannot read IP mode file for STMicroelectronics.X-CUBE-ALGOBUILD.1.3.0
2026-04-29 00:36:08,301 [WARN] PackLoader:240 - Cannot read IP mode file for STMicroelectronics.X-CUBE-AZRTOS-G0.1.1.0
2026-04-29 00:36:08,317 [WARN] PackLoader:240 - Cannot read IP mode file for STMicroelectronics.X-CUBE-SAFEA1.1.2.2
2026-04-29 00:36:08,327 [WARN] PackLoader:240 - Cannot read IP mode file for STMicroelectronics.X-CUBE-NFC4.3.0.0
2026-04-29 00:36:08,342 [WARN] PackLoader:240 - Cannot read IP mode file for EmbeddedOffice.I-CUBE-FS-RTOS.1.0.1
2026-04-29 00:36:08,353 [WARN] PackLoader:240 - Cannot read IP mode file for STMicroelectronics.X-CUBE-WB05N.2.0.0
2026-04-29 00:36:08,396 [WARN] PackLoader:240 - Cannot read IP mode file for wolfSSL.I-CUBE-wolfTPM.3.8.0
2026-04-29 00:36:08,410 [WARN] PackLoader:240 - Cannot read IP mode file for STMicroelectronics.X-CUBE-BLEMGR.1.3.0
2026-04-29 00:36:08,423 [WARN] PackLoader:240 - Cannot read IP mode file for STMicroelectronics.X-CUBE-TCPP.4.2.0
2026-04-29 00:36:08,437 [WARN] PackLoader:240 - Cannot read IP mode file for RealThread.X-CUBE-RT-Thread_Nano.4.1.1
2026-04-29 00:36:08,449 [WARN] PackLoader:240 - Cannot read IP mode file for STMicroelectronics.FP-ATR-SIGFOX1.3.2.0
2026-04-29 00:36:08,460 [WARN] PackLoader:240 - Cannot read IP mode file for STMicroelectronics.X-CUBE-FREERTOS.1.5.0
2026-04-29 00:36:08,478 [WARN] PackLoader:240 - Cannot read IP mode file for ITTIA_DB.I-CUBE-ITTIADB.8.9.0
2026-04-29 00:36:08,498 [WARN] PackLoader:240 - Cannot read IP mode file for STMicroelectronics.X-CUBE-NFC6.3.2.0
2026-04-29 00:36:08,582 [WARN] PackLoader:240 - Cannot read IP mode file for STMicroelectronics.X-CUBE-MEMS1.9.5.0
2026-04-29 00:36:08,760 [WARN] PackLoader:240 - Cannot read IP mode file for STMicroelectronics.X-CUBE-ST67W61.1.0.0
2026-04-29 00:36:08,770 [WARN] PackLoader:240 - Cannot read IP mode file for STMicroelectronics.X-CUBE-AI.10.2.0
2026-04-29 00:36:08,844 [WARN] PackLoader:240 - Cannot read IP mode file for STMicroelectronics.X-CUBE-MEMS1.12.1.0
2026-04-29 00:36:09,013 [WARN] PackLoader:240 - Cannot read IP mode file for SEGGER.I-CUBE-embOS.1.3.1
2026-04-29 00:36:09,080 [WARN] PackLoader:240 - Cannot read IP mode file for STMicroelectronics.X-CUBE-ALGOBUILD.1.4.0
2026-04-29 00:36:09,166 [WARN] PackLoader:240 - Cannot read IP mode file for STMicroelectronics.X-CUBE-MEMS1.11.3.0
2026-04-29 00:36:09,323 [WARN] PackLoader:240 - Cannot read IP mode file for STMicroelectronics.X-CUBE-PM33A1.1.0.0
2026-04-29 00:36:09,333 [WARN] PackLoader:240 - Cannot read IP mode file for STMicroelectronics.X-CUBE-GNSS1.6.0.0
2026-04-29 00:36:09,377 [WARN] PackLoader:240 - Cannot read IP mode file for STMicroelectronics.X-CUBE-AZRTOS-F4.1.1.0
2026-04-29 00:36:09,390 [WARN] PackLoader:240 - Cannot read IP mode file for Avnet-IotConnect.X-CUBE-IoTC-DA16k-PMOD.1.0.0
2026-04-29 00:36:09,403 [WARN] PackLoader:240 - Cannot read IP mode file for STMicroelectronics.X-CUBE-ISPU.2.1.0
2026-04-29 00:36:09,431 [WARN] PackLoader:240 - Cannot read IP mode file for STMicroelectronics.X-CUBE-IPS.3.2.0
2026-04-29 00:36:09,479 [WARN] PackLoader:240 - Cannot read IP mode file for STMicroelectronics.eDS-WB_DPC_TT-BIDIR.2.1.1
2026-04-29 00:36:09,504 [WARN] PackLoader:240 - Cannot read IP mode file for STMicroelectronics.X-CUBE-NFC12.1.0.0
2026-04-29 00:36:09,554 [WARN] PackLoader:240 - Cannot read IP mode file for STMicroelectronics.X-CUBE-AZRTOS-L5.2.0.0
2026-04-29 00:36:09,577 [WARN] PackLoader:240 - Cannot read IP mode file for STMicroelectronics.X-CUBE-NFC6.3.1.0
2026-04-29 00:36:09,588 [WARN] PackLoader:240 - Cannot read IP mode file for emotas.I-CUBE-CANOPEN.1.1.3
2026-04-29 00:36:09,600 [WARN] PackLoader:240 - Cannot read IP mode file for STMicroelectronics.eDS-WB_DPC_VIENNA.1.2.0
2026-04-29 00:36:09,608 [WARN] PackLoader:240 - Cannot read IP mode file for STMicroelectronics.eDS-WB_DPC_3PH2L-BIDIR.1.1.1
2026-04-29 00:36:09,617 [ERROR] Engine:466 - C:\Users\kujon\.stm32cubemx\thirdparties\pdsc\STMicroelectronics.X-CUBE-ST67W61.1.3.0.pdsc: PDSC version is not supported
2026-04-29 00:36:09,625 [WARN] PackLoader:240 - Cannot read IP mode file for wolfSSL.I-CUBE-wolfSSL.5.5.4
2026-04-29 00:36:09,639 [WARN] PackLoader:240 - Cannot read IP mode file for STMicroelectronics.X-CUBE-FREERTOS.1.3.1
2026-04-29 00:36:09,655 [WARN] PackLoader:240 - Cannot read IP mode file for STMicroelectronics.X-CUBE-NFC7.1.0.0
2026-04-29 00:36:09,666 [WARN] PackLoader:240 - Cannot read IP mode file for STMicroelectronics.X-CUBE-TOUCHGFX.4.26.0
2026-04-29 00:36:09,673 [WARN] PackLoader:240 - Cannot read IP mode file for STMicroelectronics.X-CUBE-TOUCHGFX.4.26.1
2026-04-29 00:36:09,682 [WARN] PackLoader:240 - Cannot read IP mode file for STMicroelectronics.X-CUBE-EEPRMA1.4.1.0
2026-04-29 00:36:09,692 [WARN] PackLoader:240 - Cannot read IP mode file for STMicroelectronics.FP-SNS-STAIOTCFT.1.0.0
2026-04-29 00:36:09,702 [WARN] PackLoader:240 - Cannot read IP mode file for STMicroelectronics.X-CUBE-DPower.1.3.0
2026-04-29 00:36:09,734 [WARN] ConditionMgr:438 - getConditionDescription Invalid condition id : LAN8742 Phy interface Condition cause : null
2026-04-29 00:36:09,734 [WARN] PackLoader:240 - Cannot read IP mode file for STMicroelectronics.X-CUBE-AZRTOS-L4.2.0.0
2026-04-29 00:36:09,736 [WARN] ConditionMgr:1044 - genDependencies : Invalid condition id : LAN8742 Phy interface Condition cause : null
2026-04-29 00:36:09,737 [WARN] ConditionMgr:1044 - genDependencies : Invalid condition id : LAN8742 Phy interface Condition cause : null
2026-04-29 00:36:09,738 [WARN] ConditionMgr:1044 - genDependencies : Invalid condition id : LAN8742 Phy interface Condition cause : null
2026-04-29 00:36:09,751 [WARN] PackLoader:240 - Cannot read IP mode file for STMicroelectronics.X-CUBE-SFXS2LP1.4.0.0
2026-04-29 00:36:09,780 [WARN] PackLoader:240 - Cannot read IP mode file for STMicroelectronics.X-CUBE-AZRTOS-H7.3.0.0
2026-04-29 00:36:09,792 [WARN] PackLoader:240 - Cannot read IP mode file for STMicroelectronics.X-CUBE-WB05N.2.1.0
2026-04-29 00:36:09,803 [WARN] PackLoader:240 - Cannot read IP mode file for STMicroelectronics.X-CUBE-ST67W61.1.2.0
2026-04-29 00:36:09,813 [WARN] PackLoader:240 - Cannot read IP mode file for STMicroelectronics.X-CUBE-ISPU.1.1.0
2026-04-29 00:36:09,829 [WARN] PackLoader:240 - Cannot read IP mode file for RoweBots.I-CUBE-UNISONRTOS.5.5.0-4
2026-04-29 00:36:09,848 [WARN] PackLoader:240 - Cannot read IP mode file for STMicroelectronics.X-CUBE-BLEMGR.4.1.0
2026-04-29 00:36:09,861 [WARN] PackLoader:240 - Cannot read IP mode file for STMicroelectronics.X-CUBE-AI.8.0.0
2026-04-29 00:36:09,879 [WARN] ConditionMgr:438 - getConditionDescription Invalid condition id : UX DEVICE CLASS RTOS Condition cause : null
2026-04-29 00:36:09,880 [WARN] ConditionMgr:438 - getConditionDescription Invalid condition id : UX DEVICE CLASS RTOS Condition cause : null
2026-04-29 00:36:09,882 [WARN] PackLoader:240 - Cannot read IP mode file for STMicroelectronics.X-CUBE-AZRTOS-WB.2.0.0
2026-04-29 00:36:09,883 [WARN] ConditionMgr:1044 - genDependencies : Invalid condition id : UX DEVICE CLASS RTOS Condition cause : null
2026-04-29 00:36:09,883 [WARN] ConditionMgr:1044 - genDependencies : Invalid condition id : UX DEVICE CLASS RTOS Condition cause : null
2026-04-29 00:36:09,884 [WARN] ConditionMgr:1044 - genDependencies : Invalid condition id : UX DEVICE CLASS RTOS Condition cause : null
2026-04-29 00:36:09,885 [WARN] ConditionMgr:1044 - genDependencies : Invalid condition id : UX DEVICE CLASS RTOS Condition cause : null
2026-04-29 00:36:09,885 [WARN] ConditionMgr:1044 - genDependencies : Invalid condition id : UX DEVICE CLASS RTOS Condition cause : null
2026-04-29 00:36:09,896 [WARN] PackLoader:240 - Cannot read IP mode file for STMicroelectronics.X-CUBE-GNSS1.7.0.1
2026-04-29 00:36:09,905 [WARN] PackLoader:240 - Cannot read IP mode file for STMicroelectronics.X-CUBE-TOUCHGFX.4.25.0
2026-04-29 00:36:09,917 [WARN] ConditionMgr:438 - getConditionDescription Invalid condition id : Cortex-A Device cause : null
2026-04-29 00:36:09,955 [WARN] ConditionMgr:1044 - genDependencies : Invalid condition id : Cortex-A Device cause : null
2026-04-29 00:36:09,956 [WARN] ConditionMgr:1044 - genDependencies : Invalid condition id : Cortex-A Device cause : null
2026-04-29 00:36:09,956 [WARN] ConditionMgr:1044 - genDependencies : Invalid condition id : Cortex-A Device cause : null
2026-04-29 00:36:09,956 [INFO] WebApp:463 - Apply proxy settings
2026-04-29 00:36:09,957 [INFO] WebApp:548 - Chromium requires no authentication
2026-04-29 00:36:09,969 [WARN] PackLoader:240 - Cannot read IP mode file for STMicroelectronics.X-CUBE-STSE01.2.0.0
2026-04-29 00:36:09,979 [INFO] WebApp:491 - Direct internet connection detected
2026-04-29 00:36:09,993 [WARN] PackLoader:240 - Cannot read IP mode file for STMicroelectronics.X-CUBE-AZRTOS-L5.1.1.0
2026-04-29 00:36:10,011 [WARN] PackLoader:240 - Cannot read IP mode file for STMicroelectronics.X-CUBE-SUBG2.5.0.0
2026-04-29 00:36:10,040 [WARN] PackLoader:240 - Cannot read IP mode file for STMicroelectronics.X-CUBE-AZRTOS-H7RS.1.1.0
2026-04-29 00:36:10,045 [INFO] WebApp:900 - Register for checkConnection events
2026-04-29 00:36:10,045 [INFO] WebApp:463 - Apply proxy settings
2026-04-29 00:36:10,045 [INFO] WebApp:548 - Chromium requires no authentication
2026-04-29 00:36:10,049 [INFO] WebApp:491 - Direct internet connection detected
2026-04-29 00:36:10,053 [WARN] PackLoader:240 - Cannot read IP mode file for Cesanta.I-CUBE-Mongoose.7.13.0
2026-04-29 00:36:10,075 [WARN] PackLoader:240 - Cannot read IP mode file for STMicroelectronics.X-CUBE-AZRTOS-G4.2.0.0
2026-04-29 00:36:10,380 [INFO] WebApp:191 - Connection restablished
2026-04-29 00:36:10,409 [WARN] PackLoader:240 - Cannot read IP mode file for STMicroelectronics.FP-ATR-ASTRA1.1.1.1
2026-04-29 00:36:10,419 [WARN] PackLoader:240 - Cannot read IP mode file for wolfSSL.I-CUBE-wolfSSH.1.4.20
2026-04-29 00:36:10,427 [WARN] PackLoader:240 - Cannot read IP mode file for STMicroelectronics.X-CUBE-NFC7.2.0.0
2026-04-29 00:36:10,446 [WARN] PackLoader:240 - Cannot read IP mode file for STMicroelectronics.X-CUBE-AZRTOS-G4.1.0.0
2026-04-29 00:36:10,466 [WARN] PackLoader:240 - Cannot read IP mode file for STMicroelectronics.X-CUBE-AZRTOS-L4.1.0.0
2026-04-29 00:36:10,489 [WARN] PackLoader:240 - Cannot read IP mode file for STMicroelectronics.X-CUBE-IPS.3.1.0
2026-04-29 00:36:10,503 [WARN] PackLoader:240 - Cannot read IP mode file for STMicroelectronics.X-CUBE-ALS.1.0.2
2026-04-29 00:36:10,522 [WARN] PackLoader:240 - Cannot read IP mode file for STMicroelectronics.X-CUBE-AZRTOS-WL.1.0.0
2026-04-29 00:36:10,547 [WARN] PackLoader:240 - Cannot read IP mode file for STMicroelectronics.X-CUBE-STSE01.1.0.0
2026-04-29 00:36:10,570 [WARN] PackLoader:240 - Cannot read IP mode file for portGmbH.I-Cube-SoM-uGOAL.1.1.0
2026-04-29 00:36:10,577 [WARN] PackLoader:240 - Cannot read IP mode file for STMicroelectronics.X-CUBE-ALS.1.0.1
2026-04-29 00:36:10,595 [WARN] PackLoader:240 - Cannot read IP mode file for STMicroelectronics.X-CUBE-AZRTOS-WB.1.1.0
2026-04-29 00:36:10,614 [WARN] PackLoader:240 - Cannot read IP mode file for STMicroelectronics.X-CUBE-TOF1.3.4.3
2026-04-29 00:36:10,617 [INFO] WebApp:225 - Starting web application
2026-04-29 00:36:10,618 [INFO] WebApp:593 - Web application path used D:\Programy\STM32CubeIDE_1.19.0\STM32CubeIDE\plugins\com.st.stm32cube.common.mx_6.15.0.202507011659\db\plugins\mcufinder\reactClient1\index.html
2026-04-29 00:36:10,625 [INFO] ThirdParty:978 - Integrity check success = true
2026-04-29 00:36:10,625 [INFO] IntegrityCheckThread:100 - exiting critical section [integrity check]
2026-04-29 00:36:10,625 [INFO] IntegrityCheckThread:103 - End integrity checks thread
2026-04-29 00:36:10,873 [INFO] UserAuth:487 - Internet connection configuration mode: 1
