2026-03-04 13:32:59,283 [INFO] WebApp:194 - Connection lost
2026-03-04 13:32:59,976 [INFO] WebApp:191 - Connection restablished
2026-03-04 16:56:18,642 [FATAL] RifView:1496 - Exception caught
java.lang.NullPointerException: Cannot invoke "com.st.microxplorer.mcu.rif.RIFService.getRisupmodel()" because the return value of "com.st.microxplorer.mcu.Mcu.getRIFService()" is null
	at com.st.microxplorer.plugins.rifgui.RifView.fillRisupTable(RifView.java:2595) ~[ipmanager.jar:?]
	at com.st.microxplorer.plugins.rifgui.RifView.generatePdfReport(RifView.java:1338) ~[ipmanager.jar:?]
	at com.st.microxplorer.plugins.projectmanager.engine.ConfigurationReport.generatePDF(ConfigurationReport.java:329) ~[filemanager.jar:?]
	at com.st.microxplorer.plugins.projectmanager.engine.ReportBuilder.startGenerateReport(ReportBuilder.java:226) ~[filemanager.jar:?]
	at com.st.microxplorer.plugins.projectmanager.engine.MainProjectManager.startGenerateReport(MainProjectManager.java:1540) ~[filemanager.jar:?]
	at com.st.microxplorer.plugins.filemanager.FileManagerView$10.actionPerformed(FileManagerView.java:768) ~[filemanager.jar:?]
	at com.st.stm32cube.common.mx.editor.CubeMxEditor$28.run(CubeMxEditor.java:2831) ~[com.st.stm32cube.common.mx_6.15.0.202507011659/:?]
	at com.st.stm32cube.common.mx.oss.core.awtswtbridge.AwtEnvironment$2.run(AwtEnvironment.java:166) ~[com.st.stm32cube.common.mx.oss_6.15.0.202507011659/:?]
	at java.awt.event.InvocationEvent.dispatch(InvocationEvent.java:318) ~[?:?]
	at java.awt.EventQueue.dispatchEventImpl(EventQueue.java:773) ~[?:?]
	at java.awt.EventQueue$4.run(EventQueue.java:720) ~[?:?]
	at java.awt.EventQueue$4.run(EventQueue.java:714) ~[?:?]
	at java.security.AccessController.doPrivileged(AccessController.java:400) ~[?:?]
	at java.security.ProtectionDomain$JavaSecurityAccessImpl.doIntersectionPrivilege(ProtectionDomain.java:87) ~[?:?]
	at java.awt.EventQueue.dispatchEvent(EventQueue.java:742) ~[?:?]
	at java.awt.EventDispatchThread.pumpOneEventForFilters(EventDispatchThread.java:203) ~[?:?]
	at java.awt.EventDispatchThread.pumpEventsForFilter(EventDispatchThread.java:124) ~[?:?]
	at java.awt.EventDispatchThread.pumpEventsForHierarchy(EventDispatchThread.java:113) ~[?:?]
	at java.awt.EventDispatchThread.pumpEvents(EventDispatchThread.java:109) ~[?:?]
	at java.awt.EventDispatchThread.pumpEvents(EventDispatchThread.java:101) ~[?:?]
	at java.awt.EventDispatchThread.run(EventDispatchThread.java:90) ~[?:?]
2026-03-04 16:56:18,800 [INFO] IPUIPlugin:80 - create IPUIPlugin
2026-03-04 16:56:18,800 [INFO] IPUIPlugin:80 - create IPUIPlugin
2026-03-04 16:56:18,803 [INFO] IPUIPlugin:80 - create IPUIPlugin
2026-03-04 16:56:18,804 [INFO] IPUIPlugin:80 - create IPUIPlugin
2026-03-04 16:56:18,805 [INFO] IPUIPlugin:80 - create IPUIPlugin
2026-03-04 16:56:18,806 [INFO] IPUIPlugin:80 - create IPUIPlugin
2026-03-04 16:56:18,806 [INFO] IPUIPlugin:80 - create IPUIPlugin
2026-03-04 16:56:18,807 [INFO] IPUIPlugin:80 - create IPUIPlugin
2026-03-04 16:56:18,807 [INFO] IPUIPlugin:80 - create IPUIPlugin
2026-03-04 16:56:18,808 [INFO] IPUIPlugin:80 - create IPUIPlugin
2026-03-04 16:56:18,808 [INFO] IPUIPlugin:80 - create IPUIPlugin
2026-03-04 16:56:18,809 [INFO] IPUIPlugin:80 - create IPUIPlugin
2026-03-04 16:56:18,993 [WARN] IP:2250 - TX_NO_TIMER not found: check if there is a RefParameter without a condition.
2026-03-04 16:56:18,994 [WARN] IP:2250 - ALIGN_TYPE_VAL not found: check if there is a RefParameter without a condition.
2026-03-04 16:56:18,994 [WARN] IP:2250 - TX_BASEPRI_VALUE not found: check if there is a RefParameter without a condition.
2026-03-04 16:56:18,994 [WARN] IP:2250 - TX_APP_THREAD_ENTRY not found: check if there is a RefParameter without a condition.
2026-03-04 16:56:18,994 [WARN] IP:2250 - TX_APP_THREAD_NAME not found: check if there is a RefParameter without a condition.
2026-03-04 16:56:18,994 [WARN] IP:2250 - TX_APP_THREAD_PRIO not found: check if there is a RefParameter without a condition.
2026-03-04 16:56:18,994 [WARN] IP:2250 - TX_APP_STACK_SIZE not found: check if there is a RefParameter without a condition.
2026-03-04 16:56:18,995 [WARN] IP:2250 - TX_SEMAPHORE_NAME not found: check if there is a RefParameter without a condition.
2026-03-04 16:56:18,995 [WARN] IP:2250 - TX_SEMAPHORE_COUNT not found: check if there is a RefParameter without a condition.
2026-03-04 16:56:18,995 [WARN] IP:2250 - TX_MUTEX_NAME not found: check if there is a RefParameter without a condition.
2026-03-04 16:56:18,995 [WARN] IP:2250 - TX_Mutex_INHERITANCE not found: check if there is a RefParameter without a condition.
2026-03-04 16:56:18,995 [WARN] IP:2250 - TX_MSG_QUEUE_NAME not found: check if there is a RefParameter without a condition.
2026-03-04 16:56:18,995 [WARN] IP:2250 - TX_MSG_SIZE_WORDS not found: check if there is a RefParameter without a condition.
2026-03-04 16:56:18,995 [WARN] IP:2250 - TX_NB_MSG not found: check if there is a RefParameter without a condition.
2026-03-04 16:56:19,040 [INFO] IPUIPlugin:80 - create IPUIPlugin
2026-03-04 17:02:59,912 [INFO] UtilMem:75 - End SaveConfig() Used Memory: 968105320 Bytes (1073741824)
2026-03-04 17:03:01,300 [INFO] UtilMem:75 - End SaveConfig() Used Memory: 991028392 Bytes (1073741824)
2026-03-04 17:03:08,103 [INFO] UtilMem:75 - End SaveConfig() Used Memory: 987101472 Bytes (1073741824)
2026-03-04 17:03:09,732 [INFO] BlockDiagram:2775 - set Specific Code input for plugin: SPI
2026-03-04 17:03:09,733 [INFO] BlockDiagram:2775 - set Specific Code input for plugin: SPI
2026-03-04 17:03:09,733 [INFO] BlockDiagram:2775 - set Specific Code input for plugin: TIM1_8G4
2026-03-04 17:03:09,733 [INFO] BlockDiagram:2775 - set Specific Code input for plugin: TIM1_8G4
2026-03-04 17:03:09,733 [INFO] BlockDiagram:2775 - set Specific Code input for plugin: SYS
2026-03-04 17:03:09,733 [INFO] BlockDiagram:2775 - set Specific Code input for plugin: ADC
2026-03-04 17:03:09,733 [INFO] BlockDiagram:2775 - set Specific Code input for plugin: RCC
2026-03-04 17:03:09,733 [INFO] BlockDiagram:2775 - set Specific Code input for plugin: I2C
2026-03-04 17:03:09,733 [INFO] BlockDiagram:2775 - set Specific Code input for plugin: STMicroelectronics.X-CUBE-AZRTOS-G4.2.0.0
2026-03-04 17:03:09,733 [INFO] BlockDiagram:2775 - set Specific Code input for plugin: NVIC
2026-03-04 17:03:09,734 [INFO] BlockDiagram:2775 - set Specific Code input for plugin: USART
2026-03-04 17:03:09,734 [INFO] BlockDiagram:2775 - set Specific Code input for plugin: USART
2026-03-04 17:03:09,734 [INFO] BlockDiagram:2775 - set Specific Code input for plugin: DMA
2026-03-04 17:03:09,734 [INFO] BlockDiagram:2775 - set Specific Code input for plugin: CORDIC
2026-03-04 17:03:09,734 [INFO] BlockDiagram:2775 - set Specific Code input for plugin: GPIO
2026-03-04 17:03:09,736 [WARN] IP:2250 - TX_NO_TIMER not found: check if there is a RefParameter without a condition.
2026-03-04 17:03:09,737 [WARN] IP:2250 - ALIGN_TYPE_VAL not found: check if there is a RefParameter without a condition.
2026-03-04 17:03:09,737 [WARN] IP:2250 - TX_BASEPRI_VALUE not found: check if there is a RefParameter without a condition.
2026-03-04 17:03:09,737 [WARN] IP:2250 - TX_APP_THREAD_ENTRY not found: check if there is a RefParameter without a condition.
2026-03-04 17:03:09,738 [WARN] IP:2250 - TX_APP_THREAD_NAME not found: check if there is a RefParameter without a condition.
2026-03-04 17:03:09,738 [WARN] IP:2250 - TX_APP_THREAD_PRIO not found: check if there is a RefParameter without a condition.
2026-03-04 17:03:09,738 [WARN] IP:2250 - TX_APP_STACK_SIZE not found: check if there is a RefParameter without a condition.
2026-03-04 17:03:09,738 [WARN] IP:2250 - TX_SEMAPHORE_NAME not found: check if there is a RefParameter without a condition.
2026-03-04 17:03:09,738 [WARN] IP:2250 - TX_SEMAPHORE_COUNT not found: check if there is a RefParameter without a condition.
2026-03-04 17:03:09,738 [WARN] IP:2250 - TX_MUTEX_NAME not found: check if there is a RefParameter without a condition.
2026-03-04 17:03:09,738 [WARN] IP:2250 - TX_Mutex_INHERITANCE not found: check if there is a RefParameter without a condition.
2026-03-04 17:03:09,738 [WARN] IP:2250 - TX_MSG_QUEUE_NAME not found: check if there is a RefParameter without a condition.
2026-03-04 17:03:09,738 [WARN] IP:2250 - TX_MSG_SIZE_WORDS not found: check if there is a RefParameter without a condition.
2026-03-04 17:03:09,738 [WARN] IP:2250 - TX_NB_MSG not found: check if there is a RefParameter without a condition.
2026-03-04 17:03:09,743 [WARN] ThirdPartyIpManager:480 - Condition 'CM4 IAR Condition' not fulfilled in pack 'STMicroelectronics.X-CUBE-AZRTOS-G4.2.0.0'
2026-03-04 17:03:09,743 [WARN] ThirdPartyIpManager:480 - Condition 'CM4 IAR Condition' not fulfilled in pack 'STMicroelectronics.X-CUBE-AZRTOS-G4.2.0.0'
2026-03-04 17:03:09,744 [WARN] ThirdPartyIpManager:480 - Condition 'CM4 IAR Condition' not fulfilled in pack 'STMicroelectronics.X-CUBE-AZRTOS-G4.2.0.0'
2026-03-04 17:03:09,745 [WARN] ThirdPartyIpManager:480 - Condition 'CM4 IAR Condition' not fulfilled in pack 'STMicroelectronics.X-CUBE-AZRTOS-G4.2.0.0'
2026-03-04 17:03:09,745 [WARN] ThirdPartyIpManager:480 - Condition 'CM4 IAR Condition' not fulfilled in pack 'STMicroelectronics.X-CUBE-AZRTOS-G4.2.0.0'
2026-03-04 17:03:09,747 [WARN] ThirdPartyIpManager:480 - Condition 'CM4 IAR Condition' not fulfilled in pack 'STMicroelectronics.X-CUBE-AZRTOS-G4.2.0.0'
2026-03-04 17:03:09,747 [WARN] ThirdPartyIpManager:480 - Condition 'CM4 IAR Condition' not fulfilled in pack 'STMicroelectronics.X-CUBE-AZRTOS-G4.2.0.0'
2026-03-04 17:03:09,747 [WARN] ThirdPartyIpManager:480 - Condition 'CM4 IAR Condition' not fulfilled in pack 'STMicroelectronics.X-CUBE-AZRTOS-G4.2.0.0'
2026-03-04 17:03:09,747 [WARN] ThirdPartyIpManager:480 - Condition 'CM4 IAR Condition' not fulfilled in pack 'STMicroelectronics.X-CUBE-AZRTOS-G4.2.0.0'
2026-03-04 17:03:09,748 [WARN] ThirdPartyIpManager:480 - Condition 'CM4 IAR Condition' not fulfilled in pack 'STMicroelectronics.X-CUBE-AZRTOS-G4.2.0.0'
2026-03-04 17:03:09,748 [WARN] ThirdPartyIpManager:480 - Condition 'CM4 IAR Condition' not fulfilled in pack 'STMicroelectronics.X-CUBE-AZRTOS-G4.2.0.0'
2026-03-04 17:03:09,749 [WARN] ThirdPartyIpManager:480 - Condition 'CM4 ARMC6 Condition' not fulfilled in pack 'STMicroelectronics.X-CUBE-AZRTOS-G4.2.0.0'
2026-03-04 17:03:09,749 [WARN] ThirdPartyIpManager:480 - Condition 'CM4 ARMC6 Condition' not fulfilled in pack 'STMicroelectronics.X-CUBE-AZRTOS-G4.2.0.0'
2026-03-04 17:03:09,749 [WARN] ThirdPartyIpManager:480 - Condition 'CM4 ARMC6 Condition' not fulfilled in pack 'STMicroelectronics.X-CUBE-AZRTOS-G4.2.0.0'
2026-03-04 17:03:09,749 [WARN] ThirdPartyIpManager:480 - Condition 'CM4 ARMC6 Condition' not fulfilled in pack 'STMicroelectronics.X-CUBE-AZRTOS-G4.2.0.0'
2026-03-04 17:03:09,749 [WARN] ThirdPartyIpManager:480 - Condition 'CM4 ARMC6 Condition' not fulfilled in pack 'STMicroelectronics.X-CUBE-AZRTOS-G4.2.0.0'
2026-03-04 17:03:09,749 [WARN] ThirdPartyIpManager:480 - Condition 'CM4 ARMC6 Condition' not fulfilled in pack 'STMicroelectronics.X-CUBE-AZRTOS-G4.2.0.0'
2026-03-04 17:03:09,749 [WARN] ThirdPartyIpManager:480 - Condition 'CM4 ARMC6 Condition' not fulfilled in pack 'STMicroelectronics.X-CUBE-AZRTOS-G4.2.0.0'
2026-03-04 17:03:09,749 [WARN] ThirdPartyIpManager:480 - Condition 'CM4 ARMC6 Condition' not fulfilled in pack 'STMicroelectronics.X-CUBE-AZRTOS-G4.2.0.0'
2026-03-04 17:03:09,749 [WARN] ThirdPartyIpManager:480 - Condition 'CM4 ARMC6 Condition' not fulfilled in pack 'STMicroelectronics.X-CUBE-AZRTOS-G4.2.0.0'
2026-03-04 17:03:09,749 [WARN] ThirdPartyIpManager:480 - Condition 'CM4 ARMC6 Condition' not fulfilled in pack 'STMicroelectronics.X-CUBE-AZRTOS-G4.2.0.0'
2026-03-04 17:03:09,753 [INFO] CodeGenerator:892 - code generatio: config db path: D:\Programy\STM32CubeIDE_1.19.0\STM32CubeIDE\plugins\com.st.stm32cube.common.mx_6.15.0.202507011659\\db\
2026-03-04 17:03:09,778 [INFO] Argument:325 - Argument : hdmavalue: null
2026-03-04 17:03:09,778 [INFO] Argument:327 - 	 sub Args: 
2026-03-04 17:03:09,779 [INFO] Argument:325 - Argument : Instancevalue: DMA2_Channel3
2026-03-04 17:03:09,779 [INFO] Argument:335 - Argument : Instancevalue: DMA2_Channel3
2026-03-04 17:03:09,779 [INFO] Argument:325 - Argument : Initvalue: null
2026-03-04 17:03:09,779 [INFO] Argument:327 - 	 sub Args: 
2026-03-04 17:03:09,779 [INFO] Argument:325 - Argument : Requestvalue: DMA_REQUEST_ADC1
2026-03-04 17:03:09,779 [INFO] Argument:335 - Argument : Requestvalue: DMA_REQUEST_ADC1
2026-03-04 17:03:09,779 [INFO] Argument:325 - Argument : Directionvalue: DMA_PERIPH_TO_MEMORY
2026-03-04 17:03:09,779 [INFO] Argument:335 - Argument : Directionvalue: DMA_PERIPH_TO_MEMORY
2026-03-04 17:03:09,779 [INFO] Argument:325 - Argument : PeriphIncvalue: DMA_PINC_DISABLE
2026-03-04 17:03:09,779 [INFO] Argument:335 - Argument : PeriphIncvalue: DMA_PINC_DISABLE
2026-03-04 17:03:09,779 [INFO] Argument:325 - Argument : MemIncvalue: DMA_MINC_ENABLE
2026-03-04 17:03:09,779 [INFO] Argument:335 - Argument : MemIncvalue: DMA_MINC_ENABLE
2026-03-04 17:03:09,779 [INFO] Argument:325 - Argument : PeriphDataAlignmentvalue: DMA_PDATAALIGN_WORD
2026-03-04 17:03:09,779 [INFO] Argument:335 - Argument : PeriphDataAlignmentvalue: DMA_PDATAALIGN_WORD
2026-03-04 17:03:09,779 [INFO] Argument:325 - Argument : MemDataAlignmentvalue: DMA_MDATAALIGN_WORD
2026-03-04 17:03:09,779 [INFO] Argument:335 - Argument : MemDataAlignmentvalue: DMA_MDATAALIGN_WORD
2026-03-04 17:03:09,779 [INFO] Argument:325 - Argument : Modevalue: DMA_NORMAL
2026-03-04 17:03:09,779 [INFO] Argument:335 - Argument : Modevalue: DMA_NORMAL
2026-03-04 17:03:09,780 [INFO] Argument:325 - Argument : Priorityvalue: DMA_PRIORITY_LOW
2026-03-04 17:03:09,780 [INFO] Argument:335 - Argument : Priorityvalue: DMA_PRIORITY_LOW
2026-03-04 17:03:09,780 [INFO] Argument:325 - Argument : Lockvalue: null
2026-03-04 17:03:09,780 [INFO] Argument:335 - Argument : Lockvalue: null
2026-03-04 17:03:09,780 [INFO] Argument:325 - Argument : Statevalue: null
2026-03-04 17:03:09,780 [INFO] Argument:335 - Argument : Statevalue: null
2026-03-04 17:03:09,780 [INFO] Argument:325 - Argument : Parentvalue: null
2026-03-04 17:03:09,780 [INFO] Argument:335 - Argument : Parentvalue: null
2026-03-04 17:03:09,780 [INFO] Argument:325 - Argument : XferCpltCallbackvalue: null
2026-03-04 17:03:09,780 [INFO] Argument:335 - Argument : XferCpltCallbackvalue: null
2026-03-04 17:03:09,780 [INFO] Argument:325 - Argument : XferHalfCpltCallbackvalue: null
2026-03-04 17:03:09,780 [INFO] Argument:335 - Argument : XferHalfCpltCallbackvalue: null
2026-03-04 17:03:09,780 [INFO] Argument:325 - Argument : XferErrorCallbackvalue: null
2026-03-04 17:03:09,780 [INFO] Argument:335 - Argument : XferErrorCallbackvalue: null
2026-03-04 17:03:09,780 [INFO] Argument:325 - Argument : XferAbortCallbackvalue: null
2026-03-04 17:03:09,780 [INFO] Argument:335 - Argument : XferAbortCallbackvalue: null
2026-03-04 17:03:09,780 [INFO] Argument:325 - Argument : ErrorCodevalue: null
2026-03-04 17:03:09,780 [INFO] Argument:335 - Argument : ErrorCodevalue: null
2026-03-04 17:03:09,780 [INFO] Argument:325 - Argument : ChannelIndexvalue: null
2026-03-04 17:03:09,780 [INFO] Argument:335 - Argument : ChannelIndexvalue: null
2026-03-04 17:03:09,780 [INFO] Argument:325 - Argument : DMAmuxChannelvalue: null
2026-03-04 17:03:09,780 [INFO] Argument:335 - Argument : DMAmuxChannelvalue: null
2026-03-04 17:03:09,780 [INFO] Argument:325 - Argument : DMAmuxChannelStatusvalue: null
2026-03-04 17:03:09,780 [INFO] Argument:335 - Argument : DMAmuxChannelStatusvalue: null
2026-03-04 17:03:09,782 [INFO] Argument:325 - Argument : DMAmuxChannelStatusMaskvalue: null
2026-03-04 17:03:09,782 [INFO] Argument:335 - Argument : DMAmuxChannelStatusMaskvalue: null
2026-03-04 17:03:09,782 [INFO] Argument:325 - Argument : DMAmuxRequestGenvalue: null
2026-03-04 17:03:09,782 [INFO] Argument:335 - Argument : DMAmuxRequestGenvalue: null
2026-03-04 17:03:09,782 [INFO] Argument:325 - Argument : DMAmuxRequestGenStatusvalue: null
2026-03-04 17:03:09,782 [INFO] Argument:335 - Argument : DMAmuxRequestGenStatusvalue: null
2026-03-04 17:03:09,782 [INFO] Argument:325 - Argument : DMAmuxRequestGenStatusMaskvalue: null
2026-03-04 17:03:09,782 [INFO] Argument:335 - Argument : DMAmuxRequestGenStatusMaskvalue: null
2026-03-04 17:03:09,815 [INFO] Argument:325 - Argument : hdmavalue: null
2026-03-04 17:03:09,816 [INFO] Argument:327 - 	 sub Args: 
2026-03-04 17:03:09,816 [INFO] Argument:325 - Argument : Instancevalue: DMA1_Channel1
2026-03-04 17:03:09,816 [INFO] Argument:335 - Argument : Instancevalue: DMA1_Channel1
2026-03-04 17:03:09,816 [INFO] Argument:325 - Argument : Initvalue: null
2026-03-04 17:03:09,816 [INFO] Argument:327 - 	 sub Args: 
2026-03-04 17:03:09,816 [INFO] Argument:325 - Argument : Requestvalue: DMA_REQUEST_I2C2_TX
2026-03-04 17:03:09,816 [INFO] Argument:335 - Argument : Requestvalue: DMA_REQUEST_I2C2_TX
2026-03-04 17:03:09,816 [INFO] Argument:325 - Argument : Directionvalue: DMA_MEMORY_TO_PERIPH
2026-03-04 17:03:09,816 [INFO] Argument:335 - Argument : Directionvalue: DMA_MEMORY_TO_PERIPH
2026-03-04 17:03:09,816 [INFO] Argument:325 - Argument : PeriphIncvalue: DMA_PINC_DISABLE
2026-03-04 17:03:09,816 [INFO] Argument:335 - Argument : PeriphIncvalue: DMA_PINC_DISABLE
2026-03-04 17:03:09,816 [INFO] Argument:325 - Argument : MemIncvalue: DMA_MINC_ENABLE
2026-03-04 17:03:09,816 [INFO] Argument:335 - Argument : MemIncvalue: DMA_MINC_ENABLE
2026-03-04 17:03:09,816 [INFO] Argument:325 - Argument : PeriphDataAlignmentvalue: DMA_PDATAALIGN_BYTE
2026-03-04 17:03:09,816 [INFO] Argument:335 - Argument : PeriphDataAlignmentvalue: DMA_PDATAALIGN_BYTE
2026-03-04 17:03:09,816 [INFO] Argument:325 - Argument : MemDataAlignmentvalue: DMA_MDATAALIGN_BYTE
2026-03-04 17:03:09,816 [INFO] Argument:335 - Argument : MemDataAlignmentvalue: DMA_MDATAALIGN_BYTE
2026-03-04 17:03:09,817 [INFO] Argument:325 - Argument : Modevalue: DMA_NORMAL
2026-03-04 17:03:09,817 [INFO] Argument:335 - Argument : Modevalue: DMA_NORMAL
2026-03-04 17:03:09,817 [INFO] Argument:325 - Argument : Priorityvalue: DMA_PRIORITY_LOW
2026-03-04 17:03:09,817 [INFO] Argument:335 - Argument : Priorityvalue: DMA_PRIORITY_LOW
2026-03-04 17:03:09,817 [INFO] Argument:325 - Argument : Lockvalue: null
2026-03-04 17:03:09,817 [INFO] Argument:335 - Argument : Lockvalue: null
2026-03-04 17:03:09,817 [INFO] Argument:325 - Argument : Statevalue: null
2026-03-04 17:03:09,817 [INFO] Argument:335 - Argument : Statevalue: null
2026-03-04 17:03:09,817 [INFO] Argument:325 - Argument : Parentvalue: null
2026-03-04 17:03:09,817 [INFO] Argument:335 - Argument : Parentvalue: null
2026-03-04 17:03:09,817 [INFO] Argument:325 - Argument : XferCpltCallbackvalue: null
2026-03-04 17:03:09,817 [INFO] Argument:335 - Argument : XferCpltCallbackvalue: null
2026-03-04 17:03:09,817 [INFO] Argument:325 - Argument : XferHalfCpltCallbackvalue: null
2026-03-04 17:03:09,817 [INFO] Argument:335 - Argument : XferHalfCpltCallbackvalue: null
2026-03-04 17:03:09,817 [INFO] Argument:325 - Argument : XferErrorCallbackvalue: null
2026-03-04 17:03:09,817 [INFO] Argument:335 - Argument : XferErrorCallbackvalue: null
2026-03-04 17:03:09,817 [INFO] Argument:325 - Argument : XferAbortCallbackvalue: null
2026-03-04 17:03:09,817 [INFO] Argument:335 - Argument : XferAbortCallbackvalue: null
2026-03-04 17:03:09,817 [INFO] Argument:325 - Argument : ErrorCodevalue: null
2026-03-04 17:03:09,817 [INFO] Argument:335 - Argument : ErrorCodevalue: null
2026-03-04 17:03:09,817 [INFO] Argument:325 - Argument : ChannelIndexvalue: null
2026-03-04 17:03:09,817 [INFO] Argument:335 - Argument : ChannelIndexvalue: null
2026-03-04 17:03:09,818 [INFO] Argument:325 - Argument : DMAmuxChannelvalue: null
2026-03-04 17:03:09,818 [INFO] Argument:335 - Argument : DMAmuxChannelvalue: null
2026-03-04 17:03:09,818 [INFO] Argument:325 - Argument : DMAmuxChannelStatusvalue: null
2026-03-04 17:03:09,818 [INFO] Argument:335 - Argument : DMAmuxChannelStatusvalue: null
2026-03-04 17:03:09,818 [INFO] Argument:325 - Argument : DMAmuxChannelStatusMaskvalue: null
2026-03-04 17:03:09,818 [INFO] Argument:335 - Argument : DMAmuxChannelStatusMaskvalue: null
2026-03-04 17:03:09,818 [INFO] Argument:325 - Argument : DMAmuxRequestGenvalue: null
2026-03-04 17:03:09,818 [INFO] Argument:335 - Argument : DMAmuxRequestGenvalue: null
2026-03-04 17:03:09,818 [INFO] Argument:325 - Argument : DMAmuxRequestGenStatusvalue: null
2026-03-04 17:03:09,818 [INFO] Argument:335 - Argument : DMAmuxRequestGenStatusvalue: null
2026-03-04 17:03:09,818 [INFO] Argument:325 - Argument : DMAmuxRequestGenStatusMaskvalue: null
2026-03-04 17:03:09,818 [INFO] Argument:335 - Argument : DMAmuxRequestGenStatusMaskvalue: null
2026-03-04 17:03:09,820 [INFO] Argument:325 - Argument : hdmavalue: null
2026-03-04 17:03:09,820 [INFO] Argument:327 - 	 sub Args: 
2026-03-04 17:03:09,820 [INFO] Argument:325 - Argument : Instancevalue: DMA1_Channel2
2026-03-04 17:03:09,820 [INFO] Argument:335 - Argument : Instancevalue: DMA1_Channel2
2026-03-04 17:03:09,820 [INFO] Argument:325 - Argument : Initvalue: null
2026-03-04 17:03:09,820 [INFO] Argument:327 - 	 sub Args: 
2026-03-04 17:03:09,820 [INFO] Argument:325 - Argument : Requestvalue: DMA_REQUEST_I2C2_RX
2026-03-04 17:03:09,820 [INFO] Argument:335 - Argument : Requestvalue: DMA_REQUEST_I2C2_RX
2026-03-04 17:03:09,820 [INFO] Argument:325 - Argument : Directionvalue: DMA_PERIPH_TO_MEMORY
2026-03-04 17:03:09,820 [INFO] Argument:335 - Argument : Directionvalue: DMA_PERIPH_TO_MEMORY
2026-03-04 17:03:09,820 [INFO] Argument:325 - Argument : PeriphIncvalue: DMA_PINC_DISABLE
2026-03-04 17:03:09,820 [INFO] Argument:335 - Argument : PeriphIncvalue: DMA_PINC_DISABLE
2026-03-04 17:03:09,820 [INFO] Argument:325 - Argument : MemIncvalue: DMA_MINC_ENABLE
2026-03-04 17:03:09,820 [INFO] Argument:335 - Argument : MemIncvalue: DMA_MINC_ENABLE
2026-03-04 17:03:09,820 [INFO] Argument:325 - Argument : PeriphDataAlignmentvalue: DMA_PDATAALIGN_BYTE
2026-03-04 17:03:09,820 [INFO] Argument:335 - Argument : PeriphDataAlignmentvalue: DMA_PDATAALIGN_BYTE
2026-03-04 17:03:09,820 [INFO] Argument:325 - Argument : MemDataAlignmentvalue: DMA_MDATAALIGN_BYTE
2026-03-04 17:03:09,820 [INFO] Argument:335 - Argument : MemDataAlignmentvalue: DMA_MDATAALIGN_BYTE
2026-03-04 17:03:09,820 [INFO] Argument:325 - Argument : Modevalue: DMA_NORMAL
2026-03-04 17:03:09,820 [INFO] Argument:335 - Argument : Modevalue: DMA_NORMAL
2026-03-04 17:03:09,820 [INFO] Argument:325 - Argument : Priorityvalue: DMA_PRIORITY_LOW
2026-03-04 17:03:09,820 [INFO] Argument:335 - Argument : Priorityvalue: DMA_PRIORITY_LOW
2026-03-04 17:03:09,820 [INFO] Argument:325 - Argument : Lockvalue: null
2026-03-04 17:03:09,820 [INFO] Argument:335 - Argument : Lockvalue: null
2026-03-04 17:03:09,820 [INFO] Argument:325 - Argument : Statevalue: null
2026-03-04 17:03:09,820 [INFO] Argument:335 - Argument : Statevalue: null
2026-03-04 17:03:09,820 [INFO] Argument:325 - Argument : Parentvalue: null
2026-03-04 17:03:09,820 [INFO] Argument:335 - Argument : Parentvalue: null
2026-03-04 17:03:09,820 [INFO] Argument:325 - Argument : XferCpltCallbackvalue: null
2026-03-04 17:03:09,820 [INFO] Argument:335 - Argument : XferCpltCallbackvalue: null
2026-03-04 17:03:09,820 [INFO] Argument:325 - Argument : XferHalfCpltCallbackvalue: null
2026-03-04 17:03:09,820 [INFO] Argument:335 - Argument : XferHalfCpltCallbackvalue: null
2026-03-04 17:03:09,820 [INFO] Argument:325 - Argument : XferErrorCallbackvalue: null
2026-03-04 17:03:09,820 [INFO] Argument:335 - Argument : XferErrorCallbackvalue: null
2026-03-04 17:03:09,820 [INFO] Argument:325 - Argument : XferAbortCallbackvalue: null
2026-03-04 17:03:09,820 [INFO] Argument:335 - Argument : XferAbortCallbackvalue: null
2026-03-04 17:03:09,820 [INFO] Argument:325 - Argument : ErrorCodevalue: null
2026-03-04 17:03:09,822 [INFO] Argument:335 - Argument : ErrorCodevalue: null
2026-03-04 17:03:09,822 [INFO] Argument:325 - Argument : ChannelIndexvalue: null
2026-03-04 17:03:09,822 [INFO] Argument:335 - Argument : ChannelIndexvalue: null
2026-03-04 17:03:09,822 [INFO] Argument:325 - Argument : DMAmuxChannelvalue: null
2026-03-04 17:03:09,822 [INFO] Argument:335 - Argument : DMAmuxChannelvalue: null
2026-03-04 17:03:09,822 [INFO] Argument:325 - Argument : DMAmuxChannelStatusvalue: null
2026-03-04 17:03:09,822 [INFO] Argument:335 - Argument : DMAmuxChannelStatusvalue: null
2026-03-04 17:03:09,822 [INFO] Argument:325 - Argument : DMAmuxChannelStatusMaskvalue: null
2026-03-04 17:03:09,822 [INFO] Argument:335 - Argument : DMAmuxChannelStatusMaskvalue: null
2026-03-04 17:03:09,822 [INFO] Argument:325 - Argument : DMAmuxRequestGenvalue: null
2026-03-04 17:03:09,822 [INFO] Argument:335 - Argument : DMAmuxRequestGenvalue: null
2026-03-04 17:03:09,822 [INFO] Argument:325 - Argument : DMAmuxRequestGenStatusvalue: null
2026-03-04 17:03:09,822 [INFO] Argument:335 - Argument : DMAmuxRequestGenStatusvalue: null
2026-03-04 17:03:09,822 [INFO] Argument:325 - Argument : DMAmuxRequestGenStatusMaskvalue: null
2026-03-04 17:03:09,822 [INFO] Argument:335 - Argument : DMAmuxRequestGenStatusMaskvalue: null
2026-03-04 17:03:09,843 [INFO] Argument:325 - Argument : hdmavalue: null
2026-03-04 17:03:09,843 [INFO] Argument:327 - 	 sub Args: 
2026-03-04 17:03:09,843 [INFO] Argument:325 - Argument : Instancevalue: DMA1_Channel3
2026-03-04 17:03:09,843 [INFO] Argument:335 - Argument : Instancevalue: DMA1_Channel3
2026-03-04 17:03:09,843 [INFO] Argument:325 - Argument : Initvalue: null
2026-03-04 17:03:09,843 [INFO] Argument:327 - 	 sub Args: 
2026-03-04 17:03:09,843 [INFO] Argument:325 - Argument : Requestvalue: DMA_REQUEST_SPI1_RX
2026-03-04 17:03:09,843 [INFO] Argument:335 - Argument : Requestvalue: DMA_REQUEST_SPI1_RX
2026-03-04 17:03:09,843 [INFO] Argument:325 - Argument : Directionvalue: DMA_PERIPH_TO_MEMORY
2026-03-04 17:03:09,843 [INFO] Argument:335 - Argument : Directionvalue: DMA_PERIPH_TO_MEMORY
2026-03-04 17:03:09,843 [INFO] Argument:325 - Argument : PeriphIncvalue: DMA_PINC_DISABLE
2026-03-04 17:03:09,843 [INFO] Argument:335 - Argument : PeriphIncvalue: DMA_PINC_DISABLE
2026-03-04 17:03:09,844 [INFO] Argument:325 - Argument : MemIncvalue: DMA_MINC_ENABLE
2026-03-04 17:03:09,844 [INFO] Argument:335 - Argument : MemIncvalue: DMA_MINC_ENABLE
2026-03-04 17:03:09,844 [INFO] Argument:325 - Argument : PeriphDataAlignmentvalue: DMA_PDATAALIGN_BYTE
2026-03-04 17:03:09,844 [INFO] Argument:335 - Argument : PeriphDataAlignmentvalue: DMA_PDATAALIGN_BYTE
2026-03-04 17:03:09,844 [INFO] Argument:325 - Argument : MemDataAlignmentvalue: DMA_MDATAALIGN_BYTE
2026-03-04 17:03:09,844 [INFO] Argument:335 - Argument : MemDataAlignmentvalue: DMA_MDATAALIGN_BYTE
2026-03-04 17:03:09,844 [INFO] Argument:325 - Argument : Modevalue: DMA_NORMAL
2026-03-04 17:03:09,844 [INFO] Argument:335 - Argument : Modevalue: DMA_NORMAL
2026-03-04 17:03:09,844 [INFO] Argument:325 - Argument : Priorityvalue: DMA_PRIORITY_LOW
2026-03-04 17:03:09,844 [INFO] Argument:335 - Argument : Priorityvalue: DMA_PRIORITY_LOW
2026-03-04 17:03:09,844 [INFO] Argument:325 - Argument : Lockvalue: null
2026-03-04 17:03:09,844 [INFO] Argument:335 - Argument : Lockvalue: null
2026-03-04 17:03:09,844 [INFO] Argument:325 - Argument : Statevalue: null
2026-03-04 17:03:09,844 [INFO] Argument:335 - Argument : Statevalue: null
2026-03-04 17:03:09,844 [INFO] Argument:325 - Argument : Parentvalue: null
2026-03-04 17:03:09,844 [INFO] Argument:335 - Argument : Parentvalue: null
2026-03-04 17:03:09,844 [INFO] Argument:325 - Argument : XferCpltCallbackvalue: null
2026-03-04 17:03:09,844 [INFO] Argument:335 - Argument : XferCpltCallbackvalue: null
2026-03-04 17:03:09,844 [INFO] Argument:325 - Argument : XferHalfCpltCallbackvalue: null
2026-03-04 17:03:09,844 [INFO] Argument:335 - Argument : XferHalfCpltCallbackvalue: null
2026-03-04 17:03:09,844 [INFO] Argument:325 - Argument : XferErrorCallbackvalue: null
2026-03-04 17:03:09,844 [INFO] Argument:335 - Argument : XferErrorCallbackvalue: null
2026-03-04 17:03:09,844 [INFO] Argument:325 - Argument : XferAbortCallbackvalue: null
2026-03-04 17:03:09,844 [INFO] Argument:335 - Argument : XferAbortCallbackvalue: null
2026-03-04 17:03:09,844 [INFO] Argument:325 - Argument : ErrorCodevalue: null
2026-03-04 17:03:09,844 [INFO] Argument:335 - Argument : ErrorCodevalue: null
2026-03-04 17:03:09,844 [INFO] Argument:325 - Argument : ChannelIndexvalue: null
2026-03-04 17:03:09,844 [INFO] Argument:335 - Argument : ChannelIndexvalue: null
2026-03-04 17:03:09,844 [INFO] Argument:325 - Argument : DMAmuxChannelvalue: null
2026-03-04 17:03:09,844 [INFO] Argument:335 - Argument : DMAmuxChannelvalue: null
2026-03-04 17:03:09,844 [INFO] Argument:325 - Argument : DMAmuxChannelStatusvalue: null
2026-03-04 17:03:09,844 [INFO] Argument:335 - Argument : DMAmuxChannelStatusvalue: null
2026-03-04 17:03:09,844 [INFO] Argument:325 - Argument : DMAmuxChannelStatusMaskvalue: null
2026-03-04 17:03:09,844 [INFO] Argument:335 - Argument : DMAmuxChannelStatusMaskvalue: null
2026-03-04 17:03:09,844 [INFO] Argument:325 - Argument : DMAmuxRequestGenvalue: null
2026-03-04 17:03:09,844 [INFO] Argument:335 - Argument : DMAmuxRequestGenvalue: null
2026-03-04 17:03:09,844 [INFO] Argument:325 - Argument : DMAmuxRequestGenStatusvalue: null
2026-03-04 17:03:09,844 [INFO] Argument:335 - Argument : DMAmuxRequestGenStatusvalue: null
2026-03-04 17:03:09,844 [INFO] Argument:325 - Argument : DMAmuxRequestGenStatusMaskvalue: null
2026-03-04 17:03:09,844 [INFO] Argument:335 - Argument : DMAmuxRequestGenStatusMaskvalue: null
2026-03-04 17:03:09,846 [INFO] Argument:325 - Argument : hdmavalue: null
2026-03-04 17:03:09,846 [INFO] Argument:327 - 	 sub Args: 
2026-03-04 17:03:09,846 [INFO] Argument:325 - Argument : Instancevalue: DMA1_Channel4
2026-03-04 17:03:09,847 [INFO] Argument:335 - Argument : Instancevalue: DMA1_Channel4
2026-03-04 17:03:09,847 [INFO] Argument:325 - Argument : Initvalue: null
2026-03-04 17:03:09,847 [INFO] Argument:327 - 	 sub Args: 
2026-03-04 17:03:09,847 [INFO] Argument:325 - Argument : Requestvalue: DMA_REQUEST_SPI1_TX
2026-03-04 17:03:09,847 [INFO] Argument:335 - Argument : Requestvalue: DMA_REQUEST_SPI1_TX
2026-03-04 17:03:09,847 [INFO] Argument:325 - Argument : Directionvalue: DMA_MEMORY_TO_PERIPH
2026-03-04 17:03:09,847 [INFO] Argument:335 - Argument : Directionvalue: DMA_MEMORY_TO_PERIPH
2026-03-04 17:03:09,847 [INFO] Argument:325 - Argument : PeriphIncvalue: DMA_PINC_DISABLE
2026-03-04 17:03:09,847 [INFO] Argument:335 - Argument : PeriphIncvalue: DMA_PINC_DISABLE
2026-03-04 17:03:09,847 [INFO] Argument:325 - Argument : MemIncvalue: DMA_MINC_ENABLE
2026-03-04 17:03:09,847 [INFO] Argument:335 - Argument : MemIncvalue: DMA_MINC_ENABLE
2026-03-04 17:03:09,847 [INFO] Argument:325 - Argument : PeriphDataAlignmentvalue: DMA_PDATAALIGN_BYTE
2026-03-04 17:03:09,847 [INFO] Argument:335 - Argument : PeriphDataAlignmentvalue: DMA_PDATAALIGN_BYTE
2026-03-04 17:03:09,847 [INFO] Argument:325 - Argument : MemDataAlignmentvalue: DMA_MDATAALIGN_BYTE
2026-03-04 17:03:09,847 [INFO] Argument:335 - Argument : MemDataAlignmentvalue: DMA_MDATAALIGN_BYTE
2026-03-04 17:03:09,847 [INFO] Argument:325 - Argument : Modevalue: DMA_NORMAL
2026-03-04 17:03:09,847 [INFO] Argument:335 - Argument : Modevalue: DMA_NORMAL
2026-03-04 17:03:09,847 [INFO] Argument:325 - Argument : Priorityvalue: DMA_PRIORITY_LOW
2026-03-04 17:03:09,847 [INFO] Argument:335 - Argument : Priorityvalue: DMA_PRIORITY_LOW
2026-03-04 17:03:09,847 [INFO] Argument:325 - Argument : Lockvalue: null
2026-03-04 17:03:09,847 [INFO] Argument:335 - Argument : Lockvalue: null
2026-03-04 17:03:09,847 [INFO] Argument:325 - Argument : Statevalue: null
2026-03-04 17:03:09,847 [INFO] Argument:335 - Argument : Statevalue: null
2026-03-04 17:03:09,847 [INFO] Argument:325 - Argument : Parentvalue: null
2026-03-04 17:03:09,847 [INFO] Argument:335 - Argument : Parentvalue: null
2026-03-04 17:03:09,847 [INFO] Argument:325 - Argument : XferCpltCallbackvalue: null
2026-03-04 17:03:09,847 [INFO] Argument:335 - Argument : XferCpltCallbackvalue: null
2026-03-04 17:03:09,847 [INFO] Argument:325 - Argument : XferHalfCpltCallbackvalue: null
2026-03-04 17:03:09,847 [INFO] Argument:335 - Argument : XferHalfCpltCallbackvalue: null
2026-03-04 17:03:09,847 [INFO] Argument:325 - Argument : XferErrorCallbackvalue: null
2026-03-04 17:03:09,847 [INFO] Argument:335 - Argument : XferErrorCallbackvalue: null
2026-03-04 17:03:09,848 [INFO] Argument:325 - Argument : XferAbortCallbackvalue: null
2026-03-04 17:03:09,848 [INFO] Argument:335 - Argument : XferAbortCallbackvalue: null
2026-03-04 17:03:09,848 [INFO] Argument:325 - Argument : ErrorCodevalue: null
2026-03-04 17:03:09,848 [INFO] Argument:335 - Argument : ErrorCodevalue: null
2026-03-04 17:03:09,848 [INFO] Argument:325 - Argument : ChannelIndexvalue: null
2026-03-04 17:03:09,848 [INFO] Argument:335 - Argument : ChannelIndexvalue: null
2026-03-04 17:03:09,848 [INFO] Argument:325 - Argument : DMAmuxChannelvalue: null
2026-03-04 17:03:09,848 [INFO] Argument:335 - Argument : DMAmuxChannelvalue: null
2026-03-04 17:03:09,848 [INFO] Argument:325 - Argument : DMAmuxChannelStatusvalue: null
2026-03-04 17:03:09,848 [INFO] Argument:335 - Argument : DMAmuxChannelStatusvalue: null
2026-03-04 17:03:09,848 [INFO] Argument:325 - Argument : DMAmuxChannelStatusMaskvalue: null
2026-03-04 17:03:09,848 [INFO] Argument:335 - Argument : DMAmuxChannelStatusMaskvalue: null
2026-03-04 17:03:09,848 [INFO] Argument:325 - Argument : DMAmuxRequestGenvalue: null
2026-03-04 17:03:09,848 [INFO] Argument:335 - Argument : DMAmuxRequestGenvalue: null
2026-03-04 17:03:09,848 [INFO] Argument:325 - Argument : DMAmuxRequestGenStatusvalue: null
2026-03-04 17:03:09,852 [INFO] Argument:335 - Argument : DMAmuxRequestGenStatusvalue: null
2026-03-04 17:03:09,852 [INFO] Argument:325 - Argument : DMAmuxRequestGenStatusMaskvalue: null
2026-03-04 17:03:09,852 [INFO] Argument:335 - Argument : DMAmuxRequestGenStatusMaskvalue: null
2026-03-04 17:03:09,859 [INFO] Argument:325 - Argument : hdmavalue: null
2026-03-04 17:03:09,860 [INFO] Argument:327 - 	 sub Args: 
2026-03-04 17:03:09,860 [INFO] Argument:325 - Argument : Instancevalue: DMA1_Channel5
2026-03-04 17:03:09,860 [INFO] Argument:335 - Argument : Instancevalue: DMA1_Channel5
2026-03-04 17:03:09,860 [INFO] Argument:325 - Argument : Initvalue: null
2026-03-04 17:03:09,860 [INFO] Argument:327 - 	 sub Args: 
2026-03-04 17:03:09,860 [INFO] Argument:325 - Argument : Requestvalue: DMA_REQUEST_SPI2_RX
2026-03-04 17:03:09,860 [INFO] Argument:335 - Argument : Requestvalue: DMA_REQUEST_SPI2_RX
2026-03-04 17:03:09,860 [INFO] Argument:325 - Argument : Directionvalue: DMA_PERIPH_TO_MEMORY
2026-03-04 17:03:09,860 [INFO] Argument:335 - Argument : Directionvalue: DMA_PERIPH_TO_MEMORY
2026-03-04 17:03:09,860 [INFO] Argument:325 - Argument : PeriphIncvalue: DMA_PINC_DISABLE
2026-03-04 17:03:09,860 [INFO] Argument:335 - Argument : PeriphIncvalue: DMA_PINC_DISABLE
2026-03-04 17:03:09,860 [INFO] Argument:325 - Argument : MemIncvalue: DMA_MINC_ENABLE
2026-03-04 17:03:09,860 [INFO] Argument:335 - Argument : MemIncvalue: DMA_MINC_ENABLE
2026-03-04 17:03:09,860 [INFO] Argument:325 - Argument : PeriphDataAlignmentvalue: DMA_PDATAALIGN_BYTE
2026-03-04 17:03:09,860 [INFO] Argument:335 - Argument : PeriphDataAlignmentvalue: DMA_PDATAALIGN_BYTE
2026-03-04 17:03:09,860 [INFO] Argument:325 - Argument : MemDataAlignmentvalue: DMA_MDATAALIGN_BYTE
2026-03-04 17:03:09,860 [INFO] Argument:335 - Argument : MemDataAlignmentvalue: DMA_MDATAALIGN_BYTE
2026-03-04 17:03:09,860 [INFO] Argument:325 - Argument : Modevalue: DMA_NORMAL
2026-03-04 17:03:09,860 [INFO] Argument:335 - Argument : Modevalue: DMA_NORMAL
2026-03-04 17:03:09,860 [INFO] Argument:325 - Argument : Priorityvalue: DMA_PRIORITY_LOW
2026-03-04 17:03:09,860 [INFO] Argument:335 - Argument : Priorityvalue: DMA_PRIORITY_LOW
2026-03-04 17:03:09,860 [INFO] Argument:325 - Argument : Lockvalue: null
2026-03-04 17:03:09,861 [INFO] Argument:335 - Argument : Lockvalue: null
2026-03-04 17:03:09,861 [INFO] Argument:325 - Argument : Statevalue: null
2026-03-04 17:03:09,861 [INFO] Argument:335 - Argument : Statevalue: null
2026-03-04 17:03:09,861 [INFO] Argument:325 - Argument : Parentvalue: null
2026-03-04 17:03:09,861 [INFO] Argument:335 - Argument : Parentvalue: null
2026-03-04 17:03:09,861 [INFO] Argument:325 - Argument : XferCpltCallbackvalue: null
2026-03-04 17:03:09,861 [INFO] Argument:335 - Argument : XferCpltCallbackvalue: null
2026-03-04 17:03:09,861 [INFO] Argument:325 - Argument : XferHalfCpltCallbackvalue: null
2026-03-04 17:03:09,861 [INFO] Argument:335 - Argument : XferHalfCpltCallbackvalue: null
2026-03-04 17:03:09,861 [INFO] Argument:325 - Argument : XferErrorCallbackvalue: null
2026-03-04 17:03:09,861 [INFO] Argument:335 - Argument : XferErrorCallbackvalue: null
2026-03-04 17:03:09,861 [INFO] Argument:325 - Argument : XferAbortCallbackvalue: null
2026-03-04 17:03:09,861 [INFO] Argument:335 - Argument : XferAbortCallbackvalue: null
2026-03-04 17:03:09,861 [INFO] Argument:325 - Argument : ErrorCodevalue: null
2026-03-04 17:03:09,861 [INFO] Argument:335 - Argument : ErrorCodevalue: null
2026-03-04 17:03:09,861 [INFO] Argument:325 - Argument : ChannelIndexvalue: null
2026-03-04 17:03:09,861 [INFO] Argument:335 - Argument : ChannelIndexvalue: null
2026-03-04 17:03:09,861 [INFO] Argument:325 - Argument : DMAmuxChannelvalue: null
2026-03-04 17:03:09,861 [INFO] Argument:335 - Argument : DMAmuxChannelvalue: null
2026-03-04 17:03:09,861 [INFO] Argument:325 - Argument : DMAmuxChannelStatusvalue: null
2026-03-04 17:03:09,861 [INFO] Argument:335 - Argument : DMAmuxChannelStatusvalue: null
2026-03-04 17:03:09,861 [INFO] Argument:325 - Argument : DMAmuxChannelStatusMaskvalue: null
2026-03-04 17:03:09,861 [INFO] Argument:335 - Argument : DMAmuxChannelStatusMaskvalue: null
2026-03-04 17:03:09,861 [INFO] Argument:325 - Argument : DMAmuxRequestGenvalue: null
2026-03-04 17:03:09,861 [INFO] Argument:335 - Argument : DMAmuxRequestGenvalue: null
2026-03-04 17:03:09,861 [INFO] Argument:325 - Argument : DMAmuxRequestGenStatusvalue: null
2026-03-04 17:03:09,861 [INFO] Argument:335 - Argument : DMAmuxRequestGenStatusvalue: null
2026-03-04 17:03:09,861 [INFO] Argument:325 - Argument : DMAmuxRequestGenStatusMaskvalue: null
2026-03-04 17:03:09,861 [INFO] Argument:335 - Argument : DMAmuxRequestGenStatusMaskvalue: null
2026-03-04 17:03:09,862 [INFO] Argument:325 - Argument : hdmavalue: null
2026-03-04 17:03:09,862 [INFO] Argument:327 - 	 sub Args: 
2026-03-04 17:03:09,862 [INFO] Argument:325 - Argument : Instancevalue: DMA1_Channel6
2026-03-04 17:03:09,862 [INFO] Argument:335 - Argument : Instancevalue: DMA1_Channel6
2026-03-04 17:03:09,862 [INFO] Argument:325 - Argument : Initvalue: null
2026-03-04 17:03:09,862 [INFO] Argument:327 - 	 sub Args: 
2026-03-04 17:03:09,862 [INFO] Argument:325 - Argument : Requestvalue: DMA_REQUEST_SPI2_TX
2026-03-04 17:03:09,862 [INFO] Argument:335 - Argument : Requestvalue: DMA_REQUEST_SPI2_TX
2026-03-04 17:03:09,862 [INFO] Argument:325 - Argument : Directionvalue: DMA_MEMORY_TO_PERIPH
2026-03-04 17:03:09,862 [INFO] Argument:335 - Argument : Directionvalue: DMA_MEMORY_TO_PERIPH
2026-03-04 17:03:09,863 [INFO] Argument:325 - Argument : PeriphIncvalue: DMA_PINC_DISABLE
2026-03-04 17:03:09,863 [INFO] Argument:335 - Argument : PeriphIncvalue: DMA_PINC_DISABLE
2026-03-04 17:03:09,863 [INFO] Argument:325 - Argument : MemIncvalue: DMA_MINC_ENABLE
2026-03-04 17:03:09,863 [INFO] Argument:335 - Argument : MemIncvalue: DMA_MINC_ENABLE
2026-03-04 17:03:09,863 [INFO] Argument:325 - Argument : PeriphDataAlignmentvalue: DMA_PDATAALIGN_BYTE
2026-03-04 17:03:09,863 [INFO] Argument:335 - Argument : PeriphDataAlignmentvalue: DMA_PDATAALIGN_BYTE
2026-03-04 17:03:09,863 [INFO] Argument:325 - Argument : MemDataAlignmentvalue: DMA_MDATAALIGN_BYTE
2026-03-04 17:03:09,863 [INFO] Argument:335 - Argument : MemDataAlignmentvalue: DMA_MDATAALIGN_BYTE
2026-03-04 17:03:09,863 [INFO] Argument:325 - Argument : Modevalue: DMA_NORMAL
2026-03-04 17:03:09,863 [INFO] Argument:335 - Argument : Modevalue: DMA_NORMAL
2026-03-04 17:03:09,863 [INFO] Argument:325 - Argument : Priorityvalue: DMA_PRIORITY_LOW
2026-03-04 17:03:09,863 [INFO] Argument:335 - Argument : Priorityvalue: DMA_PRIORITY_LOW
2026-03-04 17:03:09,863 [INFO] Argument:325 - Argument : Lockvalue: null
2026-03-04 17:03:09,863 [INFO] Argument:335 - Argument : Lockvalue: null
2026-03-04 17:03:09,863 [INFO] Argument:325 - Argument : Statevalue: null
2026-03-04 17:03:09,863 [INFO] Argument:335 - Argument : Statevalue: null
2026-03-04 17:03:09,863 [INFO] Argument:325 - Argument : Parentvalue: null
2026-03-04 17:03:09,863 [INFO] Argument:335 - Argument : Parentvalue: null
2026-03-04 17:03:09,863 [INFO] Argument:325 - Argument : XferCpltCallbackvalue: null
2026-03-04 17:03:09,863 [INFO] Argument:335 - Argument : XferCpltCallbackvalue: null
2026-03-04 17:03:09,863 [INFO] Argument:325 - Argument : XferHalfCpltCallbackvalue: null
2026-03-04 17:03:09,863 [INFO] Argument:335 - Argument : XferHalfCpltCallbackvalue: null
2026-03-04 17:03:09,863 [INFO] Argument:325 - Argument : XferErrorCallbackvalue: null
2026-03-04 17:03:09,863 [INFO] Argument:335 - Argument : XferErrorCallbackvalue: null
2026-03-04 17:03:09,863 [INFO] Argument:325 - Argument : XferAbortCallbackvalue: null
2026-03-04 17:03:09,863 [INFO] Argument:335 - Argument : XferAbortCallbackvalue: null
2026-03-04 17:03:09,863 [INFO] Argument:325 - Argument : ErrorCodevalue: null
2026-03-04 17:03:09,863 [INFO] Argument:335 - Argument : ErrorCodevalue: null
2026-03-04 17:03:09,863 [INFO] Argument:325 - Argument : ChannelIndexvalue: null
2026-03-04 17:03:09,863 [INFO] Argument:335 - Argument : ChannelIndexvalue: null
2026-03-04 17:03:09,863 [INFO] Argument:325 - Argument : DMAmuxChannelvalue: null
2026-03-04 17:03:09,863 [INFO] Argument:335 - Argument : DMAmuxChannelvalue: null
2026-03-04 17:03:09,863 [INFO] Argument:325 - Argument : DMAmuxChannelStatusvalue: null
2026-03-04 17:03:09,863 [INFO] Argument:335 - Argument : DMAmuxChannelStatusvalue: null
2026-03-04 17:03:09,863 [INFO] Argument:325 - Argument : DMAmuxChannelStatusMaskvalue: null
2026-03-04 17:03:09,863 [INFO] Argument:335 - Argument : DMAmuxChannelStatusMaskvalue: null
2026-03-04 17:03:09,863 [INFO] Argument:325 - Argument : DMAmuxRequestGenvalue: null
2026-03-04 17:03:09,863 [INFO] Argument:335 - Argument : DMAmuxRequestGenvalue: null
2026-03-04 17:03:09,863 [INFO] Argument:325 - Argument : DMAmuxRequestGenStatusvalue: null
2026-03-04 17:03:09,863 [INFO] Argument:335 - Argument : DMAmuxRequestGenStatusvalue: null
2026-03-04 17:03:09,863 [INFO] Argument:325 - Argument : DMAmuxRequestGenStatusMaskvalue: null
2026-03-04 17:03:09,863 [INFO] Argument:335 - Argument : DMAmuxRequestGenStatusMaskvalue: null
2026-03-04 17:03:09,924 [INFO] Argument:325 - Argument : hdmavalue: null
2026-03-04 17:03:09,924 [INFO] Argument:327 - 	 sub Args: 
2026-03-04 17:03:09,924 [INFO] Argument:325 - Argument : Instancevalue: DMA1_Channel7
2026-03-04 17:03:09,924 [INFO] Argument:335 - Argument : Instancevalue: DMA1_Channel7
2026-03-04 17:03:09,924 [INFO] Argument:325 - Argument : Initvalue: null
2026-03-04 17:03:09,924 [INFO] Argument:327 - 	 sub Args: 
2026-03-04 17:03:09,924 [INFO] Argument:325 - Argument : Requestvalue: DMA_REQUEST_USART1_RX
2026-03-04 17:03:09,924 [INFO] Argument:335 - Argument : Requestvalue: DMA_REQUEST_USART1_RX
2026-03-04 17:03:09,924 [INFO] Argument:325 - Argument : Directionvalue: DMA_PERIPH_TO_MEMORY
2026-03-04 17:03:09,924 [INFO] Argument:335 - Argument : Directionvalue: DMA_PERIPH_TO_MEMORY
2026-03-04 17:03:09,924 [INFO] Argument:325 - Argument : PeriphIncvalue: DMA_PINC_DISABLE
2026-03-04 17:03:09,924 [INFO] Argument:335 - Argument : PeriphIncvalue: DMA_PINC_DISABLE
2026-03-04 17:03:09,924 [INFO] Argument:325 - Argument : MemIncvalue: DMA_MINC_ENABLE
2026-03-04 17:03:09,924 [INFO] Argument:335 - Argument : MemIncvalue: DMA_MINC_ENABLE
2026-03-04 17:03:09,924 [INFO] Argument:325 - Argument : PeriphDataAlignmentvalue: DMA_PDATAALIGN_BYTE
2026-03-04 17:03:09,924 [INFO] Argument:335 - Argument : PeriphDataAlignmentvalue: DMA_PDATAALIGN_BYTE
2026-03-04 17:03:09,924 [INFO] Argument:325 - Argument : MemDataAlignmentvalue: DMA_MDATAALIGN_BYTE
2026-03-04 17:03:09,924 [INFO] Argument:335 - Argument : MemDataAlignmentvalue: DMA_MDATAALIGN_BYTE
2026-03-04 17:03:09,924 [INFO] Argument:325 - Argument : Modevalue: DMA_CIRCULAR
2026-03-04 17:03:09,924 [INFO] Argument:335 - Argument : Modevalue: DMA_CIRCULAR
2026-03-04 17:03:09,925 [INFO] Argument:325 - Argument : Priorityvalue: DMA_PRIORITY_LOW
2026-03-04 17:03:09,925 [INFO] Argument:335 - Argument : Priorityvalue: DMA_PRIORITY_LOW
2026-03-04 17:03:09,925 [INFO] Argument:325 - Argument : Lockvalue: null
2026-03-04 17:03:09,925 [INFO] Argument:335 - Argument : Lockvalue: null
2026-03-04 17:03:09,925 [INFO] Argument:325 - Argument : Statevalue: null
2026-03-04 17:03:09,925 [INFO] Argument:335 - Argument : Statevalue: null
2026-03-04 17:03:09,925 [INFO] Argument:325 - Argument : Parentvalue: null
2026-03-04 17:03:09,925 [INFO] Argument:335 - Argument : Parentvalue: null
2026-03-04 17:03:09,925 [INFO] Argument:325 - Argument : XferCpltCallbackvalue: null
2026-03-04 17:03:09,925 [INFO] Argument:335 - Argument : XferCpltCallbackvalue: null
2026-03-04 17:03:09,925 [INFO] Argument:325 - Argument : XferHalfCpltCallbackvalue: null
2026-03-04 17:03:09,925 [INFO] Argument:335 - Argument : XferHalfCpltCallbackvalue: null
2026-03-04 17:03:09,925 [INFO] Argument:325 - Argument : XferErrorCallbackvalue: null
2026-03-04 17:03:09,925 [INFO] Argument:335 - Argument : XferErrorCallbackvalue: null
2026-03-04 17:03:09,925 [INFO] Argument:325 - Argument : XferAbortCallbackvalue: null
2026-03-04 17:03:09,925 [INFO] Argument:335 - Argument : XferAbortCallbackvalue: null
2026-03-04 17:03:09,925 [INFO] Argument:325 - Argument : ErrorCodevalue: null
2026-03-04 17:03:09,925 [INFO] Argument:335 - Argument : ErrorCodevalue: null
2026-03-04 17:03:09,925 [INFO] Argument:325 - Argument : ChannelIndexvalue: null
2026-03-04 17:03:09,925 [INFO] Argument:335 - Argument : ChannelIndexvalue: null
2026-03-04 17:03:09,925 [INFO] Argument:325 - Argument : DMAmuxChannelvalue: null
2026-03-04 17:03:09,925 [INFO] Argument:335 - Argument : DMAmuxChannelvalue: null
2026-03-04 17:03:09,925 [INFO] Argument:325 - Argument : DMAmuxChannelStatusvalue: null
2026-03-04 17:03:09,925 [INFO] Argument:335 - Argument : DMAmuxChannelStatusvalue: null
2026-03-04 17:03:09,925 [INFO] Argument:325 - Argument : DMAmuxChannelStatusMaskvalue: null
2026-03-04 17:03:09,925 [INFO] Argument:335 - Argument : DMAmuxChannelStatusMaskvalue: null
2026-03-04 17:03:09,925 [INFO] Argument:325 - Argument : DMAmuxRequestGenvalue: null
2026-03-04 17:03:09,925 [INFO] Argument:335 - Argument : DMAmuxRequestGenvalue: null
2026-03-04 17:03:09,925 [INFO] Argument:325 - Argument : DMAmuxRequestGenStatusvalue: null
2026-03-04 17:03:09,925 [INFO] Argument:335 - Argument : DMAmuxRequestGenStatusvalue: null
2026-03-04 17:03:09,925 [INFO] Argument:325 - Argument : DMAmuxRequestGenStatusMaskvalue: null
2026-03-04 17:03:09,925 [INFO] Argument:335 - Argument : DMAmuxRequestGenStatusMaskvalue: null
2026-03-04 17:03:09,926 [INFO] Argument:325 - Argument : hdmavalue: null
2026-03-04 17:03:09,927 [INFO] Argument:327 - 	 sub Args: 
2026-03-04 17:03:09,927 [INFO] Argument:325 - Argument : Instancevalue: DMA1_Channel8
2026-03-04 17:03:09,927 [INFO] Argument:335 - Argument : Instancevalue: DMA1_Channel8
2026-03-04 17:03:09,927 [INFO] Argument:325 - Argument : Initvalue: null
2026-03-04 17:03:09,927 [INFO] Argument:327 - 	 sub Args: 
2026-03-04 17:03:09,927 [INFO] Argument:325 - Argument : Requestvalue: DMA_REQUEST_USART1_TX
2026-03-04 17:03:09,927 [INFO] Argument:335 - Argument : Requestvalue: DMA_REQUEST_USART1_TX
2026-03-04 17:03:09,927 [INFO] Argument:325 - Argument : Directionvalue: DMA_MEMORY_TO_PERIPH
2026-03-04 17:03:09,927 [INFO] Argument:335 - Argument : Directionvalue: DMA_MEMORY_TO_PERIPH
2026-03-04 17:03:09,927 [INFO] Argument:325 - Argument : PeriphIncvalue: DMA_PINC_DISABLE
2026-03-04 17:03:09,927 [INFO] Argument:335 - Argument : PeriphIncvalue: DMA_PINC_DISABLE
2026-03-04 17:03:09,927 [INFO] Argument:325 - Argument : MemIncvalue: DMA_MINC_ENABLE
2026-03-04 17:03:09,927 [INFO] Argument:335 - Argument : MemIncvalue: DMA_MINC_ENABLE
2026-03-04 17:03:09,927 [INFO] Argument:325 - Argument : PeriphDataAlignmentvalue: DMA_PDATAALIGN_BYTE
2026-03-04 17:03:09,927 [INFO] Argument:335 - Argument : PeriphDataAlignmentvalue: DMA_PDATAALIGN_BYTE
2026-03-04 17:03:09,927 [INFO] Argument:325 - Argument : MemDataAlignmentvalue: DMA_MDATAALIGN_BYTE
2026-03-04 17:03:09,927 [INFO] Argument:335 - Argument : MemDataAlignmentvalue: DMA_MDATAALIGN_BYTE
2026-03-04 17:03:09,927 [INFO] Argument:325 - Argument : Modevalue: DMA_NORMAL
2026-03-04 17:03:09,927 [INFO] Argument:335 - Argument : Modevalue: DMA_NORMAL
2026-03-04 17:03:09,927 [INFO] Argument:325 - Argument : Priorityvalue: DMA_PRIORITY_LOW
2026-03-04 17:03:09,927 [INFO] Argument:335 - Argument : Priorityvalue: DMA_PRIORITY_LOW
2026-03-04 17:03:09,927 [INFO] Argument:325 - Argument : Lockvalue: null
2026-03-04 17:03:09,927 [INFO] Argument:335 - Argument : Lockvalue: null
2026-03-04 17:03:09,927 [INFO] Argument:325 - Argument : Statevalue: null
2026-03-04 17:03:09,927 [INFO] Argument:335 - Argument : Statevalue: null
2026-03-04 17:03:09,927 [INFO] Argument:325 - Argument : Parentvalue: null
2026-03-04 17:03:09,927 [INFO] Argument:335 - Argument : Parentvalue: null
2026-03-04 17:03:09,927 [INFO] Argument:325 - Argument : XferCpltCallbackvalue: null
2026-03-04 17:03:09,927 [INFO] Argument:335 - Argument : XferCpltCallbackvalue: null
2026-03-04 17:03:09,927 [INFO] Argument:325 - Argument : XferHalfCpltCallbackvalue: null
2026-03-04 17:03:09,927 [INFO] Argument:335 - Argument : XferHalfCpltCallbackvalue: null
2026-03-04 17:03:09,927 [INFO] Argument:325 - Argument : XferErrorCallbackvalue: null
2026-03-04 17:03:09,927 [INFO] Argument:335 - Argument : XferErrorCallbackvalue: null
2026-03-04 17:03:09,927 [INFO] Argument:325 - Argument : XferAbortCallbackvalue: null
2026-03-04 17:03:09,927 [INFO] Argument:335 - Argument : XferAbortCallbackvalue: null
2026-03-04 17:03:09,927 [INFO] Argument:325 - Argument : ErrorCodevalue: null
2026-03-04 17:03:09,927 [INFO] Argument:335 - Argument : ErrorCodevalue: null
2026-03-04 17:03:09,927 [INFO] Argument:325 - Argument : ChannelIndexvalue: null
2026-03-04 17:03:09,927 [INFO] Argument:335 - Argument : ChannelIndexvalue: null
2026-03-04 17:03:09,927 [INFO] Argument:325 - Argument : DMAmuxChannelvalue: null
2026-03-04 17:03:09,927 [INFO] Argument:335 - Argument : DMAmuxChannelvalue: null
2026-03-04 17:03:09,927 [INFO] Argument:325 - Argument : DMAmuxChannelStatusvalue: null
2026-03-04 17:03:09,927 [INFO] Argument:335 - Argument : DMAmuxChannelStatusvalue: null
2026-03-04 17:03:09,927 [INFO] Argument:325 - Argument : DMAmuxChannelStatusMaskvalue: null
2026-03-04 17:03:09,927 [INFO] Argument:335 - Argument : DMAmuxChannelStatusMaskvalue: null
2026-03-04 17:03:09,927 [INFO] Argument:325 - Argument : DMAmuxRequestGenvalue: null
2026-03-04 17:03:09,927 [INFO] Argument:335 - Argument : DMAmuxRequestGenvalue: null
2026-03-04 17:03:09,927 [INFO] Argument:325 - Argument : DMAmuxRequestGenStatusvalue: null
2026-03-04 17:03:09,927 [INFO] Argument:335 - Argument : DMAmuxRequestGenStatusvalue: null
2026-03-04 17:03:09,927 [INFO] Argument:325 - Argument : DMAmuxRequestGenStatusMaskvalue: null
2026-03-04 17:03:09,927 [INFO] Argument:335 - Argument : DMAmuxRequestGenStatusMaskvalue: null
2026-03-04 17:03:09,932 [INFO] Argument:325 - Argument : hdmavalue: null
2026-03-04 17:03:09,932 [INFO] Argument:327 - 	 sub Args: 
2026-03-04 17:03:09,932 [INFO] Argument:325 - Argument : Instancevalue: DMA2_Channel1
2026-03-04 17:03:09,932 [INFO] Argument:335 - Argument : Instancevalue: DMA2_Channel1
2026-03-04 17:03:09,932 [INFO] Argument:325 - Argument : Initvalue: null
2026-03-04 17:03:09,932 [INFO] Argument:327 - 	 sub Args: 
2026-03-04 17:03:09,932 [INFO] Argument:325 - Argument : Requestvalue: DMA_REQUEST_USART2_RX
2026-03-04 17:03:09,932 [INFO] Argument:335 - Argument : Requestvalue: DMA_REQUEST_USART2_RX
2026-03-04 17:03:09,932 [INFO] Argument:325 - Argument : Directionvalue: DMA_PERIPH_TO_MEMORY
2026-03-04 17:03:09,932 [INFO] Argument:335 - Argument : Directionvalue: DMA_PERIPH_TO_MEMORY
2026-03-04 17:03:09,932 [INFO] Argument:325 - Argument : PeriphIncvalue: DMA_PINC_DISABLE
2026-03-04 17:03:09,932 [INFO] Argument:335 - Argument : PeriphIncvalue: DMA_PINC_DISABLE
2026-03-04 17:03:09,932 [INFO] Argument:325 - Argument : MemIncvalue: DMA_MINC_ENABLE
2026-03-04 17:03:09,932 [INFO] Argument:335 - Argument : MemIncvalue: DMA_MINC_ENABLE
2026-03-04 17:03:09,932 [INFO] Argument:325 - Argument : PeriphDataAlignmentvalue: DMA_PDATAALIGN_BYTE
2026-03-04 17:03:09,932 [INFO] Argument:335 - Argument : PeriphDataAlignmentvalue: DMA_PDATAALIGN_BYTE
2026-03-04 17:03:09,932 [INFO] Argument:325 - Argument : MemDataAlignmentvalue: DMA_MDATAALIGN_BYTE
2026-03-04 17:03:09,932 [INFO] Argument:335 - Argument : MemDataAlignmentvalue: DMA_MDATAALIGN_BYTE
2026-03-04 17:03:09,932 [INFO] Argument:325 - Argument : Modevalue: DMA_NORMAL
2026-03-04 17:03:09,932 [INFO] Argument:335 - Argument : Modevalue: DMA_NORMAL
2026-03-04 17:03:09,932 [INFO] Argument:325 - Argument : Priorityvalue: DMA_PRIORITY_LOW
2026-03-04 17:03:09,932 [INFO] Argument:335 - Argument : Priorityvalue: DMA_PRIORITY_LOW
2026-03-04 17:03:09,932 [INFO] Argument:325 - Argument : Lockvalue: null
2026-03-04 17:03:09,932 [INFO] Argument:335 - Argument : Lockvalue: null
2026-03-04 17:03:09,932 [INFO] Argument:325 - Argument : Statevalue: null
2026-03-04 17:03:09,932 [INFO] Argument:335 - Argument : Statevalue: null
2026-03-04 17:03:09,932 [INFO] Argument:325 - Argument : Parentvalue: null
2026-03-04 17:03:09,932 [INFO] Argument:335 - Argument : Parentvalue: null
2026-03-04 17:03:09,932 [INFO] Argument:325 - Argument : XferCpltCallbackvalue: null
2026-03-04 17:03:09,932 [INFO] Argument:335 - Argument : XferCpltCallbackvalue: null
2026-03-04 17:03:09,932 [INFO] Argument:325 - Argument : XferHalfCpltCallbackvalue: null
2026-03-04 17:03:09,932 [INFO] Argument:335 - Argument : XferHalfCpltCallbackvalue: null
2026-03-04 17:03:09,932 [INFO] Argument:325 - Argument : XferErrorCallbackvalue: null
2026-03-04 17:03:09,932 [INFO] Argument:335 - Argument : XferErrorCallbackvalue: null
2026-03-04 17:03:09,932 [INFO] Argument:325 - Argument : XferAbortCallbackvalue: null
2026-03-04 17:03:09,932 [INFO] Argument:335 - Argument : XferAbortCallbackvalue: null
2026-03-04 17:03:09,932 [INFO] Argument:325 - Argument : ErrorCodevalue: null
2026-03-04 17:03:09,932 [INFO] Argument:335 - Argument : ErrorCodevalue: null
2026-03-04 17:03:09,932 [INFO] Argument:325 - Argument : ChannelIndexvalue: null
2026-03-04 17:03:09,932 [INFO] Argument:335 - Argument : ChannelIndexvalue: null
2026-03-04 17:03:09,932 [INFO] Argument:325 - Argument : DMAmuxChannelvalue: null
2026-03-04 17:03:09,932 [INFO] Argument:335 - Argument : DMAmuxChannelvalue: null
2026-03-04 17:03:09,932 [INFO] Argument:325 - Argument : DMAmuxChannelStatusvalue: null
2026-03-04 17:03:09,932 [INFO] Argument:335 - Argument : DMAmuxChannelStatusvalue: null
2026-03-04 17:03:09,932 [INFO] Argument:325 - Argument : DMAmuxChannelStatusMaskvalue: null
2026-03-04 17:03:09,932 [INFO] Argument:335 - Argument : DMAmuxChannelStatusMaskvalue: null
2026-03-04 17:03:09,932 [INFO] Argument:325 - Argument : DMAmuxRequestGenvalue: null
2026-03-04 17:03:09,932 [INFO] Argument:335 - Argument : DMAmuxRequestGenvalue: null
2026-03-04 17:03:09,932 [INFO] Argument:325 - Argument : DMAmuxRequestGenStatusvalue: null
2026-03-04 17:03:09,933 [INFO] Argument:335 - Argument : DMAmuxRequestGenStatusvalue: null
2026-03-04 17:03:09,933 [INFO] Argument:325 - Argument : DMAmuxRequestGenStatusMaskvalue: null
2026-03-04 17:03:09,933 [INFO] Argument:335 - Argument : DMAmuxRequestGenStatusMaskvalue: null
2026-03-04 17:03:09,934 [INFO] Argument:325 - Argument : hdmavalue: null
2026-03-04 17:03:09,934 [INFO] Argument:327 - 	 sub Args: 
2026-03-04 17:03:09,934 [INFO] Argument:325 - Argument : Instancevalue: DMA2_Channel2
2026-03-04 17:03:09,934 [INFO] Argument:335 - Argument : Instancevalue: DMA2_Channel2
2026-03-04 17:03:09,934 [INFO] Argument:325 - Argument : Initvalue: null
2026-03-04 17:03:09,934 [INFO] Argument:327 - 	 sub Args: 
2026-03-04 17:03:09,934 [INFO] Argument:325 - Argument : Requestvalue: DMA_REQUEST_USART2_TX
2026-03-04 17:03:09,934 [INFO] Argument:335 - Argument : Requestvalue: DMA_REQUEST_USART2_TX
2026-03-04 17:03:09,934 [INFO] Argument:325 - Argument : Directionvalue: DMA_MEMORY_TO_PERIPH
2026-03-04 17:03:09,934 [INFO] Argument:335 - Argument : Directionvalue: DMA_MEMORY_TO_PERIPH
2026-03-04 17:03:09,934 [INFO] Argument:325 - Argument : PeriphIncvalue: DMA_PINC_DISABLE
2026-03-04 17:03:09,934 [INFO] Argument:335 - Argument : PeriphIncvalue: DMA_PINC_DISABLE
2026-03-04 17:03:09,934 [INFO] Argument:325 - Argument : MemIncvalue: DMA_MINC_ENABLE
2026-03-04 17:03:09,934 [INFO] Argument:335 - Argument : MemIncvalue: DMA_MINC_ENABLE
2026-03-04 17:03:09,934 [INFO] Argument:325 - Argument : PeriphDataAlignmentvalue: DMA_PDATAALIGN_BYTE
2026-03-04 17:03:09,934 [INFO] Argument:335 - Argument : PeriphDataAlignmentvalue: DMA_PDATAALIGN_BYTE
2026-03-04 17:03:09,934 [INFO] Argument:325 - Argument : MemDataAlignmentvalue: DMA_MDATAALIGN_BYTE
2026-03-04 17:03:09,934 [INFO] Argument:335 - Argument : MemDataAlignmentvalue: DMA_MDATAALIGN_BYTE
2026-03-04 17:03:09,934 [INFO] Argument:325 - Argument : Modevalue: DMA_NORMAL
2026-03-04 17:03:09,934 [INFO] Argument:335 - Argument : Modevalue: DMA_NORMAL
2026-03-04 17:03:09,934 [INFO] Argument:325 - Argument : Priorityvalue: DMA_PRIORITY_LOW
2026-03-04 17:03:09,934 [INFO] Argument:335 - Argument : Priorityvalue: DMA_PRIORITY_LOW
2026-03-04 17:03:09,934 [INFO] Argument:325 - Argument : Lockvalue: null
2026-03-04 17:03:09,934 [INFO] Argument:335 - Argument : Lockvalue: null
2026-03-04 17:03:09,934 [INFO] Argument:325 - Argument : Statevalue: null
2026-03-04 17:03:09,934 [INFO] Argument:335 - Argument : Statevalue: null
2026-03-04 17:03:09,934 [INFO] Argument:325 - Argument : Parentvalue: null
2026-03-04 17:03:09,934 [INFO] Argument:335 - Argument : Parentvalue: null
2026-03-04 17:03:09,934 [INFO] Argument:325 - Argument : XferCpltCallbackvalue: null
2026-03-04 17:03:09,934 [INFO] Argument:335 - Argument : XferCpltCallbackvalue: null
2026-03-04 17:03:09,934 [INFO] Argument:325 - Argument : XferHalfCpltCallbackvalue: null
2026-03-04 17:03:09,934 [INFO] Argument:335 - Argument : XferHalfCpltCallbackvalue: null
2026-03-04 17:03:09,934 [INFO] Argument:325 - Argument : XferErrorCallbackvalue: null
2026-03-04 17:03:09,935 [INFO] Argument:335 - Argument : XferErrorCallbackvalue: null
2026-03-04 17:03:09,935 [INFO] Argument:325 - Argument : XferAbortCallbackvalue: null
2026-03-04 17:03:09,935 [INFO] Argument:335 - Argument : XferAbortCallbackvalue: null
2026-03-04 17:03:09,935 [INFO] Argument:325 - Argument : ErrorCodevalue: null
2026-03-04 17:03:09,935 [INFO] Argument:335 - Argument : ErrorCodevalue: null
2026-03-04 17:03:09,935 [INFO] Argument:325 - Argument : ChannelIndexvalue: null
2026-03-04 17:03:09,935 [INFO] Argument:335 - Argument : ChannelIndexvalue: null
2026-03-04 17:03:09,935 [INFO] Argument:325 - Argument : DMAmuxChannelvalue: null
2026-03-04 17:03:09,935 [INFO] Argument:335 - Argument : DMAmuxChannelvalue: null
2026-03-04 17:03:09,935 [INFO] Argument:325 - Argument : DMAmuxChannelStatusvalue: null
2026-03-04 17:03:09,935 [INFO] Argument:335 - Argument : DMAmuxChannelStatusvalue: null
2026-03-04 17:03:09,935 [INFO] Argument:325 - Argument : DMAmuxChannelStatusMaskvalue: null
2026-03-04 17:03:09,935 [INFO] Argument:335 - Argument : DMAmuxChannelStatusMaskvalue: null
2026-03-04 17:03:09,935 [INFO] Argument:325 - Argument : DMAmuxRequestGenvalue: null
2026-03-04 17:03:09,935 [INFO] Argument:335 - Argument : DMAmuxRequestGenvalue: null
2026-03-04 17:03:09,935 [INFO] Argument:325 - Argument : DMAmuxRequestGenStatusvalue: null
2026-03-04 17:03:09,935 [INFO] Argument:335 - Argument : DMAmuxRequestGenStatusvalue: null
2026-03-04 17:03:09,935 [INFO] Argument:325 - Argument : DMAmuxRequestGenStatusMaskvalue: null
2026-03-04 17:03:09,935 [INFO] Argument:335 - Argument : DMAmuxRequestGenStatusMaskvalue: null
2026-03-04 17:03:10,080 [INFO] IP:3329 - RTE Config file name : RTE_Component
2026-03-04 17:03:10,080 [INFO] IP:3347 - RTE template : RTE_Components.ftl
2026-03-04 17:03:10,097 [INFO] CodeEngine:265 - oldGeneratedFile, D:\Projekty\TrinityTrack6000\MainControlBoard\STM32\STM32G473CET6\MXTmpFiles\license.tmp_save
2026-03-04 17:03:10,753 [INFO] CodeEngine:289 - Generated code: D:\Projekty\TrinityTrack6000\MainControlBoard\STM32\STM32G473CET6\MXTmpFiles\license.tmp
2026-03-04 17:03:11,098 [INFO] CodeEngine:265 - oldGeneratedFile, D:\Projekty\TrinityTrack6000\MainControlBoard\STM32\STM32G473CET6\MXTmpFiles\gpio.tmp_save
2026-03-04 17:03:11,812 [INFO] CodeEngine:289 - Generated code: D:\Projekty\TrinityTrack6000\MainControlBoard\STM32\STM32G473CET6\MXTmpFiles\gpio.tmp
2026-03-04 17:03:28,402 [INFO] Middleware:1452 - No code input for Bsp Dependency
2026-03-04 17:03:28,435 [INFO] Middleware:1452 - No code input for Bsp Dependency
2026-03-04 17:03:28,452 [INFO] CodeEngine:265 - oldGeneratedFile, D:\Projekty\TrinityTrack6000\MainControlBoard\STM32\STM32G473CET6\Core\Inc\tx_user.h_save
2026-03-04 17:03:28,851 [INFO] CodeEngine:289 - Generated code: D:\Projekty\TrinityTrack6000\MainControlBoard\STM32\STM32G473CET6\Core\Inc\tx_user.h
2026-03-04 17:03:28,866 [INFO] CodeEngine:265 - oldGeneratedFile, D:\Projekty\TrinityTrack6000\MainControlBoard\STM32\STM32G473CET6\Core\Src\tx_initialize_low_level.S_save
2026-03-04 17:03:29,112 [INFO] CodeEngine:289 - Generated code: D:\Projekty\TrinityTrack6000\MainControlBoard\STM32\STM32G473CET6\Core\Src\tx_initialize_low_level.S
2026-03-04 17:03:29,124 [INFO] CodeEngine:265 - oldGeneratedFile, D:\Projekty\TrinityTrack6000\MainControlBoard\STM32\STM32G473CET6\AZURE_RTOS\App\app_azure_rtos_config.h_save
2026-03-04 17:03:29,305 [INFO] CodeEngine:289 - Generated code: D:\Projekty\TrinityTrack6000\MainControlBoard\STM32\STM32G473CET6\AZURE_RTOS\App\app_azure_rtos_config.h
2026-03-04 17:03:29,319 [INFO] CodeEngine:265 - oldGeneratedFile, D:\Projekty\TrinityTrack6000\MainControlBoard\STM32\STM32G473CET6\Core\Src\app_threadx.c_save
2026-03-04 17:03:29,543 [INFO] CodeEngine:289 - Generated code: D:\Projekty\TrinityTrack6000\MainControlBoard\STM32\STM32G473CET6\Core\Src\app_threadx.c
2026-03-04 17:03:29,556 [INFO] CodeEngine:265 - oldGeneratedFile, D:\Projekty\TrinityTrack6000\MainControlBoard\STM32\STM32G473CET6\Core\Inc\app_threadx.h_save
2026-03-04 17:03:29,772 [INFO] CodeEngine:289 - Generated code: D:\Projekty\TrinityTrack6000\MainControlBoard\STM32\STM32G473CET6\Core\Inc\app_threadx.h
2026-03-04 17:03:29,783 [INFO] CodeEngine:265 - oldGeneratedFile, D:\Projekty\TrinityTrack6000\MainControlBoard\STM32\STM32G473CET6\AZURE_RTOS\App\app_azure_rtos.c_save
2026-03-04 17:03:29,959 [INFO] CodeEngine:289 - Generated code: D:\Projekty\TrinityTrack6000\MainControlBoard\STM32\STM32G473CET6\AZURE_RTOS\App\app_azure_rtos.c
2026-03-04 17:03:29,969 [INFO] CodeEngine:265 - oldGeneratedFile, D:\Projekty\TrinityTrack6000\MainControlBoard\STM32\STM32G473CET6\AZURE_RTOS\App\app_azure_rtos.h_save
2026-03-04 17:03:30,151 [INFO] CodeEngine:289 - Generated code: D:\Projekty\TrinityTrack6000\MainControlBoard\STM32\STM32G473CET6\AZURE_RTOS\App\app_azure_rtos.h
2026-03-04 17:03:31,524 [INFO] CodeEngine:265 - oldGeneratedFile, D:\Projekty\TrinityTrack6000\MainControlBoard\STM32\STM32G473CET6\MXTmpFiles\dma.tmp_save
2026-03-04 17:03:31,680 [INFO] CodeEngine:289 - Generated code: D:\Projekty\TrinityTrack6000\MainControlBoard\STM32\STM32G473CET6\MXTmpFiles\dma.tmp
2026-03-04 17:03:31,704 [INFO] CodeEngine:265 - oldGeneratedFile, D:\Projekty\TrinityTrack6000\MainControlBoard\STM32\STM32G473CET6\MXTmpFiles\dma_GV.tmp_save
2026-03-04 17:03:31,781 [INFO] CodeEngine:289 - Generated code: D:\Projekty\TrinityTrack6000\MainControlBoard\STM32\STM32G473CET6\MXTmpFiles\dma_GV.tmp
2026-03-04 17:03:31,822 [INFO] CodeEngine:265 - oldGeneratedFile, D:\Projekty\TrinityTrack6000\MainControlBoard\STM32\STM32G473CET6\Core\Src\stm32g4xx_it.c_save
2026-03-04 17:03:32,223 [INFO] CodeEngine:289 - Generated code: D:\Projekty\TrinityTrack6000\MainControlBoard\STM32\STM32G473CET6\Core\Src\stm32g4xx_it.c
2026-03-04 17:03:32,243 [INFO] CodeEngine:265 - oldGeneratedFile, D:\Projekty\TrinityTrack6000\MainControlBoard\STM32\STM32G473CET6\Core\Inc\stm32g4xx_it.h_save
2026-03-04 17:03:32,386 [INFO] CodeEngine:289 - Generated code: D:\Projekty\TrinityTrack6000\MainControlBoard\STM32\STM32G473CET6\Core\Inc\stm32g4xx_it.h
2026-03-04 17:03:32,424 [INFO] IP:3329 - RTE Config file name : RTE_Component
2026-03-04 17:03:32,424 [INFO] IP:3347 - RTE template : RTE_Components.ftl
2026-03-04 17:03:32,424 [INFO] CodeGenerator:2312 - Add RTE Code Input 
2026-03-04 17:03:32,462 [INFO] CodeEngine:265 - oldGeneratedFile, D:\Projekty\TrinityTrack6000\MainControlBoard\STM32\STM32G473CET6\Core\Inc\RTE_Components.h_save
2026-03-04 17:03:32,928 [INFO] CodeEngine:289 - Generated code: D:\Projekty\TrinityTrack6000\MainControlBoard\STM32\STM32G473CET6\Core\Inc\RTE_Components.h
2026-03-04 17:03:33,003 [INFO] CodeEngine:265 - oldGeneratedFile, D:\Projekty\TrinityTrack6000\MainControlBoard\STM32\STM32G473CET6\Core\Src\stm32g4xx_hal_msp.c_save
2026-03-04 17:03:33,442 [INFO] CodeEngine:289 - Generated code: D:\Projekty\TrinityTrack6000\MainControlBoard\STM32\STM32G473CET6\Core\Src\stm32g4xx_hal_msp.c
2026-03-04 17:03:33,456 [INFO] CodeEngine:265 - oldGeneratedFile, D:\Projekty\TrinityTrack6000\MainControlBoard\STM32\STM32G473CET6\MXTmpFiles\system.tmp_save
2026-03-04 17:03:33,569 [INFO] CodeEngine:289 - Generated code: D:\Projekty\TrinityTrack6000\MainControlBoard\STM32\STM32G473CET6\MXTmpFiles\system.tmp
2026-03-04 17:03:33,587 [INFO] CodeEngine:265 - oldGeneratedFile, D:\Projekty\TrinityTrack6000\MainControlBoard\STM32\STM32G473CET6\Core\Src\stm32g4xx_hal_timebase_tim.c_save
2026-03-04 17:03:33,719 [INFO] CodeEngine:289 - Generated code: D:\Projekty\TrinityTrack6000\MainControlBoard\STM32\STM32G473CET6\Core\Src\stm32g4xx_hal_timebase_tim.c
2026-03-04 17:03:33,740 [INFO] CodeEngine:321 - oldGeneratedFile, D:\Projekty\TrinityTrack6000\MainControlBoard\STM32\STM32G473CET6\Core\Inc\stm32g4xx_hal_conf.h_save
2026-03-04 17:03:34,023 [INFO] CodeEngine:345 - Generated code: D:\Projekty\TrinityTrack6000\MainControlBoard\STM32\STM32G473CET6\Core\Inc\stm32g4xx_hal_conf.h
2026-03-04 17:03:34,071 [WARN] IPConfigManager:3238 - Warning: the RefConfig RCC_CommonPeriphClockConfig is not available in your config.xml file
2026-03-04 17:03:34,090 [WARN] IPConfigManager:3811 - IP not found : TIM
2026-03-04 17:03:34,092 [WARN] CodeGenerator:4259 - IP not found : null
2026-03-04 17:03:34,104 [INFO] CodeEngine:265 - oldGeneratedFile, D:\Projekty\TrinityTrack6000\MainControlBoard\STM32\STM32G473CET6\Core\Inc\main.h_save
2026-03-04 17:03:34,353 [INFO] CodeEngine:289 - Generated code: D:\Projekty\TrinityTrack6000\MainControlBoard\STM32\STM32G473CET6\Core\Inc\main.h
2026-03-04 17:03:34,375 [INFO] CodeEngine:265 - oldGeneratedFile, D:\Projekty\TrinityTrack6000\MainControlBoard\STM32\STM32G473CET6\Core\Src\main.c_save
2026-03-04 17:03:34,627 [INFO] CodeEngine:289 - Generated code: D:\Projekty\TrinityTrack6000\MainControlBoard\STM32\STM32G473CET6\Core\Src\main.c
2026-03-04 17:03:35,508 [INFO] ProjectBuilder:3606 - Time for Copy HAL[1] : 446mS.
2026-03-04 17:03:35,508 [ERROR] Middleware:2950 - Invalid RefComponent list
2026-03-04 17:03:35,509 [ERROR] Middleware:2950 - Invalid RefComponent list
2026-03-04 17:03:35,509 [ERROR] Middleware:2950 - Invalid RefComponent list
2026-03-04 17:03:35,509 [ERROR] Middleware:2950 - Invalid RefComponent list
2026-03-04 17:03:35,509 [ERROR] Middleware:2950 - Invalid RefComponent list
2026-03-04 17:03:35,509 [ERROR] Middleware:2950 - Invalid RefComponent list
2026-03-04 17:03:35,509 [ERROR] Middleware:2950 - Invalid RefComponent list
2026-03-04 17:03:35,509 [ERROR] Middleware:2950 - Invalid RefComponent list
2026-03-04 17:03:35,509 [ERROR] Middleware:2950 - Invalid RefComponent list
2026-03-04 17:03:35,509 [ERROR] Middleware:2950 - Invalid RefComponent list
2026-03-04 17:03:35,509 [ERROR] Middleware:2950 - Invalid RefComponent list
2026-03-04 17:03:35,509 [ERROR] Middleware:2950 - Invalid RefComponent list
2026-03-04 17:03:35,509 [ERROR] Middleware:2950 - Invalid RefComponent list
2026-03-04 17:03:35,509 [ERROR] Middleware:2950 - Invalid RefComponent list
2026-03-04 17:03:35,509 [ERROR] Middleware:2950 - Invalid RefComponent list
2026-03-04 17:03:35,509 [ERROR] Middleware:2950 - Invalid RefComponent list
2026-03-04 17:03:35,509 [ERROR] Middleware:2950 - Invalid RefComponent list
2026-03-04 17:03:35,509 [ERROR] Middleware:2950 - Invalid RefComponent list
2026-03-04 17:03:35,509 [ERROR] Middleware:2950 - Invalid RefComponent list
2026-03-04 17:03:35,509 [ERROR] Middleware:2950 - Invalid RefComponent list
2026-03-04 17:03:35,509 [ERROR] Middleware:2950 - Invalid RefComponent list
2026-03-04 17:03:35,510 [ERROR] Middleware:2950 - Invalid RefComponent list
2026-03-04 17:03:35,510 [ERROR] Middleware:2950 - Invalid RefComponent list
2026-03-04 17:03:35,510 [ERROR] Middleware:2950 - Invalid RefComponent list
2026-03-04 17:03:35,510 [ERROR] Middleware:2950 - Invalid RefComponent list
2026-03-04 17:03:35,510 [ERROR] Middleware:2950 - Invalid RefComponent list
2026-03-04 17:03:35,510 [ERROR] Middleware:2950 - Invalid RefComponent list
2026-03-04 17:03:35,510 [ERROR] Middleware:2950 - Invalid RefComponent list
2026-03-04 17:03:35,510 [ERROR] Middleware:2950 - Invalid RefComponent list
2026-03-04 17:03:35,510 [ERROR] Middleware:2950 - Invalid RefComponent list
2026-03-04 17:03:35,510 [ERROR] Middleware:2950 - Invalid RefComponent list
2026-03-04 17:03:35,510 [ERROR] Middleware:2950 - Invalid RefComponent list
2026-03-04 17:03:35,510 [ERROR] Middleware:2950 - Invalid RefComponent list
2026-03-04 17:03:35,510 [ERROR] Middleware:2950 - Invalid RefComponent list
2026-03-04 17:03:35,510 [ERROR] Middleware:2950 - Invalid RefComponent list
2026-03-04 17:03:35,510 [ERROR] Middleware:2950 - Invalid RefComponent list
2026-03-04 17:03:35,510 [ERROR] Middleware:2950 - Invalid RefComponent list
2026-03-04 17:03:35,510 [ERROR] Middleware:2950 - Invalid RefComponent list
2026-03-04 17:03:35,510 [ERROR] Middleware:2950 - Invalid RefComponent list
2026-03-04 17:03:35,510 [ERROR] Middleware:2950 - Invalid RefComponent list
2026-03-04 17:03:35,510 [ERROR] Middleware:2950 - Invalid RefComponent list
2026-03-04 17:03:35,510 [ERROR] Middleware:2950 - Invalid RefComponent list
2026-03-04 17:03:35,510 [ERROR] Middleware:2950 - Invalid RefComponent list
2026-03-04 17:03:35,510 [ERROR] Middleware:2950 - Invalid RefComponent list
2026-03-04 17:03:35,512 [ERROR] Middleware:2950 - Invalid RefComponent list
2026-03-04 17:03:35,512 [ERROR] Middleware:2950 - Invalid RefComponent list
2026-03-04 17:03:35,512 [ERROR] Middleware:2950 - Invalid RefComponent list
2026-03-04 17:03:35,512 [ERROR] Middleware:2950 - Invalid RefComponent list
2026-03-04 17:03:35,512 [ERROR] Middleware:2950 - Invalid RefComponent list
2026-03-04 17:03:35,512 [ERROR] Middleware:2950 - Invalid RefComponent list
2026-03-04 17:03:35,512 [ERROR] Middleware:2950 - Invalid RefComponent list
2026-03-04 17:03:35,512 [ERROR] Middleware:2950 - Invalid RefComponent list
2026-03-04 17:03:35,512 [ERROR] Middleware:2950 - Invalid RefComponent list
2026-03-04 17:03:35,512 [ERROR] Middleware:2950 - Invalid RefComponent list
2026-03-04 17:03:35,512 [ERROR] Middleware:2950 - Invalid RefComponent list
2026-03-04 17:03:35,512 [ERROR] Middleware:2950 - Invalid RefComponent list
2026-03-04 17:03:35,512 [ERROR] Middleware:2950 - Invalid RefComponent list
2026-03-04 17:03:35,512 [ERROR] Middleware:2950 - Invalid RefComponent list
2026-03-04 17:03:35,512 [ERROR] Middleware:2950 - Invalid RefComponent list
2026-03-04 17:03:35,512 [ERROR] Middleware:2950 - Invalid RefComponent list
2026-03-04 17:03:35,512 [ERROR] Middleware:2950 - Invalid RefComponent list
2026-03-04 17:03:35,512 [ERROR] Middleware:2950 - Invalid RefComponent list
2026-03-04 17:03:35,513 [ERROR] Middleware:2950 - Invalid RefComponent list
2026-03-04 17:03:35,513 [ERROR] Middleware:2950 - Invalid RefComponent list
2026-03-04 17:03:35,513 [ERROR] Middleware:2950 - Invalid RefComponent list
2026-03-04 17:03:35,513 [ERROR] Middleware:2950 - Invalid RefComponent list
2026-03-04 17:03:35,513 [ERROR] Middleware:2950 - Invalid RefComponent list
2026-03-04 17:03:35,513 [ERROR] Middleware:2950 - Invalid RefComponent list
2026-03-04 17:03:35,513 [ERROR] Middleware:2950 - Invalid RefComponent list
2026-03-04 17:03:35,513 [ERROR] Middleware:2950 - Invalid RefComponent list
2026-03-04 17:03:35,513 [ERROR] Middleware:2950 - Invalid RefComponent list
2026-03-04 17:03:35,513 [ERROR] Middleware:2950 - Invalid RefComponent list
2026-03-04 17:03:35,513 [ERROR] Middleware:2950 - Invalid RefComponent list
2026-03-04 17:03:35,513 [ERROR] Middleware:2950 - Invalid RefComponent list
2026-03-04 17:03:35,513 [ERROR] Middleware:2950 - Invalid RefComponent list
2026-03-04 17:03:35,513 [ERROR] Middleware:2950 - Invalid RefComponent list
2026-03-04 17:03:35,513 [ERROR] Middleware:2950 - Invalid RefComponent list
2026-03-04 17:03:35,513 [ERROR] Middleware:2950 - Invalid RefComponent list
2026-03-04 17:03:35,513 [ERROR] Middleware:2950 - Invalid RefComponent list
2026-03-04 17:03:35,514 [ERROR] Middleware:2950 - Invalid RefComponent list
2026-03-04 17:03:35,514 [ERROR] Middleware:2950 - Invalid RefComponent list
2026-03-04 17:03:35,514 [ERROR] Middleware:2950 - Invalid RefComponent list
2026-03-04 17:03:35,514 [ERROR] Middleware:2950 - Invalid RefComponent list
2026-03-04 17:03:35,514 [ERROR] Middleware:2950 - Invalid RefComponent list
2026-03-04 17:03:35,514 [ERROR] Middleware:2950 - Invalid RefComponent list
2026-03-04 17:03:35,514 [ERROR] Middleware:2950 - Invalid RefComponent list
2026-03-04 17:03:35,514 [ERROR] Middleware:2950 - Invalid RefComponent list
2026-03-04 17:03:35,514 [ERROR] Middleware:2950 - Invalid RefComponent list
2026-03-04 17:03:35,515 [WARN] ThirdPartyIpManager:480 - Condition 'CM4 IAR Condition' not fulfilled in pack 'STMicroelectronics.X-CUBE-AZRTOS-G4.2.0.0'
2026-03-04 17:03:35,515 [WARN] ThirdPartyIpManager:480 - Condition 'CM4 IAR Condition' not fulfilled in pack 'STMicroelectronics.X-CUBE-AZRTOS-G4.2.0.0'
2026-03-04 17:03:35,515 [WARN] ThirdPartyIpManager:480 - Condition 'CM4 IAR Condition' not fulfilled in pack 'STMicroelectronics.X-CUBE-AZRTOS-G4.2.0.0'
2026-03-04 17:03:35,515 [WARN] ThirdPartyIpManager:480 - Condition 'CM4 IAR Condition' not fulfilled in pack 'STMicroelectronics.X-CUBE-AZRTOS-G4.2.0.0'
2026-03-04 17:03:35,515 [WARN] ThirdPartyIpManager:480 - Condition 'CM4 IAR Condition' not fulfilled in pack 'STMicroelectronics.X-CUBE-AZRTOS-G4.2.0.0'
2026-03-04 17:03:35,515 [WARN] ThirdPartyIpManager:480 - Condition 'CM4 IAR Condition' not fulfilled in pack 'STMicroelectronics.X-CUBE-AZRTOS-G4.2.0.0'
2026-03-04 17:03:35,516 [WARN] ThirdPartyIpManager:480 - Condition 'CM4 IAR Condition' not fulfilled in pack 'STMicroelectronics.X-CUBE-AZRTOS-G4.2.0.0'
2026-03-04 17:03:35,516 [WARN] ThirdPartyIpManager:480 - Condition 'CM4 IAR Condition' not fulfilled in pack 'STMicroelectronics.X-CUBE-AZRTOS-G4.2.0.0'
2026-03-04 17:03:35,517 [WARN] ThirdPartyIpManager:480 - Condition 'CM4 IAR Condition' not fulfilled in pack 'STMicroelectronics.X-CUBE-AZRTOS-G4.2.0.0'
2026-03-04 17:03:35,517 [WARN] ThirdPartyIpManager:480 - Condition 'CM4 IAR Condition' not fulfilled in pack 'STMicroelectronics.X-CUBE-AZRTOS-G4.2.0.0'
2026-03-04 17:03:35,517 [WARN] ThirdPartyIpManager:480 - Condition 'CM4 IAR Condition' not fulfilled in pack 'STMicroelectronics.X-CUBE-AZRTOS-G4.2.0.0'
2026-03-04 17:03:35,517 [WARN] ThirdPartyIpManager:480 - Condition 'CM4 ARMC6 Condition' not fulfilled in pack 'STMicroelectronics.X-CUBE-AZRTOS-G4.2.0.0'
2026-03-04 17:03:35,517 [WARN] ThirdPartyIpManager:480 - Condition 'CM4 ARMC6 Condition' not fulfilled in pack 'STMicroelectronics.X-CUBE-AZRTOS-G4.2.0.0'
2026-03-04 17:03:35,517 [WARN] ThirdPartyIpManager:480 - Condition 'CM4 ARMC6 Condition' not fulfilled in pack 'STMicroelectronics.X-CUBE-AZRTOS-G4.2.0.0'
2026-03-04 17:03:35,517 [WARN] ThirdPartyIpManager:480 - Condition 'CM4 ARMC6 Condition' not fulfilled in pack 'STMicroelectronics.X-CUBE-AZRTOS-G4.2.0.0'
2026-03-04 17:03:35,517 [WARN] ThirdPartyIpManager:480 - Condition 'CM4 ARMC6 Condition' not fulfilled in pack 'STMicroelectronics.X-CUBE-AZRTOS-G4.2.0.0'
2026-03-04 17:03:35,517 [WARN] ThirdPartyIpManager:480 - Condition 'CM4 ARMC6 Condition' not fulfilled in pack 'STMicroelectronics.X-CUBE-AZRTOS-G4.2.0.0'
2026-03-04 17:03:35,521 [WARN] ThirdPartyIpManager:480 - Condition 'CM4 ARMC6 Condition' not fulfilled in pack 'STMicroelectronics.X-CUBE-AZRTOS-G4.2.0.0'
2026-03-04 17:03:35,521 [WARN] ThirdPartyIpManager:480 - Condition 'CM4 ARMC6 Condition' not fulfilled in pack 'STMicroelectronics.X-CUBE-AZRTOS-G4.2.0.0'
2026-03-04 17:03:35,521 [WARN] ThirdPartyIpManager:480 - Condition 'CM4 ARMC6 Condition' not fulfilled in pack 'STMicroelectronics.X-CUBE-AZRTOS-G4.2.0.0'
2026-03-04 17:03:35,521 [WARN] ThirdPartyIpManager:480 - Condition 'CM4 ARMC6 Condition' not fulfilled in pack 'STMicroelectronics.X-CUBE-AZRTOS-G4.2.0.0'
2026-03-04 17:03:35,664 [INFO] ProjectBuilder:9437 - Time for Copy ThirdParty[1] : 142mS.
2026-03-04 17:03:35,672 [INFO] ProjectBuilder:5216 - Project Generator version: 4.7.0-B52
2026-03-04 17:03:35,775 [INFO] ConfigFileManager:1595 - The Die is : DIE469
2026-03-04 17:03:50,908 [INFO] ProjectBuilder:5496 - Time for Generating toolchain IDE Files: 15236mS.
2026-03-04 17:03:50,941 [INFO] ProjectBuilder:3463 - Time for Copy CMSIS : 31mS.
2026-03-04 17:03:50,952 [INFO] ProjectBuilder:3463 - Time for Copy CMSIS : 0mS.
