22:29:19 **** Incremental Build of configuration Debug for project XMC4200 ****
"\"D:\\Programy\\4.5.0.202105191637\\eclipse\\ARM-GCC-49\\bin\\make\"" --output-sync -j12 all 
'Building file: ../Dave/Generated/SPI_SLAVE/spi_slave_conf.c'
'Invoking: ARM-GCC C Compiler'
"D:/Programy/4.5.0.202105191637/eclipse/ARM-GCC-49/bin/arm-none-eabi-gcc" -MMD -MT "Dave/Generated/SPI_SLAVE/spi_slave_conf.o" -DXMC4200_F64x256 -I"D:/Projekty/TrinityTrack6000/MainControlBoard/Infineon/XMC4200/Libraries/XMCLib/inc" -I"D:/Projekty/TrinityTrack6000/MainControlBoard/Infineon/XMC4200/Libraries/CMSIS/Include" -I"D:/Projekty/TrinityTrack6000/MainControlBoard/Infineon/XMC4200/Libraries/CMSIS/Infineon/XMC4200_series/Include" -I"D:/Projekty/TrinityTrack6000/MainControlBoard/Infineon/XMC4200" -I"D:/Projekty/TrinityTrack6000/MainControlBoard/Infineon/XMC4200/Dave/Generated" -I"D:/Projekty/TrinityTrack6000/MainControlBoard/Infineon/XMC4200/Libraries" -O0 -ffunction-sections -fdata-sections -Wall -std=gnu99 -mfloat-abi=softfp -Wa,-adhlns="Dave/Generated/SPI_SLAVE/spi_slave_conf.o.lst" -pipe -c -fmessage-length=0 -MMD -MP -MF"Dave/Generated/SPI_SLAVE/spi_slave_conf.d" -MT"Dave/Generated/SPI_SLAVE/spi_slave_conf.d Dave/Generated/SPI_SLAVE/spi_slave_conf.o" -mcpu=cortex-m4 -mfpu=fpv4-sp-d16 -mthumb -g -gdwarf-2 -o "Dave/Generated/SPI_SLAVE/spi_slave_conf.o" "../Dave/Generated/SPI_SLAVE/spi_slave_conf.c" 
'Finished building: ../Dave/Generated/SPI_SLAVE/spi_slave_conf.c'

'Building target: XMC4200.elf'
'Invoking: ARM-GCC C Linker'
"D:/Programy/4.5.0.202105191637/eclipse/ARM-GCC-49/bin/arm-none-eabi-gcc" -T"../linker_script.ld" -nostartfiles -Xlinker --gc-sections -specs=nano.specs -specs=nosys.specs -Wl,-Map,"XMC4200.map" -mfloat-abi=softfp -mfpu=fpv4-sp-d16 -mcpu=cortex-m4 -mthumb -g -gdwarf-2 -o "XMC4200.elf" "@objects.rsp"  -lm
'Finished building target: XMC4200.elf'

'Invoking: ARM-GCC Create Flash Image'
"D:/Programy/4.5.0.202105191637/eclipse/ARM-GCC-49/bin/arm-none-eabi-objcopy" -O ihex "XMC4200.elf" "XMC4200.hex"
'Finished building: XMC4200.hex'

'Invoking: ARM-GCC Print Size'
"D:/Programy/4.5.0.202105191637/eclipse/ARM-GCC-49/bin/arm-none-eabi-size" --format=berkeley "XMC4200.elf"
   text	   data	    bss	    dec	    hex	filename
  23176	    684	   2136	  25996	   658c	XMC4200.elf
'Finished building: XMC4200.siz'

'Invoking: ARM-GCC Create Listing'
"D:/Programy/4.5.0.202105191637/eclipse/ARM-GCC-49/bin/arm-none-eabi-objdump" -h -S "XMC4200.elf" > "XMC4200.lst"
'Finished building: XMC4200.lst'

11:46:49 **** Build of configuration Debug for project XMC4200 ****
"\"D:\\Programy\\4.5.0.202105191637\\eclipse\\ARM-GCC-49\\bin\\make\"" --output-sync -j12 all 
'Building file: ../Dave/Generated/PWM_CCU8/pwm_ccu8_conf.c'
'Invoking: ARM-GCC C Compiler'
"D:/Programy/4.5.0.202105191637/eclipse/ARM-GCC-49/bin/arm-none-eabi-gcc" -MMD -MT "Dave/Generated/PWM_CCU8/pwm_ccu8_conf.o" -DXMC4200_F64x256 -I"D:/Projekty/TrinityTrack6000/MainControlBoard/XMC/XMC4200/Libraries/XMCLib/inc" -I"D:/Projekty/TrinityTrack6000/MainControlBoard/XMC/XMC4200/Libraries/CMSIS/Include" -I"D:/Projekty/TrinityTrack6000/MainControlBoard/XMC/XMC4200/Libraries/CMSIS/Infineon/XMC4200_series/Include" -I"D:/Projekty/TrinityTrack6000/MainControlBoard/XMC/XMC4200" -I"D:/Projekty/TrinityTrack6000/MainControlBoard/XMC/XMC4200/Dave/Generated" -I"D:/Projekty/TrinityTrack6000/MainControlBoard/XMC/XMC4200/Libraries" -O0 -ffunction-sections -fdata-sections -Wall -std=gnu99 -mfloat-abi=softfp -Wa,-adhlns="Dave/Generated/PWM_CCU8/pwm_ccu8_conf.o.lst" -pipe -c -fmessage-length=0 -MMD -MP -MF"Dave/Generated/PWM_CCU8/pwm_ccu8_conf.d" -MT"Dave/Generated/PWM_CCU8/pwm_ccu8_conf.d Dave/Generated/PWM_CCU8/pwm_ccu8_conf.o" -mcpu=cortex-m4 -mfpu=fpv4-sp-d16 -mthumb -g -gdwarf-2 -o "Dave/Generated/PWM_CCU8/pwm_ccu8_conf.o" "../Dave/Generated/PWM_CCU8/pwm_ccu8_conf.c" 
'Finished building: ../Dave/Generated/PWM_CCU8/pwm_ccu8_conf.c'

'Building file: ../Dave/Generated/UART/uart_conf.c'
'Invoking: ARM-GCC C Compiler'
"D:/Programy/4.5.0.202105191637/eclipse/ARM-GCC-49/bin/arm-none-eabi-gcc" -MMD -MT "Dave/Generated/UART/uart_conf.o" -DXMC4200_F64x256 -I"D:/Projekty/TrinityTrack6000/MainControlBoard/XMC/XMC4200/Libraries/XMCLib/inc" -I"D:/Projekty/TrinityTrack6000/MainControlBoard/XMC/XMC4200/Libraries/CMSIS/Include" -I"D:/Projekty/TrinityTrack6000/MainControlBoard/XMC/XMC4200/Libraries/CMSIS/Infineon/XMC4200_series/Include" -I"D:/Projekty/TrinityTrack6000/MainControlBoard/XMC/XMC4200" -I"D:/Projekty/TrinityTrack6000/MainControlBoard/XMC/XMC4200/Dave/Generated" -I"D:/Projekty/TrinityTrack6000/MainControlBoard/XMC/XMC4200/Libraries" -O0 -ffunction-sections -fdata-sections -Wall -std=gnu99 -mfloat-abi=softfp -Wa,-adhlns="Dave/Generated/UART/uart_conf.o.lst" -pipe -c -fmessage-length=0 -MMD -MP -MF"Dave/Generated/UART/uart_conf.d" -MT"Dave/Generated/UART/uart_conf.d Dave/Generated/UART/uart_conf.o" -mcpu=cortex-m4 -mfpu=fpv4-sp-d16 -mthumb -g -gdwarf-2 -o "Dave/Generated/UART/uart_conf.o" "../Dave/Generated/UART/uart_conf.c" 
'Finished building: ../Dave/Generated/UART/uart_conf.c'

'Building file: ../Dave/Generated/UART/uart.c'
'Invoking: ARM-GCC C Compiler'
"D:/Programy/4.5.0.202105191637/eclipse/ARM-GCC-49/bin/arm-none-eabi-gcc" -MMD -MT "Dave/Generated/UART/uart.o" -DXMC4200_F64x256 -I"D:/Projekty/TrinityTrack6000/MainControlBoard/XMC/XMC4200/Libraries/XMCLib/inc" -I"D:/Projekty/TrinityTrack6000/MainControlBoard/XMC/XMC4200/Libraries/CMSIS/Include" -I"D:/Projekty/TrinityTrack6000/MainControlBoard/XMC/XMC4200/Libraries/CMSIS/Infineon/XMC4200_series/Include" -I"D:/Projekty/TrinityTrack6000/MainControlBoard/XMC/XMC4200" -I"D:/Projekty/TrinityTrack6000/MainControlBoard/XMC/XMC4200/Dave/Generated" -I"D:/Projekty/TrinityTrack6000/MainControlBoard/XMC/XMC4200/Libraries" -O0 -ffunction-sections -fdata-sections -Wall -std=gnu99 -mfloat-abi=softfp -Wa,-adhlns="Dave/Generated/UART/uart.o.lst" -pipe -c -fmessage-length=0 -MMD -MP -MF"Dave/Generated/UART/uart.d" -MT"Dave/Generated/UART/uart.d Dave/Generated/UART/uart.o" -mcpu=cortex-m4 -mfpu=fpv4-sp-d16 -mthumb -g -gdwarf-2 -o "Dave/Generated/UART/uart.o" "../Dave/Generated/UART/uart.c" 
'Finished building: ../Dave/Generated/UART/uart.c'

'Building file: ../Dave/Generated/SPI_SLAVE/spi_slave.c'
'Invoking: ARM-GCC C Compiler'
"D:/Programy/4.5.0.202105191637/eclipse/ARM-GCC-49/bin/arm-none-eabi-gcc" -MMD -MT "Dave/Generated/SPI_SLAVE/spi_slave.o" -DXMC4200_F64x256 -I"D:/Projekty/TrinityTrack6000/MainControlBoard/XMC/XMC4200/Libraries/XMCLib/inc" -I"D:/Projekty/TrinityTrack6000/MainControlBoard/XMC/XMC4200/Libraries/CMSIS/Include" -I"D:/Projekty/TrinityTrack6000/MainControlBoard/XMC/XMC4200/Libraries/CMSIS/Infineon/XMC4200_series/Include" -I"D:/Projekty/TrinityTrack6000/MainControlBoard/XMC/XMC4200" -I"D:/Projekty/TrinityTrack6000/MainControlBoard/XMC/XMC4200/Dave/Generated" -I"D:/Projekty/TrinityTrack6000/MainControlBoard/XMC/XMC4200/Libraries" -O0 -ffunction-sections -fdata-sections -Wall -std=gnu99 -mfloat-abi=softfp -Wa,-adhlns="Dave/Generated/SPI_SLAVE/spi_slave.o.lst" -pipe -c -fmessage-length=0 -MMD -MP -MF"Dave/Generated/SPI_SLAVE/spi_slave.d" -MT"Dave/Generated/SPI_SLAVE/spi_slave.d Dave/Generated/SPI_SLAVE/spi_slave.o" -mcpu=cortex-m4 -mfpu=fpv4-sp-d16 -mthumb -g -gdwarf-2 -o "Dave/Generated/SPI_SLAVE/spi_slave.o" "../Dave/Generated/SPI_SLAVE/spi_slave.c" 
'Finished building: ../Dave/Generated/SPI_SLAVE/spi_slave.c'

'Building file: ../Dave/Generated/SPI_SLAVE/spi_slave_conf.c'
'Invoking: ARM-GCC C Compiler'
"D:/Programy/4.5.0.202105191637/eclipse/ARM-GCC-49/bin/arm-none-eabi-gcc" -MMD -MT "Dave/Generated/SPI_SLAVE/spi_slave_conf.o" -DXMC4200_F64x256 -I"D:/Projekty/TrinityTrack6000/MainControlBoard/XMC/XMC4200/Libraries/XMCLib/inc" -I"D:/Projekty/TrinityTrack6000/MainControlBoard/XMC/XMC4200/Libraries/CMSIS/Include" -I"D:/Projekty/TrinityTrack6000/MainControlBoard/XMC/XMC4200/Libraries/CMSIS/Infineon/XMC4200_series/Include" -I"D:/Projekty/TrinityTrack6000/MainControlBoard/XMC/XMC4200" -I"D:/Projekty/TrinityTrack6000/MainControlBoard/XMC/XMC4200/Dave/Generated" -I"D:/Projekty/TrinityTrack6000/MainControlBoard/XMC/XMC4200/Libraries" -O0 -ffunction-sections -fdata-sections -Wall -std=gnu99 -mfloat-abi=softfp -Wa,-adhlns="Dave/Generated/SPI_SLAVE/spi_slave_conf.o.lst" -pipe -c -fmessage-length=0 -MMD -MP -MF"Dave/Generated/SPI_SLAVE/spi_slave_conf.d" -MT"Dave/Generated/SPI_SLAVE/spi_slave_conf.d Dave/Generated/SPI_SLAVE/spi_slave_conf.o" -mcpu=cortex-m4 -mfpu=fpv4-sp-d16 -mthumb -g -gdwarf-2 -o "Dave/Generated/SPI_SLAVE/spi_slave_conf.o" "../Dave/Generated/SPI_SLAVE/spi_slave_conf.c" 
'Finished building: ../Dave/Generated/SPI_SLAVE/spi_slave_conf.c'

'Building file: ../Dave/Generated/PWM_CCU8/pwm_ccu8.c'
'Invoking: ARM-GCC C Compiler'
"D:/Programy/4.5.0.202105191637/eclipse/ARM-GCC-49/bin/arm-none-eabi-gcc" -MMD -MT "Dave/Generated/PWM_CCU8/pwm_ccu8.o" -DXMC4200_F64x256 -I"D:/Projekty/TrinityTrack6000/MainControlBoard/XMC/XMC4200/Libraries/XMCLib/inc" -I"D:/Projekty/TrinityTrack6000/MainControlBoard/XMC/XMC4200/Libraries/CMSIS/Include" -I"D:/Projekty/TrinityTrack6000/MainControlBoard/XMC/XMC4200/Libraries/CMSIS/Infineon/XMC4200_series/Include" -I"D:/Projekty/TrinityTrack6000/MainControlBoard/XMC/XMC4200" -I"D:/Projekty/TrinityTrack6000/MainControlBoard/XMC/XMC4200/Dave/Generated" -I"D:/Projekty/TrinityTrack6000/MainControlBoard/XMC/XMC4200/Libraries" -O0 -ffunction-sections -fdata-sections -Wall -std=gnu99 -mfloat-abi=softfp -Wa,-adhlns="Dave/Generated/PWM_CCU8/pwm_ccu8.o.lst" -pipe -c -fmessage-length=0 -MMD -MP -MF"Dave/Generated/PWM_CCU8/pwm_ccu8.d" -MT"Dave/Generated/PWM_CCU8/pwm_ccu8.d Dave/Generated/PWM_CCU8/pwm_ccu8.o" -mcpu=cortex-m4 -mfpu=fpv4-sp-d16 -mthumb -g -gdwarf-2 -o "Dave/Generated/PWM_CCU8/pwm_ccu8.o" "../Dave/Generated/PWM_CCU8/pwm_ccu8.c" 
'Finished building: ../Dave/Generated/PWM_CCU8/pwm_ccu8.c'

'Building file: ../Dave/Generated/PWM_CCU4/pwm_ccu4.c'
'Invoking: ARM-GCC C Compiler'
"D:/Programy/4.5.0.202105191637/eclipse/ARM-GCC-49/bin/arm-none-eabi-gcc" -MMD -MT "Dave/Generated/PWM_CCU4/pwm_ccu4.o" -DXMC4200_F64x256 -I"D:/Projekty/TrinityTrack6000/MainControlBoard/XMC/XMC4200/Libraries/XMCLib/inc" -I"D:/Projekty/TrinityTrack6000/MainControlBoard/XMC/XMC4200/Libraries/CMSIS/Include" -I"D:/Projekty/TrinityTrack6000/MainControlBoard/XMC/XMC4200/Libraries/CMSIS/Infineon/XMC4200_series/Include" -I"D:/Projekty/TrinityTrack6000/MainControlBoard/XMC/XMC4200" -I"D:/Projekty/TrinityTrack6000/MainControlBoard/XMC/XMC4200/Dave/Generated" -I"D:/Projekty/TrinityTrack6000/MainControlBoard/XMC/XMC4200/Libraries" -O0 -ffunction-sections -fdata-sections -Wall -std=gnu99 -mfloat-abi=softfp -Wa,-adhlns="Dave/Generated/PWM_CCU4/pwm_ccu4.o.lst" -pipe -c -fmessage-length=0 -MMD -MP -MF"Dave/Generated/PWM_CCU4/pwm_ccu4.d" -MT"Dave/Generated/PWM_CCU4/pwm_ccu4.d Dave/Generated/PWM_CCU4/pwm_ccu4.o" -mcpu=cortex-m4 -mfpu=fpv4-sp-d16 -mthumb -g -gdwarf-2 -o "Dave/Generated/PWM_CCU4/pwm_ccu4.o" "../Dave/Generated/PWM_CCU4/pwm_ccu4.c" 
'Finished building: ../Dave/Generated/PWM_CCU4/pwm_ccu4.c'

'Building file: ../Dave/Generated/PWM_CCU4/pwm_ccu4_conf.c'
'Invoking: ARM-GCC C Compiler'
"D:/Programy/4.5.0.202105191637/eclipse/ARM-GCC-49/bin/arm-none-eabi-gcc" -MMD -MT "Dave/Generated/PWM_CCU4/pwm_ccu4_conf.o" -DXMC4200_F64x256 -I"D:/Projekty/TrinityTrack6000/MainControlBoard/XMC/XMC4200/Libraries/XMCLib/inc" -I"D:/Projekty/TrinityTrack6000/MainControlBoard/XMC/XMC4200/Libraries/CMSIS/Include" -I"D:/Projekty/TrinityTrack6000/MainControlBoard/XMC/XMC4200/Libraries/CMSIS/Infineon/XMC4200_series/Include" -I"D:/Projekty/TrinityTrack6000/MainControlBoard/XMC/XMC4200" -I"D:/Projekty/TrinityTrack6000/MainControlBoard/XMC/XMC4200/Dave/Generated" -I"D:/Projekty/TrinityTrack6000/MainControlBoard/XMC/XMC4200/Libraries" -O0 -ffunction-sections -fdata-sections -Wall -std=gnu99 -mfloat-abi=softfp -Wa,-adhlns="Dave/Generated/PWM_CCU4/pwm_ccu4_conf.o.lst" -pipe -c -fmessage-length=0 -MMD -MP -MF"Dave/Generated/PWM_CCU4/pwm_ccu4_conf.d" -MT"Dave/Generated/PWM_CCU4/pwm_ccu4_conf.d Dave/Generated/PWM_CCU4/pwm_ccu4_conf.o" -mcpu=cortex-m4 -mfpu=fpv4-sp-d16 -mthumb -g -gdwarf-2 -o "Dave/Generated/PWM_CCU4/pwm_ccu4_conf.o" "../Dave/Generated/PWM_CCU4/pwm_ccu4_conf.c" 
'Finished building: ../Dave/Generated/PWM_CCU4/pwm_ccu4_conf.c'

'Building file: ../Dave/Generated/I2C_MASTER/i2c_master.c'
'Invoking: ARM-GCC C Compiler'
"D:/Programy/4.5.0.202105191637/eclipse/ARM-GCC-49/bin/arm-none-eabi-gcc" -MMD -MT "Dave/Generated/I2C_MASTER/i2c_master.o" -DXMC4200_F64x256 -I"D:/Projekty/TrinityTrack6000/MainControlBoard/XMC/XMC4200/Libraries/XMCLib/inc" -I"D:/Projekty/TrinityTrack6000/MainControlBoard/XMC/XMC4200/Libraries/CMSIS/Include" -I"D:/Projekty/TrinityTrack6000/MainControlBoard/XMC/XMC4200/Libraries/CMSIS/Infineon/XMC4200_series/Include" -I"D:/Projekty/TrinityTrack6000/MainControlBoard/XMC/XMC4200" -I"D:/Projekty/TrinityTrack6000/MainControlBoard/XMC/XMC4200/Dave/Generated" -I"D:/Projekty/TrinityTrack6000/MainControlBoard/XMC/XMC4200/Libraries" -O0 -ffunction-sections -fdata-sections -Wall -std=gnu99 -mfloat-abi=softfp -Wa,-adhlns="Dave/Generated/I2C_MASTER/i2c_master.o.lst" -pipe -c -fmessage-length=0 -MMD -MP -MF"Dave/Generated/I2C_MASTER/i2c_master.d" -MT"Dave/Generated/I2C_MASTER/i2c_master.d Dave/Generated/I2C_MASTER/i2c_master.o" -mcpu=cortex-m4 -mfpu=fpv4-sp-d16 -mthumb -g -gdwarf-2 -o "Dave/Generated/I2C_MASTER/i2c_master.o" "../Dave/Generated/I2C_MASTER/i2c_master.c" 
'Finished building: ../Dave/Generated/I2C_MASTER/i2c_master.c'

'Building file: ../Dave/Generated/I2C_MASTER/i2c_master_conf.c'
'Invoking: ARM-GCC C Compiler'
"D:/Programy/4.5.0.202105191637/eclipse/ARM-GCC-49/bin/arm-none-eabi-gcc" -MMD -MT "Dave/Generated/I2C_MASTER/i2c_master_conf.o" -DXMC4200_F64x256 -I"D:/Projekty/TrinityTrack6000/MainControlBoard/XMC/XMC4200/Libraries/XMCLib/inc" -I"D:/Projekty/TrinityTrack6000/MainControlBoard/XMC/XMC4200/Libraries/CMSIS/Include" -I"D:/Projekty/TrinityTrack6000/MainControlBoard/XMC/XMC4200/Libraries/CMSIS/Infineon/XMC4200_series/Include" -I"D:/Projekty/TrinityTrack6000/MainControlBoard/XMC/XMC4200" -I"D:/Projekty/TrinityTrack6000/MainControlBoard/XMC/XMC4200/Dave/Generated" -I"D:/Projekty/TrinityTrack6000/MainControlBoard/XMC/XMC4200/Libraries" -O0 -ffunction-sections -fdata-sections -Wall -std=gnu99 -mfloat-abi=softfp -Wa,-adhlns="Dave/Generated/I2C_MASTER/i2c_master_conf.o.lst" -pipe -c -fmessage-length=0 -MMD -MP -MF"Dave/Generated/I2C_MASTER/i2c_master_conf.d" -MT"Dave/Generated/I2C_MASTER/i2c_master_conf.d Dave/Generated/I2C_MASTER/i2c_master_conf.o" -mcpu=cortex-m4 -mfpu=fpv4-sp-d16 -mthumb -g -gdwarf-2 -o "Dave/Generated/I2C_MASTER/i2c_master_conf.o" "../Dave/Generated/I2C_MASTER/i2c_master_conf.c" 
'Finished building: ../Dave/Generated/I2C_MASTER/i2c_master_conf.c'

'Building file: ../Dave/Generated/GLOBAL_CCU8/global_ccu8.c'
'Invoking: ARM-GCC C Compiler'
"D:/Programy/4.5.0.202105191637/eclipse/ARM-GCC-49/bin/arm-none-eabi-gcc" -MMD -MT "Dave/Generated/GLOBAL_CCU8/global_ccu8.o" -DXMC4200_F64x256 -I"D:/Projekty/TrinityTrack6000/MainControlBoard/XMC/XMC4200/Libraries/XMCLib/inc" -I"D:/Projekty/TrinityTrack6000/MainControlBoard/XMC/XMC4200/Libraries/CMSIS/Include" -I"D:/Projekty/TrinityTrack6000/MainControlBoard/XMC/XMC4200/Libraries/CMSIS/Infineon/XMC4200_series/Include" -I"D:/Projekty/TrinityTrack6000/MainControlBoard/XMC/XMC4200" -I"D:/Projekty/TrinityTrack6000/MainControlBoard/XMC/XMC4200/Dave/Generated" -I"D:/Projekty/TrinityTrack6000/MainControlBoard/XMC/XMC4200/Libraries" -O0 -ffunction-sections -fdata-sections -Wall -std=gnu99 -mfloat-abi=softfp -Wa,-adhlns="Dave/Generated/GLOBAL_CCU8/global_ccu8.o.lst" -pipe -c -fmessage-length=0 -MMD -MP -MF"Dave/Generated/GLOBAL_CCU8/global_ccu8.d" -MT"Dave/Generated/GLOBAL_CCU8/global_ccu8.d Dave/Generated/GLOBAL_CCU8/global_ccu8.o" -mcpu=cortex-m4 -mfpu=fpv4-sp-d16 -mthumb -g -gdwarf-2 -o "Dave/Generated/GLOBAL_CCU8/global_ccu8.o" "../Dave/Generated/GLOBAL_CCU8/global_ccu8.c" 
'Finished building: ../Dave/Generated/GLOBAL_CCU8/global_ccu8.c'

'Building file: ../Dave/Generated/GLOBAL_CCU8/global_ccu8_conf.c'
'Invoking: ARM-GCC C Compiler'
"D:/Programy/4.5.0.202105191637/eclipse/ARM-GCC-49/bin/arm-none-eabi-gcc" -MMD -MT "Dave/Generated/GLOBAL_CCU8/global_ccu8_conf.o" -DXMC4200_F64x256 -I"D:/Projekty/TrinityTrack6000/MainControlBoard/XMC/XMC4200/Libraries/XMCLib/inc" -I"D:/Projekty/TrinityTrack6000/MainControlBoard/XMC/XMC4200/Libraries/CMSIS/Include" -I"D:/Projekty/TrinityTrack6000/MainControlBoard/XMC/XMC4200/Libraries/CMSIS/Infineon/XMC4200_series/Include" -I"D:/Projekty/TrinityTrack6000/MainControlBoard/XMC/XMC4200" -I"D:/Projekty/TrinityTrack6000/MainControlBoard/XMC/XMC4200/Dave/Generated" -I"D:/Projekty/TrinityTrack6000/MainControlBoard/XMC/XMC4200/Libraries" -O0 -ffunction-sections -fdata-sections -Wall -std=gnu99 -mfloat-abi=softfp -Wa,-adhlns="Dave/Generated/GLOBAL_CCU8/global_ccu8_conf.o.lst" -pipe -c -fmessage-length=0 -MMD -MP -MF"Dave/Generated/GLOBAL_CCU8/global_ccu8_conf.d" -MT"Dave/Generated/GLOBAL_CCU8/global_ccu8_conf.d Dave/Generated/GLOBAL_CCU8/global_ccu8_conf.o" -mcpu=cortex-m4 -mfpu=fpv4-sp-d16 -mthumb -g -gdwarf-2 -o "Dave/Generated/GLOBAL_CCU8/global_ccu8_conf.o" "../Dave/Generated/GLOBAL_CCU8/global_ccu8_conf.c" 
'Finished building: ../Dave/Generated/GLOBAL_CCU8/global_ccu8_conf.c'

'Building file: ../Dave/Generated/GLOBAL_CCU4/global_ccu4.c'
'Invoking: ARM-GCC C Compiler'
"D:/Programy/4.5.0.202105191637/eclipse/ARM-GCC-49/bin/arm-none-eabi-gcc" -MMD -MT "Dave/Generated/GLOBAL_CCU4/global_ccu4.o" -DXMC4200_F64x256 -I"D:/Projekty/TrinityTrack6000/MainControlBoard/XMC/XMC4200/Libraries/XMCLib/inc" -I"D:/Projekty/TrinityTrack6000/MainControlBoard/XMC/XMC4200/Libraries/CMSIS/Include" -I"D:/Projekty/TrinityTrack6000/MainControlBoard/XMC/XMC4200/Libraries/CMSIS/Infineon/XMC4200_series/Include" -I"D:/Projekty/TrinityTrack6000/MainControlBoard/XMC/XMC4200" -I"D:/Projekty/TrinityTrack6000/MainControlBoard/XMC/XMC4200/Dave/Generated" -I"D:/Projekty/TrinityTrack6000/MainControlBoard/XMC/XMC4200/Libraries" -O0 -ffunction-sections -fdata-sections -Wall -std=gnu99 -mfloat-abi=softfp -Wa,-adhlns="Dave/Generated/GLOBAL_CCU4/global_ccu4.o.lst" -pipe -c -fmessage-length=0 -MMD -MP -MF"Dave/Generated/GLOBAL_CCU4/global_ccu4.d" -MT"Dave/Generated/GLOBAL_CCU4/global_ccu4.d Dave/Generated/GLOBAL_CCU4/global_ccu4.o" -mcpu=cortex-m4 -mfpu=fpv4-sp-d16 -mthumb -g -gdwarf-2 -o "Dave/Generated/GLOBAL_CCU4/global_ccu4.o" "../Dave/Generated/GLOBAL_CCU4/global_ccu4.c" 
'Finished building: ../Dave/Generated/GLOBAL_CCU4/global_ccu4.c'

'Building file: ../Dave/Generated/GLOBAL_CCU4/global_ccu4_conf.c'
'Invoking: ARM-GCC C Compiler'
"D:/Programy/4.5.0.202105191637/eclipse/ARM-GCC-49/bin/arm-none-eabi-gcc" -MMD -MT "Dave/Generated/GLOBAL_CCU4/global_ccu4_conf.o" -DXMC4200_F64x256 -I"D:/Projekty/TrinityTrack6000/MainControlBoard/XMC/XMC4200/Libraries/XMCLib/inc" -I"D:/Projekty/TrinityTrack6000/MainControlBoard/XMC/XMC4200/Libraries/CMSIS/Include" -I"D:/Projekty/TrinityTrack6000/MainControlBoard/XMC/XMC4200/Libraries/CMSIS/Infineon/XMC4200_series/Include" -I"D:/Projekty/TrinityTrack6000/MainControlBoard/XMC/XMC4200" -I"D:/Projekty/TrinityTrack6000/MainControlBoard/XMC/XMC4200/Dave/Generated" -I"D:/Projekty/TrinityTrack6000/MainControlBoard/XMC/XMC4200/Libraries" -O0 -ffunction-sections -fdata-sections -Wall -std=gnu99 -mfloat-abi=softfp -Wa,-adhlns="Dave/Generated/GLOBAL_CCU4/global_ccu4_conf.o.lst" -pipe -c -fmessage-length=0 -MMD -MP -MF"Dave/Generated/GLOBAL_CCU4/global_ccu4_conf.d" -MT"Dave/Generated/GLOBAL_CCU4/global_ccu4_conf.d Dave/Generated/GLOBAL_CCU4/global_ccu4_conf.o" -mcpu=cortex-m4 -mfpu=fpv4-sp-d16 -mthumb -g -gdwarf-2 -o "Dave/Generated/GLOBAL_CCU4/global_ccu4_conf.o" "../Dave/Generated/GLOBAL_CCU4/global_ccu4_conf.c" 
'Finished building: ../Dave/Generated/GLOBAL_CCU4/global_ccu4_conf.c'

'Building file: ../Dave/Generated/DIGITAL_IO/digital_io.c'
'Invoking: ARM-GCC C Compiler'
"D:/Programy/4.5.0.202105191637/eclipse/ARM-GCC-49/bin/arm-none-eabi-gcc" -MMD -MT "Dave/Generated/DIGITAL_IO/digital_io.o" -DXMC4200_F64x256 -I"D:/Projekty/TrinityTrack6000/MainControlBoard/XMC/XMC4200/Libraries/XMCLib/inc" -I"D:/Projekty/TrinityTrack6000/MainControlBoard/XMC/XMC4200/Libraries/CMSIS/Include" -I"D:/Projekty/TrinityTrack6000/MainControlBoard/XMC/XMC4200/Libraries/CMSIS/Infineon/XMC4200_series/Include" -I"D:/Projekty/TrinityTrack6000/MainControlBoard/XMC/XMC4200" -I"D:/Projekty/TrinityTrack6000/MainControlBoard/XMC/XMC4200/Dave/Generated" -I"D:/Projekty/TrinityTrack6000/MainControlBoard/XMC/XMC4200/Libraries" -O0 -ffunction-sections -fdata-sections -Wall -std=gnu99 -mfloat-abi=softfp -Wa,-adhlns="Dave/Generated/DIGITAL_IO/digital_io.o.lst" -pipe -c -fmessage-length=0 -MMD -MP -MF"Dave/Generated/DIGITAL_IO/digital_io.d" -MT"Dave/Generated/DIGITAL_IO/digital_io.d Dave/Generated/DIGITAL_IO/digital_io.o" -mcpu=cortex-m4 -mfpu=fpv4-sp-d16 -mthumb -g -gdwarf-2 -o "Dave/Generated/DIGITAL_IO/digital_io.o" "../Dave/Generated/DIGITAL_IO/digital_io.c" 
'Finished building: ../Dave/Generated/DIGITAL_IO/digital_io.c'

'Building file: ../Dave/Generated/DIGITAL_IO/digital_io_conf.c'
'Invoking: ARM-GCC C Compiler'
"D:/Programy/4.5.0.202105191637/eclipse/ARM-GCC-49/bin/arm-none-eabi-gcc" -MMD -MT "Dave/Generated/DIGITAL_IO/digital_io_conf.o" -DXMC4200_F64x256 -I"D:/Projekty/TrinityTrack6000/MainControlBoard/XMC/XMC4200/Libraries/XMCLib/inc" -I"D:/Projekty/TrinityTrack6000/MainControlBoard/XMC/XMC4200/Libraries/CMSIS/Include" -I"D:/Projekty/TrinityTrack6000/MainControlBoard/XMC/XMC4200/Libraries/CMSIS/Infineon/XMC4200_series/Include" -I"D:/Projekty/TrinityTrack6000/MainControlBoard/XMC/XMC4200" -I"D:/Projekty/TrinityTrack6000/MainControlBoard/XMC/XMC4200/Dave/Generated" -I"D:/Projekty/TrinityTrack6000/MainControlBoard/XMC/XMC4200/Libraries" -O0 -ffunction-sections -fdata-sections -Wall -std=gnu99 -mfloat-abi=softfp -Wa,-adhlns="Dave/Generated/DIGITAL_IO/digital_io_conf.o.lst" -pipe -c -fmessage-length=0 -MMD -MP -MF"Dave/Generated/DIGITAL_IO/digital_io_conf.d" -MT"Dave/Generated/DIGITAL_IO/digital_io_conf.d Dave/Generated/DIGITAL_IO/digital_io_conf.o" -mcpu=cortex-m4 -mfpu=fpv4-sp-d16 -mthumb -g -gdwarf-2 -o "Dave/Generated/DIGITAL_IO/digital_io_conf.o" "../Dave/Generated/DIGITAL_IO/digital_io_conf.c" 
'Finished building: ../Dave/Generated/DIGITAL_IO/digital_io_conf.c'

'Building file: ../Dave/Generated/CPU_CTRL_XMC4/cpu_ctrl_xmc4.c'
'Invoking: ARM-GCC C Compiler'
"D:/Programy/4.5.0.202105191637/eclipse/ARM-GCC-49/bin/arm-none-eabi-gcc" -MMD -MT "Dave/Generated/CPU_CTRL_XMC4/cpu_ctrl_xmc4.o" -DXMC4200_F64x256 -I"D:/Projekty/TrinityTrack6000/MainControlBoard/XMC/XMC4200/Libraries/XMCLib/inc" -I"D:/Projekty/TrinityTrack6000/MainControlBoard/XMC/XMC4200/Libraries/CMSIS/Include" -I"D:/Projekty/TrinityTrack6000/MainControlBoard/XMC/XMC4200/Libraries/CMSIS/Infineon/XMC4200_series/Include" -I"D:/Projekty/TrinityTrack6000/MainControlBoard/XMC/XMC4200" -I"D:/Projekty/TrinityTrack6000/MainControlBoard/XMC/XMC4200/Dave/Generated" -I"D:/Projekty/TrinityTrack6000/MainControlBoard/XMC/XMC4200/Libraries" -O0 -ffunction-sections -fdata-sections -Wall -std=gnu99 -mfloat-abi=softfp -Wa,-adhlns="Dave/Generated/CPU_CTRL_XMC4/cpu_ctrl_xmc4.o.lst" -pipe -c -fmessage-length=0 -MMD -MP -MF"Dave/Generated/CPU_CTRL_XMC4/cpu_ctrl_xmc4.d" -MT"Dave/Generated/CPU_CTRL_XMC4/cpu_ctrl_xmc4.d Dave/Generated/CPU_CTRL_XMC4/cpu_ctrl_xmc4.o" -mcpu=cortex-m4 -mfpu=fpv4-sp-d16 -mthumb -g -gdwarf-2 -o "Dave/Generated/CPU_CTRL_XMC4/cpu_ctrl_xmc4.o" "../Dave/Generated/CPU_CTRL_XMC4/cpu_ctrl_xmc4.c" 
'Finished building: ../Dave/Generated/CPU_CTRL_XMC4/cpu_ctrl_xmc4.c'

'Building file: ../Dave/Generated/CPU_CTRL_XMC4/cpu_ctrl_xmc4_conf.c'
'Invoking: ARM-GCC C Compiler'
"D:/Programy/4.5.0.202105191637/eclipse/ARM-GCC-49/bin/arm-none-eabi-gcc" -MMD -MT "Dave/Generated/CPU_CTRL_XMC4/cpu_ctrl_xmc4_conf.o" -DXMC4200_F64x256 -I"D:/Projekty/TrinityTrack6000/MainControlBoard/XMC/XMC4200/Libraries/XMCLib/inc" -I"D:/Projekty/TrinityTrack6000/MainControlBoard/XMC/XMC4200/Libraries/CMSIS/Include" -I"D:/Projekty/TrinityTrack6000/MainControlBoard/XMC/XMC4200/Libraries/CMSIS/Infineon/XMC4200_series/Include" -I"D:/Projekty/TrinityTrack6000/MainControlBoard/XMC/XMC4200" -I"D:/Projekty/TrinityTrack6000/MainControlBoard/XMC/XMC4200/Dave/Generated" -I"D:/Projekty/TrinityTrack6000/MainControlBoard/XMC/XMC4200/Libraries" -O0 -ffunction-sections -fdata-sections -Wall -std=gnu99 -mfloat-abi=softfp -Wa,-adhlns="Dave/Generated/CPU_CTRL_XMC4/cpu_ctrl_xmc4_conf.o.lst" -pipe -c -fmessage-length=0 -MMD -MP -MF"Dave/Generated/CPU_CTRL_XMC4/cpu_ctrl_xmc4_conf.d" -MT"Dave/Generated/CPU_CTRL_XMC4/cpu_ctrl_xmc4_conf.d Dave/Generated/CPU_CTRL_XMC4/cpu_ctrl_xmc4_conf.o" -mcpu=cortex-m4 -mfpu=fpv4-sp-d16 -mthumb -g -gdwarf-2 -o "Dave/Generated/CPU_CTRL_XMC4/cpu_ctrl_xmc4_conf.o" "../Dave/Generated/CPU_CTRL_XMC4/cpu_ctrl_xmc4_conf.c" 
'Finished building: ../Dave/Generated/CPU_CTRL_XMC4/cpu_ctrl_xmc4_conf.c'

'Building file: ../Dave/Generated/CLOCK_XMC4/clock_xmc4.c'
'Invoking: ARM-GCC C Compiler'
"D:/Programy/4.5.0.202105191637/eclipse/ARM-GCC-49/bin/arm-none-eabi-gcc" -MMD -MT "Dave/Generated/CLOCK_XMC4/clock_xmc4.o" -DXMC4200_F64x256 -I"D:/Projekty/TrinityTrack6000/MainControlBoard/XMC/XMC4200/Libraries/XMCLib/inc" -I"D:/Projekty/TrinityTrack6000/MainControlBoard/XMC/XMC4200/Libraries/CMSIS/Include" -I"D:/Projekty/TrinityTrack6000/MainControlBoard/XMC/XMC4200/Libraries/CMSIS/Infineon/XMC4200_series/Include" -I"D:/Projekty/TrinityTrack6000/MainControlBoard/XMC/XMC4200" -I"D:/Projekty/TrinityTrack6000/MainControlBoard/XMC/XMC4200/Dave/Generated" -I"D:/Projekty/TrinityTrack6000/MainControlBoard/XMC/XMC4200/Libraries" -O0 -ffunction-sections -fdata-sections -Wall -std=gnu99 -mfloat-abi=softfp -Wa,-adhlns="Dave/Generated/CLOCK_XMC4/clock_xmc4.o.lst" -pipe -c -fmessage-length=0 -MMD -MP -MF"Dave/Generated/CLOCK_XMC4/clock_xmc4.d" -MT"Dave/Generated/CLOCK_XMC4/clock_xmc4.d Dave/Generated/CLOCK_XMC4/clock_xmc4.o" -mcpu=cortex-m4 -mfpu=fpv4-sp-d16 -mthumb -g -gdwarf-2 -o "Dave/Generated/CLOCK_XMC4/clock_xmc4.o" "../Dave/Generated/CLOCK_XMC4/clock_xmc4.c" 
'Finished building: ../Dave/Generated/CLOCK_XMC4/clock_xmc4.c'

'Building file: ../Dave/Generated/CLOCK_XMC4/clock_xmc4_conf.c'
'Invoking: ARM-GCC C Compiler'
"D:/Programy/4.5.0.202105191637/eclipse/ARM-GCC-49/bin/arm-none-eabi-gcc" -MMD -MT "Dave/Generated/CLOCK_XMC4/clock_xmc4_conf.o" -DXMC4200_F64x256 -I"D:/Projekty/TrinityTrack6000/MainControlBoard/XMC/XMC4200/Libraries/XMCLib/inc" -I"D:/Projekty/TrinityTrack6000/MainControlBoard/XMC/XMC4200/Libraries/CMSIS/Include" -I"D:/Projekty/TrinityTrack6000/MainControlBoard/XMC/XMC4200/Libraries/CMSIS/Infineon/XMC4200_series/Include" -I"D:/Projekty/TrinityTrack6000/MainControlBoard/XMC/XMC4200" -I"D:/Projekty/TrinityTrack6000/MainControlBoard/XMC/XMC4200/Dave/Generated" -I"D:/Projekty/TrinityTrack6000/MainControlBoard/XMC/XMC4200/Libraries" -O0 -ffunction-sections -fdata-sections -Wall -std=gnu99 -mfloat-abi=softfp -Wa,-adhlns="Dave/Generated/CLOCK_XMC4/clock_xmc4_conf.o.lst" -pipe -c -fmessage-length=0 -MMD -MP -MF"Dave/Generated/CLOCK_XMC4/clock_xmc4_conf.d" -MT"Dave/Generated/CLOCK_XMC4/clock_xmc4_conf.d Dave/Generated/CLOCK_XMC4/clock_xmc4_conf.o" -mcpu=cortex-m4 -mfpu=fpv4-sp-d16 -mthumb -g -gdwarf-2 -o "Dave/Generated/CLOCK_XMC4/clock_xmc4_conf.o" "../Dave/Generated/CLOCK_XMC4/clock_xmc4_conf.c" 
'Finished building: ../Dave/Generated/CLOCK_XMC4/clock_xmc4_conf.c'

'Building file: ../Dave/Generated/DAVE.c'
'Invoking: ARM-GCC C Compiler'
"D:/Programy/4.5.0.202105191637/eclipse/ARM-GCC-49/bin/arm-none-eabi-gcc" -MMD -MT "Dave/Generated/DAVE.o" -DXMC4200_F64x256 -I"D:/Projekty/TrinityTrack6000/MainControlBoard/XMC/XMC4200/Libraries/XMCLib/inc" -I"D:/Projekty/TrinityTrack6000/MainControlBoard/XMC/XMC4200/Libraries/CMSIS/Include" -I"D:/Projekty/TrinityTrack6000/MainControlBoard/XMC/XMC4200/Libraries/CMSIS/Infineon/XMC4200_series/Include" -I"D:/Projekty/TrinityTrack6000/MainControlBoard/XMC/XMC4200" -I"D:/Projekty/TrinityTrack6000/MainControlBoard/XMC/XMC4200/Dave/Generated" -I"D:/Projekty/TrinityTrack6000/MainControlBoard/XMC/XMC4200/Libraries" -O0 -ffunction-sections -fdata-sections -Wall -std=gnu99 -mfloat-abi=softfp -Wa,-adhlns="Dave/Generated/DAVE.o.lst" -pipe -c -fmessage-length=0 -MMD -MP -MF"Dave/Generated/DAVE.d" -MT"Dave/Generated/DAVE.d Dave/Generated/DAVE.o" -mcpu=cortex-m4 -mfpu=fpv4-sp-d16 -mthumb -g -gdwarf-2 -o "Dave/Generated/DAVE.o" "../Dave/Generated/DAVE.c" 
'Finished building: ../Dave/Generated/DAVE.c'

'Building target: XMC4200.elf'
'Invoking: ARM-GCC C Linker'
"D:/Programy/4.5.0.202105191637/eclipse/ARM-GCC-49/bin/arm-none-eabi-gcc" -T"../linker_script.ld" -nostartfiles -Xlinker --gc-sections -specs=nano.specs -specs=nosys.specs -Wl,-Map,"XMC4200.map" -mfloat-abi=softfp -mfpu=fpv4-sp-d16 -mcpu=cortex-m4 -mthumb -g -gdwarf-2 -o "XMC4200.elf" "@objects.rsp"  -lm
'Finished building target: XMC4200.elf'

'Invoking: ARM-GCC Create Flash Image'
"D:/Programy/4.5.0.202105191637/eclipse/ARM-GCC-49/bin/arm-none-eabi-objcopy" -O ihex "XMC4200.elf" "XMC4200.hex"
'Finished building: XMC4200.hex'

'Invoking: ARM-GCC Print Size'
"D:/Programy/4.5.0.202105191637/eclipse/ARM-GCC-49/bin/arm-none-eabi-size" --format=berkeley "XMC4200.elf"
   text	   data	    bss	    dec	    hex	filename
  23176	    684	   2136	  25996	   658c	XMC4200.elf
'Finished building: XMC4200.siz'

'Invoking: ARM-GCC Create Listing'
"D:/Programy/4.5.0.202105191637/eclipse/ARM-GCC-49/bin/arm-none-eabi-objdump" -h -S "XMC4200.elf" > "XMC4200.lst"
'Finished building: XMC4200.lst'

16:14:24 **** Incremental Build of configuration Debug for project XMC4200 ****
"\"D:\\Programy\\4.5.0.202105191637\\eclipse\\ARM-GCC-49\\bin\\make\"" --output-sync -j12 all 
'Building file: ../build/CMakeFiles/4.1.0-rc4/CompilerIdC/CMakeCCompilerId.c'
'Invoking: ARM-GCC C Compiler'
"D:/Programy/4.5.0.202105191637/eclipse/ARM-GCC-49/bin/arm-none-eabi-gcc" -MMD -MT "build/CMakeFiles/4.1.0-rc4/CompilerIdC/CMakeCCompilerId.o" -DXMC4200_F64x256 -I"D:/Projekty/TrinityTrack6000/MainControlBoard/XMC/XMC4200/Libraries/XMCLib/inc" -I"D:/Projekty/TrinityTrack6000/MainControlBoard/XMC/XMC4200/Libraries/CMSIS/Include" -I"D:/Projekty/TrinityTrack6000/MainControlBoard/XMC/XMC4200/Libraries/CMSIS/Infineon/XMC4200_series/Include" -I"D:/Projekty/TrinityTrack6000/MainControlBoard/XMC/XMC4200" -I"D:/Projekty/TrinityTrack6000/MainControlBoard/XMC/XMC4200/Dave/Generated" -I"D:/Projekty/TrinityTrack6000/MainControlBoard/XMC/XMC4200/Libraries" -O0 -ffunction-sections -fdata-sections -Wall -std=gnu99 -mfloat-abi=softfp -Wa,-adhlns="build/CMakeFiles/4.1.0-rc4/CompilerIdC/CMakeCCompilerId.o.lst" -pipe -c -fmessage-length=0 -MMD -MP -MF"build/CMakeFiles/4.1.0-rc4/CompilerIdC/CMakeCCompilerId.d" -MT"build/CMakeFiles/4.1.0-rc4/CompilerIdC/CMakeCCompilerId.d build/CMakeFiles/4.1.0-rc4/CompilerIdC/CMakeCCompilerId.o" -mcpu=cortex-m4 -mfpu=fpv4-sp-d16 -mthumb -g -gdwarf-2 -o "build/CMakeFiles/4.1.0-rc4/CompilerIdC/CMakeCCompilerId.o" "../build/CMakeFiles/4.1.0-rc4/CompilerIdC/CMakeCCompilerId.c" 
'Finished building: ../build/CMakeFiles/4.1.0-rc4/CompilerIdC/CMakeCCompilerId.c'

'Building file: ../main.c'
'Invoking: ARM-GCC C Compiler'
"D:/Programy/4.5.0.202105191637/eclipse/ARM-GCC-49/bin/arm-none-eabi-gcc" -MMD -MT "main.o" -DXMC4200_F64x256 -I"D:/Projekty/TrinityTrack6000/MainControlBoard/XMC/XMC4200/Libraries/XMCLib/inc" -I"D:/Projekty/TrinityTrack6000/MainControlBoard/XMC/XMC4200/Libraries/CMSIS/Include" -I"D:/Projekty/TrinityTrack6000/MainControlBoard/XMC/XMC4200/Libraries/CMSIS/Infineon/XMC4200_series/Include" -I"D:/Projekty/TrinityTrack6000/MainControlBoard/XMC/XMC4200" -I"D:/Projekty/TrinityTrack6000/MainControlBoard/XMC/XMC4200/Dave/Generated" -I"D:/Projekty/TrinityTrack6000/MainControlBoard/XMC/XMC4200/Libraries" -O0 -ffunction-sections -fdata-sections -Wall -std=gnu99 -mfloat-abi=softfp -Wa,-adhlns="main.o.lst" -pipe -c -fmessage-length=0 -MMD -MP -MF"main.d" -MT"main.d main.o" -mcpu=cortex-m4 -mfpu=fpv4-sp-d16 -mthumb -g -gdwarf-2 -o "main.o" "../main.c" 
'Finished building: ../main.c'

'Building target: XMC4200.elf'
./main.o: In function `main':
'Invoking: ARM-GCC C Linker'
D:\Projekty\TrinityTrack6000\MainControlBoard\XMC\XMC4200\Debug/../main.c:29: multiple definition of `main'
"D:/Programy/4.5.0.202105191637/eclipse/ARM-GCC-49/bin/arm-none-eabi-gcc" -T"../linker_script.ld" -nostartfiles -Xlinker --gc-sections -specs=nano.specs -specs=nosys.specs -Wl,-Map,"XMC4200.map" -mfloat-abi=softfp -mfpu=fpv4-sp-d16 -mcpu=cortex-m4 -mthumb -g -gdwarf-2 -o "XMC4200.elf" "@objects.rsp"  -lm
./build/CMakeFiles/4.1.0-rc4/CompilerIdC/CMakeCCompilerId.o:D:\Projekty\TrinityTrack6000\MainControlBoard\XMC\XMC4200\Debug/../build/CMakeFiles/4.1.0-rc4/CompilerIdC/CMakeCCompilerId.c:909: first defined here
makefile:66: recipe for target 'XMC4200.elf' failed
collect2.exe: error: ld returned 1 exit status
make: *** [XMC4200.elf] Error 1
16:14:50 **** Clean-only build of configuration Debug for project XMC4200 ****
"\"D:\\Programy\\4.5.0.202105191637\\eclipse\\ARM-GCC-49\\bin\\make\"" --output-sync -j12 clean 
rm -rf  XMC4200.hex  XMC4200.lst  XMC4200.siz  ./Startup/startup_XMC4200.d  ./build/CMakeFiles/4.1.0-rc4/CompilerIdC/CMakeCCompilerId.d  ./Startup/system_XMC4200.d  ./Libraries/XMCLib/src/xmc4_eru.d ./Libraries/XMCLib/src/xmc4_flash.d ./Libraries/XMCLib/src/xmc4_gpio.d ./Libraries/XMCLib/src/xmc4_rtc.d ./Libraries/XMCLib/src/xmc4_scu.d ./Libraries/XMCLib/src/xmc_can.d ./Libraries/XMCLib/src/xmc_ccu4.d ./Libraries/XMCLib/src/xmc_ccu8.d ./Libraries/XMCLib/src/xmc_common.d ./Libraries/XMCLib/src/xmc_dac.d ./Libraries/XMCLib/src/xmc_dma.d ./Libraries/XMCLib/src/xmc_dsd.d ./Libraries/XMCLib/src/xmc_ebu.d ./Libraries/XMCLib/src/xmc_ecat.d ./Libraries/XMCLib/src/xmc_eru.d ./Libraries/XMCLib/src/xmc_eth_mac.d ./Libraries/XMCLib/src/xmc_eth_phy_dp83848.d ./Libraries/XMCLib/src/xmc_eth_phy_ksz8031rnl.d ./Libraries/XMCLib/src/xmc_eth_phy_ksz8081rnb.d ./Libraries/XMCLib/src/xmc_fce.d ./Libraries/XMCLib/src/xmc_gpio.d ./Libraries/XMCLib/src/xmc_hrpwm.d ./Libraries/XMCLib/src/xmc_i2c.d ./Libraries/XMCLib/src/xmc_i2s.d ./Libraries/XMCLib/src/xmc_ledts.d ./Libraries/XMCLib/src/xmc_posif.d ./Libraries/XMCLib/src/xmc_rtc.d ./Libraries/XMCLib/src/xmc_sdmmc.d ./Libraries/XMCLib/src/xmc_spi.d ./Libraries/XMCLib/src/xmc_uart.d ./Libraries/XMCLib/src/xmc_usbd.d ./Libraries/XMCLib/src/xmc_usbh.d ./Libraries/XMCLib/src/xmc_usic.d ./Libraries/XMCLib/src/xmc_vadc.d ./Libraries/XMCLib/src/xmc_wdt.d  ./Libraries/Newlib/syscalls.d  ./Dave/Generated/UART/uart.d ./Dave/Generated/UART/uart_conf.d  ./Dave/Generated/SPI_SLAVE/spi_slave.d ./Dave/Generated/SPI_SLAVE/spi_slave_conf.d  ./Dave/Generated/PWM_CCU8/pwm_ccu8.d ./Dave/Generated/PWM_CCU8/pwm_ccu8_conf.d  ./Dave/Generated/PWM_CCU4/pwm_ccu4.d ./Dave/Generated/PWM_CCU4/pwm_ccu4_conf.d  ./Dave/Generated/I2C_MASTER/i2c_master.d ./Dave/Generated/I2C_MASTER/i2c_master_conf.d  ./Dave/Generated/GLOBAL_CCU8/global_ccu8.d ./Dave/Generated/GLOBAL_CCU8/global_ccu8_conf.d  ./Dave/Generated/GLOBAL_CCU4/global_ccu4.d ./Dave/Generated/GLOBAL_CCU4/global_ccu4_conf.d  ./Dave/Generated/DIGITAL_IO/digital_io.d ./Dave/Generated/DIGITAL_IO/digital_io_conf.d  ./Dave/Generated/CPU_CTRL_XMC4/cpu_ctrl_xmc4.d ./Dave/Generated/CPU_CTRL_XMC4/cpu_ctrl_xmc4_conf.d  ./Dave/Generated/CLOCK_XMC4/clock_xmc4.d ./Dave/Generated/CLOCK_XMC4/clock_xmc4_conf.d  ./Dave/Generated/DAVE.d  ./main.d 
rm -rf Dave/Generated/CLOCK_XMC4/clock_xmc4.o Dave/Generated/CLOCK_XMC4/clock_xmc4_conf.o Dave/Generated/CPU_CTRL_XMC4/cpu_ctrl_xmc4.o Dave/Generated/CPU_CTRL_XMC4/cpu_ctrl_xmc4_conf.o Dave/Generated/DAVE.o Dave/Generated/DIGITAL_IO/digital_io.o Dave/Generated/DIGITAL_IO/digital_io_conf.o Dave/Generated/GLOBAL_CCU4/global_ccu4.o Dave/Generated/GLOBAL_CCU4/global_ccu4_conf.o Dave/Generated/GLOBAL_CCU8/global_ccu8.o Dave/Generated/GLOBAL_CCU8/global_ccu8_conf.o Dave/Generated/I2C_MASTER/i2c_master.o Dave/Generated/I2C_MASTER/i2c_master_conf.o Dave/Generated/PWM_CCU4/pwm_ccu4.o Dave/Generated/PWM_CCU4/pwm_ccu4_conf.o Dave/Generated/PWM_CCU8/pwm_ccu8.o Dave/Generated/PWM_CCU8/pwm_ccu8_conf.o Dave/Generated/SPI_SLAVE/spi_slave.o Dave/Generated/SPI_SLAVE/spi_slave_conf.o Dave/Generated/UART/uart.o Dave/Generated/UART/uart_conf.o Libraries/Newlib/syscalls.o Libraries/XMCLib/src/xmc4_eru.o Libraries/XMCLib/src/xmc4_flash.o Libraries/XMCLib/src/xmc4_gpio.o Libraries/XMCLib/src/xmc4_rtc.o Libraries/XMCLib/src/xmc4_scu.o Libraries/XMCLib/src/xmc_can.o Libraries/XMCLib/src/xmc_ccu4.o Libraries/XMCLib/src/xmc_ccu8.o Libraries/XMCLib/src/xmc_common.o Libraries/XMCLib/src/xmc_dac.o Libraries/XMCLib/src/xmc_dma.o Libraries/XMCLib/src/xmc_dsd.o Libraries/XMCLib/src/xmc_ebu.o Libraries/XMCLib/src/xmc_ecat.o Libraries/XMCLib/src/xmc_eru.o Libraries/XMCLib/src/xmc_eth_mac.o Libraries/XMCLib/src/xmc_eth_phy_dp83848.o Libraries/XMCLib/src/xmc_eth_phy_ksz8031rnl.o Libraries/XMCLib/src/xmc_eth_phy_ksz8081rnb.o Libraries/XMCLib/src/xmc_fce.o Libraries/XMCLib/src/xmc_gpio.o Libraries/XMCLib/src/xmc_hrpwm.o Libraries/XMCLib/src/xmc_i2c.o Libraries/XMCLib/src/xmc_i2s.o Libraries/XMCLib/src/xmc_ledts.o Libraries/XMCLib/src/xmc_posif.o Libraries/XMCLib/src/xmc_rtc.o Libraries/XMCLib/src/xmc_sdmmc.o Libraries/XMCLib/src/xmc_spi.o Libraries/XMCLib/src/xmc_uart.o Libraries/XMCLib/src/xmc_usbd.o Libraries/XMCLib/src/xmc_usbh.o 
rm -rf Libraries/XMCLib/src/xmc_usic.o Libraries/XMCLib/src/xmc_vadc.o Libraries/XMCLib/src/xmc_wdt.o Startup/startup_XMC4200.o Startup/system_XMC4200.o build/CMakeFiles/4.1.0-rc4/CompilerIdC/CMakeCCompilerId.o main.o  XMC4200.elf ./build/CMakeFiles/4.1.0-rc4/CompilerIdC/CMakeCCompilerId.o.lst ./Startup/startup_XMC4200.o.lst ./Startup/system_XMC4200.o.lst ./Libraries/XMCLib/src/xmc4_eru.o.lst ./Libraries/XMCLib/src/xmc4_flash.o.lst ./Libraries/XMCLib/src/xmc4_gpio.o.lst ./Libraries/XMCLib/src/xmc4_rtc.o.lst ./Libraries/XMCLib/src/xmc4_scu.o.lst ./Libraries/XMCLib/src/xmc_can.o.lst ./Libraries/XMCLib/src/xmc_ccu4.o.lst ./Libraries/XMCLib/src/xmc_ccu8.o.lst ./Libraries/XMCLib/src/xmc_common.o.lst ./Libraries/XMCLib/src/xmc_dac.o.lst ./Libraries/XMCLib/src/xmc_dma.o.lst ./Libraries/XMCLib/src/xmc_dsd.o.lst ./Libraries/XMCLib/src/xmc_ebu.o.lst ./Libraries/XMCLib/src/xmc_ecat.o.lst ./Libraries/XMCLib/src/xmc_eru.o.lst ./Libraries/XMCLib/src/xmc_eth_mac.o.lst ./Libraries/XMCLib/src/xmc_eth_phy_dp83848.o.lst ./Libraries/XMCLib/src/xmc_eth_phy_ksz8031rnl.o.lst ./Libraries/XMCLib/src/xmc_eth_phy_ksz8081rnb.o.lst ./Libraries/XMCLib/src/xmc_fce.o.lst ./Libraries/XMCLib/src/xmc_gpio.o.lst ./Libraries/XMCLib/src/xmc_hrpwm.o.lst ./Libraries/XMCLib/src/xmc_i2c.o.lst ./Libraries/XMCLib/src/xmc_i2s.o.lst ./Libraries/XMCLib/src/xmc_ledts.o.lst ./Libraries/XMCLib/src/xmc_posif.o.lst ./Libraries/XMCLib/src/xmc_rtc.o.lst ./Libraries/XMCLib/src/xmc_sdmmc.o.lst ./Libraries/XMCLib/src/xmc_spi.o.lst ./Libraries/XMCLib/src/xmc_uart.o.lst ./Libraries/XMCLib/src/xmc_usbd.o.lst ./Libraries/XMCLib/src/xmc_usbh.o.lst ./Libraries/XMCLib/src/xmc_usic.o.lst ./Libraries/XMCLib/src/xmc_vadc.o.lst ./Libraries/XMCLib/src/xmc_wdt.o.lst ./Libraries/Newlib/syscalls.o.lst ./Dave/Generated/UART/uart.o.lst ./Dave/Generated/UART/uart_conf.o.lst ./Dave/Generated/SPI_SLAVE/spi_slave.o.lst ./Dave/Generated/SPI_SLAVE/spi_slave_conf.o.lst ./Dave/Generated/PWM_CCU8/pwm_ccu8.o.lst ./Dave/Generated/PWM_CCU8/pwm_ccu8_conf.o.lst ./Dave/Generated/PWM_CCU4/pwm_ccu4.o.lst ./Dave/Generated/PWM_CCU4/pwm_ccu4_conf.o.lst ./Dave/Generated/I2C_MASTER/i2c_master.o.lst ./Dave/Generated/I2C_MASTER/i2c_master_conf.o.lst ./Dave/Generated/GLOBAL_CCU8/global_ccu8.o.lst ./Dave/Generated/GLOBAL_CCU8/global_ccu8_conf.o.lst ./Dave/Generated/GLOBAL_CCU4/global_ccu4.o.lst ./Dave/Generated/GLOBAL_CCU4/global_ccu4_conf.o.lst ./Dave/Generated/DIGITAL_IO/digital_io.o.lst ./Dave/Generated/DIGITAL_IO/digital_io_conf.o.lst ./Dave/Generated/CPU_CTRL_XMC4/cpu_ctrl_xmc4.o.lst ./Dave/Generated/CPU_CTRL_XMC4/cpu_ctrl_xmc4_conf.o.lst ./Dave/Generated/CLOCK_XMC4/clock_xmc4.o.lst ./Dave/Generated/CLOCK_XMC4/clock_xmc4_conf.o.lst ./Dave/Generated/DAVE.o.lst ./main.o.lst  "XMC4200.map" objects.rsp

16:14:51 **** Incremental Build of configuration Debug for project XMC4200 ****
"\"D:\\Programy\\4.5.0.202105191637\\eclipse\\ARM-GCC-49\\bin\\make\"" --output-sync -j12 all 
'Building file: ../build/CMakeFiles/4.1.0-rc4/CompilerIdC/CMakeCCompilerId.c'
'Invoking: ARM-GCC C Compiler'
"D:/Programy/4.5.0.202105191637/eclipse/ARM-GCC-49/bin/arm-none-eabi-gcc" -MMD -MT "build/CMakeFiles/4.1.0-rc4/CompilerIdC/CMakeCCompilerId.o" -DXMC4200_F64x256 -I"D:/Projekty/TrinityTrack6000/MainControlBoard/XMC/XMC4200/Libraries/XMCLib/inc" -I"D:/Projekty/TrinityTrack6000/MainControlBoard/XMC/XMC4200/Libraries/CMSIS/Include" -I"D:/Projekty/TrinityTrack6000/MainControlBoard/XMC/XMC4200/Libraries/CMSIS/Infineon/XMC4200_series/Include" -I"D:/Projekty/TrinityTrack6000/MainControlBoard/XMC/XMC4200" -I"D:/Projekty/TrinityTrack6000/MainControlBoard/XMC/XMC4200/Dave/Generated" -I"D:/Projekty/TrinityTrack6000/MainControlBoard/XMC/XMC4200/Libraries" -O0 -ffunction-sections -fdata-sections -Wall -std=gnu99 -mfloat-abi=softfp -Wa,-adhlns="build/CMakeFiles/4.1.0-rc4/CompilerIdC/CMakeCCompilerId.o.lst" -pipe -c -fmessage-length=0 -MMD -MP -MF"build/CMakeFiles/4.1.0-rc4/CompilerIdC/CMakeCCompilerId.d" -MT"build/CMakeFiles/4.1.0-rc4/CompilerIdC/CMakeCCompilerId.d build/CMakeFiles/4.1.0-rc4/CompilerIdC/CMakeCCompilerId.o" -mcpu=cortex-m4 -mfpu=fpv4-sp-d16 -mthumb -g -gdwarf-2 -o "build/CMakeFiles/4.1.0-rc4/CompilerIdC/CMakeCCompilerId.o" "../build/CMakeFiles/4.1.0-rc4/CompilerIdC/CMakeCCompilerId.c" 
'Finished building: ../build/CMakeFiles/4.1.0-rc4/CompilerIdC/CMakeCCompilerId.c'

'Building file: ../Startup/startup_XMC4200.S'
'Invoking: ARM-GCC Assembler'
"D:/Programy/4.5.0.202105191637/eclipse/ARM-GCC-49/bin/arm-none-eabi-gcc" -MMD -MT "Startup/startup_XMC4200.o" -x assembler-with-cpp -DXMC4200_F64x256 -I"D:/Projekty/TrinityTrack6000/MainControlBoard/XMC/XMC4200/Libraries/XMCLib/inc" -I"D:/Projekty/TrinityTrack6000/MainControlBoard/XMC/XMC4200" -I"D:/Projekty/TrinityTrack6000/MainControlBoard/XMC/XMC4200/Dave/Generated" -Wall -Wa,-adhlns="Startup/startup_XMC4200.o.lst" -mfloat-abi=softfp -c -fmessage-length=0 -MMD -MP -MF"Startup/startup_XMC4200.d" -MT"Startup/startup_XMC4200.d Startup/startup_XMC4200.o" -mcpu=cortex-m4 -mfpu=fpv4-sp-d16 -mthumb -g -gdwarf-2 -o "Startup/startup_XMC4200.o" "../Startup/startup_XMC4200.S" 
'Finished building: ../Startup/startup_XMC4200.S'

'Building file: ../Startup/system_XMC4200.c'
'Invoking: ARM-GCC C Compiler'
"D:/Programy/4.5.0.202105191637/eclipse/ARM-GCC-49/bin/arm-none-eabi-gcc" -MMD -MT "Startup/system_XMC4200.o" -DXMC4200_F64x256 -I"D:/Projekty/TrinityTrack6000/MainControlBoard/XMC/XMC4200/Libraries/XMCLib/inc" -I"D:/Projekty/TrinityTrack6000/MainControlBoard/XMC/XMC4200/Libraries/CMSIS/Include" -I"D:/Projekty/TrinityTrack6000/MainControlBoard/XMC/XMC4200/Libraries/CMSIS/Infineon/XMC4200_series/Include" -I"D:/Projekty/TrinityTrack6000/MainControlBoard/XMC/XMC4200" -I"D:/Projekty/TrinityTrack6000/MainControlBoard/XMC/XMC4200/Dave/Generated" -I"D:/Projekty/TrinityTrack6000/MainControlBoard/XMC/XMC4200/Libraries" -O0 -ffunction-sections -fdata-sections -Wall -std=gnu99 -mfloat-abi=softfp -Wa,-adhlns="Startup/system_XMC4200.o.lst" -pipe -c -fmessage-length=0 -MMD -MP -MF"Startup/system_XMC4200.d" -MT"Startup/system_XMC4200.d Startup/system_XMC4200.o" -mcpu=cortex-m4 -mfpu=fpv4-sp-d16 -mthumb -g -gdwarf-2 -o "Startup/system_XMC4200.o" "../Startup/system_XMC4200.c" 
'Finished building: ../Startup/system_XMC4200.c'

'Building file: ../build/CMakeFiles/4.1.0-rc4/CompilerIdCXX/CMakeCXXCompilerId.cpp'
'Invoking: ARM-GCC C++ Compiler'
"D:/Programy/4.5.0.202105191637/eclipse/ARM-GCC-49/bin/arm-none-eabi-g++" -MMD -MT "build/CMakeFiles/4.1.0-rc4/CompilerIdCXX/CMakeCXXCompilerId.o" -DXMC4200_F64x256 -I"D:/Projekty/TrinityTrack6000/MainControlBoard/XMC/XMC4200/Libraries/XMCLib/inc" -I"D:/Projekty/TrinityTrack6000/MainControlBoard/XMC/XMC4200/Libraries/CMSIS/Include" -I"D:/Projekty/TrinityTrack6000/MainControlBoard/XMC/XMC4200/Libraries/CMSIS/Infineon/XMC4200_series/Include" -I"D:/Projekty/TrinityTrack6000/MainControlBoard/XMC/XMC4200" -I"D:/Projekty/TrinityTrack6000/MainControlBoard/XMC/XMC4200/Dave/Generated" -I"D:/Projekty/TrinityTrack6000/MainControlBoard/XMC/XMC4200/Libraries" -O0 -ffunction-sections -fdata-sections -Wall -mfloat-abi=softfp -Wa,-adhlns="build/CMakeFiles/4.1.0-rc4/CompilerIdCXX/CMakeCXXCompilerId.o.lst" -fno-exceptions -fno-rtti -pipe -c -fmessage-length=0 -MMD -MP -MF"build/CMakeFiles/4.1.0-rc4/CompilerIdCXX/CMakeCXXCompilerId.d" -MT"build/CMakeFiles/4.1.0-rc4/CompilerIdCXX/CMakeCXXCompilerId.o" -mcpu=cortex-m4 -mfpu=fpv4-sp-d16 -mthumb -g -gdwarf-2 -o "build/CMakeFiles/4.1.0-rc4/CompilerIdCXX/CMakeCXXCompilerId.o" "../build/CMakeFiles/4.1.0-rc4/CompilerIdCXX/CMakeCXXCompilerId.cpp" 
'Finished building: ../build/CMakeFiles/4.1.0-rc4/CompilerIdCXX/CMakeCXXCompilerId.cpp'

'Building file: ../Libraries/XMCLib/src/xmc4_eru.c'
'Invoking: ARM-GCC C Compiler'
"D:/Programy/4.5.0.202105191637/eclipse/ARM-GCC-49/bin/arm-none-eabi-gcc" -MMD -MT "Libraries/XMCLib/src/xmc4_eru.o" -DXMC4200_F64x256 -I"D:/Projekty/TrinityTrack6000/MainControlBoard/XMC/XMC4200/Libraries/XMCLib/inc" -I"D:/Projekty/TrinityTrack6000/MainControlBoard/XMC/XMC4200/Libraries/CMSIS/Include" -I"D:/Projekty/TrinityTrack6000/MainControlBoard/XMC/XMC4200/Libraries/CMSIS/Infineon/XMC4200_series/Include" -I"D:/Projekty/TrinityTrack6000/MainControlBoard/XMC/XMC4200" -I"D:/Projekty/TrinityTrack6000/MainControlBoard/XMC/XMC4200/Dave/Generated" -I"D:/Projekty/TrinityTrack6000/MainControlBoard/XMC/XMC4200/Libraries" -O0 -ffunction-sections -fdata-sections -Wall -std=gnu99 -mfloat-abi=softfp -Wa,-adhlns="Libraries/XMCLib/src/xmc4_eru.o.lst" -pipe -c -fmessage-length=0 -MMD -MP -MF"Libraries/XMCLib/src/xmc4_eru.d" -MT"Libraries/XMCLib/src/xmc4_eru.d Libraries/XMCLib/src/xmc4_eru.o" -mcpu=cortex-m4 -mfpu=fpv4-sp-d16 -mthumb -g -gdwarf-2 -o "Libraries/XMCLib/src/xmc4_eru.o" "../Libraries/XMCLib/src/xmc4_eru.c" 
'Finished building: ../Libraries/XMCLib/src/xmc4_eru.c'

'Building file: ../Libraries/XMCLib/src/xmc4_flash.c'
'Invoking: ARM-GCC C Compiler'
"D:/Programy/4.5.0.202105191637/eclipse/ARM-GCC-49/bin/arm-none-eabi-gcc" -MMD -MT "Libraries/XMCLib/src/xmc4_flash.o" -DXMC4200_F64x256 -I"D:/Projekty/TrinityTrack6000/MainControlBoard/XMC/XMC4200/Libraries/XMCLib/inc" -I"D:/Projekty/TrinityTrack6000/MainControlBoard/XMC/XMC4200/Libraries/CMSIS/Include" -I"D:/Projekty/TrinityTrack6000/MainControlBoard/XMC/XMC4200/Libraries/CMSIS/Infineon/XMC4200_series/Include" -I"D:/Projekty/TrinityTrack6000/MainControlBoard/XMC/XMC4200" -I"D:/Projekty/TrinityTrack6000/MainControlBoard/XMC/XMC4200/Dave/Generated" -I"D:/Projekty/TrinityTrack6000/MainControlBoard/XMC/XMC4200/Libraries" -O0 -ffunction-sections -fdata-sections -Wall -std=gnu99 -mfloat-abi=softfp -Wa,-adhlns="Libraries/XMCLib/src/xmc4_flash.o.lst" -pipe -c -fmessage-length=0 -MMD -MP -MF"Libraries/XMCLib/src/xmc4_flash.d" -MT"Libraries/XMCLib/src/xmc4_flash.d Libraries/XMCLib/src/xmc4_flash.o" -mcpu=cortex-m4 -mfpu=fpv4-sp-d16 -mthumb -g -gdwarf-2 -o "Libraries/XMCLib/src/xmc4_flash.o" "../Libraries/XMCLib/src/xmc4_flash.c" 
'Finished building: ../Libraries/XMCLib/src/xmc4_flash.c'

'Building file: ../Libraries/XMCLib/src/xmc4_gpio.c'
'Invoking: ARM-GCC C Compiler'
"D:/Programy/4.5.0.202105191637/eclipse/ARM-GCC-49/bin/arm-none-eabi-gcc" -MMD -MT "Libraries/XMCLib/src/xmc4_gpio.o" -DXMC4200_F64x256 -I"D:/Projekty/TrinityTrack6000/MainControlBoard/XMC/XMC4200/Libraries/XMCLib/inc" -I"D:/Projekty/TrinityTrack6000/MainControlBoard/XMC/XMC4200/Libraries/CMSIS/Include" -I"D:/Projekty/TrinityTrack6000/MainControlBoard/XMC/XMC4200/Libraries/CMSIS/Infineon/XMC4200_series/Include" -I"D:/Projekty/TrinityTrack6000/MainControlBoard/XMC/XMC4200" -I"D:/Projekty/TrinityTrack6000/MainControlBoard/XMC/XMC4200/Dave/Generated" -I"D:/Projekty/TrinityTrack6000/MainControlBoard/XMC/XMC4200/Libraries" -O0 -ffunction-sections -fdata-sections -Wall -std=gnu99 -mfloat-abi=softfp -Wa,-adhlns="Libraries/XMCLib/src/xmc4_gpio.o.lst" -pipe -c -fmessage-length=0 -MMD -MP -MF"Libraries/XMCLib/src/xmc4_gpio.d" -MT"Libraries/XMCLib/src/xmc4_gpio.d Libraries/XMCLib/src/xmc4_gpio.o" -mcpu=cortex-m4 -mfpu=fpv4-sp-d16 -mthumb -g -gdwarf-2 -o "Libraries/XMCLib/src/xmc4_gpio.o" "../Libraries/XMCLib/src/xmc4_gpio.c" 
'Finished building: ../Libraries/XMCLib/src/xmc4_gpio.c'

'Building file: ../Libraries/XMCLib/src/xmc4_rtc.c'
'Invoking: ARM-GCC C Compiler'
"D:/Programy/4.5.0.202105191637/eclipse/ARM-GCC-49/bin/arm-none-eabi-gcc" -MMD -MT "Libraries/XMCLib/src/xmc4_rtc.o" -DXMC4200_F64x256 -I"D:/Projekty/TrinityTrack6000/MainControlBoard/XMC/XMC4200/Libraries/XMCLib/inc" -I"D:/Projekty/TrinityTrack6000/MainControlBoard/XMC/XMC4200/Libraries/CMSIS/Include" -I"D:/Projekty/TrinityTrack6000/MainControlBoard/XMC/XMC4200/Libraries/CMSIS/Infineon/XMC4200_series/Include" -I"D:/Projekty/TrinityTrack6000/MainControlBoard/XMC/XMC4200" -I"D:/Projekty/TrinityTrack6000/MainControlBoard/XMC/XMC4200/Dave/Generated" -I"D:/Projekty/TrinityTrack6000/MainControlBoard/XMC/XMC4200/Libraries" -O0 -ffunction-sections -fdata-sections -Wall -std=gnu99 -mfloat-abi=softfp -Wa,-adhlns="Libraries/XMCLib/src/xmc4_rtc.o.lst" -pipe -c -fmessage-length=0 -MMD -MP -MF"Libraries/XMCLib/src/xmc4_rtc.d" -MT"Libraries/XMCLib/src/xmc4_rtc.d Libraries/XMCLib/src/xmc4_rtc.o" -mcpu=cortex-m4 -mfpu=fpv4-sp-d16 -mthumb -g -gdwarf-2 -o "Libraries/XMCLib/src/xmc4_rtc.o" "../Libraries/XMCLib/src/xmc4_rtc.c" 
'Finished building: ../Libraries/XMCLib/src/xmc4_rtc.c'

'Building file: ../Libraries/XMCLib/src/xmc4_scu.c'
'Invoking: ARM-GCC C Compiler'
"D:/Programy/4.5.0.202105191637/eclipse/ARM-GCC-49/bin/arm-none-eabi-gcc" -MMD -MT "Libraries/XMCLib/src/xmc4_scu.o" -DXMC4200_F64x256 -I"D:/Projekty/TrinityTrack6000/MainControlBoard/XMC/XMC4200/Libraries/XMCLib/inc" -I"D:/Projekty/TrinityTrack6000/MainControlBoard/XMC/XMC4200/Libraries/CMSIS/Include" -I"D:/Projekty/TrinityTrack6000/MainControlBoard/XMC/XMC4200/Libraries/CMSIS/Infineon/XMC4200_series/Include" -I"D:/Projekty/TrinityTrack6000/MainControlBoard/XMC/XMC4200" -I"D:/Projekty/TrinityTrack6000/MainControlBoard/XMC/XMC4200/Dave/Generated" -I"D:/Projekty/TrinityTrack6000/MainControlBoard/XMC/XMC4200/Libraries" -O0 -ffunction-sections -fdata-sections -Wall -std=gnu99 -mfloat-abi=softfp -Wa,-adhlns="Libraries/XMCLib/src/xmc4_scu.o.lst" -pipe -c -fmessage-length=0 -MMD -MP -MF"Libraries/XMCLib/src/xmc4_scu.d" -MT"Libraries/XMCLib/src/xmc4_scu.d Libraries/XMCLib/src/xmc4_scu.o" -mcpu=cortex-m4 -mfpu=fpv4-sp-d16 -mthumb -g -gdwarf-2 -o "Libraries/XMCLib/src/xmc4_scu.o" "../Libraries/XMCLib/src/xmc4_scu.c" 
'Finished building: ../Libraries/XMCLib/src/xmc4_scu.c'

'Building file: ../Libraries/XMCLib/src/xmc_can.c'
'Invoking: ARM-GCC C Compiler'
"D:/Programy/4.5.0.202105191637/eclipse/ARM-GCC-49/bin/arm-none-eabi-gcc" -MMD -MT "Libraries/XMCLib/src/xmc_can.o" -DXMC4200_F64x256 -I"D:/Projekty/TrinityTrack6000/MainControlBoard/XMC/XMC4200/Libraries/XMCLib/inc" -I"D:/Projekty/TrinityTrack6000/MainControlBoard/XMC/XMC4200/Libraries/CMSIS/Include" -I"D:/Projekty/TrinityTrack6000/MainControlBoard/XMC/XMC4200/Libraries/CMSIS/Infineon/XMC4200_series/Include" -I"D:/Projekty/TrinityTrack6000/MainControlBoard/XMC/XMC4200" -I"D:/Projekty/TrinityTrack6000/MainControlBoard/XMC/XMC4200/Dave/Generated" -I"D:/Projekty/TrinityTrack6000/MainControlBoard/XMC/XMC4200/Libraries" -O0 -ffunction-sections -fdata-sections -Wall -std=gnu99 -mfloat-abi=softfp -Wa,-adhlns="Libraries/XMCLib/src/xmc_can.o.lst" -pipe -c -fmessage-length=0 -MMD -MP -MF"Libraries/XMCLib/src/xmc_can.d" -MT"Libraries/XMCLib/src/xmc_can.d Libraries/XMCLib/src/xmc_can.o" -mcpu=cortex-m4 -mfpu=fpv4-sp-d16 -mthumb -g -gdwarf-2 -o "Libraries/XMCLib/src/xmc_can.o" "../Libraries/XMCLib/src/xmc_can.c" 
'Finished building: ../Libraries/XMCLib/src/xmc_can.c'

'Building file: ../Libraries/XMCLib/src/xmc_ccu4.c'
'Invoking: ARM-GCC C Compiler'
"D:/Programy/4.5.0.202105191637/eclipse/ARM-GCC-49/bin/arm-none-eabi-gcc" -MMD -MT "Libraries/XMCLib/src/xmc_ccu4.o" -DXMC4200_F64x256 -I"D:/Projekty/TrinityTrack6000/MainControlBoard/XMC/XMC4200/Libraries/XMCLib/inc" -I"D:/Projekty/TrinityTrack6000/MainControlBoard/XMC/XMC4200/Libraries/CMSIS/Include" -I"D:/Projekty/TrinityTrack6000/MainControlBoard/XMC/XMC4200/Libraries/CMSIS/Infineon/XMC4200_series/Include" -I"D:/Projekty/TrinityTrack6000/MainControlBoard/XMC/XMC4200" -I"D:/Projekty/TrinityTrack6000/MainControlBoard/XMC/XMC4200/Dave/Generated" -I"D:/Projekty/TrinityTrack6000/MainControlBoard/XMC/XMC4200/Libraries" -O0 -ffunction-sections -fdata-sections -Wall -std=gnu99 -mfloat-abi=softfp -Wa,-adhlns="Libraries/XMCLib/src/xmc_ccu4.o.lst" -pipe -c -fmessage-length=0 -MMD -MP -MF"Libraries/XMCLib/src/xmc_ccu4.d" -MT"Libraries/XMCLib/src/xmc_ccu4.d Libraries/XMCLib/src/xmc_ccu4.o" -mcpu=cortex-m4 -mfpu=fpv4-sp-d16 -mthumb -g -gdwarf-2 -o "Libraries/XMCLib/src/xmc_ccu4.o" "../Libraries/XMCLib/src/xmc_ccu4.c" 
'Finished building: ../Libraries/XMCLib/src/xmc_ccu4.c'

'Building file: ../Libraries/XMCLib/src/xmc_common.c'
'Invoking: ARM-GCC C Compiler'
"D:/Programy/4.5.0.202105191637/eclipse/ARM-GCC-49/bin/arm-none-eabi-gcc" -MMD -MT "Libraries/XMCLib/src/xmc_common.o" -DXMC4200_F64x256 -I"D:/Projekty/TrinityTrack6000/MainControlBoard/XMC/XMC4200/Libraries/XMCLib/inc" -I"D:/Projekty/TrinityTrack6000/MainControlBoard/XMC/XMC4200/Libraries/CMSIS/Include" -I"D:/Projekty/TrinityTrack6000/MainControlBoard/XMC/XMC4200/Libraries/CMSIS/Infineon/XMC4200_series/Include" -I"D:/Projekty/TrinityTrack6000/MainControlBoard/XMC/XMC4200" -I"D:/Projekty/TrinityTrack6000/MainControlBoard/XMC/XMC4200/Dave/Generated" -I"D:/Projekty/TrinityTrack6000/MainControlBoard/XMC/XMC4200/Libraries" -O0 -ffunction-sections -fdata-sections -Wall -std=gnu99 -mfloat-abi=softfp -Wa,-adhlns="Libraries/XMCLib/src/xmc_common.o.lst" -pipe -c -fmessage-length=0 -MMD -MP -MF"Libraries/XMCLib/src/xmc_common.d" -MT"Libraries/XMCLib/src/xmc_common.d Libraries/XMCLib/src/xmc_common.o" -mcpu=cortex-m4 -mfpu=fpv4-sp-d16 -mthumb -g -gdwarf-2 -o "Libraries/XMCLib/src/xmc_common.o" "../Libraries/XMCLib/src/xmc_common.c" 
'Finished building: ../Libraries/XMCLib/src/xmc_common.c'

'Building file: ../Libraries/XMCLib/src/xmc_ccu8.c'
'Invoking: ARM-GCC C Compiler'
"D:/Programy/4.5.0.202105191637/eclipse/ARM-GCC-49/bin/arm-none-eabi-gcc" -MMD -MT "Libraries/XMCLib/src/xmc_ccu8.o" -DXMC4200_F64x256 -I"D:/Projekty/TrinityTrack6000/MainControlBoard/XMC/XMC4200/Libraries/XMCLib/inc" -I"D:/Projekty/TrinityTrack6000/MainControlBoard/XMC/XMC4200/Libraries/CMSIS/Include" -I"D:/Projekty/TrinityTrack6000/MainControlBoard/XMC/XMC4200/Libraries/CMSIS/Infineon/XMC4200_series/Include" -I"D:/Projekty/TrinityTrack6000/MainControlBoard/XMC/XMC4200" -I"D:/Projekty/TrinityTrack6000/MainControlBoard/XMC/XMC4200/Dave/Generated" -I"D:/Projekty/TrinityTrack6000/MainControlBoard/XMC/XMC4200/Libraries" -O0 -ffunction-sections -fdata-sections -Wall -std=gnu99 -mfloat-abi=softfp -Wa,-adhlns="Libraries/XMCLib/src/xmc_ccu8.o.lst" -pipe -c -fmessage-length=0 -MMD -MP -MF"Libraries/XMCLib/src/xmc_ccu8.d" -MT"Libraries/XMCLib/src/xmc_ccu8.d Libraries/XMCLib/src/xmc_ccu8.o" -mcpu=cortex-m4 -mfpu=fpv4-sp-d16 -mthumb -g -gdwarf-2 -o "Libraries/XMCLib/src/xmc_ccu8.o" "../Libraries/XMCLib/src/xmc_ccu8.c" 
'Finished building: ../Libraries/XMCLib/src/xmc_ccu8.c'

'Building file: ../Libraries/XMCLib/src/xmc_dac.c'
'Invoking: ARM-GCC C Compiler'
"D:/Programy/4.5.0.202105191637/eclipse/ARM-GCC-49/bin/arm-none-eabi-gcc" -MMD -MT "Libraries/XMCLib/src/xmc_dac.o" -DXMC4200_F64x256 -I"D:/Projekty/TrinityTrack6000/MainControlBoard/XMC/XMC4200/Libraries/XMCLib/inc" -I"D:/Projekty/TrinityTrack6000/MainControlBoard/XMC/XMC4200/Libraries/CMSIS/Include" -I"D:/Projekty/TrinityTrack6000/MainControlBoard/XMC/XMC4200/Libraries/CMSIS/Infineon/XMC4200_series/Include" -I"D:/Projekty/TrinityTrack6000/MainControlBoard/XMC/XMC4200" -I"D:/Projekty/TrinityTrack6000/MainControlBoard/XMC/XMC4200/Dave/Generated" -I"D:/Projekty/TrinityTrack6000/MainControlBoard/XMC/XMC4200/Libraries" -O0 -ffunction-sections -fdata-sections -Wall -std=gnu99 -mfloat-abi=softfp -Wa,-adhlns="Libraries/XMCLib/src/xmc_dac.o.lst" -pipe -c -fmessage-length=0 -MMD -MP -MF"Libraries/XMCLib/src/xmc_dac.d" -MT"Libraries/XMCLib/src/xmc_dac.d Libraries/XMCLib/src/xmc_dac.o" -mcpu=cortex-m4 -mfpu=fpv4-sp-d16 -mthumb -g -gdwarf-2 -o "Libraries/XMCLib/src/xmc_dac.o" "../Libraries/XMCLib/src/xmc_dac.c" 
'Finished building: ../Libraries/XMCLib/src/xmc_dac.c'

'Building file: ../Libraries/XMCLib/src/xmc_dma.c'
'Invoking: ARM-GCC C Compiler'
"D:/Programy/4.5.0.202105191637/eclipse/ARM-GCC-49/bin/arm-none-eabi-gcc" -MMD -MT "Libraries/XMCLib/src/xmc_dma.o" -DXMC4200_F64x256 -I"D:/Projekty/TrinityTrack6000/MainControlBoard/XMC/XMC4200/Libraries/XMCLib/inc" -I"D:/Projekty/TrinityTrack6000/MainControlBoard/XMC/XMC4200/Libraries/CMSIS/Include" -I"D:/Projekty/TrinityTrack6000/MainControlBoard/XMC/XMC4200/Libraries/CMSIS/Infineon/XMC4200_series/Include" -I"D:/Projekty/TrinityTrack6000/MainControlBoard/XMC/XMC4200" -I"D:/Projekty/TrinityTrack6000/MainControlBoard/XMC/XMC4200/Dave/Generated" -I"D:/Projekty/TrinityTrack6000/MainControlBoard/XMC/XMC4200/Libraries" -O0 -ffunction-sections -fdata-sections -Wall -std=gnu99 -mfloat-abi=softfp -Wa,-adhlns="Libraries/XMCLib/src/xmc_dma.o.lst" -pipe -c -fmessage-length=0 -MMD -MP -MF"Libraries/XMCLib/src/xmc_dma.d" -MT"Libraries/XMCLib/src/xmc_dma.d Libraries/XMCLib/src/xmc_dma.o" -mcpu=cortex-m4 -mfpu=fpv4-sp-d16 -mthumb -g -gdwarf-2 -o "Libraries/XMCLib/src/xmc_dma.o" "../Libraries/XMCLib/src/xmc_dma.c" 
'Finished building: ../Libraries/XMCLib/src/xmc_dma.c'

'Building file: ../Libraries/XMCLib/src/xmc_dsd.c'
'Invoking: ARM-GCC C Compiler'
"D:/Programy/4.5.0.202105191637/eclipse/ARM-GCC-49/bin/arm-none-eabi-gcc" -MMD -MT "Libraries/XMCLib/src/xmc_dsd.o" -DXMC4200_F64x256 -I"D:/Projekty/TrinityTrack6000/MainControlBoard/XMC/XMC4200/Libraries/XMCLib/inc" -I"D:/Projekty/TrinityTrack6000/MainControlBoard/XMC/XMC4200/Libraries/CMSIS/Include" -I"D:/Projekty/TrinityTrack6000/MainControlBoard/XMC/XMC4200/Libraries/CMSIS/Infineon/XMC4200_series/Include" -I"D:/Projekty/TrinityTrack6000/MainControlBoard/XMC/XMC4200" -I"D:/Projekty/TrinityTrack6000/MainControlBoard/XMC/XMC4200/Dave/Generated" -I"D:/Projekty/TrinityTrack6000/MainControlBoard/XMC/XMC4200/Libraries" -O0 -ffunction-sections -fdata-sections -Wall -std=gnu99 -mfloat-abi=softfp -Wa,-adhlns="Libraries/XMCLib/src/xmc_dsd.o.lst" -pipe -c -fmessage-length=0 -MMD -MP -MF"Libraries/XMCLib/src/xmc_dsd.d" -MT"Libraries/XMCLib/src/xmc_dsd.d Libraries/XMCLib/src/xmc_dsd.o" -mcpu=cortex-m4 -mfpu=fpv4-sp-d16 -mthumb -g -gdwarf-2 -o "Libraries/XMCLib/src/xmc_dsd.o" "../Libraries/XMCLib/src/xmc_dsd.c" 
'Finished building: ../Libraries/XMCLib/src/xmc_dsd.c'

'Building file: ../Libraries/XMCLib/src/xmc_ebu.c'
'Invoking: ARM-GCC C Compiler'
"D:/Programy/4.5.0.202105191637/eclipse/ARM-GCC-49/bin/arm-none-eabi-gcc" -MMD -MT "Libraries/XMCLib/src/xmc_ebu.o" -DXMC4200_F64x256 -I"D:/Projekty/TrinityTrack6000/MainControlBoard/XMC/XMC4200/Libraries/XMCLib/inc" -I"D:/Projekty/TrinityTrack6000/MainControlBoard/XMC/XMC4200/Libraries/CMSIS/Include" -I"D:/Projekty/TrinityTrack6000/MainControlBoard/XMC/XMC4200/Libraries/CMSIS/Infineon/XMC4200_series/Include" -I"D:/Projekty/TrinityTrack6000/MainControlBoard/XMC/XMC4200" -I"D:/Projekty/TrinityTrack6000/MainControlBoard/XMC/XMC4200/Dave/Generated" -I"D:/Projekty/TrinityTrack6000/MainControlBoard/XMC/XMC4200/Libraries" -O0 -ffunction-sections -fdata-sections -Wall -std=gnu99 -mfloat-abi=softfp -Wa,-adhlns="Libraries/XMCLib/src/xmc_ebu.o.lst" -pipe -c -fmessage-length=0 -MMD -MP -MF"Libraries/XMCLib/src/xmc_ebu.d" -MT"Libraries/XMCLib/src/xmc_ebu.d Libraries/XMCLib/src/xmc_ebu.o" -mcpu=cortex-m4 -mfpu=fpv4-sp-d16 -mthumb -g -gdwarf-2 -o "Libraries/XMCLib/src/xmc_ebu.o" "../Libraries/XMCLib/src/xmc_ebu.c" 
'Finished building: ../Libraries/XMCLib/src/xmc_ebu.c'

'Building file: ../Libraries/XMCLib/src/xmc_ecat.c'
'Invoking: ARM-GCC C Compiler'
"D:/Programy/4.5.0.202105191637/eclipse/ARM-GCC-49/bin/arm-none-eabi-gcc" -MMD -MT "Libraries/XMCLib/src/xmc_ecat.o" -DXMC4200_F64x256 -I"D:/Projekty/TrinityTrack6000/MainControlBoard/XMC/XMC4200/Libraries/XMCLib/inc" -I"D:/Projekty/TrinityTrack6000/MainControlBoard/XMC/XMC4200/Libraries/CMSIS/Include" -I"D:/Projekty/TrinityTrack6000/MainControlBoard/XMC/XMC4200/Libraries/CMSIS/Infineon/XMC4200_series/Include" -I"D:/Projekty/TrinityTrack6000/MainControlBoard/XMC/XMC4200" -I"D:/Projekty/TrinityTrack6000/MainControlBoard/XMC/XMC4200/Dave/Generated" -I"D:/Projekty/TrinityTrack6000/MainControlBoard/XMC/XMC4200/Libraries" -O0 -ffunction-sections -fdata-sections -Wall -std=gnu99 -mfloat-abi=softfp -Wa,-adhlns="Libraries/XMCLib/src/xmc_ecat.o.lst" -pipe -c -fmessage-length=0 -MMD -MP -MF"Libraries/XMCLib/src/xmc_ecat.d" -MT"Libraries/XMCLib/src/xmc_ecat.d Libraries/XMCLib/src/xmc_ecat.o" -mcpu=cortex-m4 -mfpu=fpv4-sp-d16 -mthumb -g -gdwarf-2 -o "Libraries/XMCLib/src/xmc_ecat.o" "../Libraries/XMCLib/src/xmc_ecat.c" 
'Finished building: ../Libraries/XMCLib/src/xmc_ecat.c'

'Building file: ../Libraries/XMCLib/src/xmc_eru.c'
'Invoking: ARM-GCC C Compiler'
"D:/Programy/4.5.0.202105191637/eclipse/ARM-GCC-49/bin/arm-none-eabi-gcc" -MMD -MT "Libraries/XMCLib/src/xmc_eru.o" -DXMC4200_F64x256 -I"D:/Projekty/TrinityTrack6000/MainControlBoard/XMC/XMC4200/Libraries/XMCLib/inc" -I"D:/Projekty/TrinityTrack6000/MainControlBoard/XMC/XMC4200/Libraries/CMSIS/Include" -I"D:/Projekty/TrinityTrack6000/MainControlBoard/XMC/XMC4200/Libraries/CMSIS/Infineon/XMC4200_series/Include" -I"D:/Projekty/TrinityTrack6000/MainControlBoard/XMC/XMC4200" -I"D:/Projekty/TrinityTrack6000/MainControlBoard/XMC/XMC4200/Dave/Generated" -I"D:/Projekty/TrinityTrack6000/MainControlBoard/XMC/XMC4200/Libraries" -O0 -ffunction-sections -fdata-sections -Wall -std=gnu99 -mfloat-abi=softfp -Wa,-adhlns="Libraries/XMCLib/src/xmc_eru.o.lst" -pipe -c -fmessage-length=0 -MMD -MP -MF"Libraries/XMCLib/src/xmc_eru.d" -MT"Libraries/XMCLib/src/xmc_eru.d Libraries/XMCLib/src/xmc_eru.o" -mcpu=cortex-m4 -mfpu=fpv4-sp-d16 -mthumb -g -gdwarf-2 -o "Libraries/XMCLib/src/xmc_eru.o" "../Libraries/XMCLib/src/xmc_eru.c" 
'Finished building: ../Libraries/XMCLib/src/xmc_eru.c'

'Building file: ../Libraries/XMCLib/src/xmc_eth_mac.c'
'Invoking: ARM-GCC C Compiler'
"D:/Programy/4.5.0.202105191637/eclipse/ARM-GCC-49/bin/arm-none-eabi-gcc" -MMD -MT "Libraries/XMCLib/src/xmc_eth_mac.o" -DXMC4200_F64x256 -I"D:/Projekty/TrinityTrack6000/MainControlBoard/XMC/XMC4200/Libraries/XMCLib/inc" -I"D:/Projekty/TrinityTrack6000/MainControlBoard/XMC/XMC4200/Libraries/CMSIS/Include" -I"D:/Projekty/TrinityTrack6000/MainControlBoard/XMC/XMC4200/Libraries/CMSIS/Infineon/XMC4200_series/Include" -I"D:/Projekty/TrinityTrack6000/MainControlBoard/XMC/XMC4200" -I"D:/Projekty/TrinityTrack6000/MainControlBoard/XMC/XMC4200/Dave/Generated" -I"D:/Projekty/TrinityTrack6000/MainControlBoard/XMC/XMC4200/Libraries" -O0 -ffunction-sections -fdata-sections -Wall -std=gnu99 -mfloat-abi=softfp -Wa,-adhlns="Libraries/XMCLib/src/xmc_eth_mac.o.lst" -pipe -c -fmessage-length=0 -MMD -MP -MF"Libraries/XMCLib/src/xmc_eth_mac.d" -MT"Libraries/XMCLib/src/xmc_eth_mac.d Libraries/XMCLib/src/xmc_eth_mac.o" -mcpu=cortex-m4 -mfpu=fpv4-sp-d16 -mthumb -g -gdwarf-2 -o "Libraries/XMCLib/src/xmc_eth_mac.o" "../Libraries/XMCLib/src/xmc_eth_mac.c" 
'Finished building: ../Libraries/XMCLib/src/xmc_eth_mac.c'

'Building file: ../Libraries/XMCLib/src/xmc_eth_phy_dp83848.c'
'Invoking: ARM-GCC C Compiler'
"D:/Programy/4.5.0.202105191637/eclipse/ARM-GCC-49/bin/arm-none-eabi-gcc" -MMD -MT "Libraries/XMCLib/src/xmc_eth_phy_dp83848.o" -DXMC4200_F64x256 -I"D:/Projekty/TrinityTrack6000/MainControlBoard/XMC/XMC4200/Libraries/XMCLib/inc" -I"D:/Projekty/TrinityTrack6000/MainControlBoard/XMC/XMC4200/Libraries/CMSIS/Include" -I"D:/Projekty/TrinityTrack6000/MainControlBoard/XMC/XMC4200/Libraries/CMSIS/Infineon/XMC4200_series/Include" -I"D:/Projekty/TrinityTrack6000/MainControlBoard/XMC/XMC4200" -I"D:/Projekty/TrinityTrack6000/MainControlBoard/XMC/XMC4200/Dave/Generated" -I"D:/Projekty/TrinityTrack6000/MainControlBoard/XMC/XMC4200/Libraries" -O0 -ffunction-sections -fdata-sections -Wall -std=gnu99 -mfloat-abi=softfp -Wa,-adhlns="Libraries/XMCLib/src/xmc_eth_phy_dp83848.o.lst" -pipe -c -fmessage-length=0 -MMD -MP -MF"Libraries/XMCLib/src/xmc_eth_phy_dp83848.d" -MT"Libraries/XMCLib/src/xmc_eth_phy_dp83848.d Libraries/XMCLib/src/xmc_eth_phy_dp83848.o" -mcpu=cortex-m4 -mfpu=fpv4-sp-d16 -mthumb -g -gdwarf-2 -o "Libraries/XMCLib/src/xmc_eth_phy_dp83848.o" "../Libraries/XMCLib/src/xmc_eth_phy_dp83848.c" 
'Finished building: ../Libraries/XMCLib/src/xmc_eth_phy_dp83848.c'

'Building file: ../Libraries/XMCLib/src/xmc_eth_phy_ksz8031rnl.c'
'Invoking: ARM-GCC C Compiler'
"D:/Programy/4.5.0.202105191637/eclipse/ARM-GCC-49/bin/arm-none-eabi-gcc" -MMD -MT "Libraries/XMCLib/src/xmc_eth_phy_ksz8031rnl.o" -DXMC4200_F64x256 -I"D:/Projekty/TrinityTrack6000/MainControlBoard/XMC/XMC4200/Libraries/XMCLib/inc" -I"D:/Projekty/TrinityTrack6000/MainControlBoard/XMC/XMC4200/Libraries/CMSIS/Include" -I"D:/Projekty/TrinityTrack6000/MainControlBoard/XMC/XMC4200/Libraries/CMSIS/Infineon/XMC4200_series/Include" -I"D:/Projekty/TrinityTrack6000/MainControlBoard/XMC/XMC4200" -I"D:/Projekty/TrinityTrack6000/MainControlBoard/XMC/XMC4200/Dave/Generated" -I"D:/Projekty/TrinityTrack6000/MainControlBoard/XMC/XMC4200/Libraries" -O0 -ffunction-sections -fdata-sections -Wall -std=gnu99 -mfloat-abi=softfp -Wa,-adhlns="Libraries/XMCLib/src/xmc_eth_phy_ksz8031rnl.o.lst" -pipe -c -fmessage-length=0 -MMD -MP -MF"Libraries/XMCLib/src/xmc_eth_phy_ksz8031rnl.d" -MT"Libraries/XMCLib/src/xmc_eth_phy_ksz8031rnl.d Libraries/XMCLib/src/xmc_eth_phy_ksz8031rnl.o" -mcpu=cortex-m4 -mfpu=fpv4-sp-d16 -mthumb -g -gdwarf-2 -o "Libraries/XMCLib/src/xmc_eth_phy_ksz8031rnl.o" "../Libraries/XMCLib/src/xmc_eth_phy_ksz8031rnl.c" 
'Finished building: ../Libraries/XMCLib/src/xmc_eth_phy_ksz8031rnl.c'

'Building file: ../Libraries/XMCLib/src/xmc_eth_phy_ksz8081rnb.c'
'Invoking: ARM-GCC C Compiler'
"D:/Programy/4.5.0.202105191637/eclipse/ARM-GCC-49/bin/arm-none-eabi-gcc" -MMD -MT "Libraries/XMCLib/src/xmc_eth_phy_ksz8081rnb.o" -DXMC4200_F64x256 -I"D:/Projekty/TrinityTrack6000/MainControlBoard/XMC/XMC4200/Libraries/XMCLib/inc" -I"D:/Projekty/TrinityTrack6000/MainControlBoard/XMC/XMC4200/Libraries/CMSIS/Include" -I"D:/Projekty/TrinityTrack6000/MainControlBoard/XMC/XMC4200/Libraries/CMSIS/Infineon/XMC4200_series/Include" -I"D:/Projekty/TrinityTrack6000/MainControlBoard/XMC/XMC4200" -I"D:/Projekty/TrinityTrack6000/MainControlBoard/XMC/XMC4200/Dave/Generated" -I"D:/Projekty/TrinityTrack6000/MainControlBoard/XMC/XMC4200/Libraries" -O0 -ffunction-sections -fdata-sections -Wall -std=gnu99 -mfloat-abi=softfp -Wa,-adhlns="Libraries/XMCLib/src/xmc_eth_phy_ksz8081rnb.o.lst" -pipe -c -fmessage-length=0 -MMD -MP -MF"Libraries/XMCLib/src/xmc_eth_phy_ksz8081rnb.d" -MT"Libraries/XMCLib/src/xmc_eth_phy_ksz8081rnb.d Libraries/XMCLib/src/xmc_eth_phy_ksz8081rnb.o" -mcpu=cortex-m4 -mfpu=fpv4-sp-d16 -mthumb -g -gdwarf-2 -o "Libraries/XMCLib/src/xmc_eth_phy_ksz8081rnb.o" "../Libraries/XMCLib/src/xmc_eth_phy_ksz8081rnb.c" 
'Finished building: ../Libraries/XMCLib/src/xmc_eth_phy_ksz8081rnb.c'

'Building file: ../Libraries/XMCLib/src/xmc_gpio.c'
'Invoking: ARM-GCC C Compiler'
"D:/Programy/4.5.0.202105191637/eclipse/ARM-GCC-49/bin/arm-none-eabi-gcc" -MMD -MT "Libraries/XMCLib/src/xmc_gpio.o" -DXMC4200_F64x256 -I"D:/Projekty/TrinityTrack6000/MainControlBoard/XMC/XMC4200/Libraries/XMCLib/inc" -I"D:/Projekty/TrinityTrack6000/MainControlBoard/XMC/XMC4200/Libraries/CMSIS/Include" -I"D:/Projekty/TrinityTrack6000/MainControlBoard/XMC/XMC4200/Libraries/CMSIS/Infineon/XMC4200_series/Include" -I"D:/Projekty/TrinityTrack6000/MainControlBoard/XMC/XMC4200" -I"D:/Projekty/TrinityTrack6000/MainControlBoard/XMC/XMC4200/Dave/Generated" -I"D:/Projekty/TrinityTrack6000/MainControlBoard/XMC/XMC4200/Libraries" -O0 -ffunction-sections -fdata-sections -Wall -std=gnu99 -mfloat-abi=softfp -Wa,-adhlns="Libraries/XMCLib/src/xmc_gpio.o.lst" -pipe -c -fmessage-length=0 -MMD -MP -MF"Libraries/XMCLib/src/xmc_gpio.d" -MT"Libraries/XMCLib/src/xmc_gpio.d Libraries/XMCLib/src/xmc_gpio.o" -mcpu=cortex-m4 -mfpu=fpv4-sp-d16 -mthumb -g -gdwarf-2 -o "Libraries/XMCLib/src/xmc_gpio.o" "../Libraries/XMCLib/src/xmc_gpio.c" 
'Finished building: ../Libraries/XMCLib/src/xmc_gpio.c'

'Building file: ../Libraries/XMCLib/src/xmc_fce.c'
'Invoking: ARM-GCC C Compiler'
"D:/Programy/4.5.0.202105191637/eclipse/ARM-GCC-49/bin/arm-none-eabi-gcc" -MMD -MT "Libraries/XMCLib/src/xmc_fce.o" -DXMC4200_F64x256 -I"D:/Projekty/TrinityTrack6000/MainControlBoard/XMC/XMC4200/Libraries/XMCLib/inc" -I"D:/Projekty/TrinityTrack6000/MainControlBoard/XMC/XMC4200/Libraries/CMSIS/Include" -I"D:/Projekty/TrinityTrack6000/MainControlBoard/XMC/XMC4200/Libraries/CMSIS/Infineon/XMC4200_series/Include" -I"D:/Projekty/TrinityTrack6000/MainControlBoard/XMC/XMC4200" -I"D:/Projekty/TrinityTrack6000/MainControlBoard/XMC/XMC4200/Dave/Generated" -I"D:/Projekty/TrinityTrack6000/MainControlBoard/XMC/XMC4200/Libraries" -O0 -ffunction-sections -fdata-sections -Wall -std=gnu99 -mfloat-abi=softfp -Wa,-adhlns="Libraries/XMCLib/src/xmc_fce.o.lst" -pipe -c -fmessage-length=0 -MMD -MP -MF"Libraries/XMCLib/src/xmc_fce.d" -MT"Libraries/XMCLib/src/xmc_fce.d Libraries/XMCLib/src/xmc_fce.o" -mcpu=cortex-m4 -mfpu=fpv4-sp-d16 -mthumb -g -gdwarf-2 -o "Libraries/XMCLib/src/xmc_fce.o" "../Libraries/XMCLib/src/xmc_fce.c" 
'Finished building: ../Libraries/XMCLib/src/xmc_fce.c'

'Building file: ../Libraries/XMCLib/src/xmc_i2c.c'
'Invoking: ARM-GCC C Compiler'
"D:/Programy/4.5.0.202105191637/eclipse/ARM-GCC-49/bin/arm-none-eabi-gcc" -MMD -MT "Libraries/XMCLib/src/xmc_i2c.o" -DXMC4200_F64x256 -I"D:/Projekty/TrinityTrack6000/MainControlBoard/XMC/XMC4200/Libraries/XMCLib/inc" -I"D:/Projekty/TrinityTrack6000/MainControlBoard/XMC/XMC4200/Libraries/CMSIS/Include" -I"D:/Projekty/TrinityTrack6000/MainControlBoard/XMC/XMC4200/Libraries/CMSIS/Infineon/XMC4200_series/Include" -I"D:/Projekty/TrinityTrack6000/MainControlBoard/XMC/XMC4200" -I"D:/Projekty/TrinityTrack6000/MainControlBoard/XMC/XMC4200/Dave/Generated" -I"D:/Projekty/TrinityTrack6000/MainControlBoard/XMC/XMC4200/Libraries" -O0 -ffunction-sections -fdata-sections -Wall -std=gnu99 -mfloat-abi=softfp -Wa,-adhlns="Libraries/XMCLib/src/xmc_i2c.o.lst" -pipe -c -fmessage-length=0 -MMD -MP -MF"Libraries/XMCLib/src/xmc_i2c.d" -MT"Libraries/XMCLib/src/xmc_i2c.d Libraries/XMCLib/src/xmc_i2c.o" -mcpu=cortex-m4 -mfpu=fpv4-sp-d16 -mthumb -g -gdwarf-2 -o "Libraries/XMCLib/src/xmc_i2c.o" "../Libraries/XMCLib/src/xmc_i2c.c" 
'Finished building: ../Libraries/XMCLib/src/xmc_i2c.c'

'Building file: ../Libraries/XMCLib/src/xmc_hrpwm.c'
'Invoking: ARM-GCC C Compiler'
"D:/Programy/4.5.0.202105191637/eclipse/ARM-GCC-49/bin/arm-none-eabi-gcc" -MMD -MT "Libraries/XMCLib/src/xmc_hrpwm.o" -DXMC4200_F64x256 -I"D:/Projekty/TrinityTrack6000/MainControlBoard/XMC/XMC4200/Libraries/XMCLib/inc" -I"D:/Projekty/TrinityTrack6000/MainControlBoard/XMC/XMC4200/Libraries/CMSIS/Include" -I"D:/Projekty/TrinityTrack6000/MainControlBoard/XMC/XMC4200/Libraries/CMSIS/Infineon/XMC4200_series/Include" -I"D:/Projekty/TrinityTrack6000/MainControlBoard/XMC/XMC4200" -I"D:/Projekty/TrinityTrack6000/MainControlBoard/XMC/XMC4200/Dave/Generated" -I"D:/Projekty/TrinityTrack6000/MainControlBoard/XMC/XMC4200/Libraries" -O0 -ffunction-sections -fdata-sections -Wall -std=gnu99 -mfloat-abi=softfp -Wa,-adhlns="Libraries/XMCLib/src/xmc_hrpwm.o.lst" -pipe -c -fmessage-length=0 -MMD -MP -MF"Libraries/XMCLib/src/xmc_hrpwm.d" -MT"Libraries/XMCLib/src/xmc_hrpwm.d Libraries/XMCLib/src/xmc_hrpwm.o" -mcpu=cortex-m4 -mfpu=fpv4-sp-d16 -mthumb -g -gdwarf-2 -o "Libraries/XMCLib/src/xmc_hrpwm.o" "../Libraries/XMCLib/src/xmc_hrpwm.c" 
'Finished building: ../Libraries/XMCLib/src/xmc_hrpwm.c'

'Building file: ../Libraries/XMCLib/src/xmc_i2s.c'
'Invoking: ARM-GCC C Compiler'
"D:/Programy/4.5.0.202105191637/eclipse/ARM-GCC-49/bin/arm-none-eabi-gcc" -MMD -MT "Libraries/XMCLib/src/xmc_i2s.o" -DXMC4200_F64x256 -I"D:/Projekty/TrinityTrack6000/MainControlBoard/XMC/XMC4200/Libraries/XMCLib/inc" -I"D:/Projekty/TrinityTrack6000/MainControlBoard/XMC/XMC4200/Libraries/CMSIS/Include" -I"D:/Projekty/TrinityTrack6000/MainControlBoard/XMC/XMC4200/Libraries/CMSIS/Infineon/XMC4200_series/Include" -I"D:/Projekty/TrinityTrack6000/MainControlBoard/XMC/XMC4200" -I"D:/Projekty/TrinityTrack6000/MainControlBoard/XMC/XMC4200/Dave/Generated" -I"D:/Projekty/TrinityTrack6000/MainControlBoard/XMC/XMC4200/Libraries" -O0 -ffunction-sections -fdata-sections -Wall -std=gnu99 -mfloat-abi=softfp -Wa,-adhlns="Libraries/XMCLib/src/xmc_i2s.o.lst" -pipe -c -fmessage-length=0 -MMD -MP -MF"Libraries/XMCLib/src/xmc_i2s.d" -MT"Libraries/XMCLib/src/xmc_i2s.d Libraries/XMCLib/src/xmc_i2s.o" -mcpu=cortex-m4 -mfpu=fpv4-sp-d16 -mthumb -g -gdwarf-2 -o "Libraries/XMCLib/src/xmc_i2s.o" "../Libraries/XMCLib/src/xmc_i2s.c" 
'Finished building: ../Libraries/XMCLib/src/xmc_i2s.c'

'Building file: ../Libraries/XMCLib/src/xmc_ledts.c'
'Invoking: ARM-GCC C Compiler'
"D:/Programy/4.5.0.202105191637/eclipse/ARM-GCC-49/bin/arm-none-eabi-gcc" -MMD -MT "Libraries/XMCLib/src/xmc_ledts.o" -DXMC4200_F64x256 -I"D:/Projekty/TrinityTrack6000/MainControlBoard/XMC/XMC4200/Libraries/XMCLib/inc" -I"D:/Projekty/TrinityTrack6000/MainControlBoard/XMC/XMC4200/Libraries/CMSIS/Include" -I"D:/Projekty/TrinityTrack6000/MainControlBoard/XMC/XMC4200/Libraries/CMSIS/Infineon/XMC4200_series/Include" -I"D:/Projekty/TrinityTrack6000/MainControlBoard/XMC/XMC4200" -I"D:/Projekty/TrinityTrack6000/MainControlBoard/XMC/XMC4200/Dave/Generated" -I"D:/Projekty/TrinityTrack6000/MainControlBoard/XMC/XMC4200/Libraries" -O0 -ffunction-sections -fdata-sections -Wall -std=gnu99 -mfloat-abi=softfp -Wa,-adhlns="Libraries/XMCLib/src/xmc_ledts.o.lst" -pipe -c -fmessage-length=0 -MMD -MP -MF"Libraries/XMCLib/src/xmc_ledts.d" -MT"Libraries/XMCLib/src/xmc_ledts.d Libraries/XMCLib/src/xmc_ledts.o" -mcpu=cortex-m4 -mfpu=fpv4-sp-d16 -mthumb -g -gdwarf-2 -o "Libraries/XMCLib/src/xmc_ledts.o" "../Libraries/XMCLib/src/xmc_ledts.c" 
'Finished building: ../Libraries/XMCLib/src/xmc_ledts.c'

'Building file: ../Libraries/XMCLib/src/xmc_rtc.c'
'Invoking: ARM-GCC C Compiler'
"D:/Programy/4.5.0.202105191637/eclipse/ARM-GCC-49/bin/arm-none-eabi-gcc" -MMD -MT "Libraries/XMCLib/src/xmc_rtc.o" -DXMC4200_F64x256 -I"D:/Projekty/TrinityTrack6000/MainControlBoard/XMC/XMC4200/Libraries/XMCLib/inc" -I"D:/Projekty/TrinityTrack6000/MainControlBoard/XMC/XMC4200/Libraries/CMSIS/Include" -I"D:/Projekty/TrinityTrack6000/MainControlBoard/XMC/XMC4200/Libraries/CMSIS/Infineon/XMC4200_series/Include" -I"D:/Projekty/TrinityTrack6000/MainControlBoard/XMC/XMC4200" -I"D:/Projekty/TrinityTrack6000/MainControlBoard/XMC/XMC4200/Dave/Generated" -I"D:/Projekty/TrinityTrack6000/MainControlBoard/XMC/XMC4200/Libraries" -O0 -ffunction-sections -fdata-sections -Wall -std=gnu99 -mfloat-abi=softfp -Wa,-adhlns="Libraries/XMCLib/src/xmc_rtc.o.lst" -pipe -c -fmessage-length=0 -MMD -MP -MF"Libraries/XMCLib/src/xmc_rtc.d" -MT"Libraries/XMCLib/src/xmc_rtc.d Libraries/XMCLib/src/xmc_rtc.o" -mcpu=cortex-m4 -mfpu=fpv4-sp-d16 -mthumb -g -gdwarf-2 -o "Libraries/XMCLib/src/xmc_rtc.o" "../Libraries/XMCLib/src/xmc_rtc.c" 
'Finished building: ../Libraries/XMCLib/src/xmc_rtc.c'

'Building file: ../Libraries/XMCLib/src/xmc_posif.c'
'Invoking: ARM-GCC C Compiler'
"D:/Programy/4.5.0.202105191637/eclipse/ARM-GCC-49/bin/arm-none-eabi-gcc" -MMD -MT "Libraries/XMCLib/src/xmc_posif.o" -DXMC4200_F64x256 -I"D:/Projekty/TrinityTrack6000/MainControlBoard/XMC/XMC4200/Libraries/XMCLib/inc" -I"D:/Projekty/TrinityTrack6000/MainControlBoard/XMC/XMC4200/Libraries/CMSIS/Include" -I"D:/Projekty/TrinityTrack6000/MainControlBoard/XMC/XMC4200/Libraries/CMSIS/Infineon/XMC4200_series/Include" -I"D:/Projekty/TrinityTrack6000/MainControlBoard/XMC/XMC4200" -I"D:/Projekty/TrinityTrack6000/MainControlBoard/XMC/XMC4200/Dave/Generated" -I"D:/Projekty/TrinityTrack6000/MainControlBoard/XMC/XMC4200/Libraries" -O0 -ffunction-sections -fdata-sections -Wall -std=gnu99 -mfloat-abi=softfp -Wa,-adhlns="Libraries/XMCLib/src/xmc_posif.o.lst" -pipe -c -fmessage-length=0 -MMD -MP -MF"Libraries/XMCLib/src/xmc_posif.d" -MT"Libraries/XMCLib/src/xmc_posif.d Libraries/XMCLib/src/xmc_posif.o" -mcpu=cortex-m4 -mfpu=fpv4-sp-d16 -mthumb -g -gdwarf-2 -o "Libraries/XMCLib/src/xmc_posif.o" "../Libraries/XMCLib/src/xmc_posif.c" 
'Finished building: ../Libraries/XMCLib/src/xmc_posif.c'

'Building file: ../Libraries/XMCLib/src/xmc_sdmmc.c'
'Invoking: ARM-GCC C Compiler'
"D:/Programy/4.5.0.202105191637/eclipse/ARM-GCC-49/bin/arm-none-eabi-gcc" -MMD -MT "Libraries/XMCLib/src/xmc_sdmmc.o" -DXMC4200_F64x256 -I"D:/Projekty/TrinityTrack6000/MainControlBoard/XMC/XMC4200/Libraries/XMCLib/inc" -I"D:/Projekty/TrinityTrack6000/MainControlBoard/XMC/XMC4200/Libraries/CMSIS/Include" -I"D:/Projekty/TrinityTrack6000/MainControlBoard/XMC/XMC4200/Libraries/CMSIS/Infineon/XMC4200_series/Include" -I"D:/Projekty/TrinityTrack6000/MainControlBoard/XMC/XMC4200" -I"D:/Projekty/TrinityTrack6000/MainControlBoard/XMC/XMC4200/Dave/Generated" -I"D:/Projekty/TrinityTrack6000/MainControlBoard/XMC/XMC4200/Libraries" -O0 -ffunction-sections -fdata-sections -Wall -std=gnu99 -mfloat-abi=softfp -Wa,-adhlns="Libraries/XMCLib/src/xmc_sdmmc.o.lst" -pipe -c -fmessage-length=0 -MMD -MP -MF"Libraries/XMCLib/src/xmc_sdmmc.d" -MT"Libraries/XMCLib/src/xmc_sdmmc.d Libraries/XMCLib/src/xmc_sdmmc.o" -mcpu=cortex-m4 -mfpu=fpv4-sp-d16 -mthumb -g -gdwarf-2 -o "Libraries/XMCLib/src/xmc_sdmmc.o" "../Libraries/XMCLib/src/xmc_sdmmc.c" 
'Finished building: ../Libraries/XMCLib/src/xmc_sdmmc.c'

'Building file: ../Libraries/XMCLib/src/xmc_spi.c'
'Invoking: ARM-GCC C Compiler'
"D:/Programy/4.5.0.202105191637/eclipse/ARM-GCC-49/bin/arm-none-eabi-gcc" -MMD -MT "Libraries/XMCLib/src/xmc_spi.o" -DXMC4200_F64x256 -I"D:/Projekty/TrinityTrack6000/MainControlBoard/XMC/XMC4200/Libraries/XMCLib/inc" -I"D:/Projekty/TrinityTrack6000/MainControlBoard/XMC/XMC4200/Libraries/CMSIS/Include" -I"D:/Projekty/TrinityTrack6000/MainControlBoard/XMC/XMC4200/Libraries/CMSIS/Infineon/XMC4200_series/Include" -I"D:/Projekty/TrinityTrack6000/MainControlBoard/XMC/XMC4200" -I"D:/Projekty/TrinityTrack6000/MainControlBoard/XMC/XMC4200/Dave/Generated" -I"D:/Projekty/TrinityTrack6000/MainControlBoard/XMC/XMC4200/Libraries" -O0 -ffunction-sections -fdata-sections -Wall -std=gnu99 -mfloat-abi=softfp -Wa,-adhlns="Libraries/XMCLib/src/xmc_spi.o.lst" -pipe -c -fmessage-length=0 -MMD -MP -MF"Libraries/XMCLib/src/xmc_spi.d" -MT"Libraries/XMCLib/src/xmc_spi.d Libraries/XMCLib/src/xmc_spi.o" -mcpu=cortex-m4 -mfpu=fpv4-sp-d16 -mthumb -g -gdwarf-2 -o "Libraries/XMCLib/src/xmc_spi.o" "../Libraries/XMCLib/src/xmc_spi.c" 
'Finished building: ../Libraries/XMCLib/src/xmc_spi.c'

'Building file: ../Libraries/XMCLib/src/xmc_uart.c'
'Invoking: ARM-GCC C Compiler'
[...]
'Invoking: ARM-GCC C Compiler'
"D:/Programy/4.5.0.202105191637/eclipse/ARM-GCC-49/bin/arm-none-eabi-gcc" -MMD -MT "Dave/Generated/GLOBAL_CCU8/global_ccu8_conf.o" -DXMC4200_F64x256 -I"D:/Projekty/TrinityTrack6000/MainControlBoard/XMC/XMC4200/Libraries/XMCLib/inc" -I"D:/Projekty/TrinityTrack6000/MainControlBoard/XMC/XMC4200/Libraries/CMSIS/Include" -I"D:/Projekty/TrinityTrack6000/MainControlBoard/XMC/XMC4200/Libraries/CMSIS/Infineon/XMC4200_series/Include" -I"D:/Projekty/TrinityTrack6000/MainControlBoard/XMC/XMC4200" -I"D:/Projekty/TrinityTrack6000/MainControlBoard/XMC/XMC4200/Dave/Generated" -I"D:/Projekty/TrinityTrack6000/MainControlBoard/XMC/XMC4200/Libraries" -O0 -ffunction-sections -fdata-sections -Wall -std=gnu99 -mfloat-abi=softfp -Wa,-adhlns="Dave/Generated/GLOBAL_CCU8/global_ccu8_conf.o.lst" -pipe -c -fmessage-length=0 -MMD -MP -MF"Dave/Generated/GLOBAL_CCU8/global_ccu8_conf.d" -MT"Dave/Generated/GLOBAL_CCU8/global_ccu8_conf.d Dave/Generated/GLOBAL_CCU8/global_ccu8_conf.o" -mcpu=cortex-m4 -mfpu=fpv4-sp-d16 -mthumb -g -gdwarf-2 -o "Dave/Generated/GLOBAL_CCU8/global_ccu8_conf.o" "../Dave/Generated/GLOBAL_CCU8/global_ccu8_conf.c" 
'Finished building: ../Dave/Generated/GLOBAL_CCU8/global_ccu8_conf.c'

'Building file: ../Dave/Generated/GLOBAL_CCU4/global_ccu4.c'
'Invoking: ARM-GCC C Compiler'
"D:/Programy/4.5.0.202105191637/eclipse/ARM-GCC-49/bin/arm-none-eabi-gcc" -MMD -MT "Dave/Generated/GLOBAL_CCU4/global_ccu4.o" -DXMC4200_F64x256 -I"D:/Projekty/TrinityTrack6000/MainControlBoard/XMC/XMC4200/Libraries/XMCLib/inc" -I"D:/Projekty/TrinityTrack6000/MainControlBoard/XMC/XMC4200/Libraries/CMSIS/Include" -I"D:/Projekty/TrinityTrack6000/MainControlBoard/XMC/XMC4200/Libraries/CMSIS/Infineon/XMC4200_series/Include" -I"D:/Projekty/TrinityTrack6000/MainControlBoard/XMC/XMC4200" -I"D:/Projekty/TrinityTrack6000/MainControlBoard/XMC/XMC4200/Dave/Generated" -I"D:/Projekty/TrinityTrack6000/MainControlBoard/XMC/XMC4200/Libraries" -O0 -ffunction-sections -fdata-sections -Wall -std=gnu99 -mfloat-abi=softfp -Wa,-adhlns="Dave/Generated/GLOBAL_CCU4/global_ccu4.o.lst" -pipe -c -fmessage-length=0 -MMD -MP -MF"Dave/Generated/GLOBAL_CCU4/global_ccu4.d" -MT"Dave/Generated/GLOBAL_CCU4/global_ccu4.d Dave/Generated/GLOBAL_CCU4/global_ccu4.o" -mcpu=cortex-m4 -mfpu=fpv4-sp-d16 -mthumb -g -gdwarf-2 -o "Dave/Generated/GLOBAL_CCU4/global_ccu4.o" "../Dave/Generated/GLOBAL_CCU4/global_ccu4.c" 
'Finished building: ../Dave/Generated/GLOBAL_CCU4/global_ccu4.c'

'Building file: ../Dave/Generated/GLOBAL_CCU4/global_ccu4_conf.c'
'Invoking: ARM-GCC C Compiler'
"D:/Programy/4.5.0.202105191637/eclipse/ARM-GCC-49/bin/arm-none-eabi-gcc" -MMD -MT "Dave/Generated/GLOBAL_CCU4/global_ccu4_conf.o" -DXMC4200_F64x256 -I"D:/Projekty/TrinityTrack6000/MainControlBoard/XMC/XMC4200/Libraries/XMCLib/inc" -I"D:/Projekty/TrinityTrack6000/MainControlBoard/XMC/XMC4200/Libraries/CMSIS/Include" -I"D:/Projekty/TrinityTrack6000/MainControlBoard/XMC/XMC4200/Libraries/CMSIS/Infineon/XMC4200_series/Include" -I"D:/Projekty/TrinityTrack6000/MainControlBoard/XMC/XMC4200" -I"D:/Projekty/TrinityTrack6000/MainControlBoard/XMC/XMC4200/Dave/Generated" -I"D:/Projekty/TrinityTrack6000/MainControlBoard/XMC/XMC4200/Libraries" -O0 -ffunction-sections -fdata-sections -Wall -std=gnu99 -mfloat-abi=softfp -Wa,-adhlns="Dave/Generated/GLOBAL_CCU4/global_ccu4_conf.o.lst" -pipe -c -fmessage-length=0 -MMD -MP -MF"Dave/Generated/GLOBAL_CCU4/global_ccu4_conf.d" -MT"Dave/Generated/GLOBAL_CCU4/global_ccu4_conf.d Dave/Generated/GLOBAL_CCU4/global_ccu4_conf.o" -mcpu=cortex-m4 -mfpu=fpv4-sp-d16 -mthumb -g -gdwarf-2 -o "Dave/Generated/GLOBAL_CCU4/global_ccu4_conf.o" "../Dave/Generated/GLOBAL_CCU4/global_ccu4_conf.c" 
'Finished building: ../Dave/Generated/GLOBAL_CCU4/global_ccu4_conf.c'

'Building file: ../Dave/Generated/DIGITAL_IO/digital_io.c'
'Invoking: ARM-GCC C Compiler'
"D:/Programy/4.5.0.202105191637/eclipse/ARM-GCC-49/bin/arm-none-eabi-gcc" -MMD -MT "Dave/Generated/DIGITAL_IO/digital_io.o" -DXMC4200_F64x256 -I"D:/Projekty/TrinityTrack6000/MainControlBoard/XMC/XMC4200/Libraries/XMCLib/inc" -I"D:/Projekty/TrinityTrack6000/MainControlBoard/XMC/XMC4200/Libraries/CMSIS/Include" -I"D:/Projekty/TrinityTrack6000/MainControlBoard/XMC/XMC4200/Libraries/CMSIS/Infineon/XMC4200_series/Include" -I"D:/Projekty/TrinityTrack6000/MainControlBoard/XMC/XMC4200" -I"D:/Projekty/TrinityTrack6000/MainControlBoard/XMC/XMC4200/Dave/Generated" -I"D:/Projekty/TrinityTrack6000/MainControlBoard/XMC/XMC4200/Libraries" -O0 -ffunction-sections -fdata-sections -Wall -std=gnu99 -mfloat-abi=softfp -Wa,-adhlns="Dave/Generated/DIGITAL_IO/digital_io.o.lst" -pipe -c -fmessage-length=0 -MMD -MP -MF"Dave/Generated/DIGITAL_IO/digital_io.d" -MT"Dave/Generated/DIGITAL_IO/digital_io.d Dave/Generated/DIGITAL_IO/digital_io.o" -mcpu=cortex-m4 -mfpu=fpv4-sp-d16 -mthumb -g -gdwarf-2 -o "Dave/Generated/DIGITAL_IO/digital_io.o" "../Dave/Generated/DIGITAL_IO/digital_io.c" 
'Finished building: ../Dave/Generated/DIGITAL_IO/digital_io.c'

'Building file: ../Dave/Generated/DIGITAL_IO/digital_io_conf.c'
'Invoking: ARM-GCC C Compiler'
"D:/Programy/4.5.0.202105191637/eclipse/ARM-GCC-49/bin/arm-none-eabi-gcc" -MMD -MT "Dave/Generated/DIGITAL_IO/digital_io_conf.o" -DXMC4200_F64x256 -I"D:/Projekty/TrinityTrack6000/MainControlBoard/XMC/XMC4200/Libraries/XMCLib/inc" -I"D:/Projekty/TrinityTrack6000/MainControlBoard/XMC/XMC4200/Libraries/CMSIS/Include" -I"D:/Projekty/TrinityTrack6000/MainControlBoard/XMC/XMC4200/Libraries/CMSIS/Infineon/XMC4200_series/Include" -I"D:/Projekty/TrinityTrack6000/MainControlBoard/XMC/XMC4200" -I"D:/Projekty/TrinityTrack6000/MainControlBoard/XMC/XMC4200/Dave/Generated" -I"D:/Projekty/TrinityTrack6000/MainControlBoard/XMC/XMC4200/Libraries" -O0 -ffunction-sections -fdata-sections -Wall -std=gnu99 -mfloat-abi=softfp -Wa,-adhlns="Dave/Generated/DIGITAL_IO/digital_io_conf.o.lst" -pipe -c -fmessage-length=0 -MMD -MP -MF"Dave/Generated/DIGITAL_IO/digital_io_conf.d" -MT"Dave/Generated/DIGITAL_IO/digital_io_conf.d Dave/Generated/DIGITAL_IO/digital_io_conf.o" -mcpu=cortex-m4 -mfpu=fpv4-sp-d16 -mthumb -g -gdwarf-2 -o "Dave/Generated/DIGITAL_IO/digital_io_conf.o" "../Dave/Generated/DIGITAL_IO/digital_io_conf.c" 
'Finished building: ../Dave/Generated/DIGITAL_IO/digital_io_conf.c'

'Building file: ../Dave/Generated/CPU_CTRL_XMC4/cpu_ctrl_xmc4.c'
'Invoking: ARM-GCC C Compiler'
"D:/Programy/4.5.0.202105191637/eclipse/ARM-GCC-49/bin/arm-none-eabi-gcc" -MMD -MT "Dave/Generated/CPU_CTRL_XMC4/cpu_ctrl_xmc4.o" -DXMC4200_F64x256 -I"D:/Projekty/TrinityTrack6000/MainControlBoard/XMC/XMC4200/Libraries/XMCLib/inc" -I"D:/Projekty/TrinityTrack6000/MainControlBoard/XMC/XMC4200/Libraries/CMSIS/Include" -I"D:/Projekty/TrinityTrack6000/MainControlBoard/XMC/XMC4200/Libraries/CMSIS/Infineon/XMC4200_series/Include" -I"D:/Projekty/TrinityTrack6000/MainControlBoard/XMC/XMC4200" -I"D:/Projekty/TrinityTrack6000/MainControlBoard/XMC/XMC4200/Dave/Generated" -I"D:/Projekty/TrinityTrack6000/MainControlBoard/XMC/XMC4200/Libraries" -O0 -ffunction-sections -fdata-sections -Wall -std=gnu99 -mfloat-abi=softfp -Wa,-adhlns="Dave/Generated/CPU_CTRL_XMC4/cpu_ctrl_xmc4.o.lst" -pipe -c -fmessage-length=0 -MMD -MP -MF"Dave/Generated/CPU_CTRL_XMC4/cpu_ctrl_xmc4.d" -MT"Dave/Generated/CPU_CTRL_XMC4/cpu_ctrl_xmc4.d Dave/Generated/CPU_CTRL_XMC4/cpu_ctrl_xmc4.o" -mcpu=cortex-m4 -mfpu=fpv4-sp-d16 -mthumb -g -gdwarf-2 -o "Dave/Generated/CPU_CTRL_XMC4/cpu_ctrl_xmc4.o" "../Dave/Generated/CPU_CTRL_XMC4/cpu_ctrl_xmc4.c" 
'Finished building: ../Dave/Generated/CPU_CTRL_XMC4/cpu_ctrl_xmc4.c'

'Building file: ../Dave/Generated/CPU_CTRL_XMC4/cpu_ctrl_xmc4_conf.c'
'Invoking: ARM-GCC C Compiler'
"D:/Programy/4.5.0.202105191637/eclipse/ARM-GCC-49/bin/arm-none-eabi-gcc" -MMD -MT "Dave/Generated/CPU_CTRL_XMC4/cpu_ctrl_xmc4_conf.o" -DXMC4200_F64x256 -I"D:/Projekty/TrinityTrack6000/MainControlBoard/XMC/XMC4200/Libraries/XMCLib/inc" -I"D:/Projekty/TrinityTrack6000/MainControlBoard/XMC/XMC4200/Libraries/CMSIS/Include" -I"D:/Projekty/TrinityTrack6000/MainControlBoard/XMC/XMC4200/Libraries/CMSIS/Infineon/XMC4200_series/Include" -I"D:/Projekty/TrinityTrack6000/MainControlBoard/XMC/XMC4200" -I"D:/Projekty/TrinityTrack6000/MainControlBoard/XMC/XMC4200/Dave/Generated" -I"D:/Projekty/TrinityTrack6000/MainControlBoard/XMC/XMC4200/Libraries" -O0 -ffunction-sections -fdata-sections -Wall -std=gnu99 -mfloat-abi=softfp -Wa,-adhlns="Dave/Generated/CPU_CTRL_XMC4/cpu_ctrl_xmc4_conf.o.lst" -pipe -c -fmessage-length=0 -MMD -MP -MF"Dave/Generated/CPU_CTRL_XMC4/cpu_ctrl_xmc4_conf.d" -MT"Dave/Generated/CPU_CTRL_XMC4/cpu_ctrl_xmc4_conf.d Dave/Generated/CPU_CTRL_XMC4/cpu_ctrl_xmc4_conf.o" -mcpu=cortex-m4 -mfpu=fpv4-sp-d16 -mthumb -g -gdwarf-2 -o "Dave/Generated/CPU_CTRL_XMC4/cpu_ctrl_xmc4_conf.o" "../Dave/Generated/CPU_CTRL_XMC4/cpu_ctrl_xmc4_conf.c" 
'Finished building: ../Dave/Generated/CPU_CTRL_XMC4/cpu_ctrl_xmc4_conf.c'

'Building file: ../Dave/Generated/CLOCK_XMC4/clock_xmc4.c'
'Invoking: ARM-GCC C Compiler'
"D:/Programy/4.5.0.202105191637/eclipse/ARM-GCC-49/bin/arm-none-eabi-gcc" -MMD -MT "Dave/Generated/CLOCK_XMC4/clock_xmc4.o" -DXMC4200_F64x256 -I"D:/Projekty/TrinityTrack6000/MainControlBoard/XMC/XMC4200/Libraries/XMCLib/inc" -I"D:/Projekty/TrinityTrack6000/MainControlBoard/XMC/XMC4200/Libraries/CMSIS/Include" -I"D:/Projekty/TrinityTrack6000/MainControlBoard/XMC/XMC4200/Libraries/CMSIS/Infineon/XMC4200_series/Include" -I"D:/Projekty/TrinityTrack6000/MainControlBoard/XMC/XMC4200" -I"D:/Projekty/TrinityTrack6000/MainControlBoard/XMC/XMC4200/Dave/Generated" -I"D:/Projekty/TrinityTrack6000/MainControlBoard/XMC/XMC4200/Libraries" -O0 -ffunction-sections -fdata-sections -Wall -std=gnu99 -mfloat-abi=softfp -Wa,-adhlns="Dave/Generated/CLOCK_XMC4/clock_xmc4.o.lst" -pipe -c -fmessage-length=0 -MMD -MP -MF"Dave/Generated/CLOCK_XMC4/clock_xmc4.d" -MT"Dave/Generated/CLOCK_XMC4/clock_xmc4.d Dave/Generated/CLOCK_XMC4/clock_xmc4.o" -mcpu=cortex-m4 -mfpu=fpv4-sp-d16 -mthumb -g -gdwarf-2 -o "Dave/Generated/CLOCK_XMC4/clock_xmc4.o" "../Dave/Generated/CLOCK_XMC4/clock_xmc4.c" 
'Finished building: ../Dave/Generated/CLOCK_XMC4/clock_xmc4.c'

'Building file: ../Dave/Generated/CLOCK_XMC4/clock_xmc4_conf.c'
'Invoking: ARM-GCC C Compiler'
"D:/Programy/4.5.0.202105191637/eclipse/ARM-GCC-49/bin/arm-none-eabi-gcc" -MMD -MT "Dave/Generated/CLOCK_XMC4/clock_xmc4_conf.o" -DXMC4200_F64x256 -I"D:/Projekty/TrinityTrack6000/MainControlBoard/XMC/XMC4200/Libraries/XMCLib/inc" -I"D:/Projekty/TrinityTrack6000/MainControlBoard/XMC/XMC4200/Libraries/CMSIS/Include" -I"D:/Projekty/TrinityTrack6000/MainControlBoard/XMC/XMC4200/Libraries/CMSIS/Infineon/XMC4200_series/Include" -I"D:/Projekty/TrinityTrack6000/MainControlBoard/XMC/XMC4200" -I"D:/Projekty/TrinityTrack6000/MainControlBoard/XMC/XMC4200/Dave/Generated" -I"D:/Projekty/TrinityTrack6000/MainControlBoard/XMC/XMC4200/Libraries" -O0 -ffunction-sections -fdata-sections -Wall -std=gnu99 -mfloat-abi=softfp -Wa,-adhlns="Dave/Generated/CLOCK_XMC4/clock_xmc4_conf.o.lst" -pipe -c -fmessage-length=0 -MMD -MP -MF"Dave/Generated/CLOCK_XMC4/clock_xmc4_conf.d" -MT"Dave/Generated/CLOCK_XMC4/clock_xmc4_conf.d Dave/Generated/CLOCK_XMC4/clock_xmc4_conf.o" -mcpu=cortex-m4 -mfpu=fpv4-sp-d16 -mthumb -g -gdwarf-2 -o "Dave/Generated/CLOCK_XMC4/clock_xmc4_conf.o" "../Dave/Generated/CLOCK_XMC4/clock_xmc4_conf.c" 
'Finished building: ../Dave/Generated/CLOCK_XMC4/clock_xmc4_conf.c'

'Building file: ../main.c'
'Invoking: ARM-GCC C Compiler'
"D:/Programy/4.5.0.202105191637/eclipse/ARM-GCC-49/bin/arm-none-eabi-gcc" -MMD -MT "main.o" -DXMC4200_F64x256 -I"D:/Projekty/TrinityTrack6000/MainControlBoard/XMC/XMC4200/Libraries/XMCLib/inc" -I"D:/Projekty/TrinityTrack6000/MainControlBoard/XMC/XMC4200/Libraries/CMSIS/Include" -I"D:/Projekty/TrinityTrack6000/MainControlBoard/XMC/XMC4200/Libraries/CMSIS/Infineon/XMC4200_series/Include" -I"D:/Projekty/TrinityTrack6000/MainControlBoard/XMC/XMC4200" -I"D:/Projekty/TrinityTrack6000/MainControlBoard/XMC/XMC4200/Dave/Generated" -I"D:/Projekty/TrinityTrack6000/MainControlBoard/XMC/XMC4200/Libraries" -O0 -ffunction-sections -fdata-sections -Wall -std=gnu99 -mfloat-abi=softfp -Wa,-adhlns="main.o.lst" -pipe -c -fmessage-length=0 -MMD -MP -MF"main.d" -MT"main.d main.o" -mcpu=cortex-m4 -mfpu=fpv4-sp-d16 -mthumb -g -gdwarf-2 -o "main.o" "../main.c" 
'Finished building: ../main.c'

'Building file: ../Dave/Generated/DAVE.c'
'Invoking: ARM-GCC C Compiler'
"D:/Programy/4.5.0.202105191637/eclipse/ARM-GCC-49/bin/arm-none-eabi-gcc" -MMD -MT "Dave/Generated/DAVE.o" -DXMC4200_F64x256 -I"D:/Projekty/TrinityTrack6000/MainControlBoard/XMC/XMC4200/Libraries/XMCLib/inc" -I"D:/Projekty/TrinityTrack6000/MainControlBoard/XMC/XMC4200/Libraries/CMSIS/Include" -I"D:/Projekty/TrinityTrack6000/MainControlBoard/XMC/XMC4200/Libraries/CMSIS/Infineon/XMC4200_series/Include" -I"D:/Projekty/TrinityTrack6000/MainControlBoard/XMC/XMC4200" -I"D:/Projekty/TrinityTrack6000/MainControlBoard/XMC/XMC4200/Dave/Generated" -I"D:/Projekty/TrinityTrack6000/MainControlBoard/XMC/XMC4200/Libraries" -O0 -ffunction-sections -fdata-sections -Wall -std=gnu99 -mfloat-abi=softfp -Wa,-adhlns="Dave/Generated/DAVE.o.lst" -pipe -c -fmessage-length=0 -MMD -MP -MF"Dave/Generated/DAVE.d" -MT"Dave/Generated/DAVE.d Dave/Generated/DAVE.o" -mcpu=cortex-m4 -mfpu=fpv4-sp-d16 -mthumb -g -gdwarf-2 -o "Dave/Generated/DAVE.o" "../Dave/Generated/DAVE.c" 
'Finished building: ../Dave/Generated/DAVE.c'

'Building target: XMC4200.elf'
./build/CMakeFiles/4.1.0-rc4/CompilerIdC/CMakeCCompilerId.o:(.data.info_compiler+0x0): multiple definition of `info_compiler'
./build/CMakeFiles/4.1.0-rc4/CompilerIdCXX/CMakeCXXCompilerId.o:(.data.info_compiler+0x0): first defined here
./build/CMakeFiles/4.1.0-rc4/CompilerIdC/CMakeCCompilerId.o:(.data.info_platform+0x0): multiple definition of `info_platform'
./build/CMakeFiles/4.1.0-rc4/CompilerIdCXX/CMakeCXXCompilerId.o:(.data.info_platform+0x0): first defined here
./build/CMakeFiles/4.1.0-rc4/CompilerIdC/CMakeCCompilerId.o:(.data.info_arch+0x0): multiple definition of `info_arch'
'Invoking: ARM-GCC C++ Linker'
./build/CMakeFiles/4.1.0-rc4/CompilerIdCXX/CMakeCXXCompilerId.o:(.data.info_arch+0x0): first defined here
"D:/Programy/4.5.0.202105191637/eclipse/ARM-GCC-49/bin/arm-none-eabi-g++" -T"../linker_script.ld" -nostartfiles -Xlinker --gc-sections -specs=nano.specs -specs=nosys.specs -Wl,-Map,"XMC4200.map" -mfloat-abi=softfp -mfpu=fpv4-sp-d16 -mcpu=cortex-m4 -mthumb -g -gdwarf-2 -o "XMC4200.elf" "@objects.rsp"  -lm
./build/CMakeFiles/4.1.0-rc4/CompilerIdC/CMakeCCompilerId.o:(.data.info_language_standard_default+0x0): multiple definition of `info_language_standard_default'
makefile:83: recipe for target 'XMC4200.elf' failed
./build/CMakeFiles/4.1.0-rc4/CompilerIdCXX/CMakeCXXCompilerId.o:(.data.info_language_standard_default+0x0): first defined here
./build/CMakeFiles/4.1.0-rc4/CompilerIdC/CMakeCCompilerId.o:(.data.info_language_extensions_default+0x0): multiple definition of `info_language_extensions_default'
./build/CMakeFiles/4.1.0-rc4/CompilerIdCXX/CMakeCXXCompilerId.o:(.data.info_language_extensions_default+0x0): first defined here
./build/CMakeFiles/4.1.0-rc4/CompilerIdC/CMakeCCompilerId.o: In function `main':
D:\Projekty\TrinityTrack6000\MainControlBoard\XMC\XMC4200\Debug/../build/CMakeFiles/4.1.0-rc4/CompilerIdC/CMakeCCompilerId.c:909: multiple definition of `main'
./build/CMakeFiles/4.1.0-rc4/CompilerIdCXX/CMakeCXXCompilerId.o:D:\Projekty\TrinityTrack6000\MainControlBoard\XMC\XMC4200\Debug/../build/CMakeFiles/4.1.0-rc4/CompilerIdCXX/CMakeCXXCompilerId.cpp:925: first defined here
./Src/main.o: In function `main':
D:\Projekty\TrinityTrack6000\MainControlBoard\XMC\XMC4200\Debug/../Src/main.cpp:29: multiple definition of `main'
./build/CMakeFiles/4.1.0-rc4/CompilerIdCXX/CMakeCXXCompilerId.o:D:\Projekty\TrinityTrack6000\MainControlBoard\XMC\XMC4200\Debug/../build/CMakeFiles/4.1.0-rc4/CompilerIdCXX/CMakeCXXCompilerId.cpp:925: first defined here
./main.o: In function `main':
D:\Projekty\TrinityTrack6000\MainControlBoard\XMC\XMC4200\Debug/../main.c:29: multiple definition of `main'
./build/CMakeFiles/4.1.0-rc4/CompilerIdCXX/CMakeCXXCompilerId.o:D:\Projekty\TrinityTrack6000\MainControlBoard\XMC\XMC4200\Debug/../build/CMakeFiles/4.1.0-rc4/CompilerIdCXX/CMakeCXXCompilerId.cpp:925: first defined here
d:/programy/4.5.0.202105191637/eclipse/arm-gcc-49/bin/../lib/gcc/arm-none-eabi/4.9.3/../../../../arm-none-eabi/lib/armv7e-m/softfp\libg_nano.a(lib_a-init.o): In function `__libc_init_array':
init.c:(.text.__libc_init_array+0x1c): undefined reference to `_init'
collect2.exe: error: ld returned 1 exit status
make: *** [XMC4200.elf] Error 1
17:08:29 **** Incremental Build of configuration Debug for project XMC4200 ****
"\"D:\\Programy\\4.5.0.202105191637\\eclipse\\ARM-GCC-49\\bin\\make\"" --output-sync -j12 all 
'Building target: XMC4200.elf'
./build/CMakeFiles/4.1.0-rc4/CompilerIdC/CMakeCCompilerId.o:(.data.info_compiler+0x0): multiple definition of `info_compiler'
'Invoking: ARM-GCC C++ Linker'
./build/CMakeFiles/4.1.0-rc4/CompilerIdCXX/CMakeCXXCompilerId.o:(.data.info_compiler+0x0): first defined here
"D:/Programy/4.5.0.202105191637/eclipse/ARM-GCC-49/bin/arm-none-eabi-g++" -T"../linker_script.ld" -nostartfiles -Xlinker --gc-sections -specs=nano.specs -specs=nosys.specs -Wl,-Map,"XMC4200.map" -mfloat-abi=softfp -mfpu=fpv4-sp-d16 -mcpu=cortex-m4 -mthumb -g -gdwarf-2 -o "XMC4200.elf" "@objects.rsp"  -lm
./build/CMakeFiles/4.1.0-rc4/CompilerIdC/CMakeCCompilerId.o:(.data.info_platform+0x0): multiple definition of `info_platform'
./build/CMakeFiles/4.1.0-rc4/CompilerIdCXX/CMakeCXXCompilerId.o:(.data.info_platform+0x0): first defined here
./build/CMakeFiles/4.1.0-rc4/CompilerIdC/CMakeCCompilerId.o:(.data.info_arch+0x0): multiple definition of `info_arch'
./build/CMakeFiles/4.1.0-rc4/CompilerIdCXX/CMakeCXXCompilerId.o:(.data.info_arch+0x0): first defined here
./build/CMakeFiles/4.1.0-rc4/CompilerIdC/CMakeCCompilerId.o:(.data.info_language_standard_default+0x0): multiple definition of `info_language_standard_default'
./build/CMakeFiles/4.1.0-rc4/CompilerIdCXX/CMakeCXXCompilerId.o:(.data.info_language_standard_default+0x0): first defined here
./build/CMakeFiles/4.1.0-rc4/CompilerIdC/CMakeCCompilerId.o:(.data.info_language_extensions_default+0x0): multiple definition of `info_language_extensions_default'
./build/CMakeFiles/4.1.0-rc4/CompilerIdCXX/CMakeCXXCompilerId.o:(.data.info_language_extensions_default+0x0): first defined here
./build/CMakeFiles/4.1.0-rc4/CompilerIdC/CMakeCCompilerId.o: In function `main':
D:\Projekty\TrinityTrack6000\MainControlBoard\XMC\XMC4200\Debug/../build/CMakeFiles/4.1.0-rc4/CompilerIdC/CMakeCCompilerId.c:909: multiple definition of `main'
makefile:83: recipe for target 'XMC4200.elf' failed
./build/CMakeFiles/4.1.0-rc4/CompilerIdCXX/CMakeCXXCompilerId.o:D:\Projekty\TrinityTrack6000\MainControlBoard\XMC\XMC4200\Debug/../build/CMakeFiles/4.1.0-rc4/CompilerIdCXX/CMakeCXXCompilerId.cpp:925: first defined here
./Src/main.o: In function `main':
D:\Projekty\TrinityTrack6000\MainControlBoard\XMC\XMC4200\Debug/../Src/main.cpp:29: multiple definition of `main'
./build/CMakeFiles/4.1.0-rc4/CompilerIdCXX/CMakeCXXCompilerId.o:D:\Projekty\TrinityTrack6000\MainControlBoard\XMC\XMC4200\Debug/../build/CMakeFiles/4.1.0-rc4/CompilerIdCXX/CMakeCXXCompilerId.cpp:925: first defined here
./main.o: In function `main':
D:\Projekty\TrinityTrack6000\MainControlBoard\XMC\XMC4200\Debug/../main.c:29: multiple definition of `main'
./build/CMakeFiles/4.1.0-rc4/CompilerIdCXX/CMakeCXXCompilerId.o:D:\Projekty\TrinityTrack6000\MainControlBoard\XMC\XMC4200\Debug/../build/CMakeFiles/4.1.0-rc4/CompilerIdCXX/CMakeCXXCompilerId.cpp:925: first defined here
d:/programy/4.5.0.202105191637/eclipse/arm-gcc-49/bin/../lib/gcc/arm-none-eabi/4.9.3/../../../../arm-none-eabi/lib/armv7e-m/softfp\libg_nano.a(lib_a-init.o): In function `__libc_init_array':
init.c:(.text.__libc_init_array+0x1c): undefined reference to `_init'
collect2.exe: error: ld returned 1 exit status
make: *** [XMC4200.elf] Error 1
