Archive member included to satisfy reference by file (symbol)

D:/Projekty/TrinityTrack6000/tools/arm-gnu-toolchain-14.3.rel1-mingw-w64-x86_64-arm-none-eabi/bin/../lib/gcc/arm-none-eabi/14.3.1/../../../../arm-none-eabi/lib/thumb/v7e-m+fp/hard\libg.a(libc_a-exit.o)
                              D:/Projekty/TrinityTrack6000/tools/arm-gnu-toolchain-14.3.rel1-mingw-w64-x86_64-arm-none-eabi/bin/../lib/gcc/arm-none-eabi/14.3.1/../../../../arm-none-eabi/lib/thumb/v7e-m+fp/hard/crt0.o (exit)
D:/Projekty/TrinityTrack6000/tools/arm-gnu-toolchain-14.3.rel1-mingw-w64-x86_64-arm-none-eabi/bin/../lib/gcc/arm-none-eabi/14.3.1/../../../../arm-none-eabi/lib/thumb/v7e-m+fp/hard\libg.a(libc_a-findfp.o)
                              D:/Projekty/TrinityTrack6000/tools/arm-gnu-toolchain-14.3.rel1-mingw-w64-x86_64-arm-none-eabi/bin/../lib/gcc/arm-none-eabi/14.3.1/../../../../arm-none-eabi/lib/thumb/v7e-m+fp/hard\libg.a(libc_a-exit.o) (__stdio_exit_handler)
D:/Projekty/TrinityTrack6000/tools/arm-gnu-toolchain-14.3.rel1-mingw-w64-x86_64-arm-none-eabi/bin/../lib/gcc/arm-none-eabi/14.3.1/../../../../arm-none-eabi/lib/thumb/v7e-m+fp/hard\libg.a(libc_a-fwalk.o)
                              D:/Projekty/TrinityTrack6000/tools/arm-gnu-toolchain-14.3.rel1-mingw-w64-x86_64-arm-none-eabi/bin/../lib/gcc/arm-none-eabi/14.3.1/../../../../arm-none-eabi/lib/thumb/v7e-m+fp/hard\libg.a(libc_a-findfp.o) (_fwalk_sglue)
D:/Projekty/TrinityTrack6000/tools/arm-gnu-toolchain-14.3.rel1-mingw-w64-x86_64-arm-none-eabi/bin/../lib/gcc/arm-none-eabi/14.3.1/../../../../arm-none-eabi/lib/thumb/v7e-m+fp/hard\libg.a(libc_a-stdio.o)
                              D:/Projekty/TrinityTrack6000/tools/arm-gnu-toolchain-14.3.rel1-mingw-w64-x86_64-arm-none-eabi/bin/../lib/gcc/arm-none-eabi/14.3.1/../../../../arm-none-eabi/lib/thumb/v7e-m+fp/hard\libg.a(libc_a-findfp.o) (__sread)
D:/Projekty/TrinityTrack6000/tools/arm-gnu-toolchain-14.3.rel1-mingw-w64-x86_64-arm-none-eabi/bin/../lib/gcc/arm-none-eabi/14.3.1/../../../../arm-none-eabi/lib/thumb/v7e-m+fp/hard\libg.a(libc_a-memset.o)
                              D:/Projekty/TrinityTrack6000/tools/arm-gnu-toolchain-14.3.rel1-mingw-w64-x86_64-arm-none-eabi/bin/../lib/gcc/arm-none-eabi/14.3.1/../../../../arm-none-eabi/lib/thumb/v7e-m+fp/hard/crt0.o (memset)
D:/Projekty/TrinityTrack6000/tools/arm-gnu-toolchain-14.3.rel1-mingw-w64-x86_64-arm-none-eabi/bin/../lib/gcc/arm-none-eabi/14.3.1/../../../../arm-none-eabi/lib/thumb/v7e-m+fp/hard\libg.a(libc_a-closer.o)
                              D:/Projekty/TrinityTrack6000/tools/arm-gnu-toolchain-14.3.rel1-mingw-w64-x86_64-arm-none-eabi/bin/../lib/gcc/arm-none-eabi/14.3.1/../../../../arm-none-eabi/lib/thumb/v7e-m+fp/hard\libg.a(libc_a-stdio.o) (_close_r)
D:/Projekty/TrinityTrack6000/tools/arm-gnu-toolchain-14.3.rel1-mingw-w64-x86_64-arm-none-eabi/bin/../lib/gcc/arm-none-eabi/14.3.1/../../../../arm-none-eabi/lib/thumb/v7e-m+fp/hard\libg.a(libc_a-reent.o)
                              D:/Projekty/TrinityTrack6000/tools/arm-gnu-toolchain-14.3.rel1-mingw-w64-x86_64-arm-none-eabi/bin/../lib/gcc/arm-none-eabi/14.3.1/../../../../arm-none-eabi/lib/thumb/v7e-m+fp/hard\libg.a(libc_a-closer.o) (errno)
D:/Projekty/TrinityTrack6000/tools/arm-gnu-toolchain-14.3.rel1-mingw-w64-x86_64-arm-none-eabi/bin/../lib/gcc/arm-none-eabi/14.3.1/../../../../arm-none-eabi/lib/thumb/v7e-m+fp/hard\libg.a(libc_a-impure.o)
                              D:/Projekty/TrinityTrack6000/tools/arm-gnu-toolchain-14.3.rel1-mingw-w64-x86_64-arm-none-eabi/bin/../lib/gcc/arm-none-eabi/14.3.1/../../../../arm-none-eabi/lib/thumb/v7e-m+fp/hard\libg.a(libc_a-reent.o) (_impure_ptr)
D:/Projekty/TrinityTrack6000/tools/arm-gnu-toolchain-14.3.rel1-mingw-w64-x86_64-arm-none-eabi/bin/../lib/gcc/arm-none-eabi/14.3.1/../../../../arm-none-eabi/lib/thumb/v7e-m+fp/hard\libg.a(libc_a-lseekr.o)
                              D:/Projekty/TrinityTrack6000/tools/arm-gnu-toolchain-14.3.rel1-mingw-w64-x86_64-arm-none-eabi/bin/../lib/gcc/arm-none-eabi/14.3.1/../../../../arm-none-eabi/lib/thumb/v7e-m+fp/hard\libg.a(libc_a-stdio.o) (_lseek_r)
D:/Projekty/TrinityTrack6000/tools/arm-gnu-toolchain-14.3.rel1-mingw-w64-x86_64-arm-none-eabi/bin/../lib/gcc/arm-none-eabi/14.3.1/../../../../arm-none-eabi/lib/thumb/v7e-m+fp/hard\libg.a(libc_a-readr.o)
                              D:/Projekty/TrinityTrack6000/tools/arm-gnu-toolchain-14.3.rel1-mingw-w64-x86_64-arm-none-eabi/bin/../lib/gcc/arm-none-eabi/14.3.1/../../../../arm-none-eabi/lib/thumb/v7e-m+fp/hard\libg.a(libc_a-stdio.o) (_read_r)
D:/Projekty/TrinityTrack6000/tools/arm-gnu-toolchain-14.3.rel1-mingw-w64-x86_64-arm-none-eabi/bin/../lib/gcc/arm-none-eabi/14.3.1/../../../../arm-none-eabi/lib/thumb/v7e-m+fp/hard\libg.a(libc_a-writer.o)
                              D:/Projekty/TrinityTrack6000/tools/arm-gnu-toolchain-14.3.rel1-mingw-w64-x86_64-arm-none-eabi/bin/../lib/gcc/arm-none-eabi/14.3.1/../../../../arm-none-eabi/lib/thumb/v7e-m+fp/hard\libg.a(libc_a-stdio.o) (_write_r)
[...]
Memory Configuration

Name             Origin             Length             Attributes
FLASH_1_cached   0x08000000         0x00040000         xr
FLASH_1_uncached 0x0c000000         0x00040000         xr
PSRAM_1          0x1fffc000         0x00004000         !xr
DSRAM_1_system   0x20000000         0x00006000         !xr
SRAM_combined    0x1fffc000         0x0000a000         !xr
*default*        0x00000000         0xffffffff

Linker script and memory map

LOAD D:/Projekty/TrinityTrack6000/tools/arm-gnu-toolchain-14.3.rel1-mingw-w64-x86_64-arm-none-eabi/bin/../lib/gcc/arm-none-eabi/14.3.1/thumb/v7e-m+fp/hard/crti.o
LOAD D:/Projekty/TrinityTrack6000/tools/arm-gnu-toolchain-14.3.rel1-mingw-w64-x86_64-arm-none-eabi/bin/../lib/gcc/arm-none-eabi/14.3.1/thumb/v7e-m+fp/hard/crtbegin.o
LOAD D:/Projekty/TrinityTrack6000/tools/arm-gnu-toolchain-14.3.rel1-mingw-w64-x86_64-arm-none-eabi/bin/../lib/gcc/arm-none-eabi/14.3.1/../../../../arm-none-eabi/lib/thumb/v7e-m+fp/hard/crt0.o
LOAD CMakeFiles/XMC4200.elf.dir/Dave/Generated/CLOCK_XMC4/clock_xmc4.c.obj
LOAD CMakeFiles/XMC4200.elf.dir/Dave/Generated/CLOCK_XMC4/clock_xmc4_conf.c.obj
LOAD CMakeFiles/XMC4200.elf.dir/Dave/Generated/CPU_CTRL_XMC4/cpu_ctrl_xmc4.c.obj
LOAD CMakeFiles/XMC4200.elf.dir/Dave/Generated/CPU_CTRL_XMC4/cpu_ctrl_xmc4_conf.c.obj
LOAD CMakeFiles/XMC4200.elf.dir/Dave/Generated/DAVE.c.obj
LOAD CMakeFiles/XMC4200.elf.dir/Dave/Generated/DIGITAL_IO/digital_io.c.obj
LOAD CMakeFiles/XMC4200.elf.dir/Dave/Generated/DIGITAL_IO/digital_io_conf.c.obj
LOAD CMakeFiles/XMC4200.elf.dir/Dave/Generated/GLOBAL_CCU4/global_ccu4.c.obj
LOAD CMakeFiles/XMC4200.elf.dir/Dave/Generated/GLOBAL_CCU4/global_ccu4_conf.c.obj
LOAD CMakeFiles/XMC4200.elf.dir/Dave/Generated/GLOBAL_CCU8/global_ccu8.c.obj
LOAD CMakeFiles/XMC4200.elf.dir/Dave/Generated/GLOBAL_CCU8/global_ccu8_conf.c.obj
LOAD CMakeFiles/XMC4200.elf.dir/Dave/Generated/I2C_MASTER/i2c_master.c.obj
LOAD CMakeFiles/XMC4200.elf.dir/Dave/Generated/I2C_MASTER/i2c_master_conf.c.obj
LOAD CMakeFiles/XMC4200.elf.dir/Dave/Generated/PWM_CCU4/pwm_ccu4.c.obj
LOAD CMakeFiles/XMC4200.elf.dir/Dave/Generated/PWM_CCU4/pwm_ccu4_conf.c.obj
LOAD CMakeFiles/XMC4200.elf.dir/Dave/Generated/PWM_CCU8/pwm_ccu8.c.obj
LOAD CMakeFiles/XMC4200.elf.dir/Dave/Generated/PWM_CCU8/pwm_ccu8_conf.c.obj
LOAD CMakeFiles/XMC4200.elf.dir/Dave/Generated/SPI_SLAVE/spi_slave.c.obj
LOAD CMakeFiles/XMC4200.elf.dir/Dave/Generated/SPI_SLAVE/spi_slave_conf.c.obj
LOAD CMakeFiles/XMC4200.elf.dir/Dave/Generated/UART/uart.c.obj
LOAD CMakeFiles/XMC4200.elf.dir/Dave/Generated/UART/uart_conf.c.obj
LOAD CMakeFiles/XMC4200.elf.dir/Libraries/Newlib/syscalls.c.obj
LOAD CMakeFiles/XMC4200.elf.dir/Libraries/XMCLib/src/xmc4_eru.c.obj
LOAD CMakeFiles/XMC4200.elf.dir/Libraries/XMCLib/src/xmc4_flash.c.obj
LOAD CMakeFiles/XMC4200.elf.dir/Libraries/XMCLib/src/xmc4_gpio.c.obj
LOAD CMakeFiles/XMC4200.elf.dir/Libraries/XMCLib/src/xmc4_rtc.c.obj
LOAD CMakeFiles/XMC4200.elf.dir/Libraries/XMCLib/src/xmc4_scu.c.obj
LOAD CMakeFiles/XMC4200.elf.dir/Libraries/XMCLib/src/xmc_can.c.obj
LOAD CMakeFiles/XMC4200.elf.dir/Libraries/XMCLib/src/xmc_ccu4.c.obj
LOAD CMakeFiles/XMC4200.elf.dir/Libraries/XMCLib/src/xmc_ccu8.c.obj
LOAD CMakeFiles/XMC4200.elf.dir/Libraries/XMCLib/src/xmc_common.c.obj
LOAD CMakeFiles/XMC4200.elf.dir/Libraries/XMCLib/src/xmc_dac.c.obj
LOAD CMakeFiles/XMC4200.elf.dir/Libraries/XMCLib/src/xmc_dma.c.obj
LOAD CMakeFiles/XMC4200.elf.dir/Libraries/XMCLib/src/xmc_dsd.c.obj
LOAD CMakeFiles/XMC4200.elf.dir/Libraries/XMCLib/src/xmc_ebu.c.obj
LOAD CMakeFiles/XMC4200.elf.dir/Libraries/XMCLib/src/xmc_ecat.c.obj
LOAD CMakeFiles/XMC4200.elf.dir/Libraries/XMCLib/src/xmc_eru.c.obj
LOAD CMakeFiles/XMC4200.elf.dir/Libraries/XMCLib/src/xmc_eth_mac.c.obj
LOAD CMakeFiles/XMC4200.elf.dir/Libraries/XMCLib/src/xmc_eth_phy_dp83848.c.obj
LOAD CMakeFiles/XMC4200.elf.dir/Libraries/XMCLib/src/xmc_eth_phy_ksz8031rnl.c.obj
LOAD CMakeFiles/XMC4200.elf.dir/Libraries/XMCLib/src/xmc_eth_phy_ksz8081rnb.c.obj
LOAD CMakeFiles/XMC4200.elf.dir/Libraries/XMCLib/src/xmc_fce.c.obj
LOAD CMakeFiles/XMC4200.elf.dir/Libraries/XMCLib/src/xmc_gpio.c.obj
LOAD CMakeFiles/XMC4200.elf.dir/Libraries/XMCLib/src/xmc_hrpwm.c.obj
LOAD CMakeFiles/XMC4200.elf.dir/Libraries/XMCLib/src/xmc_i2c.c.obj
LOAD CMakeFiles/XMC4200.elf.dir/Libraries/XMCLib/src/xmc_i2s.c.obj
LOAD CMakeFiles/XMC4200.elf.dir/Libraries/XMCLib/src/xmc_ledts.c.obj
LOAD CMakeFiles/XMC4200.elf.dir/Libraries/XMCLib/src/xmc_posif.c.obj
LOAD CMakeFiles/XMC4200.elf.dir/Libraries/XMCLib/src/xmc_rtc.c.obj
LOAD CMakeFiles/XMC4200.elf.dir/Libraries/XMCLib/src/xmc_sdmmc.c.obj
LOAD CMakeFiles/XMC4200.elf.dir/Libraries/XMCLib/src/xmc_spi.c.obj
LOAD CMakeFiles/XMC4200.elf.dir/Libraries/XMCLib/src/xmc_uart.c.obj
LOAD CMakeFiles/XMC4200.elf.dir/Libraries/XMCLib/src/xmc_usbd.c.obj
LOAD CMakeFiles/XMC4200.elf.dir/Libraries/XMCLib/src/xmc_usbh.c.obj
LOAD CMakeFiles/XMC4200.elf.dir/Libraries/XMCLib/src/xmc_usic.c.obj
LOAD CMakeFiles/XMC4200.elf.dir/Libraries/XMCLib/src/xmc_vadc.c.obj
LOAD CMakeFiles/XMC4200.elf.dir/Libraries/XMCLib/src/xmc_wdt.c.obj
LOAD CMakeFiles/XMC4200.elf.dir/Startup/startup_XMC4200.S.obj
LOAD CMakeFiles/XMC4200.elf.dir/Startup/system_XMC4200.c.obj
LOAD CMakeFiles/XMC4200.elf.dir/Src/main.cpp.obj
LOAD D:/Projekty/TrinityTrack6000/tools/arm-gnu-toolchain-14.3.rel1-mingw-w64-x86_64-arm-none-eabi/bin/../lib/gcc/arm-none-eabi/14.3.1/../../../../arm-none-eabi/lib/thumb/v7e-m+fp/hard\libstdc++.a
LOAD D:/Projekty/TrinityTrack6000/tools/arm-gnu-toolchain-14.3.rel1-mingw-w64-x86_64-arm-none-eabi/bin/../lib/gcc/arm-none-eabi/14.3.1/../../../../arm-none-eabi/lib/thumb/v7e-m+fp/hard\libm.a
START GROUP
LOAD D:/Projekty/TrinityTrack6000/tools/arm-gnu-toolchain-14.3.rel1-mingw-w64-x86_64-arm-none-eabi/bin/../lib/gcc/arm-none-eabi/14.3.1/thumb/v7e-m+fp/hard\libgcc.a
LOAD D:/Projekty/TrinityTrack6000/tools/arm-gnu-toolchain-14.3.rel1-mingw-w64-x86_64-arm-none-eabi/bin/../lib/gcc/arm-none-eabi/14.3.1/../../../../arm-none-eabi/lib/thumb/v7e-m+fp/hard\libg.a
LOAD D:/Projekty/TrinityTrack6000/tools/arm-gnu-toolchain-14.3.rel1-mingw-w64-x86_64-arm-none-eabi/bin/../lib/gcc/arm-none-eabi/14.3.1/../../../../arm-none-eabi/lib/thumb/v7e-m+fp/hard\libc.a
END GROUP
LOAD D:/Projekty/TrinityTrack6000/tools/arm-gnu-toolchain-14.3.rel1-mingw-w64-x86_64-arm-none-eabi/bin/../lib/gcc/arm-none-eabi/14.3.1/thumb/v7e-m+fp/hard/crtend.o
LOAD D:/Projekty/TrinityTrack6000/tools/arm-gnu-toolchain-14.3.rel1-mingw-w64-x86_64-arm-none-eabi/bin/../lib/gcc/arm-none-eabi/14.3.1/thumb/v7e-m+fp/hard/crtn.o
                0x00000800                        stack_size = DEFINED (stack_size)?stack_size:0x800
                0x00000040                        no_init_size = 0x40

.text           0x08000000     0x5d14 load address 0x0c000000
                0x08000000                        sText = .
 *(.reset)
 .reset         0x08000000      0x292 CMakeFiles/XMC4200.elf.dir/Startup/startup_XMC4200.S.obj
                0x08000000                __Vectors
                0x08000200                Reset_Handler
                0x08000290                DebugMon_Handler
                0x08000290                VADC0_C0_0_IRQHandler
                0x08000290                CAN0_4_IRQHandler
                0x08000290                POSIF0_0_IRQHandler
                0x08000290                HardFault_Handler
                0x08000290                VADC0_G1_1_IRQHandler
                0x08000290                SysTick_Handler
                0x08000290                PendSV_Handler
                0x08000290                NMI_Handler
                0x08000290                USIC1_3_IRQHandler
                0x08000290                CCU40_2_IRQHandler
                0x08000290                SCU_0_IRQHandler
                0x08000290                ERU0_0_IRQHandler
                0x08000290                CCU41_0_IRQHandler
                0x08000290                USIC1_5_IRQHandler
                0x08000290                CCU80_1_IRQHandler
                0x08000290                HRPWM_0_IRQHandler
                0x08000290                HRPWM_1_IRQHandler
                0x08000290                UsageFault_Handler
                0x08000290                USIC0_0_IRQHandler
                0x08000290                ERU0_2_IRQHandler
                0x08000290                ERU1_1_IRQHandler
                0x08000290                ERU0_3_IRQHandler
                0x08000290                VADC0_C0_3_IRQHandler
                0x08000290                CAN0_6_IRQHandler
                0x08000290                VADC0_G0_1_IRQHandler
                0x08000290                CCU40_0_IRQHandler
                0x08000290                CAN0_0_IRQHandler
                0x08000290                ERU1_0_IRQHandler
                0x08000290                HRPWM_3_IRQHandler
                0x08000290                Default_Handler
                0x08000290                USIC1_4_IRQHandler
                0x08000290                ERU1_3_IRQHandler
                0x08000290                POSIF0_1_IRQHandler
                0x08000290                VADC0_G0_0_IRQHandler
                0x08000290                CCU80_3_IRQHandler
                0x08000290                CCU41_3_IRQHandler
                0x08000290                CCU80_2_IRQHandler
                0x08000290                VADC0_G1_3_IRQHandler
                0x08000290                VADC0_G0_3_IRQHandler
                0x08000290                GPDMA0_0_IRQHandler
                0x08000290                PMU0_0_IRQHandler
                0x08000290                CAN0_7_IRQHandler
                0x08000290                CCU41_2_IRQHandler
                0x08000290                VADC0_C0_1_IRQHandler
                0x08000290                MemManage_Handler
                0x08000290                DAC0_0_IRQHandler
                0x08000290                SVC_Handler
                0x08000290                ERU1_2_IRQHandler
                0x08000290                CCU41_1_IRQHandler
                0x08000290                VADC0_G1_2_IRQHandler
                0x08000290                CAN0_2_IRQHandler
                0x08000290                VADC0_G0_2_IRQHandler
                0x08000290                CAN0_3_IRQHandler
                0x08000290                HRPWM_2_IRQHandler
                0x08000290                VADC0_C0_2_IRQHandler
                0x08000290                FCE0_0_IRQHandler
                0x08000290                VADC0_G1_0_IRQHandler
                0x08000290                USB0_0_IRQHandler
                0x08000290                CAN0_5_IRQHandler
                0x08000290                CCU80_0_IRQHandler
                0x08000290                CCU40_1_IRQHandler
                0x08000290                USIC0_1_IRQHandler
                0x08000290                CCU40_3_IRQHandler
                0x08000290                BusFault_Handler
                0x08000290                LEDTS0_0_IRQHandler
                0x08000290                USIC0_4_IRQHandler
                0x08000290                ERU0_1_IRQHandler
                0x08000290                USIC1_2_IRQHandler
                0x08000290                CAN0_1_IRQHandler
                0x08000290                USIC0_2_IRQHandler
                0x08000290                DAC0_1_IRQHandler
 *(.text .text.* .gnu.linkonce.t.*)
 *fill*         0x08000292        0x2 
 .text.deregister_tm_clones
                0x08000294       0x1c D:/Projekty/TrinityTrack6000/tools/arm-gnu-toolchain-14.3.rel1-mingw-w64-x86_64-arm-none-eabi/bin/../lib/gcc/arm-none-eabi/14.3.1/thumb/v7e-m+fp/hard/crtbegin.o
 .text.register_tm_clones
                0x080002b0       0x24 D:/Projekty/TrinityTrack6000/tools/arm-gnu-toolchain-14.3.rel1-mingw-w64-x86_64-arm-none-eabi/bin/../lib/gcc/arm-none-eabi/14.3.1/thumb/v7e-m+fp/hard/crtbegin.o
 .text.__do_global_dtors_aux
                0x080002d4       0x28 D:/Projekty/TrinityTrack6000/tools/arm-gnu-toolchain-14.3.rel1-mingw-w64-x86_64-arm-none-eabi/bin/../lib/gcc/arm-none-eabi/14.3.1/thumb/v7e-m+fp/hard/crtbegin.o
 .text.frame_dummy
                0x080002fc       0x24 D:/Projekty/TrinityTrack6000/tools/arm-gnu-toolchain-14.3.rel1-mingw-w64-x86_64-arm-none-eabi/bin/../lib/gcc/arm-none-eabi/14.3.1/thumb/v7e-m+fp/hard/crtbegin.o
 .text.CLOCK_XMC4_Init
                0x08000320       0x20 CMakeFiles/XMC4200.elf.dir/Dave/Generated/CLOCK_XMC4/clock_xmc4.c.obj
                0x08000320                CLOCK_XMC4_Init
 .text.SystemCoreClockSetup
                0x08000340       0x3c CMakeFiles/XMC4200.elf.dir/Dave/Generated/CLOCK_XMC4/clock_xmc4_conf.c.obj
                0x08000340                SystemCoreClockSetup
 .text.__NVIC_SetPriorityGrouping
                0x0800037c       0x48 CMakeFiles/XMC4200.elf.dir/Dave/Generated/CPU_CTRL_XMC4/cpu_ctrl_xmc4_conf.c.obj
 .text.SystemCoreSetup
                0x080003c4       0xa8 CMakeFiles/XMC4200.elf.dir/Dave/Generated/CPU_CTRL_XMC4/cpu_ctrl_xmc4_conf.c.obj
                0x080003c4                SystemCoreSetup
 .text.DAVE_Init
                0x0800046c      0x204 CMakeFiles/XMC4200.elf.dir/Dave/Generated/DAVE.c.obj
                0x0800046c                DAVE_Init
 .text.DIGITAL_IO_Init
                0x08000670       0x36 CMakeFiles/XMC4200.elf.dir/Dave/Generated/DIGITAL_IO/digital_io.c.obj
                0x08000670                DIGITAL_IO_Init
 .text.XMC_CCU4_StartPrescaler
                0x080006a6       0x1c CMakeFiles/XMC4200.elf.dir/Dave/Generated/GLOBAL_CCU4/global_ccu4.c.obj
 .text.GLOBAL_CCU4_Init
                0x080006c2       0x40 CMakeFiles/XMC4200.elf.dir/Dave/Generated/GLOBAL_CCU4/global_ccu4.c.obj
                0x080006c2                GLOBAL_CCU4_Init
 .text.XMC_CCU8_StartPrescaler
                0x08000702       0x1c CMakeFiles/XMC4200.elf.dir/Dave/Generated/GLOBAL_CCU8/global_ccu8.c.obj
 .text.GLOBAL_CCU8_Init
                0x0800071e       0x40 CMakeFiles/XMC4200.elf.dir/Dave/Generated/GLOBAL_CCU8/global_ccu8.c.obj
                0x0800071e                GLOBAL_CCU8_Init
 *fill*         0x0800075e        0x2 
 .text.__NVIC_ClearPendingIRQ
                0x08000760       0x3c CMakeFiles/XMC4200.elf.dir/Dave/Generated/I2C_MASTER/i2c_master.c.obj
 .text.XMC_USIC_CH_DisableEvent
                0x0800079c       0x24 CMakeFiles/XMC4200.elf.dir/Dave/Generated/I2C_MASTER/i2c_master.c.obj
 .text.XMC_USIC_CH_GetTransmitBufferStatus
                0x080007c0       0x20 CMakeFiles/XMC4200.elf.dir/Dave/Generated/I2C_MASTER/i2c_master.c.obj
 .text.XMC_USIC_CH_TXFIFO_EnableEvent
                0x080007e0       0x26 CMakeFiles/XMC4200.elf.dir/Dave/Generated/I2C_MASTER/i2c_master.c.obj
 .text.XMC_USIC_CH_TXFIFO_DisableEvent
                0x08000806       0x28 CMakeFiles/XMC4200.elf.dir/Dave/Generated/I2C_MASTER/i2c_master.c.obj
 .text.XMC_USIC_CH_TXFIFO_IsFull
                0x0800082e       0x28 CMakeFiles/XMC4200.elf.dir/Dave/Generated/I2C_MASTER/i2c_master.c.obj
 .text.XMC_USIC_CH_TXFIFO_IsEmpty
                0x08000856       0x28 CMakeFiles/XMC4200.elf.dir/Dave/Generated/I2C_MASTER/i2c_master.c.obj
 .text.XMC_USIC_CH_RXFIFO_DisableEvent
                0x0800087e       0x28 CMakeFiles/XMC4200.elf.dir/Dave/Generated/I2C_MASTER/i2c_master.c.obj
 .text.XMC_USIC_CH_RXFIFO_IsEmpty
                0x080008a6       0x28 CMakeFiles/XMC4200.elf.dir/Dave/Generated/I2C_MASTER/i2c_master.c.obj
 .text.XMC_I2C_CH_GetStatusFlag
                0x080008ce       0x18 CMakeFiles/XMC4200.elf.dir/Dave/Generated/I2C_MASTER/i2c_master.c.obj
 .text.XMC_I2C_CH_ClearStatusFlag
                0x080008e6       0x22 CMakeFiles/XMC4200.elf.dir/Dave/Generated/I2C_MASTER/i2c_master.c.obj
 .text.I2C_MASTER_SetRXFIFOTriggerLimit
                0x08000908       0x24 CMakeFiles/XMC4200.elf.dir/Dave/Generated/I2C_MASTER/i2c_master.c.obj
 .text.I2C_MASTER_IsTXFIFOFull
                0x0800092c       0x1c CMakeFiles/XMC4200.elf.dir/Dave/Generated/I2C_MASTER/i2c_master.c.obj
 .text.I2C_MASTER_IsRXFIFOEmpty
                0x08000948       0x1c CMakeFiles/XMC4200.elf.dir/Dave/Generated/I2C_MASTER/i2c_master.c.obj
 .text.I2C_MASTER_GetReceivedByte
                0x08000964       0x1c CMakeFiles/XMC4200.elf.dir/Dave/Generated/I2C_MASTER/i2c_master.c.obj
 .text.I2C_MASTER_TransmitByte
                0x08000980       0x22 CMakeFiles/XMC4200.elf.dir/Dave/Generated/I2C_MASTER/i2c_master.c.obj
 .text.I2C_MASTER_DisableEvent
                0x080009a2       0x1e CMakeFiles/XMC4200.elf.dir/Dave/Generated/I2C_MASTER/i2c_master.c.obj
 .text.I2C_MASTER_ReceiveACK
                0x080009c0       0x1a CMakeFiles/XMC4200.elf.dir/Dave/Generated/I2C_MASTER/i2c_master.c.obj
 .text.I2C_MASTER_ReceiveNACK
                0x080009da       0x1a CMakeFiles/XMC4200.elf.dir/Dave/Generated/I2C_MASTER/i2c_master.c.obj
 .text.I2C_MASTER_SendStop
                0x080009f4       0x26 CMakeFiles/XMC4200.elf.dir/Dave/Generated/I2C_MASTER/i2c_master.c.obj
 .text.calculate_minfifosize
                0x08000a1a       0x2a CMakeFiles/XMC4200.elf.dir/Dave/Generated/I2C_MASTER/i2c_master.c.obj
 .text.I2C_MASTER_Init
                0x08000a44       0x2a CMakeFiles/XMC4200.elf.dir/Dave/Generated/I2C_MASTER/i2c_master.c.obj
                0x08000a44                I2C_MASTER_Init
 .text.I2C_MASTER_GetFlagStatus
                0x08000a6e       0x24 CMakeFiles/XMC4200.elf.dir/Dave/Generated/I2C_MASTER/i2c_master.c.obj
                0x08000a6e                I2C_MASTER_GetFlagStatus
 .text.I2C_MASTER_ClearFlag
                0x08000a92       0x1e CMakeFiles/XMC4200.elf.dir/Dave/Generated/I2C_MASTER/i2c_master.c.obj
                0x08000a92                I2C_MASTER_ClearFlag
 .text.I2C_MASTER_TransmitHandler
                0x08000ab0      0x258 CMakeFiles/XMC4200.elf.dir/Dave/Generated/I2C_MASTER/i2c_master.c.obj
                0x08000ab0                I2C_MASTER_TransmitHandler
 .text.I2C_MASTER_lSendStop_JumpTo_TxCallback
                0x08000d08       0x62 CMakeFiles/XMC4200.elf.dir/Dave/Generated/I2C_MASTER/i2c_master.c.obj
 .text.I2C_MASTER_ReceiveHandler
                0x08000d6a      0x24a CMakeFiles/XMC4200.elf.dir/Dave/Generated/I2C_MASTER/i2c_master.c.obj
                0x08000d6a                I2C_MASTER_ReceiveHandler
 .text.I2C_MASTER_lSendStop_JumpTo_RxCallback
                0x08000fb4       0x72 CMakeFiles/XMC4200.elf.dir/Dave/Generated/I2C_MASTER/i2c_master.c.obj
 .text.I2C_MASTER_ProtocolHandler
                0x08001026       0x8a CMakeFiles/XMC4200.elf.dir/Dave/Generated/I2C_MASTER/i2c_master.c.obj
                0x08001026                I2C_MASTER_ProtocolHandler
 .text.I2C_MASTER_lReconfigureRxFIFO
                0x080010b0       0x74 CMakeFiles/XMC4200.elf.dir/Dave/Generated/I2C_MASTER/i2c_master.c.obj
 .text.__NVIC_GetPriorityGrouping
                0x08001124       0x1c CMakeFiles/XMC4200.elf.dir/Dave/Generated/I2C_MASTER/i2c_master_conf.c.obj
 .text.__NVIC_EnableIRQ
                0x08001140       0x3c CMakeFiles/XMC4200.elf.dir/Dave/Generated/I2C_MASTER/i2c_master_conf.c.obj
 .text.__NVIC_SetPriority
                0x0800117c       0x54 CMakeFiles/XMC4200.elf.dir/Dave/Generated/I2C_MASTER/i2c_master_conf.c.obj
 .text.NVIC_EncodePriority
                0x080011d0       0x66 CMakeFiles/XMC4200.elf.dir/Dave/Generated/I2C_MASTER/i2c_master_conf.c.obj
 .text.XMC_USIC_CH_SetInputSource
                0x08001236       0x3c CMakeFiles/XMC4200.elf.dir/Dave/Generated/I2C_MASTER/i2c_master_conf.c.obj
 .text.XMC_USIC_CH_TXFIFO_EnableEvent
                0x08001272       0x26 CMakeFiles/XMC4200.elf.dir/Dave/Generated/I2C_MASTER/i2c_master_conf.c.obj
 .text.XMC_USIC_CH_RXFIFO_EnableEvent
                0x08001298       0x26 CMakeFiles/XMC4200.elf.dir/Dave/Generated/I2C_MASTER/i2c_master_conf.c.obj
 .text.XMC_USIC_CH_SetMode
                0x080012be       0x28 CMakeFiles/XMC4200.elf.dir/Dave/Generated/I2C_MASTER/i2c_master_conf.c.obj
 .text.XMC_I2C_CH_Init
                0x080012e6       0x1c CMakeFiles/XMC4200.elf.dir/Dave/Generated/I2C_MASTER/i2c_master_conf.c.obj
 .text.XMC_I2C_CH_Start
                0x08001302       0x18 CMakeFiles/XMC4200.elf.dir/Dave/Generated/I2C_MASTER/i2c_master_conf.c.obj
 *fill*         0x0800131a        0x2 
 .text.I2C_BUS_disable_io
                0x0800131c       0x24 CMakeFiles/XMC4200.elf.dir/Dave/Generated/I2C_MASTER/i2c_master_conf.c.obj
 .text.I2C_BUS_enable_io
                0x08001340       0x28 CMakeFiles/XMC4200.elf.dir/Dave/Generated/I2C_MASTER/i2c_master_conf.c.obj
 .text.I2C_BUS_init
                0x08001368       0xf8 CMakeFiles/XMC4200.elf.dir/Dave/Generated/I2C_MASTER/i2c_master_conf.c.obj
                0x08001368                I2C_BUS_init
 .text.USIC1_1_IRQHandler
                0x08001460       0x14 CMakeFiles/XMC4200.elf.dir/Dave/Generated/I2C_MASTER/i2c_master_conf.c.obj
                0x08001460                USIC1_1_IRQHandler
 .text.USIC1_0_IRQHandler
                0x08001474       0x14 CMakeFiles/XMC4200.elf.dir/Dave/Generated/I2C_MASTER/i2c_master_conf.c.obj
                0x08001474                USIC1_0_IRQHandler
 .text.XMC_CCU4_EnableClock
                0x08001488       0x22 CMakeFiles/XMC4200.elf.dir/Dave/Generated/PWM_CCU4/pwm_ccu4.c.obj
 .text.XMC_CCU4_SLICE_EnableTrap
                0x080014aa       0x20 CMakeFiles/XMC4200.elf.dir/Dave/Generated/PWM_CCU4/pwm_ccu4.c.obj
 .text.XMC_CCU4_SLICE_StartTimer
                0x080014ca       0x1a CMakeFiles/XMC4200.elf.dir/Dave/Generated/PWM_CCU4/pwm_ccu4.c.obj
 .text.XMC_CCU4_SLICE_SetTimerPeriodMatch
                0x080014e4       0x1e CMakeFiles/XMC4200.elf.dir/Dave/Generated/PWM_CCU4/pwm_ccu4.c.obj
 .text.XMC_CCU4_SLICE_SetTimerCompareMatch
                0x08001502       0x1e CMakeFiles/XMC4200.elf.dir/Dave/Generated/PWM_CCU4/pwm_ccu4.c.obj
 .text.XMC_CCU4_EnableShadowTransfer
                0x08001520       0x1c CMakeFiles/XMC4200.elf.dir/Dave/Generated/PWM_CCU4/pwm_ccu4.c.obj
 .text.XMC_CCU4_SLICE_EnableEvent
                0x0800153c       0x2e CMakeFiles/XMC4200.elf.dir/Dave/Generated/PWM_CCU4/pwm_ccu4.c.obj
 .text.PWM_CCU4_Init
                0x0800156a      0x13c CMakeFiles/XMC4200.elf.dir/Dave/Generated/PWM_CCU4/pwm_ccu4.c.obj
                0x0800156a                PWM_CCU4_Init
 .text.PWM_CCU4_lInit_Interrupt
                0x080016a6      0x128 CMakeFiles/XMC4200.elf.dir/Dave/Generated/PWM_CCU4/pwm_ccu4.c.obj
 .text.PWM_CCU4_lConfigure_Events
                0x080017ce      0x1b2 CMakeFiles/XMC4200.elf.dir/Dave/Generated/PWM_CCU4/pwm_ccu4.c.obj
 .text.PWM_CCU4_Start
                0x08001980       0x56 CMakeFiles/XMC4200.elf.dir/Dave/Generated/PWM_CCU4/pwm_ccu4.c.obj
                0x08001980                PWM_CCU4_Start
 .text.XMC_CCU8_EnableClock
                0x080019d6       0x22 CMakeFiles/XMC4200.elf.dir/Dave/Generated/PWM_CCU8/pwm_ccu8.c.obj
 .text.XMC_CCU8_SLICE_EnableTrap
                0x080019f8       0x24 CMakeFiles/XMC4200.elf.dir/Dave/Generated/PWM_CCU8/pwm_ccu8.c.obj
 .text.XMC_CCU8_SLICE_StartTimer
                0x08001a1c       0x1a CMakeFiles/XMC4200.elf.dir/Dave/Generated/PWM_CCU8/pwm_ccu8.c.obj
 .text.XMC_CCU8_EnableShadowTransfer
                0x08001a36       0x1c CMakeFiles/XMC4200.elf.dir/Dave/Generated/PWM_CCU8/pwm_ccu8.c.obj
 .text.XMC_CCU8_SLICE_EnableEvent
                0x08001a52       0x2e CMakeFiles/XMC4200.elf.dir/Dave/Generated/PWM_CCU8/pwm_ccu8.c.obj
 .text.XMC_CCU8_SLICE_SetShadowTransferMode
                0x08001a80       0x32 CMakeFiles/XMC4200.elf.dir/Dave/Generated/PWM_CCU8/pwm_ccu8.c.obj
 .text.PWM_CCU8_Init
                0x08001ab2      0x16c CMakeFiles/XMC4200.elf.dir/Dave/Generated/PWM_CCU8/pwm_ccu8.c.obj
                0x08001ab2                PWM_CCU8_Init
 .text.PWM_CCU8_lInit_Interrupt
                0x08001c1e      0x178 CMakeFiles/XMC4200.elf.dir/Dave/Generated/PWM_CCU8/pwm_ccu8.c.obj
 .text.PWM_CCU8_lInit_GPIO
                0x08001d96       0xac CMakeFiles/XMC4200.elf.dir/Dave/Generated/PWM_CCU8/pwm_ccu8.c.obj
 .text.PWM_CCU8_lConfigure_Events
                0x08001e42      0x1cc CMakeFiles/XMC4200.elf.dir/Dave/Generated/PWM_CCU8/pwm_ccu8.c.obj
 .text.PWM_CCU8_Start
                0x0800200e       0x56 CMakeFiles/XMC4200.elf.dir/Dave/Generated/PWM_CCU8/pwm_ccu8.c.obj
                0x0800200e                PWM_CCU8_Start
 .text.XMC_USIC_CH_SetTransmitBufferStatus
                0x08002064       0x1e CMakeFiles/XMC4200.elf.dir/Dave/Generated/SPI_SLAVE/spi_slave.c.obj
 .text.XMC_USIC_CH_TXFIFO_Flush
                0x08002082       0x1e CMakeFiles/XMC4200.elf.dir/Dave/Generated/SPI_SLAVE/spi_slave.c.obj
 .text.XMC_USIC_CH_TXFIFO_IsFull
                0x080020a0       0x28 CMakeFiles/XMC4200.elf.dir/Dave/Generated/SPI_SLAVE/spi_slave.c.obj
 .text.XMC_USIC_CH_TXFIFO_IsEmpty
                0x080020c8       0x28 CMakeFiles/XMC4200.elf.dir/Dave/Generated/SPI_SLAVE/spi_slave.c.obj
 .text.XMC_USIC_CH_RXFIFO_Flush
                0x080020f0       0x1e CMakeFiles/XMC4200.elf.dir/Dave/Generated/SPI_SLAVE/spi_slave.c.obj
 .text.XMC_USIC_CH_RXFIFO_IsEmpty
                0x0800210e       0x28 CMakeFiles/XMC4200.elf.dir/Dave/Generated/SPI_SLAVE/spi_slave.c.obj
 .text.XMC_SPI_CH_Receive
                0x08002136       0x28 CMakeFiles/XMC4200.elf.dir/Dave/Generated/SPI_SLAVE/spi_slave.c.obj
 .text.XMC_SPI_CH_GetStatusFlag
                0x0800215e       0x18 CMakeFiles/XMC4200.elf.dir/Dave/Generated/SPI_SLAVE/spi_slave.c.obj
 .text.XMC_SPI_CH_ClearStatusFlag
                0x08002176       0x22 CMakeFiles/XMC4200.elf.dir/Dave/Generated/SPI_SLAVE/spi_slave.c.obj
 .text.SPI_SLAVE_Init
                0x08002198       0x22 CMakeFiles/XMC4200.elf.dir/Dave/Generated/SPI_SLAVE/spi_slave.c.obj
                0x08002198                SPI_SLAVE_Init
 .text.SPI_SLAVE_Transmit
                0x080021ba       0x60 CMakeFiles/XMC4200.elf.dir/Dave/Generated/SPI_SLAVE/spi_slave.c.obj
                0x080021ba                SPI_SLAVE_Transmit
 .text.SPI_SLAVE_Receive
                0x0800221a       0x60 CMakeFiles/XMC4200.elf.dir/Dave/Generated/SPI_SLAVE/spi_slave.c.obj
                0x0800221a                SPI_SLAVE_Receive
 .text.SPI_SLAVE_lTransmitPolling
                0x0800227a      0x108 CMakeFiles/XMC4200.elf.dir/Dave/Generated/SPI_SLAVE/spi_slave.c.obj
 .text.SPI_SLAVE_lReceivePolling
                0x08002382      0x114 CMakeFiles/XMC4200.elf.dir/Dave/Generated/SPI_SLAVE/spi_slave.c.obj
 .text.XMC_USIC_CH_SetInputSource
                0x08002496       0x3c CMakeFiles/XMC4200.elf.dir/Dave/Generated/SPI_SLAVE/spi_slave_conf.c.obj
 .text.XMC_USIC_CH_EnableInputInversion
                0x080024d2       0x34 CMakeFiles/XMC4200.elf.dir/Dave/Generated/SPI_SLAVE/spi_slave_conf.c.obj
 .text.XMC_USIC_CH_SetWordLength
                0x08002506       0x2c CMakeFiles/XMC4200.elf.dir/Dave/Generated/SPI_SLAVE/spi_slave_conf.c.obj
 .text.XMC_USIC_CH_SetFrameLength
                0x08002532       0x2c CMakeFiles/XMC4200.elf.dir/Dave/Generated/SPI_SLAVE/spi_slave_conf.c.obj
 .text.XMC_USIC_CH_SetMode
                0x0800255e       0x28 CMakeFiles/XMC4200.elf.dir/Dave/Generated/SPI_SLAVE/spi_slave_conf.c.obj
 .text.XMC_SPI_CH_Init
                0x08002586       0x1c CMakeFiles/XMC4200.elf.dir/Dave/Generated/SPI_SLAVE/spi_slave_conf.c.obj
 .text.XMC_SPI_CH_Start
                0x080025a2       0x18 CMakeFiles/XMC4200.elf.dir/Dave/Generated/SPI_SLAVE/spi_slave_conf.c.obj
 .text.XMC_SPI_CH_SetBitOrderMsbFirst
                0x080025ba       0x20 CMakeFiles/XMC4200.elf.dir/Dave/Generated/SPI_SLAVE/spi_slave_conf.c.obj
 .text.XMC_SPI_CH_SetWordLength
                0x080025da       0x1e CMakeFiles/XMC4200.elf.dir/Dave/Generated/SPI_SLAVE/spi_slave_conf.c.obj
 .text.XMC_SPI_CH_SetFrameLength
                0x080025f8       0x1e CMakeFiles/XMC4200.elf.dir/Dave/Generated/SPI_SLAVE/spi_slave_conf.c.obj
 .text.XMC_SPI_CH_SetInputSource
                0x08002616       0x44 CMakeFiles/XMC4200.elf.dir/Dave/Generated/SPI_SLAVE/spi_slave_conf.c.obj
 .text.XMC_SPI_CH_EnableInputInversion
                0x0800265a       0x1e CMakeFiles/XMC4200.elf.dir/Dave/Generated/SPI_SLAVE/spi_slave_conf.c.obj
 .text.SPI_SLAVE_0_init
                0x08002678       0xf0 CMakeFiles/XMC4200.elf.dir/Dave/Generated/SPI_SLAVE/spi_slave_conf.c.obj
                0x08002678                SPI_SLAVE_0_init
 .text.XMC_USIC_CH_DisableEvent
                0x08002768       0x24 CMakeFiles/XMC4200.elf.dir/Dave/Generated/UART/uart.c.obj
 .text.XMC_USIC_CH_GetTransmitBufferStatus
                0x0800278c       0x20 CMakeFiles/XMC4200.elf.dir/Dave/Generated/UART/uart.c.obj
 .text.XMC_USIC_CH_TXFIFO_DisableEvent
                0x080027ac       0x28 CMakeFiles/XMC4200.elf.dir/Dave/Generated/UART/uart.c.obj
 .text.XMC_USIC_CH_TXFIFO_IsFull
                0x080027d4       0x28 CMakeFiles/XMC4200.elf.dir/Dave/Generated/UART/uart.c.obj
 .text.XMC_USIC_CH_TXFIFO_IsEmpty
                0x080027fc       0x28 CMakeFiles/XMC4200.elf.dir/Dave/Generated/UART/uart.c.obj
 .text.XMC_USIC_CH_RXFIFO_DisableEvent
                0x08002824       0x28 CMakeFiles/XMC4200.elf.dir/Dave/Generated/UART/uart.c.obj
 .text.XMC_USIC_CH_RXFIFO_IsEmpty
                0x0800284c       0x28 CMakeFiles/XMC4200.elf.dir/Dave/Generated/UART/uart.c.obj
 .text.UART_Init
                0x08002874       0x22 CMakeFiles/XMC4200.elf.dir/Dave/Generated/UART/uart.c.obj
                0x08002874                UART_Init
 .text.UART_lTransmitHandler
                0x08002896      0x104 CMakeFiles/XMC4200.elf.dir/Dave/Generated/UART/uart.c.obj
                0x08002896                UART_lTransmitHandler
 .text.UART_lReceiveHandler
                0x0800299a      0x128 CMakeFiles/XMC4200.elf.dir/Dave/Generated/UART/uart.c.obj
                0x0800299a                UART_lReceiveHandler
 .text.UART_lReconfigureRxFIFO
                0x08002ac2       0x50 CMakeFiles/XMC4200.elf.dir/Dave/Generated/UART/uart.c.obj
 *fill*         0x08002b12        0x2 
 .text.__NVIC_GetPriorityGrouping
                0x08002b14       0x1c CMakeFiles/XMC4200.elf.dir/Dave/Generated/UART/uart_conf.c.obj
 .text.__NVIC_EnableIRQ
                0x08002b30       0x3c CMakeFiles/XMC4200.elf.dir/Dave/Generated/UART/uart_conf.c.obj
 .text.__NVIC_SetPriority
                0x08002b6c       0x54 CMakeFiles/XMC4200.elf.dir/Dave/Generated/UART/uart_conf.c.obj
 .text.NVIC_EncodePriority
                0x08002bc0       0x66 CMakeFiles/XMC4200.elf.dir/Dave/Generated/UART/uart_conf.c.obj
 .text.XMC_USIC_CH_SetInputSource
                0x08002c26       0x3c CMakeFiles/XMC4200.elf.dir/Dave/Generated/UART/uart_conf.c.obj
 .text.XMC_UART_CH_Init
                0x08002c62       0x1c CMakeFiles/XMC4200.elf.dir/Dave/Generated/UART/uart_conf.c.obj
 .text.XMC_UART_CH_Start
                0x08002c7e       0x24 CMakeFiles/XMC4200.elf.dir/Dave/Generated/UART/uart_conf.c.obj
 *fill*         0x08002ca2        0x2 
 .text.UART_DEBUG_init
                0x08002ca4       0xd4 CMakeFiles/XMC4200.elf.dir/Dave/Generated/UART/uart_conf.c.obj
                0x08002ca4                UART_DEBUG_init
 .text.USIC0_3_IRQHandler
                0x08002d78       0x14 CMakeFiles/XMC4200.elf.dir/Dave/Generated/UART/uart_conf.c.obj
                0x08002d78                USIC0_3_IRQHandler
 .text.USIC0_5_IRQHandler
                0x08002d8c       0x14 CMakeFiles/XMC4200.elf.dir/Dave/Generated/UART/uart_conf.c.obj
                0x08002d8c                USIC0_5_IRQHandler
 .text.XMC_GPIO_Init
                0x08002da0      0x140 CMakeFiles/XMC4200.elf.dir/Libraries/XMCLib/src/xmc4_gpio.c.obj
                0x08002da0                XMC_GPIO_Init
 .text.XMC_SCU_CLOCK_GetCpuClockFrequency
                0x08002ee0       0x18 CMakeFiles/XMC4200.elf.dir/Libraries/XMCLib/src/xmc4_scu.c.obj
 .text.XMC_SCU_GetMirrorStatus
                0x08002ef8       0x18 CMakeFiles/XMC4200.elf.dir/Libraries/XMCLib/src/xmc4_scu.c.obj
 .text.XMC_SCU_lDelay
                0x08002f10       0x48 CMakeFiles/XMC4200.elf.dir/Libraries/XMCLib/src/xmc4_scu.c.obj
 .text.XMC_SCU_INTERUPT_GetEventStatus
                0x08002f58       0x18 CMakeFiles/XMC4200.elf.dir/Libraries/XMCLib/src/xmc4_scu.c.obj
                0x08002f58                XMC_SCU_INTERUPT_GetEventStatus
 .text.XMC_SCU_INTERRUPT_ClearEventStatus
                0x08002f70       0x20 CMakeFiles/XMC4200.elf.dir/Libraries/XMCLib/src/xmc4_scu.c.obj
                0x08002f70                XMC_SCU_INTERRUPT_ClearEventStatus
 .text.XMC_SCU_CLOCK_Init
                0x08002f90       0xf4 CMakeFiles/XMC4200.elf.dir/Libraries/XMCLib/src/xmc4_scu.c.obj
                0x08002f90                XMC_SCU_CLOCK_Init
 .text.XMC_SCU_RESET_DeassertPeripheralReset
                0x08003084       0x3c CMakeFiles/XMC4200.elf.dir/Libraries/XMCLib/src/xmc4_scu.c.obj
                0x08003084                XMC_SCU_RESET_DeassertPeripheralReset
 .text.XMC_SCU_RESET_IsPeripheralResetAsserted
                0x080030c0       0x48 CMakeFiles/XMC4200.elf.dir/Libraries/XMCLib/src/xmc4_scu.c.obj
                0x080030c0                XMC_SCU_RESET_IsPeripheralResetAsserted
 .text.XMC_SCU_CLOCK_GetPeripheralClockFrequency
                0x08003108       0x20 CMakeFiles/XMC4200.elf.dir/Libraries/XMCLib/src/xmc4_scu.c.obj
                0x08003108                XMC_SCU_CLOCK_GetPeripheralClockFrequency
 .text.XMC_SCU_CLOCK_SetSystemClockSource
                0x08003128       0x28 CMakeFiles/XMC4200.elf.dir/Libraries/XMCLib/src/xmc4_scu.c.obj
                0x08003128                XMC_SCU_CLOCK_SetSystemClockSource
 .text.XMC_SCU_CLOCK_SetWdtClockSource
                0x08003150       0x28 CMakeFiles/XMC4200.elf.dir/Libraries/XMCLib/src/xmc4_scu.c.obj
                0x08003150                XMC_SCU_CLOCK_SetWdtClockSource
 .text.XMC_SCU_CLOCK_SetSystemPllClockSource
                0x08003178       0x44 CMakeFiles/XMC4200.elf.dir/Libraries/XMCLib/src/xmc4_scu.c.obj
                0x08003178                XMC_SCU_CLOCK_SetSystemPllClockSource
 .text.XMC_SCU_HIB_SetRtcClockSource
                0x080031bc       0x40 CMakeFiles/XMC4200.elf.dir/Libraries/XMCLib/src/xmc4_scu.c.obj
                0x080031bc                XMC_SCU_HIB_SetRtcClockSource
 .text.XMC_SCU_HIB_SetStandbyClockSource
                0x080031fc       0x40 CMakeFiles/XMC4200.elf.dir/Libraries/XMCLib/src/xmc4_scu.c.obj
                0x080031fc                XMC_SCU_HIB_SetStandbyClockSource
 .text.XMC_SCU_CLOCK_SetSystemClockDivider
                0x0800323c       0x2c CMakeFiles/XMC4200.elf.dir/Libraries/XMCLib/src/xmc4_scu.c.obj
                0x0800323c                XMC_SCU_CLOCK_SetSystemClockDivider
 .text.XMC_SCU_CLOCK_SetCcuClockDivider
                0x08003268       0x2c CMakeFiles/XMC4200.elf.dir/Libraries/XMCLib/src/xmc4_scu.c.obj
                0x08003268                XMC_SCU_CLOCK_SetCcuClockDivider
 .text.XMC_SCU_CLOCK_SetCpuClockDivider
                0x08003294       0x2c CMakeFiles/XMC4200.elf.dir/Libraries/XMCLib/src/xmc4_scu.c.obj
                0x08003294                XMC_SCU_CLOCK_SetCpuClockDivider
 .text.XMC_SCU_CLOCK_SetPeripheralClockDivider
                0x080032c0       0x2c CMakeFiles/XMC4200.elf.dir/Libraries/XMCLib/src/xmc4_scu.c.obj
                0x080032c0                XMC_SCU_CLOCK_SetPeripheralClockDivider
 .text.XMC_SCU_CLOCK_SetWdtClockDivider
                0x080032ec       0x2c CMakeFiles/XMC4200.elf.dir/Libraries/XMCLib/src/xmc4_scu.c.obj
                0x080032ec                XMC_SCU_CLOCK_SetWdtClockDivider
 .text.XMC_SCU_CLOCK_EnableClock
                0x08003318       0x20 CMakeFiles/XMC4200.elf.dir/Libraries/XMCLib/src/xmc4_scu.c.obj
                0x08003318                XMC_SCU_CLOCK_EnableClock
 .text.XMC_SCU_CLOCK_UngatePeripheralClock
                0x08003338       0x3c CMakeFiles/XMC4200.elf.dir/Libraries/XMCLib/src/xmc4_scu.c.obj
                0x08003338                XMC_SCU_CLOCK_UngatePeripheralClock
 .text.XMC_SCU_CLOCK_IsPeripheralClockGated
                0x08003374       0x48 CMakeFiles/XMC4200.elf.dir/Libraries/XMCLib/src/xmc4_scu.c.obj
                0x08003374                XMC_SCU_CLOCK_IsPeripheralClockGated
 .text.XMC_SCU_CLOCK_SetBackupClockCalibrationMode
                0x080033bc       0x4c CMakeFiles/XMC4200.elf.dir/Libraries/XMCLib/src/xmc4_scu.c.obj
                0x080033bc                XMC_SCU_CLOCK_SetBackupClockCalibrationMode
 .text.XMC_SCU_HIB_EnableHibernateDomain
                0x08003408       0x58 CMakeFiles/XMC4200.elf.dir/Libraries/XMCLib/src/xmc4_scu.c.obj
                0x08003408                XMC_SCU_HIB_EnableHibernateDomain
 .text.XMC_SCU_CLOCK_IsLowPowerOscillatorStable
                0x08003460       0x24 CMakeFiles/XMC4200.elf.dir/Libraries/XMCLib/src/xmc4_scu.c.obj
                0x08003460                XMC_SCU_CLOCK_IsLowPowerOscillatorStable
 .text.XMC_SCU_CLOCK_EnableLowPowerOscillator
                0x08003484       0x74 CMakeFiles/XMC4200.elf.dir/Libraries/XMCLib/src/xmc4_scu.c.obj
                0x08003484                XMC_SCU_CLOCK_EnableLowPowerOscillator
 .text.XMC_SCU_CLOCK_EnableHighPerformanceOscillator
                0x080034f8       0x50 CMakeFiles/XMC4200.elf.dir/Libraries/XMCLib/src/xmc4_scu.c.obj
                0x080034f8                XMC_SCU_CLOCK_EnableHighPerformanceOscillator
 .text.XMC_SCU_CLOCK_IsHighPerformanceOscillatorStable
                0x08003548       0x28 CMakeFiles/XMC4200.elf.dir/Libraries/XMCLib/src/xmc4_scu.c.obj
                0x08003548                XMC_SCU_CLOCK_IsHighPerformanceOscillatorStable
 .text.XMC_SCU_CLOCK_EnableSystemPll
                0x08003570       0x24 CMakeFiles/XMC4200.elf.dir/Libraries/XMCLib/src/xmc4_scu.c.obj
                0x08003570                XMC_SCU_CLOCK_EnableSystemPll
 .text.XMC_SCU_CLOCK_DisableSystemPll
                0x08003594       0x24 CMakeFiles/XMC4200.elf.dir/Libraries/XMCLib/src/xmc4_scu.c.obj
                0x08003594                XMC_SCU_CLOCK_DisableSystemPll
 .text.XMC_SCU_CLOCK_StartSystemPll
                0x080035b8      0x19c CMakeFiles/XMC4200.elf.dir/Libraries/XMCLib/src/xmc4_scu.c.obj
                0x080035b8                XMC_SCU_CLOCK_StartSystemPll
 .text.XMC_SCU_CLOCK_StepSystemPllFrequency
                0x08003754       0x3c CMakeFiles/XMC4200.elf.dir/Libraries/XMCLib/src/xmc4_scu.c.obj
                0x08003754                XMC_SCU_CLOCK_StepSystemPllFrequency
 .text.XMC_CCU4_StartPrescaler
                0x08003790       0x1c CMakeFiles/XMC4200.elf.dir/Libraries/XMCLib/src/xmc_ccu4.c.obj
 .text.XMC_CCU4_lDeassertReset
                0x080037ac       0x38 CMakeFiles/XMC4200.elf.dir/Libraries/XMCLib/src/xmc_ccu4.c.obj
 .text.XMC_CCU4_lUngateClock
                0x080037e4       0x38 CMakeFiles/XMC4200.elf.dir/Libraries/XMCLib/src/xmc_ccu4.c.obj
 .text.XMC_CCU4_EnableModule
                0x0800381c       0x22 CMakeFiles/XMC4200.elf.dir/Libraries/XMCLib/src/xmc_ccu4.c.obj
                0x0800381c                XMC_CCU4_EnableModule
 .text.XMC_CCU4_Init
                0x0800383e       0x3e CMakeFiles/XMC4200.elf.dir/Libraries/XMCLib/src/xmc_ccu4.c.obj
                0x0800383e                XMC_CCU4_Init
 .text.XMC_CCU4_SetMultiChannelShadowTransferMode
                0x0800387c       0x38 CMakeFiles/XMC4200.elf.dir/Libraries/XMCLib/src/xmc_ccu4.c.obj
                0x0800387c                XMC_CCU4_SetMultiChannelShadowTransferMode
 .text.XMC_CCU4_SLICE_CompareInit
                0x080038b4       0x6e CMakeFiles/XMC4200.elf.dir/Libraries/XMCLib/src/xmc_ccu4.c.obj
                0x080038b4                XMC_CCU4_SLICE_CompareInit
 .text.XMC_CCU4_SLICE_StartConfig
                0x08003922       0x5c CMakeFiles/XMC4200.elf.dir/Libraries/XMCLib/src/xmc_ccu4.c.obj
                0x08003922                XMC_CCU4_SLICE_StartConfig
 .text.XMC_CCU4_SLICE_StopConfig
                0x0800397e       0x58 CMakeFiles/XMC4200.elf.dir/Libraries/XMCLib/src/xmc_ccu4.c.obj
                0x0800397e                XMC_CCU4_SLICE_StopConfig
 .text.XMC_CCU4_SLICE_LoadConfig
                0x080039d6       0x36 CMakeFiles/XMC4200.elf.dir/Libraries/XMCLib/src/xmc_ccu4.c.obj
                0x080039d6                XMC_CCU4_SLICE_LoadConfig
 .text.XMC_CCU4_SLICE_ModulationConfig
                0x08003a0c       0x80 CMakeFiles/XMC4200.elf.dir/Libraries/XMCLib/src/xmc_ccu4.c.obj
                0x08003a0c                XMC_CCU4_SLICE_ModulationConfig
 .text.XMC_CCU4_SLICE_CountConfig
                0x08003a8c       0x36 CMakeFiles/XMC4200.elf.dir/Libraries/XMCLib/src/xmc_ccu4.c.obj
                0x08003a8c                XMC_CCU4_SLICE_CountConfig
 .text.XMC_CCU4_SLICE_GateConfig
                0x08003ac2       0x36 CMakeFiles/XMC4200.elf.dir/Libraries/XMCLib/src/xmc_ccu4.c.obj
                0x08003ac2                XMC_CCU4_SLICE_GateConfig
 .text.XMC_CCU4_SLICE_DirectionConfig
                0x08003af8       0x36 CMakeFiles/XMC4200.elf.dir/Libraries/XMCLib/src/xmc_ccu4.c.obj
                0x08003af8                XMC_CCU4_SLICE_DirectionConfig
 .text.XMC_CCU4_SLICE_StatusBitOverrideConfig
                0x08003b2e       0x30 CMakeFiles/XMC4200.elf.dir/Libraries/XMCLib/src/xmc_ccu4.c.obj
                0x08003b2e                XMC_CCU4_SLICE_StatusBitOverrideConfig
 .text.XMC_CCU4_SLICE_TrapConfig
                0x08003b5e       0x74 CMakeFiles/XMC4200.elf.dir/Libraries/XMCLib/src/xmc_ccu4.c.obj
                0x08003b5e                XMC_CCU4_SLICE_TrapConfig
 .text.XMC_CCU4_SLICE_ConfigureStatusBitOverrideEvent
                0x08003bd2       0xc4 CMakeFiles/XMC4200.elf.dir/Libraries/XMCLib/src/xmc_ccu4.c.obj
                0x08003bd2                XMC_CCU4_SLICE_ConfigureStatusBitOverrideEvent
 .text.XMC_CCU4_SLICE_ConfigureEvent
                0x08003c96       0xd4 CMakeFiles/XMC4200.elf.dir/Libraries/XMCLib/src/xmc_ccu4.c.obj
                0x08003c96                XMC_CCU4_SLICE_ConfigureEvent
 *fill*         0x08003d6a        0x2 
 .text.XMC_CCU4_SLICE_SetInterruptNode
                0x08003d6c       0xc8 CMakeFiles/XMC4200.elf.dir/Libraries/XMCLib/src/xmc_ccu4.c.obj
                0x08003d6c                XMC_CCU4_SLICE_SetInterruptNode
 .text.XMC_CCU8_StartPrescaler
                0x08003e34       0x1c CMakeFiles/XMC4200.elf.dir/Libraries/XMCLib/src/xmc_ccu8.c.obj
 .text.XMC_CCU8_SLICE_StopTimer
                0x08003e50       0x1a CMakeFiles/XMC4200.elf.dir/Libraries/XMCLib/src/xmc_ccu8.c.obj
 *fill*         0x08003e6a        0x2 
 .text.XMC_CCU8_lDeassertReset
                0x08003e6c       0x24 CMakeFiles/XMC4200.elf.dir/Libraries/XMCLib/src/xmc_ccu8.c.obj
 .text.XMC_CCU8_lUngateClock
                0x08003e90       0x24 CMakeFiles/XMC4200.elf.dir/Libraries/XMCLib/src/xmc_ccu8.c.obj
 .text.XMC_CCU8_EnableModule
                0x08003eb4       0x22 CMakeFiles/XMC4200.elf.dir/Libraries/XMCLib/src/xmc_ccu8.c.obj
                0x08003eb4                XMC_CCU8_EnableModule
 .text.XMC_CCU8_Init
                0x08003ed6       0x3e CMakeFiles/XMC4200.elf.dir/Libraries/XMCLib/src/xmc_ccu8.c.obj
                0x08003ed6                XMC_CCU8_Init
 .text.XMC_CCU8_SLICE_CompareInit
                0x08003f14       0x74 CMakeFiles/XMC4200.elf.dir/Libraries/XMCLib/src/xmc_ccu8.c.obj
                0x08003f14                XMC_CCU8_SLICE_CompareInit
 .text.XMC_CCU8_SetMultiChannelShadowTransferMode
                0x08003f88       0x38 CMakeFiles/XMC4200.elf.dir/Libraries/XMCLib/src/xmc_ccu8.c.obj
                0x08003f88                XMC_CCU8_SetMultiChannelShadowTransferMode
 .text.XMC_CCU8_SLICE_StartConfig
                0x08003fc0       0x5c CMakeFiles/XMC4200.elf.dir/Libraries/XMCLib/src/xmc_ccu8.c.obj
                0x08003fc0                XMC_CCU8_SLICE_StartConfig
 .text.XMC_CCU8_SLICE_StopConfig
                0x0800401c       0x58 CMakeFiles/XMC4200.elf.dir/Libraries/XMCLib/src/xmc_ccu8.c.obj
                0x0800401c                XMC_CCU8_SLICE_StopConfig
 .text.XMC_CCU8_SLICE_LoadConfig
                0x08004074       0x36 CMakeFiles/XMC4200.elf.dir/Libraries/XMCLib/src/xmc_ccu8.c.obj
                0x08004074                XMC_CCU8_SLICE_LoadConfig
 .text.XMC_CCU8_SLICE_LoadSelector
                0x080040aa       0x36 CMakeFiles/XMC4200.elf.dir/Libraries/XMCLib/src/xmc_ccu8.c.obj
                0x080040aa                XMC_CCU8_SLICE_LoadSelector
 .text.XMC_CCU8_SLICE_ModulationConfig
                0x080040e0       0x92 CMakeFiles/XMC4200.elf.dir/Libraries/XMCLib/src/xmc_ccu8.c.obj
                0x080040e0                XMC_CCU8_SLICE_ModulationConfig
 .text.XMC_CCU8_SLICE_CountConfig
                0x08004172       0x36 CMakeFiles/XMC4200.elf.dir/Libraries/XMCLib/src/xmc_ccu8.c.obj
                0x08004172                XMC_CCU8_SLICE_CountConfig
 .text.XMC_CCU8_SLICE_GateConfig
                0x080041a8       0x36 CMakeFiles/XMC4200.elf.dir/Libraries/XMCLib/src/xmc_ccu8.c.obj
                0x080041a8                XMC_CCU8_SLICE_GateConfig
 .text.XMC_CCU8_SLICE_DirectionConfig
                0x080041de       0x36 CMakeFiles/XMC4200.elf.dir/Libraries/XMCLib/src/xmc_ccu8.c.obj
                0x080041de                XMC_CCU8_SLICE_DirectionConfig
 .text.XMC_CCU8_SLICE_StatusBitOverrideConfig
                0x08004214       0x30 CMakeFiles/XMC4200.elf.dir/Libraries/XMCLib/src/xmc_ccu8.c.obj
                0x08004214                XMC_CCU8_SLICE_StatusBitOverrideConfig
 .text.XMC_CCU8_SLICE_TrapConfig
                0x08004244       0x74 CMakeFiles/XMC4200.elf.dir/Libraries/XMCLib/src/xmc_ccu8.c.obj
                0x08004244                XMC_CCU8_SLICE_TrapConfig
 .text.XMC_CCU8_SLICE_ConfigureStatusBitOverrideEvent
                0x080042b8       0xc4 CMakeFiles/XMC4200.elf.dir/Libraries/XMCLib/src/xmc_ccu8.c.obj
                0x080042b8                XMC_CCU8_SLICE_ConfigureStatusBitOverrideEvent
 .text.XMC_CCU8_SLICE_ConfigureEvent
                0x0800437c       0xd4 CMakeFiles/XMC4200.elf.dir/Libraries/XMCLib/src/xmc_ccu8.c.obj
                0x0800437c                XMC_CCU8_SLICE_ConfigureEvent
 .text.XMC_CCU8_SLICE_SetTimerPeriodMatch
                0x08004450       0x1e CMakeFiles/XMC4200.elf.dir/Libraries/XMCLib/src/xmc_ccu8.c.obj
                0x08004450                XMC_CCU8_SLICE_SetTimerPeriodMatch
 .text.XMC_CCU8_SLICE_SetTimerCompareMatch
                0x0800446e       0x30 CMakeFiles/XMC4200.elf.dir/Libraries/XMCLib/src/xmc_ccu8.c.obj
                0x0800446e                XMC_CCU8_SLICE_SetTimerCompareMatch
 *fill*         0x0800449e        0x2 
 .text.XMC_CCU8_SLICE_SetInterruptNode
                0x080044a0       0xd4 CMakeFiles/XMC4200.elf.dir/Libraries/XMCLib/src/xmc_ccu8.c.obj
                0x080044a0                XMC_CCU8_SLICE_SetInterruptNode
 .text.XMC_CCU8_SLICE_DeadTimeInit
                0x08004574       0x2e CMakeFiles/XMC4200.elf.dir/Libraries/XMCLib/src/xmc_ccu8.c.obj
                0x08004574                XMC_CCU8_SLICE_DeadTimeInit
 .text.XMC_GPIO_SetMode
                0x080045a2       0x82 CMakeFiles/XMC4200.elf.dir/Libraries/XMCLib/src/xmc_gpio.c.obj
                0x080045a2                XMC_GPIO_SetMode
 .text.XMC_GPIO_SetHardwareControl
                0x08004624       0x46 CMakeFiles/XMC4200.elf.dir/Libraries/XMCLib/src/xmc_gpio.c.obj
                0x08004624                XMC_GPIO_SetHardwareControl
 .text.XMC_USIC_CH_GetTransmitBufferStatus
                0x0800466a       0x20 CMakeFiles/XMC4200.elf.dir/Libraries/XMCLib/src/xmc_i2c.c.obj
 .text.XMC_I2C_CH_ClearStatusFlag
                0x0800468a       0x22 CMakeFiles/XMC4200.elf.dir/Libraries/XMCLib/src/xmc_i2c.c.obj
 .text.XMC_I2C_CH_InitEx
                0x080046ac       0x60 CMakeFiles/XMC4200.elf.dir/Libraries/XMCLib/src/xmc_i2c.c.obj
                0x080046ac                XMC_I2C_CH_InitEx
 .text.XMC_I2C_CH_SetSlaveAddress
                0x0800470c       0x54 CMakeFiles/XMC4200.elf.dir/Libraries/XMCLib/src/xmc_i2c.c.obj
                0x0800470c                XMC_I2C_CH_SetSlaveAddress
 .text.XMC_I2C_CH_SetBaudrateEx
                0x08004760       0x9c CMakeFiles/XMC4200.elf.dir/Libraries/XMCLib/src/xmc_i2c.c.obj
                0x08004760                XMC_I2C_CH_SetBaudrateEx
 .text.XMC_I2C_CH_MasterStop
                0x080047fc       0x4c CMakeFiles/XMC4200.elf.dir/Libraries/XMCLib/src/xmc_i2c.c.obj
                0x080047fc                XMC_I2C_CH_MasterStop
 .text.XMC_I2C_CH_MasterTransmit
                0x08004848       0x4c CMakeFiles/XMC4200.elf.dir/Libraries/XMCLib/src/xmc_i2c.c.obj
                0x08004848                XMC_I2C_CH_MasterTransmit
 .text.XMC_I2C_CH_MasterReceiveAck
                0x08004894       0x4c CMakeFiles/XMC4200.elf.dir/Libraries/XMCLib/src/xmc_i2c.c.obj
                0x08004894                XMC_I2C_CH_MasterReceiveAck
 .text.XMC_I2C_CH_MasterReceiveNack
                0x080048e0       0x4c CMakeFiles/XMC4200.elf.dir/Libraries/XMCLib/src/xmc_i2c.c.obj
                0x080048e0                XMC_I2C_CH_MasterReceiveNack
 .text.XMC_I2C_CH_GetReceivedData
                0x0800492c       0x34 CMakeFiles/XMC4200.elf.dir/Libraries/XMCLib/src/xmc_i2c.c.obj
                0x0800492c                XMC_I2C_CH_GetReceivedData
 .text.XMC_I2C_CH_DisableEvent
                0x08004960       0x40 CMakeFiles/XMC4200.elf.dir/Libraries/XMCLib/src/xmc_i2c.c.obj
                0x08004960                XMC_I2C_CH_DisableEvent
 .text.XMC_USIC_CH_GetTransmitBufferStatus
                0x080049a0       0x20 CMakeFiles/XMC4200.elf.dir/Libraries/XMCLib/src/xmc_spi.c.obj
 .text.XMC_SPI_CH_ClearStatusFlag
                0x080049c0       0x22 CMakeFiles/XMC4200.elf.dir/Libraries/XMCLib/src/xmc_spi.c.obj
 *fill*         0x080049e2        0x2 
 .text.XMC_SPI_CH_InitEx
                0x080049e4       0x8c CMakeFiles/XMC4200.elf.dir/Libraries/XMCLib/src/xmc_spi.c.obj
                0x080049e4                XMC_SPI_CH_InitEx
 .text.XMC_SPI_CH_Transmit
                0x08004a70       0x6c CMakeFiles/XMC4200.elf.dir/Libraries/XMCLib/src/xmc_spi.c.obj
                0x08004a70                XMC_SPI_CH_Transmit
 .text.XMC_SPI_CH_GetReceivedData
                0x08004adc       0x34 CMakeFiles/XMC4200.elf.dir/Libraries/XMCLib/src/xmc_spi.c.obj
                0x08004adc                XMC_SPI_CH_GetReceivedData
 .text.XMC_USIC_CH_GetTransmitBufferStatus
                0x08004b10       0x20 CMakeFiles/XMC4200.elf.dir/Libraries/XMCLib/src/xmc_uart.c.obj
 .text.XMC_UART_CH_ClearStatusFlag
                0x08004b30       0x1c CMakeFiles/XMC4200.elf.dir/Libraries/XMCLib/src/xmc_uart.c.obj
 .text.XMC_UART_CH_InitEx
                0x08004b4c       0xd2 CMakeFiles/XMC4200.elf.dir/Libraries/XMCLib/src/xmc_uart.c.obj
                0x08004b4c                XMC_UART_CH_InitEx
 .text.XMC_UART_CH_Transmit
                0x08004c1e       0x4c CMakeFiles/XMC4200.elf.dir/Libraries/XMCLib/src/xmc_uart.c.obj
                0x08004c1e                XMC_UART_CH_Transmit
 .text.XMC_UART_CH_GetReceivedData
                0x08004c6a       0x34 CMakeFiles/XMC4200.elf.dir/Libraries/XMCLib/src/xmc_uart.c.obj
                0x08004c6a                XMC_UART_CH_GetReceivedData
 *fill*         0x08004c9e        0x2 
 .text.XMC_USIC_CH_Enable
                0x08004ca0       0x78 CMakeFiles/XMC4200.elf.dir/Libraries/XMCLib/src/xmc_usic.c.obj
                0x08004ca0                XMC_USIC_CH_Enable
 .text.XMC_USIC_CH_SetBaudrate
                0x08004d18       0xe4 CMakeFiles/XMC4200.elf.dir/Libraries/XMCLib/src/xmc_usic.c.obj
                0x08004d18                XMC_USIC_CH_SetBaudrate
 .text.XMC_USIC_CH_SetBaudrateEx
                0x08004dfc      0x100 CMakeFiles/XMC4200.elf.dir/Libraries/XMCLib/src/xmc_usic.c.obj
                0x08004dfc                XMC_USIC_CH_SetBaudrateEx
 .text.XMC_USIC_CH_TXFIFO_Configure
                0x08004efc       0x50 CMakeFiles/XMC4200.elf.dir/Libraries/XMCLib/src/xmc_usic.c.obj
                0x08004efc                XMC_USIC_CH_TXFIFO_Configure
 .text.XMC_USIC_CH_RXFIFO_Configure
                0x08004f4c       0x54 CMakeFiles/XMC4200.elf.dir/Libraries/XMCLib/src/xmc_usic.c.obj
                0x08004f4c                XMC_USIC_CH_RXFIFO_Configure
 .text.XMC_USIC_CH_RXFIFO_SetSizeTriggerLimit
                0x08004fa0       0x30 CMakeFiles/XMC4200.elf.dir/Libraries/XMCLib/src/xmc_usic.c.obj
                0x08004fa0                XMC_USIC_CH_RXFIFO_SetSizeTriggerLimit
 .text.XMC_USIC_CH_SetInterruptNodePointer
                0x08004fd0       0x38 CMakeFiles/XMC4200.elf.dir/Libraries/XMCLib/src/xmc_usic.c.obj
                0x08004fd0                XMC_USIC_CH_SetInterruptNodePointer
 .text.XMC_USIC_CH_TXFIFO_SetInterruptNodePointer
                0x08005008       0x3c CMakeFiles/XMC4200.elf.dir/Libraries/XMCLib/src/xmc_usic.c.obj
                0x08005008                XMC_USIC_CH_TXFIFO_SetInterruptNodePointer
 .text.XMC_USIC_CH_RXFIFO_SetInterruptNodePointer
                0x08005044       0x3c CMakeFiles/XMC4200.elf.dir/Libraries/XMCLib/src/xmc_usic.c.obj
                0x08005044                XMC_USIC_CH_RXFIFO_SetInterruptNodePointer
 .text.XMC_USIC_Enable
                0x08005080       0x88 CMakeFiles/XMC4200.elf.dir/Libraries/XMCLib/src/xmc_usic.c.obj
                0x08005080                XMC_USIC_Enable
 .text.SystemInit
                0x08005108       0x34 CMakeFiles/XMC4200.elf.dir/Startup/system_XMC4200.c.obj
                0x08005108                SystemInit
 .text.SystemCoreClockUpdate
                0x0800513c       0xd4 CMakeFiles/XMC4200.elf.dir/Startup/system_XMC4200.c.obj
                0x0800513c                SystemCoreClockUpdate
 .text.OSCHP_GetFrequency
                0x08005210       0x14 CMakeFiles/XMC4200.elf.dir/Startup/system_XMC4200.c.obj
                0x08005210                OSCHP_GetFrequency
 .text          0x08005224       0x8c CMakeFiles/XMC4200.elf.dir/Src/main.cpp.obj
                0x0800524a                main
 .text.memset   0x080052b0       0x9c D:/Projekty/TrinityTrack6000/tools/arm-gnu-toolchain-14.3.rel1-mingw-w64-x86_64-arm-none-eabi/bin/../lib/gcc/arm-none-eabi/14.3.1/../../../../arm-none-eabi/lib/thumb/v7e-m+fp/hard\libg.a(libc_a-memset.o)
                0x080052b0                memset
 .text.__libc_init_array
                0x0800534c       0x50 D:/Projekty/TrinityTrack6000/tools/arm-gnu-toolchain-14.3.rel1-mingw-w64-x86_64-arm-none-eabi/bin/../lib/gcc/arm-none-eabi/14.3.1/../../../../arm-none-eabi/lib/thumb/v7e-m+fp/hard\libg.a(libc_a-init.o)
                0x0800534c                __libc_init_array
 .text.__retarget_lock_acquire_recursive
                0x0800539c        0x4 D:/Projekty/TrinityTrack6000/tools/arm-gnu-toolchain-14.3.rel1-mingw-w64-x86_64-arm-none-eabi/bin/../lib/gcc/arm-none-eabi/14.3.1/../../../../arm-none-eabi/lib/thumb/v7e-m+fp/hard\libg.a(libc_a-lock.o)
                0x0800539c                __retarget_lock_acquire_recursive
 .text.__retarget_lock_release_recursive
                0x080053a0        0x4 D:/Projekty/TrinityTrack6000/tools/arm-gnu-toolchain-14.3.rel1-mingw-w64-x86_64-arm-none-eabi/bin/../lib/gcc/arm-none-eabi/14.3.1/../../../../arm-none-eabi/lib/thumb/v7e-m+fp/hard\libg.a(libc_a-lock.o)
                0x080053a0                __retarget_lock_release_recursive
 .text.startup.register_fini
                0x080053a4       0x14 D:/Projekty/TrinityTrack6000/tools/arm-gnu-toolchain-14.3.rel1-mingw-w64-x86_64-arm-none-eabi/bin/../lib/gcc/arm-none-eabi/14.3.1/../../../../arm-none-eabi/lib/thumb/v7e-m+fp/hard\libg.a(libc_a-__call_atexit.o)
 .text.atexit   0x080053b8        0xc D:/Projekty/TrinityTrack6000/tools/arm-gnu-toolchain-14.3.rel1-mingw-w64-x86_64-arm-none-eabi/bin/../lib/gcc/arm-none-eabi/14.3.1/../../../../arm-none-eabi/lib/thumb/v7e-m+fp/hard\libg.a(libc_a-atexit.o)
                0x080053b8                atexit
 .text.__libc_fini_array
                0x080053c4       0x28 D:/Projekty/TrinityTrack6000/tools/arm-gnu-toolchain-14.3.rel1-mingw-w64-x86_64-arm-none-eabi/bin/../lib/gcc/arm-none-eabi/14.3.1/../../../../arm-none-eabi/lib/thumb/v7e-m+fp/hard\libg.a(libc_a-fini.o)
                0x080053c4                __libc_fini_array
 .text.__register_exitproc
                0x080053ec       0x80 D:/Projekty/TrinityTrack6000/tools/arm-gnu-toolchain-14.3.rel1-mingw-w64-x86_64-arm-none-eabi/bin/../lib/gcc/arm-none-eabi/14.3.1/../../../../arm-none-eabi/lib/thumb/v7e-m+fp/hard\libg.a(libc_a-__atexit.o)
                0x080053ec                __register_exitproc
 *(.init)
 .init          0x0800546c        0x4 D:/Projekty/TrinityTrack6000/tools/arm-gnu-toolchain-14.3.rel1-mingw-w64-x86_64-arm-none-eabi/bin/../lib/gcc/arm-none-eabi/14.3.1/thumb/v7e-m+fp/hard/crti.o
                0x0800546c                _init
 .init          0x08005470        0x8 D:/Projekty/TrinityTrack6000/tools/arm-gnu-toolchain-14.3.rel1-mingw-w64-x86_64-arm-none-eabi/bin/../lib/gcc/arm-none-eabi/14.3.1/thumb/v7e-m+fp/hard/crtn.o
 *(.fini)
 .fini          0x08005478        0x4 D:/Projekty/TrinityTrack6000/tools/arm-gnu-toolchain-14.3.rel1-mingw-w64-x86_64-arm-none-eabi/bin/../lib/gcc/arm-none-eabi/14.3.1/thumb/v7e-m+fp/hard/crti.o
                0x08005478                _fini
 .fini          0x0800547c        0x8 D:/Projekty/TrinityTrack6000/tools/arm-gnu-toolchain-14.3.rel1-mingw-w64-x86_64-arm-none-eabi/bin/../lib/gcc/arm-none-eabi/14.3.1/thumb/v7e-m+fp/hard/crtn.o
 *crtbegin.o(.ctors)
 *crtbegin?.o(.ctors)
 *(EXCLUDE_FILE(*crtend.o *crtend?.o) .ctors)
 *(SORT_BY_NAME(.ctors.*))
 *(.ctors)
 *crtbegin.o(.dtors)
 *crtbegin?.o(.dtors)
 *(EXCLUDE_FILE(*crtend.o *crtend?.o) .dtors)
 *(SORT_BY_NAME(.dtors.*))
 *(.dtors)
 *(.rodata .rodata.*)
 .rodata        0x08005484       0x14 CMakeFiles/XMC4200.elf.dir/Dave/Generated/CLOCK_XMC4/clock_xmc4_conf.c.obj
 .rodata.DIGITAL_IO_0
                0x08005498       0x14 CMakeFiles/XMC4200.elf.dir/Dave/Generated/DIGITAL_IO/digital_io_conf.c.obj
                0x08005498                DIGITAL_IO_0
 .rodata.DIGITAL_IO_1
                0x080054ac       0x14 CMakeFiles/XMC4200.elf.dir/Dave/Generated/DIGITAL_IO/digital_io_conf.c.obj
                0x080054ac                DIGITAL_IO_1
 .rodata.DIGITAL_IO_2
                0x080054c0       0x14 CMakeFiles/XMC4200.elf.dir/Dave/Generated/DIGITAL_IO/digital_io_conf.c.obj
                0x080054c0                DIGITAL_IO_2
 .rodata.DIGITAL_IO_3
                0x080054d4       0x14 CMakeFiles/XMC4200.elf.dir/Dave/Generated/DIGITAL_IO/digital_io_conf.c.obj
                0x080054d4                DIGITAL_IO_3
 .rodata.DIGITAL_IO_4
                0x080054e8       0x14 CMakeFiles/XMC4200.elf.dir/Dave/Generated/DIGITAL_IO/digital_io_conf.c.obj
                0x080054e8                DIGITAL_IO_4
 .rodata.DIGITAL_IO_5
                0x080054fc       0x14 CMakeFiles/XMC4200.elf.dir/Dave/Generated/DIGITAL_IO/digital_io_conf.c.obj
                0x080054fc                DIGITAL_IO_5
 .rodata.DIGITAL_IO_6
                0x08005510       0x14 CMakeFiles/XMC4200.elf.dir/Dave/Generated/DIGITAL_IO/digital_io_conf.c.obj
                0x08005510                DIGITAL_IO_6
 .rodata.DIGITAL_IO_7
                0x08005524       0x14 CMakeFiles/XMC4200.elf.dir/Dave/Generated/DIGITAL_IO/digital_io_conf.c.obj
                0x08005524                DIGITAL_IO_7
 .rodata.DIGITAL_IO_8
                0x08005538       0x14 CMakeFiles/XMC4200.elf.dir/Dave/Generated/DIGITAL_IO/digital_io_conf.c.obj
                0x08005538                DIGITAL_IO_8
 .rodata.I2C_BUS_sda_pin_config
                0x0800554c        0xc CMakeFiles/XMC4200.elf.dir/Dave/Generated/I2C_MASTER/i2c_master_conf.c.obj
 .rodata.I2C_BUS_scl_pin_config
                0x08005558        0xc CMakeFiles/XMC4200.elf.dir/Dave/Generated/I2C_MASTER/i2c_master_conf.c.obj
 .rodata.I2C_BUS_channel_config
                0x08005564        0x8 CMakeFiles/XMC4200.elf.dir/Dave/Generated/I2C_MASTER/i2c_master_conf.c.obj
                0x08005564                I2C_BUS_channel_config
 .rodata.I2C_BUS_config
                0x0800556c       0x2c CMakeFiles/XMC4200.elf.dir/Dave/Generated/I2C_MASTER/i2c_master_conf.c.obj
                0x0800556c                I2C_BUS_config
 .rodata.PWM_CCU4_0_timer_handle
                0x08005598        0x8 CMakeFiles/XMC4200.elf.dir/Dave/Generated/PWM_CCU4/pwm_ccu4_conf.c.obj
                0x08005598                PWM_CCU4_0_timer_handle
 .rodata.PWM_CCU4_0_event0_config
                0x080055a0        0x4 CMakeFiles/XMC4200.elf.dir/Dave/Generated/PWM_CCU4/pwm_ccu4_conf.c.obj
                0x080055a0                PWM_CCU4_0_event0_config
 .rodata.PWM_CCU4_0_event1_config
                0x080055a4        0x4 CMakeFiles/XMC4200.elf.dir/Dave/Generated/PWM_CCU4/pwm_ccu4_conf.c.obj
                0x080055a4                PWM_CCU4_0_event1_config
 .rodata.PWM_CCU4_0_event2_config
                0x080055a8        0x4 CMakeFiles/XMC4200.elf.dir/Dave/Generated/PWM_CCU4/pwm_ccu4_conf.c.obj
                0x080055a8                PWM_CCU4_0_event2_config
 .rodata.PWM_CCU4_0_ch1_out0_config
                0x080055ac        0xc CMakeFiles/XMC4200.elf.dir/Dave/Generated/PWM_CCU4/pwm_ccu4_conf.c.obj
                0x080055ac                PWM_CCU4_0_ch1_out0_config
 .rodata.PWM_CCU4_0_config_handle
                0x080055b8       0x50 CMakeFiles/XMC4200.elf.dir/Dave/Generated/PWM_CCU4/pwm_ccu4_conf.c.obj
                0x080055b8                PWM_CCU4_0_config_handle
 .rodata.PWM_CCU4_1_timer_handle
                0x08005608        0x8 CMakeFiles/XMC4200.elf.dir/Dave/Generated/PWM_CCU4/pwm_ccu4_conf.c.obj
                0x08005608                PWM_CCU4_1_timer_handle
 .rodata.PWM_CCU4_1_event0_config
                0x08005610        0x4 CMakeFiles/XMC4200.elf.dir/Dave/Generated/PWM_CCU4/pwm_ccu4_conf.c.obj
                0x08005610                PWM_CCU4_1_event0_config
 .rodata.PWM_CCU4_1_event1_config
                0x08005614        0x4 CMakeFiles/XMC4200.elf.dir/Dave/Generated/PWM_CCU4/pwm_ccu4_conf.c.obj
                0x08005614                PWM_CCU4_1_event1_config
 .rodata.PWM_CCU4_1_event2_config
                0x08005618        0x4 CMakeFiles/XMC4200.elf.dir/Dave/Generated/PWM_CCU4/pwm_ccu4_conf.c.obj
                0x08005618                PWM_CCU4_1_event2_config
 .rodata.PWM_CCU4_1_ch1_out0_config
                0x0800561c        0xc CMakeFiles/XMC4200.elf.dir/Dave/Generated/PWM_CCU4/pwm_ccu4_conf.c.obj
                0x0800561c                PWM_CCU4_1_ch1_out0_config
 .rodata.PWM_CCU4_1_config_handle
                0x08005628       0x50 CMakeFiles/XMC4200.elf.dir/Dave/Generated/PWM_CCU4/pwm_ccu4_conf.c.obj
                0x08005628                PWM_CCU4_1_config_handle
 .rodata.PWM_CCU4_2_timer_handle
                0x08005678        0x8 CMakeFiles/XMC4200.elf.dir/Dave/Generated/PWM_CCU4/pwm_ccu4_conf.c.obj
                0x08005678                PWM_CCU4_2_timer_handle
 .rodata.PWM_CCU4_2_event0_config
                0x08005680        0x4 CMakeFiles/XMC4200.elf.dir/Dave/Generated/PWM_CCU4/pwm_ccu4_conf.c.obj
                0x08005680                PWM_CCU4_2_event0_config
 .rodata.PWM_CCU4_2_event1_config
                0x08005684        0x4 CMakeFiles/XMC4200.elf.dir/Dave/Generated/PWM_CCU4/pwm_ccu4_conf.c.obj
                0x08005684                PWM_CCU4_2_event1_config
 .rodata.PWM_CCU4_2_event2_config
                0x08005688        0x4 CMakeFiles/XMC4200.elf.dir/Dave/Generated/PWM_CCU4/pwm_ccu4_conf.c.obj
                0x08005688                PWM_CCU4_2_event2_config
 .rodata.PWM_CCU4_2_ch1_out0_config
                0x0800568c        0xc CMakeFiles/XMC4200.elf.dir/Dave/Generated/PWM_CCU4/pwm_ccu4_conf.c.obj
                0x0800568c                PWM_CCU4_2_ch1_out0_config
 .rodata.PWM_CCU4_2_config_handle
                0x08005698       0x50 CMakeFiles/XMC4200.elf.dir/Dave/Generated/PWM_CCU4/pwm_ccu4_conf.c.obj
                0x08005698                PWM_CCU4_2_config_handle
 .rodata.PWM_CCU4_3_timer_handle
                0x080056e8        0x8 CMakeFiles/XMC4200.elf.dir/Dave/Generated/PWM_CCU4/pwm_ccu4_conf.c.obj
                0x080056e8                PWM_CCU4_3_timer_handle
 .rodata.PWM_CCU4_3_event0_config
                0x080056f0        0x4 CMakeFiles/XMC4200.elf.dir/Dave/Generated/PWM_CCU4/pwm_ccu4_conf.c.obj
                0x080056f0                PWM_CCU4_3_event0_config
 .rodata.PWM_CCU4_3_event1_config
                0x080056f4        0x4 CMakeFiles/XMC4200.elf.dir/Dave/Generated/PWM_CCU4/pwm_ccu4_conf.c.obj
                0x080056f4                PWM_CCU4_3_event1_config
 .rodata.PWM_CCU4_3_event2_config
                0x080056f8        0x4 CMakeFiles/XMC4200.elf.dir/Dave/Generated/PWM_CCU4/pwm_ccu4_conf.c.obj
                0x080056f8                PWM_CCU4_3_event2_config
 .rodata.PWM_CCU4_3_ch1_out0_config
                0x080056fc        0xc CMakeFiles/XMC4200.elf.dir/Dave/Generated/PWM_CCU4/pwm_ccu4_conf.c.obj
                0x080056fc                PWM_CCU4_3_ch1_out0_config
 .rodata.PWM_CCU4_3_config_handle
                0x08005708       0x50 CMakeFiles/XMC4200.elf.dir/Dave/Generated/PWM_CCU4/pwm_ccu4_conf.c.obj
                0x08005708                PWM_CCU4_3_config_handle
 .rodata.PWM_CCU4_4_timer_handle
                0x08005758        0x8 CMakeFiles/XMC4200.elf.dir/Dave/Generated/PWM_CCU4/pwm_ccu4_conf.c.obj
                0x08005758                PWM_CCU4_4_timer_handle
 .rodata.PWM_CCU4_4_event0_config
                0x08005760        0x4 CMakeFiles/XMC4200.elf.dir/Dave/Generated/PWM_CCU4/pwm_ccu4_conf.c.obj
                0x08005760                PWM_CCU4_4_event0_config
 .rodata.PWM_CCU4_4_event1_config
                0x08005764        0x4 CMakeFiles/XMC4200.elf.dir/Dave/Generated/PWM_CCU4/pwm_ccu4_conf.c.obj
                0x08005764                PWM_CCU4_4_event1_config
 .rodata.PWM_CCU4_4_event2_config
                0x08005768        0x4 CMakeFiles/XMC4200.elf.dir/Dave/Generated/PWM_CCU4/pwm_ccu4_conf.c.obj
                0x08005768                PWM_CCU4_4_event2_config
 .rodata.PWM_CCU4_4_ch1_out0_config
                0x0800576c        0xc CMakeFiles/XMC4200.elf.dir/Dave/Generated/PWM_CCU4/pwm_ccu4_conf.c.obj
                0x0800576c                PWM_CCU4_4_ch1_out0_config
 .rodata.PWM_CCU4_4_config_handle
                0x08005778       0x50 CMakeFiles/XMC4200.elf.dir/Dave/Generated/PWM_CCU4/pwm_ccu4_conf.c.obj
                0x08005778                PWM_CCU4_4_config_handle
 .rodata.PWM_CCU4_5_timer_handle
                0x080057c8        0x8 CMakeFiles/XMC4200.elf.dir/Dave/Generated/PWM_CCU4/pwm_ccu4_conf.c.obj
                0x080057c8                PWM_CCU4_5_timer_handle
 .rodata.PWM_CCU4_5_event0_config
                0x080057d0        0x4 CMakeFiles/XMC4200.elf.dir/Dave/Generated/PWM_CCU4/pwm_ccu4_conf.c.obj
                0x080057d0                PWM_CCU4_5_event0_config
 .rodata.PWM_CCU4_5_event1_config
                0x080057d4        0x4 CMakeFiles/XMC4200.elf.dir/Dave/Generated/PWM_CCU4/pwm_ccu4_conf.c.obj
                0x080057d4                PWM_CCU4_5_event1_config
 .rodata.PWM_CCU4_5_event2_config
                0x080057d8        0x4 CMakeFiles/XMC4200.elf.dir/Dave/Generated/PWM_CCU4/pwm_ccu4_conf.c.obj
                0x080057d8                PWM_CCU4_5_event2_config
 .rodata.PWM_CCU4_5_ch1_out0_config
                0x080057dc        0xc CMakeFiles/XMC4200.elf.dir/Dave/Generated/PWM_CCU4/pwm_ccu4_conf.c.obj
                0x080057dc                PWM_CCU4_5_ch1_out0_config
 .rodata.PWM_CCU4_5_config_handle
                0x080057e8       0x50 CMakeFiles/XMC4200.elf.dir/Dave/Generated/PWM_CCU4/pwm_ccu4_conf.c.obj
                0x080057e8                PWM_CCU4_5_config_handle
 .rodata.PWM_CCU4_6_timer_handle
                0x08005838        0x8 CMakeFiles/XMC4200.elf.dir/Dave/Generated/PWM_CCU4/pwm_ccu4_conf.c.obj
                0x08005838                PWM_CCU4_6_timer_handle
 .rodata.PWM_CCU4_6_event0_config
                0x08005840        0x4 CMakeFiles/XMC4200.elf.dir/Dave/Generated/PWM_CCU4/pwm_ccu4_conf.c.obj
                0x08005840                PWM_CCU4_6_event0_config
 .rodata.PWM_CCU4_6_event1_config
                0x08005844        0x4 CMakeFiles/XMC4200.elf.dir/Dave/Generated/PWM_CCU4/pwm_ccu4_conf.c.obj
                0x08005844                PWM_CCU4_6_event1_config
 .rodata.PWM_CCU4_6_event2_config
                0x08005848        0x4 CMakeFiles/XMC4200.elf.dir/Dave/Generated/PWM_CCU4/pwm_ccu4_conf.c.obj
                0x08005848                PWM_CCU4_6_event2_config
 .rodata.PWM_CCU4_6_ch1_out0_config
                0x0800584c        0xc CMakeFiles/XMC4200.elf.dir/Dave/Generated/PWM_CCU4/pwm_ccu4_conf.c.obj
                0x0800584c                PWM_CCU4_6_ch1_out0_config
 .rodata.PWM_CCU4_6_config_handle
                0x08005858       0x50 CMakeFiles/XMC4200.elf.dir/Dave/Generated/PWM_CCU4/pwm_ccu4_conf.c.obj
                0x08005858                PWM_CCU4_6_config_handle
 .rodata.PWM_CCU4_7_timer_handle
                0x080058a8        0x8 CMakeFiles/XMC4200.elf.dir/Dave/Generated/PWM_CCU4/pwm_ccu4_conf.c.obj
                0x080058a8                PWM_CCU4_7_timer_handle
 .rodata.PWM_CCU4_7_event0_config
                0x080058b0        0x4 CMakeFiles/XMC4200.elf.dir/Dave/Generated/PWM_CCU4/pwm_ccu4_conf.c.obj
                0x080058b0                PWM_CCU4_7_event0_config
 .rodata.PWM_CCU4_7_event1_config
                0x080058b4        0x4 CMakeFiles/XMC4200.elf.dir/Dave/Generated/PWM_CCU4/pwm_ccu4_conf.c.obj
                0x080058b4                PWM_CCU4_7_event1_config
 .rodata.PWM_CCU4_7_event2_config
                0x080058b8        0x4 CMakeFiles/XMC4200.elf.dir/Dave/Generated/PWM_CCU4/pwm_ccu4_conf.c.obj
                0x080058b8                PWM_CCU4_7_event2_config
 .rodata.PWM_CCU4_7_ch1_out0_config
                0x080058bc        0xc CMakeFiles/XMC4200.elf.dir/Dave/Generated/PWM_CCU4/pwm_ccu4_conf.c.obj
                0x080058bc                PWM_CCU4_7_ch1_out0_config
 .rodata.PWM_CCU4_7_config_handle
                0x080058c8       0x50 CMakeFiles/XMC4200.elf.dir/Dave/Generated/PWM_CCU4/pwm_ccu4_conf.c.obj
                0x080058c8                PWM_CCU4_7_config_handle
 .rodata.PWM_CCU8_0_timer_handle
                0x08005918       0x10 CMakeFiles/XMC4200.elf.dir/Dave/Generated/PWM_CCU8/pwm_ccu8_conf.c.obj
                0x08005918                PWM_CCU8_0_timer_handle
 .rodata.PWM_CCU8_0_event0_config
                0x08005928        0x4 CMakeFiles/XMC4200.elf.dir/Dave/Generated/PWM_CCU8/pwm_ccu8_conf.c.obj
                0x08005928                PWM_CCU8_0_event0_config
 .rodata.PWM_CCU8_0_event1_config
                0x0800592c        0x4 CMakeFiles/XMC4200.elf.dir/Dave/Generated/PWM_CCU8/pwm_ccu8_conf.c.obj
                0x0800592c                PWM_CCU8_0_event1_config
 .rodata.PWM_CCU8_0_event2_config
                0x08005930        0x4 CMakeFiles/XMC4200.elf.dir/Dave/Generated/PWM_CCU8/pwm_ccu8_conf.c.obj
                0x08005930                PWM_CCU8_0_event2_config
 .rodata.PWM_CCU8_0_dt_config
                0x08005934        0xc CMakeFiles/XMC4200.elf.dir/Dave/Generated/PWM_CCU8/pwm_ccu8_conf.c.obj
                0x08005934                PWM_CCU8_0_dt_config
 .rodata.PWM_CCU8_0_ch1_out0_config
                0x08005940        0xc CMakeFiles/XMC4200.elf.dir/Dave/Generated/PWM_CCU8/pwm_ccu8_conf.c.obj
                0x08005940                PWM_CCU8_0_ch1_out0_config
 .rodata.PWM_CCU8_0_config_handle
                0x0800594c       0x90 CMakeFiles/XMC4200.elf.dir/Dave/Generated/PWM_CCU8/pwm_ccu8_conf.c.obj
                0x0800594c                PWM_CCU8_0_config_handle
 .rodata.PWM_CCU8_1_timer_handle
                0x080059dc       0x10 CMakeFiles/XMC4200.elf.dir/Dave/Generated/PWM_CCU8/pwm_ccu8_conf.c.obj
                0x080059dc                PWM_CCU8_1_timer_handle
 .rodata.PWM_CCU8_1_event0_config
                0x080059ec        0x4 CMakeFiles/XMC4200.elf.dir/Dave/Generated/PWM_CCU8/pwm_ccu8_conf.c.obj
                0x080059ec                PWM_CCU8_1_event0_config
 .rodata.PWM_CCU8_1_event1_config
                0x080059f0        0x4 CMakeFiles/XMC4200.elf.dir/Dave/Generated/PWM_CCU8/pwm_ccu8_conf.c.obj
                0x080059f0                PWM_CCU8_1_event1_config
 .rodata.PWM_CCU8_1_event2_config
                0x080059f4        0x4 CMakeFiles/XMC4200.elf.dir/Dave/Generated/PWM_CCU8/pwm_ccu8_conf.c.obj
                0x080059f4                PWM_CCU8_1_event2_config
 .rodata.PWM_CCU8_1_dt_config
                0x080059f8        0xc CMakeFiles/XMC4200.elf.dir/Dave/Generated/PWM_CCU8/pwm_ccu8_conf.c.obj
                0x080059f8                PWM_CCU8_1_dt_config
 .rodata.PWM_CCU8_1_ch1_out0_config
                0x08005a04        0xc CMakeFiles/XMC4200.elf.dir/Dave/Generated/PWM_CCU8/pwm_ccu8_conf.c.obj
                0x08005a04                PWM_CCU8_1_ch1_out0_config
 .rodata.PWM_CCU8_1_config_handle
                0x08005a10       0x90 CMakeFiles/XMC4200.elf.dir/Dave/Generated/PWM_CCU8/pwm_ccu8_conf.c.obj
                0x08005a10                PWM_CCU8_1_config_handle
 .rodata.PWM_CCU8_2_timer_handle
                0x08005aa0       0x10 CMakeFiles/XMC4200.elf.dir/Dave/Generated/PWM_CCU8/pwm_ccu8_conf.c.obj
                0x08005aa0                PWM_CCU8_2_timer_handle
 .rodata.PWM_CCU8_2_event0_config
                0x08005ab0        0x4 CMakeFiles/XMC4200.elf.dir/Dave/Generated/PWM_CCU8/pwm_ccu8_conf.c.obj
                0x08005ab0                PWM_CCU8_2_event0_config
 .rodata.PWM_CCU8_2_event1_config
                0x08005ab4        0x4 CMakeFiles/XMC4200.elf.dir/Dave/Generated/PWM_CCU8/pwm_ccu8_conf.c.obj
                0x08005ab4                PWM_CCU8_2_event1_config
 .rodata.PWM_CCU8_2_event2_config
                0x08005ab8        0x4 CMakeFiles/XMC4200.elf.dir/Dave/Generated/PWM_CCU8/pwm_ccu8_conf.c.obj
                0x08005ab8                PWM_CCU8_2_event2_config
 .rodata.PWM_CCU8_2_dt_config
                0x08005abc        0xc CMakeFiles/XMC4200.elf.dir/Dave/Generated/PWM_CCU8/pwm_ccu8_conf.c.obj
                0x08005abc                PWM_CCU8_2_dt_config
 .rodata.PWM_CCU8_2_ch1_out0_config
                0x08005ac8        0xc CMakeFiles/XMC4200.elf.dir/Dave/Generated/PWM_CCU8/pwm_ccu8_conf.c.obj
                0x08005ac8                PWM_CCU8_2_ch1_out0_config
 .rodata.PWM_CCU8_2_ch2_out2_config
                0x08005ad4        0xc CMakeFiles/XMC4200.elf.dir/Dave/Generated/PWM_CCU8/pwm_ccu8_conf.c.obj
                0x08005ad4                PWM_CCU8_2_ch2_out2_config
 .rodata.PWM_CCU8_2_config_handle
                0x08005ae0       0x90 CMakeFiles/XMC4200.elf.dir/Dave/Generated/PWM_CCU8/pwm_ccu8_conf.c.obj
                0x08005ae0                PWM_CCU8_2_config_handle
 .rodata.PWM_CCU8_3_timer_handle
                0x08005b70       0x10 CMakeFiles/XMC4200.elf.dir/Dave/Generated/PWM_CCU8/pwm_ccu8_conf.c.obj
                0x08005b70                PWM_CCU8_3_timer_handle
 .rodata.PWM_CCU8_3_event0_config
                0x08005b80        0x4 CMakeFiles/XMC4200.elf.dir/Dave/Generated/PWM_CCU8/pwm_ccu8_conf.c.obj
                0x08005b80                PWM_CCU8_3_event0_config
 .rodata.PWM_CCU8_3_event1_config
                0x08005b84        0x4 CMakeFiles/XMC4200.elf.dir/Dave/Generated/PWM_CCU8/pwm_ccu8_conf.c.obj
                0x08005b84                PWM_CCU8_3_event1_config
 .rodata.PWM_CCU8_3_event2_config
                0x08005b88        0x4 CMakeFiles/XMC4200.elf.dir/Dave/Generated/PWM_CCU8/pwm_ccu8_conf.c.obj
                0x08005b88                PWM_CCU8_3_event2_config
 .rodata.PWM_CCU8_3_dt_config
                0x08005b8c        0xc CMakeFiles/XMC4200.elf.dir/Dave/Generated/PWM_CCU8/pwm_ccu8_conf.c.obj
                0x08005b8c                PWM_CCU8_3_dt_config
 .rodata.PWM_CCU8_3_ch1_out0_config
                0x08005b98        0xc CMakeFiles/XMC4200.elf.dir/Dave/Generated/PWM_CCU8/pwm_ccu8_conf.c.obj
                0x08005b98                PWM_CCU8_3_ch1_out0_config
 .rodata.PWM_CCU8_3_ch2_out2_config
                0x08005ba4        0xc CMakeFiles/XMC4200.elf.dir/Dave/Generated/PWM_CCU8/pwm_ccu8_conf.c.obj
                0x08005ba4                PWM_CCU8_3_ch2_out2_config
 .rodata.PWM_CCU8_3_config_handle
                0x08005bb0       0x90 CMakeFiles/XMC4200.elf.dir/Dave/Generated/PWM_CCU8/pwm_ccu8_conf.c.obj
                0x08005bb0                PWM_CCU8_3_config_handle
 .rodata.SPI_SLAVE_0_channel_config
                0x08005c40        0xc CMakeFiles/XMC4200.elf.dir/Dave/Generated/SPI_SLAVE/spi_slave_conf.c.obj
                0x08005c40                SPI_SLAVE_0_channel_config
 .rodata.SPI_SLAVE_0_mosi1_pin_config
                0x08005c4c        0xc CMakeFiles/XMC4200.elf.dir/Dave/Generated/SPI_SLAVE/spi_slave_conf.c.obj
                0x08005c4c                SPI_SLAVE_0_mosi1_pin_config
 .rodata.SPI_SLAVE_0_miso_pin
                0x08005c58        0xc CMakeFiles/XMC4200.elf.dir/Dave/Generated/SPI_SLAVE/spi_slave_conf.c.obj
                0x08005c58                SPI_SLAVE_0_miso_pin
 .rodata.SPI_SLAVE_0_mosi_pin_config
                0x08005c64        0xc CMakeFiles/XMC4200.elf.dir/Dave/Generated/SPI_SLAVE/spi_slave_conf.c.obj
                0x08005c64                SPI_SLAVE_0_mosi_pin_config
 .rodata.SPI_SLAVE_0_mosi_pin
                0x08005c70        0xc CMakeFiles/XMC4200.elf.dir/Dave/Generated/SPI_SLAVE/spi_slave_conf.c.obj
                0x08005c70                SPI_SLAVE_0_mosi_pin
 .rodata.SPI_SLAVE_0_sclk_pin_config
                0x08005c7c        0xc CMakeFiles/XMC4200.elf.dir/Dave/Generated/SPI_SLAVE/spi_slave_conf.c.obj
                0x08005c7c                SPI_SLAVE_0_sclk_pin_config
 .rodata.SPI_SLAVE_0_slavesel_pin_config
                0x08005c88        0xc CMakeFiles/XMC4200.elf.dir/Dave/Generated/SPI_SLAVE/spi_slave_conf.c.obj
                0x08005c88                SPI_SLAVE_0_slavesel_pin_config
 .rodata.SPI_SLAVE_0_conf
                0x08005c94       0x20 CMakeFiles/XMC4200.elf.dir/Dave/Generated/SPI_SLAVE/spi_slave_conf.c.obj
                0x08005c94                SPI_SLAVE_0_conf
 .rodata.UART_DEBUG_channel_config
                0x08005cb4        0xc CMakeFiles/XMC4200.elf.dir/Dave/Generated/UART/uart_conf.c.obj
                0x08005cb4                UART_DEBUG_channel_config
 .rodata.UART_DEBUG_tx_pin_config
                0x08005cc0        0xc CMakeFiles/XMC4200.elf.dir/Dave/Generated/UART/uart_conf.c.obj
                0x08005cc0                UART_DEBUG_tx_pin_config
 .rodata.UART_DEBUG_tx_pin
                0x08005ccc        0xc CMakeFiles/XMC4200.elf.dir/Dave/Generated/UART/uart_conf.c.obj
                0x08005ccc                UART_DEBUG_tx_pin
 .rodata.UART_DEBUG_config
                0x08005cd8       0x30 CMakeFiles/XMC4200.elf.dir/Dave/Generated/UART/uart_conf.c.obj
                0x08005cd8                UART_DEBUG_config
 .rodata.UART_DEBUG_rx_pin_config
                0x08005d08        0xc CMakeFiles/XMC4200.elf.dir/Dave/Generated/UART/uart_conf.c.obj
                0x08005d08                UART_DEBUG_rx_pin_config
 *(.gnu.linkonce.r*)
 *(vtable)
                0x08005d14                        . = ALIGN (0x4)

.glue_7         0x08005d14        0x0 load address 0x0c005d14
 .glue_7        0x08005d14        0x0 linker stubs

.glue_7t        0x08005d14        0x0 load address 0x0c005d14
 .glue_7t       0x08005d14        0x0 linker stubs

.vfp11_veneer   0x08005d14        0x0 load address 0x0c005d14
 .vfp11_veneer  0x08005d14        0x0 linker stubs

.v4_bx          0x08005d14        0x0 load address 0x0c005d14
 .v4_bx         0x08005d14        0x0 linker stubs

.iplt           0x08005d14        0x0 load address 0x0c005d14
 .iplt          0x08005d14        0x0 D:/Projekty/TrinityTrack6000/tools/arm-gnu-toolchain-14.3.rel1-mingw-w64-x86_64-arm-none-eabi/bin/../lib/gcc/arm-none-eabi/14.3.1/thumb/v7e-m+fp/hard/crtbegin.o

.eh_frame_hdr
 *(.eh_frame_hdr)

.eh_frame       0x08005d14        0x4 load address 0x0c005d14
 *(.eh_frame)
 .eh_frame      0x08005d14        0x0 D:/Projekty/TrinityTrack6000/tools/arm-gnu-toolchain-14.3.rel1-mingw-w64-x86_64-arm-none-eabi/bin/../lib/gcc/arm-none-eabi/14.3.1/thumb/v7e-m+fp/hard/crtbegin.o
 .eh_frame      0x08005d14        0x4 D:/Projekty/TrinityTrack6000/tools/arm-gnu-toolchain-14.3.rel1-mingw-w64-x86_64-arm-none-eabi/bin/../lib/gcc/arm-none-eabi/14.3.1/thumb/v7e-m+fp/hard/crtend.o

.rel.dyn        0x08005d18        0x0 load address 0x0c005d18
 .rel.iplt      0x08005d18        0x0 D:/Projekty/TrinityTrack6000/tools/arm-gnu-toolchain-14.3.rel1-mingw-w64-x86_64-arm-none-eabi/bin/../lib/gcc/arm-none-eabi/14.3.1/thumb/v7e-m+fp/hard/crtbegin.o

.ARM.extab
 *(.ARM.extab* .gnu.linkonce.armextab.*)
                0x08005d18                        . = ALIGN (0x4)
                0x08005d18                        __exidx_start = .

.ARM.exidx
 *(.ARM.exidx* .gnu.linkonce.armexidx.*)
                0x08005d18                        __exidx_end = .
                0x08005d18                        . = ALIGN (0x4)

Stack           0x1fffc000      0x800
                0x1fffc000                        __stack_start = .
                0x1fffc800                        . = (. + stack_size)
 *fill*         0x1fffc000      0x800 
                0x1fffc800                        __stack_end = .
                0x1fffc800                        __initial_sp = .

.ram_code       0x1fffc800        0x0 load address 0x0c005d18
                0x1fffc800                        . = ALIGN (0x4)
                0x1fffc800                        __ram_code_start = .
 *(.ram_code)
                0x1fffc800                        . = ALIGN (0x4)
                0x1fffc800                        __ram_code_end = .
                0x0c005d18                        __ram_code_load = LOADADDR (.ram_code)
                0x00000000                        __ram_code_size = (__ram_code_end - __ram_code_start)

.data           0x1fffc800      0x2bc load address 0x0c005d18
                0x1fffc800                        . = ALIGN (0x4)
                0x1fffc800                        __data_start = .
 *(.data)
 *(.data*)
 .data.GLOBAL_CCU4_0
                0x1fffc800       0x10 CMakeFiles/XMC4200.elf.dir/Dave/Generated/GLOBAL_CCU4/global_ccu4_conf.c.obj
                0x1fffc800                GLOBAL_CCU4_0
 .data.GLOBAL_CCU4_1
                0x1fffc810       0x10 CMakeFiles/XMC4200.elf.dir/Dave/Generated/GLOBAL_CCU4/global_ccu4_conf.c.obj
                0x1fffc810                GLOBAL_CCU4_1
 .data.GLOBAL_CCU8_0
                0x1fffc820       0x10 CMakeFiles/XMC4200.elf.dir/Dave/Generated/GLOBAL_CCU8/global_ccu8_conf.c.obj
                0x1fffc820                GLOBAL_CCU8_0
 .data.I2C_BUS_runtime
                0x1fffc830       0x2c CMakeFiles/XMC4200.elf.dir/Dave/Generated/I2C_MASTER/i2c_master_conf.c.obj
                0x1fffc830                I2C_BUS_runtime
 .data.I2C_BUS  0x1fffc85c        0xc CMakeFiles/XMC4200.elf.dir/Dave/Generated/I2C_MASTER/i2c_master_conf.c.obj
                0x1fffc85c                I2C_BUS
 .data.PWM_CCU4_0
                0x1fffc868       0x28 CMakeFiles/XMC4200.elf.dir/Dave/Generated/PWM_CCU4/pwm_ccu4_conf.c.obj
                0x1fffc868                PWM_CCU4_0
 .data.PWM_CCU4_1
                0x1fffc890       0x28 CMakeFiles/XMC4200.elf.dir/Dave/Generated/PWM_CCU4/pwm_ccu4_conf.c.obj
                0x1fffc890                PWM_CCU4_1
 .data.PWM_CCU4_2
                0x1fffc8b8       0x28 CMakeFiles/XMC4200.elf.dir/Dave/Generated/PWM_CCU4/pwm_ccu4_conf.c.obj
                0x1fffc8b8                PWM_CCU4_2
 .data.PWM_CCU4_3
                0x1fffc8e0       0x28 CMakeFiles/XMC4200.elf.dir/Dave/Generated/PWM_CCU4/pwm_ccu4_conf.c.obj
                0x1fffc8e0                PWM_CCU4_3
 .data.PWM_CCU4_4
                0x1fffc908       0x28 CMakeFiles/XMC4200.elf.dir/Dave/Generated/PWM_CCU4/pwm_ccu4_conf.c.obj
                0x1fffc908                PWM_CCU4_4
 .data.PWM_CCU4_5
                0x1fffc930       0x28 CMakeFiles/XMC4200.elf.dir/Dave/Generated/PWM_CCU4/pwm_ccu4_conf.c.obj
                0x1fffc930                PWM_CCU4_5
 .data.PWM_CCU4_6
                0x1fffc958       0x28 CMakeFiles/XMC4200.elf.dir/Dave/Generated/PWM_CCU4/pwm_ccu4_conf.c.obj
                0x1fffc958                PWM_CCU4_6
 .data.PWM_CCU4_7
                0x1fffc980       0x28 CMakeFiles/XMC4200.elf.dir/Dave/Generated/PWM_CCU4/pwm_ccu4_conf.c.obj
                0x1fffc980                PWM_CCU4_7
 .data.PWM_CCU8_0
                0x1fffc9a8       0x34 CMakeFiles/XMC4200.elf.dir/Dave/Generated/PWM_CCU8/pwm_ccu8_conf.c.obj
                0x1fffc9a8                PWM_CCU8_0
 .data.PWM_CCU8_1
                0x1fffc9dc       0x34 CMakeFiles/XMC4200.elf.dir/Dave/Generated/PWM_CCU8/pwm_ccu8_conf.c.obj
                0x1fffc9dc                PWM_CCU8_1
 .data.PWM_CCU8_2
                0x1fffca10       0x34 CMakeFiles/XMC4200.elf.dir/Dave/Generated/PWM_CCU8/pwm_ccu8_conf.c.obj
                0x1fffca10                PWM_CCU8_2
 .data.PWM_CCU8_3
                0x1fffca44       0x34 CMakeFiles/XMC4200.elf.dir/Dave/Generated/PWM_CCU8/pwm_ccu8_conf.c.obj
                0x1fffca44                PWM_CCU8_3
 .data.SPI_SLAVE_0_runtime
                0x1fffca78       0x1c CMakeFiles/XMC4200.elf.dir/Dave/Generated/SPI_SLAVE/spi_slave_conf.c.obj
                0x1fffca78                SPI_SLAVE_0_runtime
 .data.SPI_SLAVE_0
                0x1fffca94        0xc CMakeFiles/XMC4200.elf.dir/Dave/Generated/SPI_SLAVE/spi_slave_conf.c.obj
                0x1fffca94                SPI_SLAVE_0
 .data.UART_DEBUG
                0x1fffcaa0        0xc CMakeFiles/XMC4200.elf.dir/Dave/Generated/UART/uart_conf.c.obj
                0x1fffcaa0                UART_DEBUG
 .data.__atexit_recursive_mutex
                0x1fffcaac        0x4 D:/Projekty/TrinityTrack6000/tools/arm-gnu-toolchain-14.3.rel1-mingw-w64-x86_64-arm-none-eabi/bin/../lib/gcc/arm-none-eabi/14.3.1/../../../../arm-none-eabi/lib/thumb/v7e-m+fp/hard\libg.a(libc_a-__call_atexit.o)
                0x1fffcaac                __atexit_recursive_mutex
 *(*.data)
 *(.gnu.linkonce.d*)
                0x1fffcab0                        . = ALIGN (0x4)
                0x1fffcab0                        PROVIDE (__preinit_array_start = .)
 *(.preinit_array)
                0x1fffcab0                        PROVIDE (__preinit_array_end = .)
                0x1fffcab0                        . = ALIGN (0x4)
                0x1fffcab0                        PROVIDE (__init_array_start = .)
 *(SORT_BY_NAME(.init_array.*))
 .init_array.00000
                0x1fffcab0        0x4 D:/Projekty/TrinityTrack6000/tools/arm-gnu-toolchain-14.3.rel1-mingw-w64-x86_64-arm-none-eabi/bin/../lib/gcc/arm-none-eabi/14.3.1/../../../../arm-none-eabi/lib/thumb/v7e-m+fp/hard\libg.a(libc_a-__call_atexit.o)
 *(.init_array)
 .init_array    0x1fffcab4        0x4 D:/Projekty/TrinityTrack6000/tools/arm-gnu-toolchain-14.3.rel1-mingw-w64-x86_64-arm-none-eabi/bin/../lib/gcc/arm-none-eabi/14.3.1/thumb/v7e-m+fp/hard/crtbegin.o
                0x1fffcab8                        PROVIDE (__init_array_end = .)
                0x1fffcab8                        . = ALIGN (0x4)
                0x1fffcab8                        PROVIDE (__fini_array_start = .)
 *(SORT_BY_NAME(.fini_array.*))
 *(.fini_array)
 .fini_array    0x1fffcab8        0x4 D:/Projekty/TrinityTrack6000/tools/arm-gnu-toolchain-14.3.rel1-mingw-w64-x86_64-arm-none-eabi/bin/../lib/gcc/arm-none-eabi/14.3.1/thumb/v7e-m+fp/hard/crtbegin.o
                0x1fffcabc                        PROVIDE (__fini_array_end = .)
                0x1fffcabc                        . = ALIGN (0x4)
                0x1fffcabc                        __data_end = .
                0x0c005d18                        __data_load = LOADADDR (.data)
                0x000002bc                        __data_size = (__data_end - __data_start)
                0x00005fd4                        __text_size = (((__exidx_end - sText) + __data_size) + __ram_code_size)
                0x08005fd4                        eText = (sText + __text_size)

.tm_clone_table
                0x1fffcabc        0x0 load address 0x0c005fd4
 .tm_clone_table
                0x1fffcabc        0x0 D:/Projekty/TrinityTrack6000/tools/arm-gnu-toolchain-14.3.rel1-mingw-w64-x86_64-arm-none-eabi/bin/../lib/gcc/arm-none-eabi/14.3.1/thumb/v7e-m+fp/hard/crtbegin.o
 .tm_clone_table
                0x1fffcabc        0x0 D:/Projekty/TrinityTrack6000/tools/arm-gnu-toolchain-14.3.rel1-mingw-w64-x86_64-arm-none-eabi/bin/../lib/gcc/arm-none-eabi/14.3.1/thumb/v7e-m+fp/hard/crtend.o

.igot.plt       0x1fffcabc        0x0 load address 0x0c005fd4
 .igot.plt      0x1fffcabc        0x0 D:/Projekty/TrinityTrack6000/tools/arm-gnu-toolchain-14.3.rel1-mingw-w64-x86_64-arm-none-eabi/bin/../lib/gcc/arm-none-eabi/14.3.1/thumb/v7e-m+fp/hard/crtbegin.o

.bss            0x1fffcabc      0x1e8 load address 0x0c005fd4
                0x1fffcabc                        . = ALIGN (0x4)
                0x1fffcabc                        __bss_start = .
 *(.bss)
 .bss           0x1fffcabc       0x16 CMakeFiles/XMC4200.elf.dir/Src/main.cpp.obj
                0x1fffcabc                tx_data
                0x1fffcac8                rx_data
 *(.bss*)
 .bss.completed.1
                0x1fffcad2        0x1 D:/Projekty/TrinityTrack6000/tools/arm-gnu-toolchain-14.3.rel1-mingw-w64-x86_64-arm-none-eabi/bin/../lib/gcc/arm-none-eabi/14.3.1/thumb/v7e-m+fp/hard/crtbegin.o
 *fill*         0x1fffcad3        0x1 
 .bss.object.0  0x1fffcad4       0x18 D:/Projekty/TrinityTrack6000/tools/arm-gnu-toolchain-14.3.rel1-mingw-w64-x86_64-arm-none-eabi/bin/../lib/gcc/arm-none-eabi/14.3.1/thumb/v7e-m+fp/hard/crtbegin.o
 .bss.CLOCK_XMC4_0
                0x1fffcaec        0x1 CMakeFiles/XMC4200.elf.dir/Dave/Generated/CLOCK_XMC4/clock_xmc4_conf.c.obj
                0x1fffcaec                CLOCK_XMC4_0
 *fill*         0x1fffcaed        0x3 
 .bss.UART_DEBUG_runtime
                0x1fffcaf0       0x1c CMakeFiles/XMC4200.elf.dir/Dave/Generated/UART/uart_conf.c.obj
                0x1fffcaf0                UART_DEBUG_runtime
 .bss.__lock___atexit_recursive_mutex
                0x1fffcb0c        0x1 D:/Projekty/TrinityTrack6000/tools/arm-gnu-toolchain-14.3.rel1-mingw-w64-x86_64-arm-none-eabi/bin/../lib/gcc/arm-none-eabi/14.3.1/../../../../arm-none-eabi/lib/thumb/v7e-m+fp/hard\libg.a(libc_a-lock.o)
                0x1fffcb0c                __lock___atexit_recursive_mutex
 *fill*         0x1fffcb0d        0x3 
 .bss.__atexit  0x1fffcb10        0x4 D:/Projekty/TrinityTrack6000/tools/arm-gnu-toolchain-14.3.rel1-mingw-w64-x86_64-arm-none-eabi/bin/../lib/gcc/arm-none-eabi/14.3.1/../../../../arm-none-eabi/lib/thumb/v7e-m+fp/hard\libg.a(libc_a-__call_atexit.o)
                0x1fffcb10                __atexit
 .bss.__atexit0
                0x1fffcb14      0x190 D:/Projekty/TrinityTrack6000/tools/arm-gnu-toolchain-14.3.rel1-mingw-w64-x86_64-arm-none-eabi/bin/../lib/gcc/arm-none-eabi/14.3.1/../../../../arm-none-eabi/lib/thumb/v7e-m+fp/hard\libg.a(libc_a-__atexit.o)
                0x1fffcb14                __atexit0
 *(COMMON)
 *(.gnu.linkonce.b*)
                0x1fffcca4                        . = ALIGN (0x4)
                0x1fffcca4                        __bss_end = .
                0x000001e8                        __bss_size = (__bss_end - __bss_start)
                0x0000335c                        __shift_loc = (__bss_end >= ORIGIN (DSRAM_1_system))?0x0:(ORIGIN (DSRAM_1_system) - __bss_end)

USB_RAM         0x20000000        0x0
                0x20000000                        . = ALIGN (0x4)
                0x20000000                        USB_RAM_start = .
 *(USB_RAM)
                0x20000000                        . = ALIGN (0x4)
                0x20000000                        USB_RAM_end = .
                0x20000000                        . = ALIGN (0x8)
                0x20000000                        Heap_Bank1_Start = .
                0x00000000                        USB_RAM_size = (USB_RAM_end - USB_RAM_start)

.no_init        0x20005fc0       0x20
                0x20005fc0                        Heap_Bank1_End = .
 *(.no_init)
 .no_init       0x20005fc0       0x20 CMakeFiles/XMC4200.elf.dir/Startup/system_XMC4200.c.obj
                0x20005fc0                SystemCoreClock
                0x20005fc4                g_chipid
                0x20005fd4                g_hrpwm_char_data
                0x00005fc0                        Heap_Bank1_Size = (Heap_Bank1_End - Heap_Bank1_Start)
                0x00000001                        ASSERT ((Heap_Bank1_Start <= Heap_Bank1_End), region SRAM_combined overflowed no_init section)

/DISCARD/
 *(.comment)

.stab
 *(.stab)

.stabstr
 *(.stabstr)

.debug
 *(.debug)

.line
 *(.line)

.debug_srcinfo
 *(.debug_srcinfo)

.debug_sfnames
 *(.debug_sfnames)

.debug_aranges  0x00000000     0x12a8
 *(.debug_aranges)
 .debug_aranges
                0x00000000       0x30 CMakeFiles/XMC4200.elf.dir/Dave/Generated/CLOCK_XMC4/clock_xmc4.c.obj
 .debug_aranges
                0x00000030       0x20 CMakeFiles/XMC4200.elf.dir/Dave/Generated/CLOCK_XMC4/clock_xmc4_conf.c.obj
 .debug_aranges
                0x00000050       0x28 CMakeFiles/XMC4200.elf.dir/Dave/Generated/CPU_CTRL_XMC4/cpu_ctrl_xmc4_conf.c.obj
 .debug_aranges
                0x00000078       0x20 CMakeFiles/XMC4200.elf.dir/Dave/Generated/DAVE.c.obj
 .debug_aranges
                0x00000098       0x28 CMakeFiles/XMC4200.elf.dir/Dave/Generated/DIGITAL_IO/digital_io.c.obj
 .debug_aranges
                0x000000c0       0x18 CMakeFiles/XMC4200.elf.dir/Dave/Generated/DIGITAL_IO/digital_io_conf.c.obj
 .debug_aranges
                0x000000d8       0x30 CMakeFiles/XMC4200.elf.dir/Dave/Generated/GLOBAL_CCU4/global_ccu4.c.obj
 .debug_aranges
                0x00000108       0x18 CMakeFiles/XMC4200.elf.dir/Dave/Generated/GLOBAL_CCU4/global_ccu4_conf.c.obj
 .debug_aranges
                0x00000120       0x30 CMakeFiles/XMC4200.elf.dir/Dave/Generated/GLOBAL_CCU8/global_ccu8.c.obj
 .debug_aranges
                0x00000150       0x18 CMakeFiles/XMC4200.elf.dir/Dave/Generated/GLOBAL_CCU8/global_ccu8_conf.c.obj
 .debug_aranges
                0x00000168      0x1b0 CMakeFiles/XMC4200.elf.dir/Dave/Generated/I2C_MASTER/i2c_master.c.obj
 .debug_aranges
                0x00000318       0x90 CMakeFiles/XMC4200.elf.dir/Dave/Generated/I2C_MASTER/i2c_master_conf.c.obj
 .debug_aranges
                0x000003a8      0x100 CMakeFiles/XMC4200.elf.dir/Dave/Generated/PWM_CCU4/pwm_ccu4.c.obj
 .debug_aranges