2026-03-22 11:03:30,393 [INFO] Activator:176 - 


2026-03-22 11:03:30,394 [INFO] Activator:177 - !SESSION log4j initialized
2026-03-22 11:03:34,079 [INFO] LogOutputStream:77 - [STDOUT_REDIRECT] 
2026-03-22 11:03:36,581 [INFO] ApplicationProperties:184 - Using Application install path: D:\Programy\STM32CubeIDE_1.19.0\STM32CubeIDE\plugins\com.st.stm32cube.common.mx_6.15.0.202507011659
2026-03-22 11:03:36,602 [INFO] DbMcusXml:78 - Set database path to: D:\Programy\STM32CubeIDE_1.19.0\STM32CubeIDE\plugins\com.st.stm32cube.common.mx_6.15.0.202507011659\\db\/mcu/
2026-03-22 11:03:36,603 [INFO] ApiDb:274 - Set plugin database path to: D:\Programy\STM32CubeIDE_1.19.0\STM32CubeIDE\plugins\com.st.stm32cube.common.mx_6.15.0.202507011659\\db\/plugins/boardmanager/
2026-03-22 11:03:36,604 [WARN] ApiDb:259 - Overriding images path with different value:  => D:\Programy\STM32CubeIDE_1.19.0\STM32CubeIDE\plugins\com.st.stm32cube.common.mx_6.15.0.202507011659\\db\/plugins/mcufinder/images/
2026-03-22 11:03:36,609 [INFO] ApiDb:250 - Set database path to: C:\Users\kujon\.stmcufinder\plugins\mcufinder//mcu/
2026-03-22 11:03:36,610 [INFO] DbMcusAds:125 - Set database path to: C:\Users\kujon\.stmcufinder\plugins\mcufinder//mcu/
2026-03-22 11:03:36,612 [INFO] CrossReferenceDbSqlite:203 - Set database path to: C:\Users\kujon\.stmcufinder\plugins\mcufinder//mcu/cs/
2026-03-22 11:03:36,742 [INFO] RulesReader:64 - Compatibility file has been processed (317 Rules)
2026-03-22 11:03:36,841 [INFO] DbMcusXml:78 - Set database path to: D:\Programy\STM32CubeIDE_1.19.0\STM32CubeIDE\plugins\com.st.stm32cube.common.mx_6.15.0.202507011659\\db\/mcu/
2026-03-22 11:03:36,841 [INFO] ApiDb:274 - Set plugin database path to: D:\Programy\STM32CubeIDE_1.19.0\STM32CubeIDE\plugins\com.st.stm32cube.common.mx_6.15.0.202507011659\\db\/plugins/boardmanager/
2026-03-22 11:03:36,841 [INFO] ApiDb:261 - Set plugin images path to: D:\Programy\STM32CubeIDE_1.19.0\STM32CubeIDE\plugins\com.st.stm32cube.common.mx_6.15.0.202507011659\\db\/plugins/mcufinder/images/
2026-03-22 11:03:36,841 [WARN] DbFile:41 - Overriding database path with different value: C:\Users\kujon\.stmcufinder\plugins\mcufinder/ => C:\Users\kujon\.stmcufinder\plugins\mcufinder
2026-03-22 11:03:36,841 [INFO] ApiDb:250 - Set database path to: C:\Users\kujon\.stmcufinder\plugins\mcufinder//mcu/
2026-03-22 11:03:36,841 [WARN] DbFile:41 - Overriding database path with different value: C:\Users\kujon\.stmcufinder\plugins\mcufinder/ => C:\Users\kujon\.stmcufinder\plugins\mcufinder
2026-03-22 11:03:36,841 [INFO] DbMcusAds:125 - Set database path to: C:\Users\kujon\.stmcufinder\plugins\mcufinder//mcu/
2026-03-22 11:03:36,842 [WARN] DbFile:41 - Overriding database path with different value: C:\Users\kujon\.stmcufinder\plugins\mcufinder/ => C:\Users\kujon\.stmcufinder\plugins\mcufinder
2026-03-22 11:03:36,842 [WARN] DbFile:41 - Overriding database path with different value: C:\Users\kujon\.stmcufinder\plugins\mcufinder/ => C:\Users\kujon\.stmcufinder\plugins\mcufinder
2026-03-22 11:03:36,842 [INFO] CrossReferenceDbSqlite:203 - Set database path to: C:\Users\kujon\.stmcufinder\plugins\mcufinder//mcu/cs/
2026-03-22 11:03:36,940 [INFO] MainPanel:274 - HeapMemory: 268435456
2026-03-22 11:03:37,070 [INFO] DbMcusXml:78 - Set database path to: D:\Programy\STM32CubeIDE_1.19.0\STM32CubeIDE\plugins\com.st.stm32cube.common.mx_6.15.0.202507011659\\db\/mcu/
2026-03-22 11:03:37,070 [INFO] ApiDb:274 - Set plugin database path to: D:\Programy\STM32CubeIDE_1.19.0\STM32CubeIDE\plugins\com.st.stm32cube.common.mx_6.15.0.202507011659\\db\/plugins/boardmanager/
2026-03-22 11:03:37,070 [INFO] ApiDb:261 - Set plugin images path to: D:\Programy\STM32CubeIDE_1.19.0\STM32CubeIDE\plugins\com.st.stm32cube.common.mx_6.15.0.202507011659\\db\/plugins/mcufinder/images/
2026-03-22 11:03:37,070 [WARN] DbFile:41 - Overriding database path with different value: C:\Users\kujon\.stmcufinder\plugins\mcufinder/ => C:\Users\kujon\.stmcufinder\plugins\mcufinder
2026-03-22 11:03:37,070 [INFO] ApiDb:250 - Set database path to: C:\Users\kujon\.stmcufinder\plugins\mcufinder//mcu/
2026-03-22 11:03:37,071 [WARN] DbFile:41 - Overriding database path with different value: C:\Users\kujon\.stmcufinder\plugins\mcufinder/ => C:\Users\kujon\.stmcufinder\plugins\mcufinder
2026-03-22 11:03:37,071 [INFO] DbMcusAds:125 - Set database path to: C:\Users\kujon\.stmcufinder\plugins\mcufinder//mcu/
2026-03-22 11:03:37,071 [WARN] DbFile:41 - Overriding database path with different value: C:\Users\kujon\.stmcufinder\plugins\mcufinder/ => C:\Users\kujon\.stmcufinder\plugins\mcufinder
2026-03-22 11:03:37,071 [WARN] DbFile:41 - Overriding database path with different value: C:\Users\kujon\.stmcufinder\plugins\mcufinder/ => C:\Users\kujon\.stmcufinder\plugins\mcufinder
2026-03-22 11:03:37,071 [INFO] CrossReferenceDbSqlite:203 - Set database path to: C:\Users\kujon\.stmcufinder\plugins\mcufinder//mcu/cs/
2026-03-22 11:03:37,092 [INFO] ApplicationProperties:184 - Using Application install path: D:\Programy\STM32CubeIDE_1.19.0\STM32CubeIDE\plugins\com.st.stm32cube.common.mx_6.15.0.202507011659
2026-03-22 11:03:37,093 [INFO] PluginManage:196 - Search for loadable plugins [exclusion list=, ]
2026-03-22 11:03:37,095 [INFO] PluginManage:310 - Check plugin analytics
2026-03-22 11:03:37,276 [INFO] AnalyticsPlugin:253 - Accepted Software Licenses: 
2026-03-22 11:03:37,278 [INFO] AnalyticsPlugin:255 - Accepted CMSIS Pack Licenses: 
2026-03-22 11:03:37,278 [INFO] AnalyticsPlugin:257 - Accepted Firmware Licenses: 
2026-03-22 11:03:37,281 [INFO] PluginManage:359 - Loaded plugin analytics (category:tool,tabindex:-1)
2026-03-22 11:03:37,282 [INFO] PluginManage:310 - Check plugin cadmodel
2026-03-22 11:03:37,287 [INFO] CADModel:105 - Init CAD model plugin
2026-03-22 11:03:37,287 [INFO] PluginManage:359 - Loaded plugin cadmodel (category:power,tabindex:5)
2026-03-22 11:03:37,288 [INFO] PluginManage:310 - Check plugin clock
2026-03-22 11:03:37,297 [INFO] PluginManage:359 - Loaded plugin clock (category:base,tabindex:2)
2026-03-22 11:03:37,297 [INFO] PluginManage:310 - Check plugin ddr
2026-03-22 11:03:37,300 [INFO] PluginManage:359 - Loaded plugin ddr (category:tool,tabindex:6)
2026-03-22 11:03:37,300 [INFO] PluginManage:310 - Check plugin filemanager
2026-03-22 11:03:37,522 [INFO] PluginManage:359 - Loaded plugin filemanager (category:base,tabindex:10)
2026-03-22 11:03:37,522 [INFO] PluginManage:310 - Check plugin ipmanager
2026-03-22 11:03:37,534 [INFO] PluginManage:359 - Loaded plugin ipmanager (category:base,tabindex:5)
2026-03-22 11:03:37,534 [INFO] PluginManage:310 - Check plugin lpbam
2026-03-22 11:03:37,544 [INFO] PluginManage:359 - Loaded plugin lpbam (category:base,tabindex:0)
2026-03-22 11:03:37,544 [INFO] PluginManage:310 - Check plugin memorymap
2026-03-22 11:03:37,561 [INFO] PluginManage:359 - Loaded plugin memorymap (category:base,tabindex:4)
2026-03-22 11:03:37,561 [INFO] PluginManage:310 - Check plugin pinoutandconfiguration
2026-03-22 11:03:37,569 [INFO] PluginManage:359 - Loaded plugin pinoutandconfiguration (category:base,tabindex:1)
2026-03-22 11:03:37,569 [INFO] PluginManage:310 - Check plugin pinoutconfig
2026-03-22 11:03:37,667 [WARN] SupportedApi:132 - Cannot load RTOS API schema: s4s-elt-must-match.1: The content of 'definitions' must match (annotation?, (simpleType | complexType)?, (unique | key | keyref)*)). A problem was found starting at: attribute.
2026-03-22 11:03:37,813 [INFO] PluginManage:359 - Loaded plugin pinoutconfig (category:base,tabindex:0)
2026-03-22 11:03:37,814 [INFO] PluginManage:310 - Check plugin power
2026-03-22 11:03:37,823 [INFO] PluginManage:359 - Loaded plugin power (category:power,tabindex:4)
2026-03-22 11:03:37,823 [INFO] PluginManage:310 - Check plugin projectmanager
2026-03-22 11:03:37,844 [INFO] PluginManage:359 - Loaded plugin projectmanager (category:projectmanager,tabindex:4)
2026-03-22 11:03:37,844 [INFO] PluginManage:310 - Check plugin rif
2026-03-22 11:03:37,858 [INFO] PluginManage:359 - Loaded plugin rif (category:base,tabindex:3)
2026-03-22 11:03:37,858 [INFO] PluginManage:310 - Check plugin thirdparty
2026-03-22 11:03:38,032 [INFO] PluginManage:359 - Loaded plugin thirdparty (category:base,tabindex:-1)
2026-03-22 11:03:38,032 [INFO] PluginManage:310 - Check plugin tools
2026-03-22 11:03:38,032 [WARN] IntegrityCheckThread:84 - waiting for thirdparty lock release [integrity check]
2026-03-22 11:03:38,032 [INFO] IntegrityCheckThread:86 - entering critical section [integrity check]
2026-03-22 11:03:38,033 [INFO] ThirdPartyUpdaterWithRetryManager:70 - Updater plugin not ready yet. [1/15]
2026-03-22 11:03:38,036 [INFO] PluginManage:359 - Loaded plugin tools (category:base,tabindex:7)
2026-03-22 11:03:38,037 [INFO] PluginManage:310 - Check plugin tutovideos
2026-03-22 11:03:38,280 [INFO] PluginManage:359 - Loaded plugin tutovideos (category:base,tabindex:-1)
2026-03-22 11:03:38,280 [INFO] PluginManage:310 - Check plugin updater
2026-03-22 11:03:38,302 [INFO] PluginManage:359 - Loaded plugin updater (category:base,tabindex:12)
2026-03-22 11:03:38,302 [INFO] PluginManage:310 - Check plugin userauth
2026-03-22 11:03:38,306 [INFO] UserAuth:118 - Init User Auth plugin
2026-03-22 11:03:38,307 [INFO] PluginManage:359 - Loaded plugin userauth (category:base,tabindex:14)
2026-03-22 11:03:38,307 [INFO] PluginManage:283 - PluginManage : Loaded plugins [18]
2026-03-22 11:03:38,573 [INFO] PinOutPanel:1589 - setPackage(No Configuration,No Configuration)
2026-03-22 11:03:38,671 [INFO] CADModel:165 - CPN selected for project level
2026-03-22 11:03:38,673 [INFO] CADModel:114 - Register for checkConnection events
2026-03-22 11:03:38,689 [INFO] IPUIPlugin:80 - create IPUIPlugin
2026-03-22 11:03:38,689 [INFO] PluginManager:220 - loadIPPluginJar : add adc
2026-03-22 11:03:38,691 [INFO] IPUIPlugin:80 - create IPUIPlugin
2026-03-22 11:03:38,692 [INFO] PluginManager:220 - loadIPPluginJar : add aes
2026-03-22 11:03:38,695 [INFO] IPUIPlugin:80 - create IPUIPlugin
2026-03-22 11:03:38,695 [INFO] PluginManager:220 - loadIPPluginJar : add can
2026-03-22 11:03:38,697 [INFO] IPUIPlugin:80 - create IPUIPlugin
2026-03-22 11:03:38,697 [INFO] PluginManager:220 - loadIPPluginJar : add comp
2026-03-22 11:03:38,700 [INFO] IPUIPlugin:80 - create IPUIPlugin
2026-03-22 11:03:38,700 [INFO] PluginManager:220 - loadIPPluginJar : add cryp
2026-03-22 11:03:38,704 [INFO] IPUIPlugin:80 - create IPUIPlugin
2026-03-22 11:03:38,704 [INFO] PluginManager:220 - loadIPPluginJar : add ddr_ctrl_phy
2026-03-22 11:03:38,706 [INFO] IPUIPlugin:80 - create IPUIPlugin
2026-03-22 11:03:38,707 [INFO] PluginManager:220 - loadIPPluginJar : add dfsdm
2026-03-22 11:03:38,710 [INFO] IPUIPlugin:80 - create IPUIPlugin
2026-03-22 11:03:38,711 [INFO] PluginManager:220 - loadIPPluginJar : add dma
2026-03-22 11:03:38,713 [INFO] IPUIPlugin:80 - create IPUIPlugin
2026-03-22 11:03:38,713 [INFO] PluginManager:220 - loadIPPluginJar : add dma3
2026-03-22 11:03:38,716 [INFO] IPUIPlugin:80 - create IPUIPlugin
2026-03-22 11:03:38,716 [INFO] PluginManager:220 - loadIPPluginJar : add extmemmanager
2026-03-22 11:03:38,718 [INFO] IPUIPlugin:80 - create IPUIPlugin
2026-03-22 11:03:38,718 [INFO] PluginManager:220 - loadIPPluginJar : add fatfs
2026-03-22 11:03:38,722 [INFO] IPUIPlugin:80 - create IPUIPlugin
2026-03-22 11:03:38,722 [INFO] PluginManager:220 - loadIPPluginJar : add fmc
2026-03-22 11:03:38,726 [INFO] IPUIPlugin:80 - create IPUIPlugin
2026-03-22 11:03:38,727 [INFO] PluginManager:220 - loadIPPluginJar : add freertos
2026-03-22 11:03:38,728 [INFO] IPUIPlugin:80 - create IPUIPlugin
2026-03-22 11:03:38,728 [INFO] PluginManager:220 - loadIPPluginJar : add genericplugin
2026-03-22 11:03:38,731 [INFO] IPUIPlugin:80 - create IPUIPlugin
2026-03-22 11:03:38,732 [INFO] PluginManager:220 - loadIPPluginJar : add gfxmmu
2026-03-22 11:03:38,738 [INFO] IPUIPlugin:80 - create IPUIPlugin
2026-03-22 11:03:38,738 [INFO] PluginManager:220 - loadIPPluginJar : add gic
2026-03-22 11:03:38,741 [INFO] IPUIPlugin:80 - create IPUIPlugin
2026-03-22 11:03:38,741 [INFO] PluginManager:220 - loadIPPluginJar : add gpio
2026-03-22 11:03:38,743 [INFO] IPUIPlugin:80 - create IPUIPlugin
2026-03-22 11:03:38,743 [INFO] PluginManager:220 - loadIPPluginJar : add gtzc
2026-03-22 11:03:38,745 [INFO] IPUIPlugin:80 - create IPUIPlugin
2026-03-22 11:03:38,746 [INFO] PluginManager:220 - loadIPPluginJar : add hash
2026-03-22 11:03:38,749 [INFO] IPUIPlugin:80 - create IPUIPlugin
2026-03-22 11:03:38,749 [INFO] PluginManager:220 - loadIPPluginJar : add i2c
2026-03-22 11:03:38,753 [INFO] IPUIPlugin:80 - create IPUIPlugin
2026-03-22 11:03:38,753 [INFO] PluginManager:220 - loadIPPluginJar : add i2s
2026-03-22 11:03:38,758 [INFO] IPUIPlugin:80 - create IPUIPlugin
2026-03-22 11:03:38,758 [INFO] PluginManager:220 - loadIPPluginJar : add i3c
2026-03-22 11:03:38,761 [INFO] IPUIPlugin:80 - create IPUIPlugin
2026-03-22 11:03:38,761 [INFO] PluginManager:220 - loadIPPluginJar : add ipddr
2026-03-22 11:03:38,768 [INFO] IPUIPlugin:80 - create IPUIPlugin
2026-03-22 11:03:38,769 [INFO] PluginManager:220 - loadIPPluginJar : add linkedlist
2026-03-22 11:03:38,772 [INFO] IPUIPlugin:80 - create IPUIPlugin
2026-03-22 11:03:38,773 [INFO] PluginManager:220 - loadIPPluginJar : add lorawan
2026-03-22 11:03:38,775 [INFO] IPUIPlugin:80 - create IPUIPlugin
2026-03-22 11:03:38,775 [INFO] PluginManager:220 - loadIPPluginJar : add ltdc
2026-03-22 11:03:38,780 [INFO] IPUIPlugin:80 - create IPUIPlugin
2026-03-22 11:03:38,780 [INFO] PluginManager:220 - loadIPPluginJar : add mdma
2026-03-22 11:03:38,783 [INFO] IPUIPlugin:80 - create IPUIPlugin
2026-03-22 11:03:38,783 [INFO] PluginManager:220 - loadIPPluginJar : add nvic
2026-03-22 11:03:38,785 [INFO] IPUIPlugin:80 - create IPUIPlugin
2026-03-22 11:03:38,785 [INFO] PluginManager:220 - loadIPPluginJar : add opamp
2026-03-22 11:03:38,789 [INFO] IPUIPlugin:80 - create IPUIPlugin
2026-03-22 11:03:38,790 [INFO] PluginManager:220 - loadIPPluginJar : add openamp
2026-03-22 11:03:38,793 [INFO] IPUIPlugin:80 - create IPUIPlugin
2026-03-22 11:03:38,793 [INFO] PluginManager:220 - loadIPPluginJar : add pdm2pcm
2026-03-22 11:03:38,798 [INFO] IPUIPlugin:80 - create IPUIPlugin
2026-03-22 11:03:38,801 [INFO] PluginManager:220 - loadIPPluginJar : add plateformsettings
2026-03-22 11:03:38,803 [INFO] IPUIPlugin:80 - create IPUIPlugin
2026-03-22 11:03:38,803 [INFO] PluginManager:220 - loadIPPluginJar : add quadspi
2026-03-22 11:03:38,806 [INFO] IPUIPlugin:80 - create IPUIPlugin
2026-03-22 11:03:38,807 [INFO] PluginManager:220 - loadIPPluginJar : add radio
2026-03-22 11:03:38,810 [INFO] IPUIPlugin:80 - create IPUIPlugin
2026-03-22 11:03:38,811 [INFO] PluginManager:220 - loadIPPluginJar : add resmgrutility
2026-03-22 11:03:38,815 [INFO] IPUIPlugin:80 - create IPUIPlugin
2026-03-22 11:03:38,815 [INFO] PluginManager:220 - loadIPPluginJar : add sai
2026-03-22 11:03:38,817 [INFO] IPUIPlugin:80 - create IPUIPlugin
2026-03-22 11:03:38,817 [INFO] PluginManager:220 - loadIPPluginJar : add spi
2026-03-22 11:03:38,823 [INFO] IPUIPlugin:80 - create IPUIPlugin
2026-03-22 11:03:38,824 [INFO] PluginManager:220 - loadIPPluginJar : add stm32_wpan
2026-03-22 11:03:38,825 [INFO] IPUIPlugin:80 - create IPUIPlugin
2026-03-22 11:03:38,826 [INFO] PluginManager:220 - loadIPPluginJar : add tim
2026-03-22 11:03:38,829 [INFO] IPUIPlugin:80 - create IPUIPlugin
2026-03-22 11:03:38,830 [INFO] PluginManager:220 - loadIPPluginJar : add touchsensing
2026-03-22 11:03:38,831 [INFO] IPUIPlugin:80 - create IPUIPlugin
2026-03-22 11:03:38,831 [INFO] PluginManager:220 - loadIPPluginJar : add tracer_emb
2026-03-22 11:03:38,835 [INFO] IPUIPlugin:80 - create IPUIPlugin
2026-03-22 11:03:38,835 [INFO] PluginManager:220 - loadIPPluginJar : add ts
2026-03-22 11:03:38,839 [INFO] IPUIPlugin:80 - create IPUIPlugin
2026-03-22 11:03:38,839 [INFO] PluginManager:220 - loadIPPluginJar : add tsc
2026-03-22 11:03:38,841 [INFO] IPUIPlugin:80 - create IPUIPlugin
2026-03-22 11:03:38,841 [INFO] PluginManager:220 - loadIPPluginJar : add ucpd
2026-03-22 11:03:38,844 [INFO] IPUIPlugin:80 - create IPUIPlugin
2026-03-22 11:03:38,844 [INFO] PluginManager:220 - loadIPPluginJar : add usart
2026-03-22 11:03:38,849 [INFO] IPUIPlugin:80 - create IPUIPlugin
2026-03-22 11:03:38,849 [INFO] PluginManager:220 - loadIPPluginJar : add usbx
2026-03-22 11:03:39,000 [FATAL] Updater:351 - Updater called before beeing initialized
2026-03-22 11:03:39,028 [INFO] RulesReader:64 - Compatibility file has been processed (317 Rules)
2026-03-22 11:03:39,039 [INFO] RulesReader:64 - Compatibility file has been processed (317 Rules)
2026-03-22 11:03:39,048 [INFO] CADModel:165 - CPN selected for project level
2026-03-22 11:03:39,048 [INFO] CADModel:114 - Register for checkConnection events
2026-03-22 11:03:39,048 [FATAL] Updater:351 - Updater called before beeing initialized
2026-03-22 11:03:39,048 [ERROR] CADModel:125 - Updater not yet initialized, retry later 
2026-03-22 11:03:39,224 [FATAL] Updater:351 - Updater called before beeing initialized
2026-03-22 11:03:39,227 [INFO] CADModel:165 - CPN selected for project level
2026-03-22 11:03:39,227 [INFO] CADModel:114 - Register for checkConnection events
2026-03-22 11:03:39,227 [FATAL] Updater:351 - Updater called before beeing initialized
2026-03-22 11:03:39,227 [ERROR] CADModel:125 - Updater not yet initialized, retry later 
2026-03-22 11:03:39,230 [FATAL] Updater:351 - Updater called before beeing initialized
2026-03-22 11:03:39,362 [FATAL] Updater:351 - Updater called before beeing initialized
2026-03-22 11:03:39,367 [INFO] DbMcusAds:53 - JSON generation date=Thu Mar 05 15:32:52 CET 2026 (1772721172610)
2026-03-22 11:03:39,368 [FATAL] Updater:351 - Updater called before beeing initialized
2026-03-22 11:03:39,401 [WARN] DetailPanel:346 - Failed to get advertising image, set to default
2026-03-22 11:03:39,494 [FATAL] Updater:351 - Updater called before beeing initialized
2026-03-22 11:03:39,497 [FATAL] Updater:351 - Updater called before beeing initialized
2026-03-22 11:03:39,497 [FATAL] Updater:351 - Updater called before beeing initialized
2026-03-22 11:03:39,497 [WARN] DetailPanel:346 - Failed to get advertising image, set to default
2026-03-22 11:03:39,498 [FATAL] Updater:351 - Updater called before beeing initialized
2026-03-22 11:03:39,547 [ERROR] Updater:1198 - MainUpdater not yet initialized. External WinMGr cannot be set.
2026-03-22 11:03:39,549 [INFO] Updater:1134 - Updater Version found : 6.15.0
2026-03-22 11:03:39,563 [INFO] ApplicationProperties:184 - Using Application install path: D:\Programy\STM32CubeIDE_1.19.0\STM32CubeIDE\plugins\com.st.stm32cube.common.mx_6.15.0.202507011659
2026-03-22 11:03:41,034 [INFO] ThirdPartyUpdaterWithRetryManager:70 - Updater plugin not ready yet. [2/15]
2026-03-22 11:03:41,140 [ERROR] LogOutputStream:75 - [STDERR_REDIRECT] Mar 22, 2026 11:03:41 AM java.util.prefs.WindowsPreferences <init>
2026-03-22 11:03:41,142 [ERROR] LogOutputStream:75 - [STDERR_REDIRECT] WARNING: Could not open/create prefs root node Software\JavaSoft\Prefs at root 0xffffffff80000002. Windows RegCreateKeyEx(...) returned error code 5.
2026-03-22 11:03:41,142 [ERROR] LogOutputStream:75 - [STDERR_REDIRECT] 
2026-03-22 11:03:41,516 [INFO] MainUpdater:2872 - connection check result : 10
2026-03-22 11:03:41,517 [INFO] MainUpdater:289 - Updater Check For Update Now.
2026-03-22 11:03:41,517 [INFO] MicroXplorer:498 - Change Database Version : DB.6.0.150
2026-03-22 11:03:41,523 [INFO] McuFinderGlobals:63 - Set McuFinder mode to 2 (CubeIDE integrated)
2026-03-22 11:03:41,525 [INFO] UserAuth:487 - Internet connection configuration mode: 1
2026-03-22 11:03:41,559 [INFO] JxBrowserEngine:152 - Initiate JxBrowser Engine with user profile folder
2026-03-22 11:03:41,724 [INFO] CheckServerUpdateThread:120 - End of CheckServer Thread
2026-03-22 11:03:42,363 [INFO] WebApp:169 - Instantiating new browser for Auth
2026-03-22 11:03:43,353 [INFO] WebApp:463 - Apply proxy settings
2026-03-22 11:03:43,353 [INFO] WebApp:548 - Chromium requires no authentication
2026-03-22 11:03:43,364 [INFO] WebApp:491 - Direct internet connection detected
2026-03-22 11:03:43,391 [INFO] WebApp:900 - Register for checkConnection events
2026-03-22 11:03:43,391 [INFO] WebApp:463 - Apply proxy settings
2026-03-22 11:03:43,391 [INFO] WebApp:548 - Chromium requires no authentication
2026-03-22 11:03:43,392 [INFO] WebApp:491 - Direct internet connection detected
2026-03-22 11:03:43,622 [INFO] WebApp:225 - Starting web application
2026-03-22 11:03:43,622 [INFO] WebApp:593 - Web application path used D:\Programy\STM32CubeIDE_1.19.0\STM32CubeIDE\plugins\com.st.stm32cube.common.mx_6.15.0.202507011659\db\plugins\mcufinder\reactClient1\index.html
2026-03-22 11:03:43,648 [INFO] WebApp:191 - Connection restablished
2026-03-22 11:03:43,827 [INFO] UserAuth:487 - Internet connection configuration mode: 1
2026-03-22 11:03:44,618 [WARN] PackLoader:240 - Cannot read IP mode file for STMicroelectronics.X-CUBE-AZRTOS-H7.3.5.0
2026-03-22 11:03:44,636 [WARN] PackLoader:240 - Cannot read IP mode file for STMicroelectronics.FP-SNS-MOTENVWB1.1.4.0
2026-03-22 11:03:44,647 [WARN] PackLoader:240 - Cannot read IP mode file for STMicroelectronics.FP-ATR-ASTRA1.2.0.2
2026-03-22 11:03:44,660 [WARN] PackLoader:240 - Cannot read IP mode file for STMicroelectronics.X-CUBE-SMBUS.2.1.0
2026-03-22 11:03:44,667 [WARN] PackLoader:240 - Cannot read IP mode file for STMicroelectronics.X-CUBE-ST60.1.0.0
2026-03-22 11:03:44,698 [WARN] PackLoader:240 - Cannot read IP mode file for STMicroelectronics.X-CUBE-AZRTOS-F7.1.1.0
2026-03-22 11:03:44,712 [WARN] PackLoader:240 - Cannot read IP mode file for STMicroelectronics.X-CUBE-BLE1.6.2.4
2026-03-22 11:03:44,720 [WARN] PackLoader:240 - Cannot read IP mode file for STMicroelectronics.FP-SNS-MOTENV1.5.1.0
2026-03-22 11:03:44,737 [WARN] PackLoader:240 - Cannot read IP mode file for WES.I-CUBE-Cesium.1.4.0
2026-03-22 11:03:44,776 [WARN] PackLoader:240 - Cannot read IP mode file for Infineon.AIROC-Wi-Fi-Bluetooth-STM32.1.7.1
2026-03-22 11:03:44,814 [WARN] PackLoader:240 - Cannot read IP mode file for STMicroelectronics.X-CUBE-AZRTOS-H7.3.4.0
2026-03-22 11:03:44,831 [WARN] PackLoader:240 - Cannot read IP mode file for STMicroelectronics.X-CUBE-DISPLAY.3.0.0
2026-03-22 11:03:44,847 [WARN] PackLoader:240 - Cannot read IP mode file for STMicroelectronics.FP-SNS-MOTENVWB1.1.5.0
2026-03-22 11:03:44,858 [WARN] PackLoader:240 - Cannot read IP mode file for STMicroelectronics.X-CUBE-NFC10.1.0.0
2026-03-22 11:03:44,868 [WARN] PackLoader:240 - Cannot read IP mode file for STMicroelectronics.X-CUBE-ST60.1.1.0
2026-03-22 11:03:44,879 [WARN] PackLoader:240 - Cannot read IP mode file for emotas.I-CUBE-CANOPEN.1.3.0
2026-03-22 11:03:44,888 [WARN] PackLoader:240 - Cannot read IP mode file for STMicroelectronics.X-CUBE-GNSS1.7.1.0
2026-03-22 11:03:44,901 [WARN] PackLoader:240 - Cannot read IP mode file for STMicroelectronics.FP-SNS-STBOX1.2.1.0
2026-03-22 11:03:44,911 [WARN] PackLoader:240 - Cannot read IP mode file for STMicroelectronics.FP-SNS-SMARTAG2.1.2.0
2026-03-22 11:03:44,930 [WARN] PackLoader:240 - Cannot read IP mode file for STMicroelectronics.FP-SNS-FLIGHT1.5.1.0
2026-03-22 11:03:44,945 [INFO] LogOutputStream:77 - [STDOUT_REDIRECT] 1 : Invalid condition id : UX_CORESTACK_Condition cause : null
2026-03-22 11:03:44,946 [INFO] LogOutputStream:77 - [STDOUT_REDIRECT] 1 : Invalid condition id : UX_CORESTACK_Condition cause : null
2026-03-22 11:03:44,948 [INFO] LogOutputStream:77 - [STDOUT_REDIRECT] 1 : Invalid condition id : UX_CORESTACK_Condition cause : null
2026-03-22 11:03:44,949 [INFO] LogOutputStream:77 - [STDOUT_REDIRECT] 1 : Invalid condition id : UX_CORESTACK_Condition cause : null
2026-03-22 11:03:44,951 [INFO] LogOutputStream:77 - [STDOUT_REDIRECT] 1 : Invalid condition id : UX_CORESTACK_Condition cause : null
2026-03-22 11:03:44,956 [WARN] PackLoader:240 - Cannot read IP mode file for STMicroelectronics.X-CUBE-AZRTOS-WL.2.0.0
2026-03-22 11:03:44,964 [WARN] PackLoader:240 - Cannot read IP mode file for STMicroelectronics.FP-SNS-MOTENV1.5.0.0
2026-03-22 11:03:44,995 [WARN] PackLoader:240 - Cannot read IP mode file for STMicroelectronics.X-CUBE-AZRTOS-H7RS.1.2.0
2026-03-22 11:03:45,005 [WARN] PackLoader:240 - Cannot read IP mode file for STMicroelectronics.X-CUBE-BLE2.3.3.0
2026-03-22 11:03:45,065 [WARN] PackLoader:240 - Cannot read IP mode file for STMicroelectronics.X-CUBE-TOF1.3.2.0
2026-03-22 11:03:45,080 [WARN] PackLoader:240 - Cannot read IP mode file for STMicroelectronics.X-CUBE-NFC9.1.0.0
2026-03-22 11:03:45,089 [WARN] PackLoader:240 - Cannot read IP mode file for wolfSSL.I-CUBE-wolfSSL.5.8.2
2026-03-22 11:03:45,096 [WARN] PackLoader:240 - Cannot read IP mode file for STMicroelectronics.X-CUBE-BLE1.7.1.0
2026-03-22 11:03:45,103 [WARN] PackLoader:240 - Cannot read IP mode file for wolfSSL.I-CUBE-wolfMQTT.1.19.2
2026-03-22 11:03:45,112 [WARN] PackLoader:240 - Cannot read IP mode file for STMicroelectronics.X-CUBE-FREERTOS.1.4.0
2026-03-22 11:03:45,120 [WARN] PackLoader:240 - Cannot read IP mode file for STMicroelectronics.X-CUBE-EEPRMA1.5.2.0
2026-03-22 11:03:45,130 [WARN] PackLoader:240 - Cannot read IP mode file for STMicroelectronics.X-CUBE-TOUCHGFX.4.21.1
2026-03-22 11:03:45,140 [WARN] PackLoader:240 - Cannot read IP mode file for STMicroelectronics.X-CUBE-ST67W61.1.1.0
2026-03-22 11:03:45,190 [WARN] PackLoader:240 - Cannot read IP mode file for STMicroelectronics.X-CUBE-MEMS1.12.0.0
2026-03-22 11:03:45,280 [WARN] PackLoader:240 - Cannot read IP mode file for STMicroelectronics.X-CUBE-ALGOBUILD.1.3.0
2026-03-22 11:03:45,306 [WARN] PackLoader:240 - Cannot read IP mode file for STMicroelectronics.X-CUBE-AZRTOS-G0.1.1.0
2026-03-22 11:03:45,319 [WARN] PackLoader:240 - Cannot read IP mode file for STMicroelectronics.X-CUBE-SAFEA1.1.2.2
2026-03-22 11:03:45,331 [WARN] PackLoader:240 - Cannot read IP mode file for STMicroelectronics.X-CUBE-NFC4.3.0.0
2026-03-22 11:03:45,345 [WARN] PackLoader:240 - Cannot read IP mode file for EmbeddedOffice.I-CUBE-FS-RTOS.1.0.1
2026-03-22 11:03:45,354 [WARN] PackLoader:240 - Cannot read IP mode file for STMicroelectronics.X-CUBE-WB05N.2.0.0
2026-03-22 11:03:45,386 [WARN] PackLoader:240 - Cannot read IP mode file for wolfSSL.I-CUBE-wolfTPM.3.8.0
2026-03-22 11:03:45,399 [WARN] PackLoader:240 - Cannot read IP mode file for STMicroelectronics.X-CUBE-BLEMGR.1.3.0
2026-03-22 11:03:45,410 [WARN] PackLoader:240 - Cannot read IP mode file for STMicroelectronics.X-CUBE-TCPP.4.2.0
2026-03-22 11:03:45,420 [WARN] PackLoader:240 - Cannot read IP mode file for RealThread.X-CUBE-RT-Thread_Nano.4.1.1
2026-03-22 11:03:45,429 [WARN] PackLoader:240 - Cannot read IP mode file for STMicroelectronics.FP-ATR-SIGFOX1.3.2.0
2026-03-22 11:03:45,435 [WARN] PackLoader:240 - Cannot read IP mode file for STMicroelectronics.X-CUBE-FREERTOS.1.5.0
2026-03-22 11:03:45,444 [WARN] PackLoader:240 - Cannot read IP mode file for ITTIA_DB.I-CUBE-ITTIADB.8.9.0
2026-03-22 11:03:45,453 [WARN] PackLoader:240 - Cannot read IP mode file for STMicroelectronics.X-CUBE-NFC6.3.2.0
2026-03-22 11:03:45,497 [WARN] PackLoader:240 - Cannot read IP mode file for STMicroelectronics.X-CUBE-MEMS1.9.5.0
2026-03-22 11:03:45,623 [WARN] PackLoader:240 - Cannot read IP mode file for STMicroelectronics.X-CUBE-ST67W61.1.0.0
2026-03-22 11:03:45,629 [WARN] PackLoader:240 - Cannot read IP mode file for STMicroelectronics.X-CUBE-AI.10.2.0
2026-03-22 11:03:45,663 [WARN] PackLoader:240 - Cannot read IP mode file for SEGGER.I-CUBE-embOS.1.3.1
2026-03-22 11:03:45,708 [WARN] PackLoader:240 - Cannot read IP mode file for STMicroelectronics.X-CUBE-ALGOBUILD.1.4.0
2026-03-22 11:03:45,753 [WARN] PackLoader:240 - Cannot read IP mode file for STMicroelectronics.X-CUBE-MEMS1.11.3.0
2026-03-22 11:03:45,873 [WARN] PackLoader:240 - Cannot read IP mode file for STMicroelectronics.X-CUBE-PM33A1.1.0.0
2026-03-22 11:03:45,882 [WARN] PackLoader:240 - Cannot read IP mode file for STMicroelectronics.X-CUBE-GNSS1.6.0.0
2026-03-22 11:03:45,900 [WARN] PackLoader:240 - Cannot read IP mode file for STMicroelectronics.X-CUBE-AZRTOS-F4.1.1.0
2026-03-22 11:03:45,908 [WARN] PackLoader:240 - Cannot read IP mode file for Avnet-IotConnect.X-CUBE-IoTC-DA16k-PMOD.1.0.0
2026-03-22 11:03:45,915 [WARN] PackLoader:240 - Cannot read IP mode file for STMicroelectronics.X-CUBE-ISPU.2.1.0
2026-03-22 11:03:45,929 [WARN] PackLoader:240 - Cannot read IP mode file for STMicroelectronics.X-CUBE-IPS.3.2.0
2026-03-22 11:03:45,947 [WARN] PackLoader:240 - Cannot read IP mode file for STMicroelectronics.X-CUBE-NFC12.1.0.0
2026-03-22 11:03:45,968 [WARN] PackLoader:240 - Cannot read IP mode file for STMicroelectronics.X-CUBE-AZRTOS-L5.2.0.0
2026-03-22 11:03:45,977 [WARN] PackLoader:240 - Cannot read IP mode file for STMicroelectronics.X-CUBE-NFC6.3.1.0
2026-03-22 11:03:45,986 [WARN] PackLoader:240 - Cannot read IP mode file for emotas.I-CUBE-CANOPEN.1.1.3
2026-03-22 11:03:45,992 [WARN] PackLoader:240 - Cannot read IP mode file for wolfSSL.I-CUBE-wolfSSL.5.5.4
2026-03-22 11:03:45,999 [WARN] PackLoader:240 - Cannot read IP mode file for STMicroelectronics.X-CUBE-FREERTOS.1.3.1
2026-03-22 11:03:46,005 [WARN] PackLoader:240 - Cannot read IP mode file for STMicroelectronics.X-CUBE-NFC7.1.0.0
2026-03-22 11:03:46,011 [WARN] PackLoader:240 - Cannot read IP mode file for STMicroelectronics.X-CUBE-TOUCHGFX.4.26.0
2026-03-22 11:03:46,017 [WARN] PackLoader:240 - Cannot read IP mode file for STMicroelectronics.X-CUBE-TOUCHGFX.4.26.1
2026-03-22 11:03:46,023 [WARN] PackLoader:240 - Cannot read IP mode file for STMicroelectronics.X-CUBE-EEPRMA1.4.1.0
2026-03-22 11:03:46,032 [WARN] PackLoader:240 - Cannot read IP mode file for STMicroelectronics.FP-SNS-STAIOTCFT.1.0.0
2026-03-22 11:03:46,040 [WARN] PackLoader:240 - Cannot read IP mode file for STMicroelectronics.X-CUBE-DPower.1.3.0
2026-03-22 11:03:46,059 [WARN] ConditionMgr:438 - getConditionDescription Invalid condition id : LAN8742 Phy interface Condition cause : null
2026-03-22 11:03:46,060 [WARN] PackLoader:240 - Cannot read IP mode file for STMicroelectronics.X-CUBE-AZRTOS-L4.2.0.0
2026-03-22 11:03:46,061 [WARN] ConditionMgr:1044 - genDependencies : Invalid condition id : LAN8742 Phy interface Condition cause : null
2026-03-22 11:03:46,061 [WARN] ConditionMgr:1044 - genDependencies : Invalid condition id : LAN8742 Phy interface Condition cause : null
2026-03-22 11:03:46,061 [WARN] ConditionMgr:1044 - genDependencies : Invalid condition id : LAN8742 Phy interface Condition cause : null
2026-03-22 11:03:46,070 [WARN] PackLoader:240 - Cannot read IP mode file for STMicroelectronics.X-CUBE-SFXS2LP1.4.0.0
2026-03-22 11:03:46,084 [WARN] PackLoader:240 - Cannot read IP mode file for STMicroelectronics.X-CUBE-AZRTOS-H7.3.0.0
2026-03-22 11:03:46,093 [WARN] PackLoader:240 - Cannot read IP mode file for STMicroelectronics.X-CUBE-ST67W61.1.2.0
2026-03-22 11:03:46,099 [WARN] PackLoader:240 - Cannot read IP mode file for STMicroelectronics.X-CUBE-ISPU.1.1.0
2026-03-22 11:03:46,107 [WARN] PackLoader:240 - Cannot read IP mode file for RoweBots.I-CUBE-UNISONRTOS.5.5.0-4
2026-03-22 11:03:46,122 [WARN] PackLoader:240 - Cannot read IP mode file for STMicroelectronics.X-CUBE-BLEMGR.4.1.0
2026-03-22 11:03:46,135 [WARN] PackLoader:240 - Cannot read IP mode file for STMicroelectronics.X-CUBE-AI.8.0.0
2026-03-22 11:03:46,150 [WARN] ConditionMgr:438 - getConditionDescription Invalid condition id : UX DEVICE CLASS RTOS Condition cause : null
2026-03-22 11:03:46,151 [WARN] ConditionMgr:438 - getConditionDescription Invalid condition id : UX DEVICE CLASS RTOS Condition cause : null
2026-03-22 11:03:46,154 [WARN] PackLoader:240 - Cannot read IP mode file for STMicroelectronics.X-CUBE-AZRTOS-WB.2.0.0
2026-03-22 11:03:46,154 [WARN] ConditionMgr:1044 - genDependencies : Invalid condition id : UX DEVICE CLASS RTOS Condition cause : null
2026-03-22 11:03:46,154 [WARN] ConditionMgr:1044 - genDependencies : Invalid condition id : UX DEVICE CLASS RTOS Condition cause : null
2026-03-22 11:03:46,157 [WARN] ConditionMgr:1044 - genDependencies : Invalid condition id : UX DEVICE CLASS RTOS Condition cause : null
2026-03-22 11:03:46,157 [WARN] ConditionMgr:1044 - genDependencies : Invalid condition id : UX DEVICE CLASS RTOS Condition cause : null
2026-03-22 11:03:46,158 [WARN] ConditionMgr:1044 - genDependencies : Invalid condition id : UX DEVICE CLASS RTOS Condition cause : null
2026-03-22 11:03:46,166 [WARN] PackLoader:240 - Cannot read IP mode file for STMicroelectronics.X-CUBE-GNSS1.7.0.1
2026-03-22 11:03:46,172 [WARN] PackLoader:240 - Cannot read IP mode file for STMicroelectronics.X-CUBE-TOUCHGFX.4.25.0
2026-03-22 11:03:46,195 [WARN] ConditionMgr:438 - getConditionDescription Invalid condition id : Cortex-A Device cause : null
2026-03-22 11:03:46,211 [WARN] ConditionMgr:1044 - genDependencies : Invalid condition id : Cortex-A Device cause : null
2026-03-22 11:03:46,211 [WARN] ConditionMgr:1044 - genDependencies : Invalid condition id : Cortex-A Device cause : null
2026-03-22 11:03:46,211 [WARN] ConditionMgr:1044 - genDependencies : Invalid condition id : Cortex-A Device cause : null
2026-03-22 11:03:46,222 [WARN] PackLoader:240 - Cannot read IP mode file for STMicroelectronics.X-CUBE-STSE01.2.0.0
2026-03-22 11:03:46,238 [WARN] PackLoader:240 - Cannot read IP mode file for STMicroelectronics.X-CUBE-AZRTOS-L5.1.1.0
2026-03-22 11:03:46,252 [WARN] PackLoader:240 - Cannot read IP mode file for STMicroelectronics.X-CUBE-SUBG2.5.0.0
2026-03-22 11:03:46,272 [WARN] PackLoader:240 - Cannot read IP mode file for STMicroelectronics.X-CUBE-AZRTOS-H7RS.1.1.0
2026-03-22 11:03:46,281 [WARN] PackLoader:240 - Cannot read IP mode file for Cesanta.I-CUBE-Mongoose.7.13.0
2026-03-22 11:03:46,297 [WARN] PackLoader:240 - Cannot read IP mode file for STMicroelectronics.X-CUBE-AZRTOS-G4.2.0.0
2026-03-22 11:03:46,546 [WARN] PackLoader:240 - Cannot read IP mode file for STMicroelectronics.FP-ATR-ASTRA1.1.1.1
2026-03-22 11:03:46,553 [WARN] PackLoader:240 - Cannot read IP mode file for wolfSSL.I-CUBE-wolfSSH.1.4.20
2026-03-22 11:03:46,559 [WARN] PackLoader:240 - Cannot read IP mode file for STMicroelectronics.X-CUBE-NFC7.2.0.0
2026-03-22 11:03:46,574 [WARN] PackLoader:240 - Cannot read IP mode file for STMicroelectronics.X-CUBE-AZRTOS-G4.1.0.0
2026-03-22 11:03:46,592 [WARN] PackLoader:240 - Cannot read IP mode file for STMicroelectronics.X-CUBE-AZRTOS-L4.1.0.0
2026-03-22 11:03:46,604 [WARN] PackLoader:240 - Cannot read IP mode file for STMicroelectronics.X-CUBE-IPS.3.1.0
2026-03-22 11:03:46,618 [WARN] PackLoader:240 - Cannot read IP mode file for STMicroelectronics.X-CUBE-ALS.1.0.2
2026-03-22 11:03:46,632 [WARN] PackLoader:240 - Cannot read IP mode file for STMicroelectronics.X-CUBE-AZRTOS-WL.1.0.0
2026-03-22 11:03:46,641 [WARN] PackLoader:240 - Cannot read IP mode file for STMicroelectronics.X-CUBE-STSE01.1.0.0
2026-03-22 11:03:46,653 [WARN] PackLoader:240 - Cannot read IP mode file for portGmbH.I-Cube-SoM-uGOAL.1.1.0
2026-03-22 11:03:46,661 [WARN] PackLoader:240 - Cannot read IP mode file for STMicroelectronics.X-CUBE-ALS.1.0.1
2026-03-22 11:03:46,673 [WARN] PackLoader:240 - Cannot read IP mode file for STMicroelectronics.X-CUBE-AZRTOS-WB.1.1.0
2026-03-22 11:03:46,691 [WARN] PackLoader:240 - Cannot read IP mode file for STMicroelectronics.X-CUBE-TOF1.3.4.3
2026-03-22 11:03:46,698 [INFO] ThirdParty:978 - Integrity check success = true
2026-03-22 11:03:46,698 [INFO] IntegrityCheckThread:100 - exiting critical section [integrity check]
2026-03-22 11:03:46,698 [INFO] IntegrityCheckThread:103 - End integrity checks thread
2026-03-22 11:03:49,321 [ERROR] LogOutputStream:75 - [STDERR_REDIRECT] 
