2026-03-01 18:01:09,772 [INFO] WebApp:194 - Connection lost
2026-03-01 18:07:27,614 [INFO] WebAppUi:1100 - Web application message: Reloading CAD
2026-03-01 18:07:31,724 [INFO] WebApp:191 - Connection restablished
2026-03-01 18:07:33,769 [INFO] WebApp:194 - Connection lost
2026-03-01 18:07:33,933 [INFO] WebApp:191 - Connection restablished
2026-03-01 18:07:47,775 [INFO] WebApp:194 - Connection lost
2026-03-01 18:07:47,929 [INFO] WebApp:191 - Connection restablished
2026-03-01 21:34:43,546 [INFO] ADCParametersView:116 -                Rank 1 : true
2026-03-01 21:34:43,549 [INFO] ADCParametersView:116 -                Rank 2 : true
2026-03-01 21:34:43,549 [INFO] ADCParametersView:116 -                Rank 3 : true
2026-03-01 21:34:43,550 [INFO] ADCParametersView:116 -                Rank 4 : true
2026-03-01 21:34:43,558 [INFO] ADCParametersView:116 -                Rank 1 : true
2026-03-01 21:34:43,559 [INFO] ADCParametersView:116 -                Rank 2 : true
2026-03-01 21:34:43,559 [INFO] ADCParametersView:116 -                Rank 3 : true
2026-03-01 21:34:43,559 [INFO] ADCParametersView:116 -                Rank 4 : true
2026-03-01 21:34:43,560 [INFO] ADCParametersView:116 -                Rank 1 : true
2026-03-01 21:34:43,560 [INFO] ADCParametersView:116 -                Rank 2 : true
2026-03-01 21:34:43,560 [INFO] ADCParametersView:116 -                Rank 3 : true
2026-03-01 21:34:43,561 [INFO] ADCParametersView:116 -                Rank 4 : true
2026-03-01 21:34:43,561 [INFO] ADCParametersView:116 -                Rank 1 : true
2026-03-01 21:34:43,561 [INFO] ADCParametersView:116 -                Rank 2 : true
2026-03-01 21:34:43,561 [INFO] ADCParametersView:116 -                Rank 3 : true
2026-03-01 21:34:43,561 [INFO] ADCParametersView:116 -                Rank 4 : true
2026-03-01 21:34:43,562 [INFO] ADCParametersView:116 -                Rank 1 : true
2026-03-01 21:34:43,562 [INFO] ADCParametersView:116 -                Rank 2 : true
2026-03-01 21:34:43,562 [INFO] ADCParametersView:116 -                Rank 3 : true
2026-03-01 21:34:43,562 [INFO] ADCParametersView:116 -                Rank 4 : true
2026-03-01 21:34:43,563 [INFO] ADCParametersView:116 -                Rank 1 : true
2026-03-01 21:34:43,563 [INFO] ADCParametersView:116 -                Rank 2 : true
2026-03-01 21:34:43,564 [INFO] ADCParametersView:116 -                Rank 3 : true
2026-03-01 21:34:43,564 [INFO] ADCParametersView:116 -                Rank 4 : true
2026-03-01 21:34:43,566 [INFO] ADCParametersView:116 -                Rank 1 : true
2026-03-01 21:34:43,566 [INFO] ADCParametersView:116 -                Rank 2 : true
2026-03-01 21:34:43,566 [INFO] ADCParametersView:116 -                Rank 3 : true
2026-03-01 21:34:43,566 [INFO] ADCParametersView:116 -                Rank 4 : true
2026-03-01 21:34:43,567 [INFO] ADCParametersView:116 -                Rank 1 : true
2026-03-01 21:34:43,567 [INFO] ADCParametersView:116 -                Rank 2 : true
2026-03-01 21:34:43,567 [INFO] ADCParametersView:116 -                Rank 3 : true
2026-03-01 21:34:43,567 [INFO] ADCParametersView:116 -                Rank 4 : true
2026-03-01 21:34:43,567 [INFO] ADCParametersView:116 -                Rank 1 : true
2026-03-01 21:34:43,568 [INFO] ADCParametersView:116 -                Rank 2 : true
2026-03-01 21:34:43,568 [INFO] ADCParametersView:116 -                Rank 3 : true
2026-03-01 21:34:43,568 [INFO] ADCParametersView:116 -                Rank 4 : true
2026-03-01 21:34:43,568 [INFO] ADCParametersView:116 -                Rank 1 : true
2026-03-01 21:34:43,568 [INFO] ADCParametersView:116 -                Rank 2 : true
2026-03-01 21:34:43,568 [INFO] ADCParametersView:116 -                Rank 3 : true
2026-03-01 21:34:43,568 [INFO] ADCParametersView:116 -                Rank 4 : true
2026-03-01 21:34:43,569 [INFO] ADCParametersView:116 -                Rank 1 : true
2026-03-01 21:34:43,569 [INFO] ADCParametersView:116 -                Rank 2 : true
2026-03-01 21:34:43,569 [INFO] ADCParametersView:116 -                Rank 3 : true
2026-03-01 21:34:43,569 [INFO] ADCParametersView:116 -                Rank 4 : true
2026-03-01 21:34:43,569 [INFO] ADCParametersView:116 -                Rank 1 : true
2026-03-01 21:34:43,571 [INFO] ADCParametersView:116 -                Rank 2 : true
2026-03-01 21:34:43,571 [INFO] ADCParametersView:116 -                Rank 3 : true
2026-03-01 21:34:43,571 [INFO] ADCParametersView:116 -                Rank 4 : true
2026-03-01 21:34:43,571 [INFO] ADCParametersView:116 -                Rank 1 : true
2026-03-01 21:34:43,571 [INFO] ADCParametersView:116 -                Rank 2 : true
2026-03-01 21:34:43,571 [INFO] ADCParametersView:116 -                Rank 3 : true
2026-03-01 21:34:43,572 [INFO] ADCParametersView:116 -                Rank 4 : true
2026-03-01 21:34:43,573 [INFO] ADCParametersView:116 -                Rank 1 : true
2026-03-01 21:34:43,573 [INFO] ADCParametersView:116 -                Rank 2 : true
2026-03-01 21:34:43,573 [INFO] ADCParametersView:116 -                Rank 3 : true
2026-03-01 21:34:43,573 [INFO] ADCParametersView:116 -                Rank 4 : true
2026-03-01 21:34:43,574 [INFO] ADCParametersView:116 -                Rank 1 : true
2026-03-01 21:34:43,574 [INFO] ADCParametersView:116 -                Rank 2 : true
2026-03-01 21:34:43,574 [INFO] ADCParametersView:116 -                Rank 3 : true
2026-03-01 21:34:43,574 [INFO] ADCParametersView:116 -                Rank 4 : true
2026-03-01 21:34:43,574 [INFO] ADCParametersView:116 -                Rank 1 : true
2026-03-01 21:34:43,574 [INFO] ADCParametersView:116 -                Rank 2 : true
2026-03-01 21:34:43,574 [INFO] ADCParametersView:116 -                Rank 3 : true
2026-03-01 21:34:43,575 [INFO] ADCParametersView:116 -                Rank 4 : true
2026-03-01 21:34:43,575 [INFO] ADCParametersView:116 -                Rank 1 : true
2026-03-01 21:34:43,575 [INFO] ADCParametersView:116 -                Rank 2 : true
2026-03-01 21:34:43,575 [INFO] ADCParametersView:116 -                Rank 3 : true
2026-03-01 21:34:43,575 [INFO] ADCParametersView:116 -                Rank 4 : true
2026-03-01 21:34:43,575 [INFO] ADCParametersView:116 -                Rank 1 : true
2026-03-01 21:34:43,575 [INFO] ADCParametersView:116 -                Rank 2 : true
2026-03-01 21:34:43,575 [INFO] ADCParametersView:116 -                Rank 3 : true
2026-03-01 21:34:43,575 [INFO] ADCParametersView:116 -                Rank 4 : true
2026-03-01 21:34:43,575 [INFO] ADCParametersView:116 -                Rank 1 : true
2026-03-01 21:34:43,577 [INFO] ADCParametersView:116 -                Rank 2 : true
2026-03-01 21:34:43,577 [INFO] ADCParametersView:116 -                Rank 3 : true
2026-03-01 21:34:43,577 [INFO] ADCParametersView:116 -                Rank 4 : true
2026-03-01 21:34:43,577 [INFO] ADCParametersView:116 -                Rank 1 : true
2026-03-01 21:34:43,577 [INFO] ADCParametersView:116 -                Rank 2 : true
2026-03-01 21:34:43,577 [INFO] ADCParametersView:116 -                Rank 3 : true
2026-03-01 21:34:43,577 [INFO] ADCParametersView:116 -                Rank 4 : true
2026-03-01 21:34:43,577 [INFO] ADCParametersView:116 -                Rank 1 : true
2026-03-01 21:34:43,577 [INFO] ADCParametersView:116 -                Rank 2 : true
2026-03-01 21:34:43,577 [INFO] ADCParametersView:116 -                Rank 3 : true
2026-03-01 21:34:43,577 [INFO] ADCParametersView:116 -                Rank 4 : true
2026-03-01 21:34:43,577 [INFO] ADCParametersView:116 -                Rank 2 : true
2026-03-01 21:34:43,578 [INFO] ADCParametersView:116 -                Rank 3 : true
2026-03-01 21:34:43,578 [INFO] ADCParametersView:116 -                Rank 4 : true
2026-03-01 21:34:43,578 [INFO] ADCParametersView:116 -                Rank 3 : true
2026-03-01 21:34:43,578 [INFO] ADCParametersView:116 -                Rank 4 : true
2026-03-01 21:34:43,578 [INFO] ADCParametersView:116 -                Rank 4 : true
2026-03-01 21:34:43,672 [INFO] ADCParametersView:116 -                Rank 1 : true
2026-03-01 21:34:43,674 [INFO] ADCParametersView:116 -                Rank 1 : true
2026-03-01 21:34:43,674 [INFO] ADCParametersView:116 -                Rank 2 : true
2026-03-01 21:34:43,675 [INFO] ADCParametersView:116 -                Rank 1 : true
2026-03-01 21:34:43,675 [INFO] ADCParametersView:116 -                Rank 2 : true
2026-03-01 21:34:43,676 [INFO] ADCParametersView:116 -                Rank 3 : true
2026-03-01 21:34:43,677 [INFO] ADCParametersView:116 -                Rank 1 : true
2026-03-01 21:34:43,677 [INFO] ADCParametersView:116 -                Rank 2 : true
2026-03-01 21:34:43,677 [INFO] ADCParametersView:116 -                Rank 3 : true
2026-03-01 21:34:43,677 [INFO] ADCParametersView:116 -                Rank 4 : true
2026-03-01 21:34:43,839 [INFO] ADCParametersView:116 -                Rank 1 : true
2026-03-01 21:34:43,839 [INFO] ADCParametersView:116 -                Rank 2 : true
2026-03-01 21:34:43,839 [INFO] ADCParametersView:116 -                Rank 3 : true
2026-03-01 21:34:43,839 [INFO] ADCParametersView:116 -                Rank 4 : true
2026-03-01 21:34:43,844 [INFO] ADCParametersView:116 -                Rank 1 : true
2026-03-01 21:34:43,844 [INFO] ADCParametersView:116 -                Rank 2 : true
2026-03-01 21:34:43,844 [INFO] ADCParametersView:116 -                Rank 3 : true
2026-03-01 21:34:43,844 [INFO] ADCParametersView:116 -                Rank 4 : true
2026-03-01 21:34:43,844 [INFO] ADCParametersView:116 -                Rank 1 : true
2026-03-01 21:34:43,844 [INFO] ADCParametersView:116 -                Rank 2 : true
2026-03-01 21:34:43,844 [INFO] ADCParametersView:116 -                Rank 3 : true
2026-03-01 21:34:43,844 [INFO] ADCParametersView:116 -                Rank 4 : true
2026-03-01 21:34:43,845 [INFO] ADCParametersView:116 -                Rank 1 : true
2026-03-01 21:34:43,845 [INFO] ADCParametersView:116 -                Rank 2 : true
2026-03-01 21:34:43,845 [INFO] ADCParametersView:116 -                Rank 3 : true
2026-03-01 21:34:43,845 [INFO] ADCParametersView:116 -                Rank 4 : true
2026-03-01 21:34:43,845 [INFO] ADCParametersView:116 -                Rank 1 : true
2026-03-01 21:34:43,845 [INFO] ADCParametersView:116 -                Rank 2 : true
2026-03-01 21:34:43,845 [INFO] ADCParametersView:116 -                Rank 3 : true
2026-03-01 21:34:43,845 [INFO] ADCParametersView:116 -                Rank 4 : true
2026-03-01 21:34:43,846 [INFO] ADCParametersView:116 -                Rank 1 : true
2026-03-01 21:34:43,846 [INFO] ADCParametersView:116 -                Rank 2 : true
2026-03-01 21:34:43,846 [INFO] ADCParametersView:116 -                Rank 3 : true
2026-03-01 21:34:43,846 [INFO] ADCParametersView:116 -                Rank 4 : true
2026-03-01 21:34:43,846 [INFO] ADCParametersView:116 -                Rank 1 : true
2026-03-01 21:34:43,846 [INFO] ADCParametersView:116 -                Rank 2 : true
2026-03-01 21:34:43,846 [INFO] ADCParametersView:116 -                Rank 3 : true
2026-03-01 21:34:43,846 [INFO] ADCParametersView:116 -                Rank 4 : true
2026-03-01 21:34:43,846 [INFO] ADCParametersView:116 -                Rank 1 : true
2026-03-01 21:34:43,846 [INFO] ADCParametersView:116 -                Rank 2 : true
2026-03-01 21:34:43,846 [INFO] ADCParametersView:116 -                Rank 3 : true
2026-03-01 21:34:43,846 [INFO] ADCParametersView:116 -                Rank 4 : true
2026-03-01 21:34:43,847 [INFO] ADCParametersView:116 -                Rank 1 : true
2026-03-01 21:34:43,847 [INFO] ADCParametersView:116 -                Rank 2 : true
2026-03-01 21:34:43,847 [INFO] ADCParametersView:116 -                Rank 3 : true
2026-03-01 21:34:43,847 [INFO] ADCParametersView:116 -                Rank 4 : true
2026-03-01 21:34:43,848 [INFO] ADCParametersView:116 -                Rank 1 : true
2026-03-01 21:34:43,848 [INFO] ADCParametersView:116 -                Rank 2 : true
2026-03-01 21:34:43,848 [INFO] ADCParametersView:116 -                Rank 3 : true
2026-03-01 21:34:43,848 [INFO] ADCParametersView:116 -                Rank 4 : true
2026-03-01 21:34:43,848 [INFO] ADCParametersView:116 -                Rank 1 : true
2026-03-01 21:34:43,848 [INFO] ADCParametersView:116 -                Rank 2 : true
2026-03-01 21:34:43,849 [INFO] ADCParametersView:116 -                Rank 3 : true
2026-03-01 21:34:43,849 [INFO] ADCParametersView:116 -                Rank 4 : true
2026-03-01 21:34:43,849 [INFO] ADCParametersView:116 -                Rank 1 : true
2026-03-01 21:34:43,849 [INFO] ADCParametersView:116 -                Rank 2 : true
2026-03-01 21:34:43,849 [INFO] ADCParametersView:116 -                Rank 3 : true
2026-03-01 21:34:43,849 [INFO] ADCParametersView:116 -                Rank 4 : true
2026-03-01 21:34:43,849 [INFO] ADCParametersView:116 -                Rank 1 : true
2026-03-01 21:34:43,850 [INFO] ADCParametersView:116 -                Rank 2 : true
2026-03-01 21:34:43,850 [INFO] ADCParametersView:116 -                Rank 3 : true
2026-03-01 21:34:43,850 [INFO] ADCParametersView:116 -                Rank 4 : true
2026-03-01 21:34:43,850 [INFO] ADCParametersView:116 -                Rank 1 : true
2026-03-01 21:34:43,850 [INFO] ADCParametersView:116 -                Rank 2 : true
2026-03-01 21:34:43,850 [INFO] ADCParametersView:116 -                Rank 3 : true
2026-03-01 21:34:43,850 [INFO] ADCParametersView:116 -                Rank 4 : true
2026-03-01 21:34:43,850 [INFO] ADCParametersView:116 -                Rank 1 : true
2026-03-01 21:34:43,850 [INFO] ADCParametersView:116 -                Rank 2 : true
2026-03-01 21:34:43,850 [INFO] ADCParametersView:116 -                Rank 3 : true
2026-03-01 21:34:43,850 [INFO] ADCParametersView:116 -                Rank 4 : true
2026-03-01 21:34:43,850 [INFO] ADCParametersView:116 -                Rank 1 : true
2026-03-01 21:34:43,850 [INFO] ADCParametersView:116 -                Rank 2 : true
2026-03-01 21:34:43,850 [INFO] ADCParametersView:116 -                Rank 3 : true
2026-03-01 21:34:43,850 [INFO] ADCParametersView:116 -                Rank 4 : true
2026-03-01 21:34:43,850 [INFO] ADCParametersView:116 -                Rank 1 : true
2026-03-01 21:34:43,850 [INFO] ADCParametersView:116 -                Rank 2 : true
2026-03-01 21:34:43,850 [INFO] ADCParametersView:116 -                Rank 3 : true
2026-03-01 21:34:43,850 [INFO] ADCParametersView:116 -                Rank 4 : true
2026-03-01 21:34:43,852 [INFO] ADCParametersView:116 -                Rank 1 : true
2026-03-01 21:34:43,852 [INFO] ADCParametersView:116 -                Rank 2 : true
2026-03-01 21:34:43,852 [INFO] ADCParametersView:116 -                Rank 3 : true
2026-03-01 21:34:43,852 [INFO] ADCParametersView:116 -                Rank 4 : true
2026-03-01 21:34:43,852 [INFO] ADCParametersView:116 -                Rank 1 : true
2026-03-01 21:34:43,852 [INFO] ADCParametersView:116 -                Rank 2 : true
2026-03-01 21:34:43,852 [INFO] ADCParametersView:116 -                Rank 3 : true
2026-03-01 21:34:43,852 [INFO] ADCParametersView:116 -                Rank 4 : true
2026-03-01 21:34:43,852 [INFO] ADCParametersView:116 -                Rank 1 : true
2026-03-01 21:34:43,852 [INFO] ADCParametersView:116 -                Rank 2 : true
2026-03-01 21:34:43,852 [INFO] ADCParametersView:116 -                Rank 3 : true
2026-03-01 21:34:43,852 [INFO] ADCParametersView:116 -                Rank 4 : true
2026-03-01 21:34:43,852 [INFO] ADCParametersView:116 -                Rank 1 : true
2026-03-01 21:34:43,852 [INFO] ADCParametersView:116 -                Rank 2 : true
2026-03-01 21:34:43,853 [INFO] ADCParametersView:116 -                Rank 3 : true
2026-03-01 21:34:43,853 [INFO] ADCParametersView:116 -                Rank 4 : true
2026-03-01 21:34:43,853 [INFO] ADCParametersView:116 -                Rank 2 : true
2026-03-01 21:34:43,853 [INFO] ADCParametersView:116 -                Rank 3 : true
2026-03-01 21:34:43,853 [INFO] ADCParametersView:116 -                Rank 4 : true
2026-03-01 21:34:43,853 [INFO] ADCParametersView:116 -                Rank 3 : true
2026-03-01 21:34:43,853 [INFO] ADCParametersView:116 -                Rank 4 : true
2026-03-01 21:34:43,853 [INFO] ADCParametersView:116 -                Rank 4 : true
2026-03-01 21:34:43,904 [INFO] ADCParametersView:116 -                Rank 1 : true
2026-03-01 21:34:43,904 [INFO] ADCParametersView:116 -                Rank 1 : true
2026-03-01 21:34:43,904 [INFO] ADCParametersView:116 -                Rank 2 : true
2026-03-01 21:34:43,905 [INFO] ADCParametersView:116 -                Rank 1 : true
2026-03-01 21:34:43,905 [INFO] ADCParametersView:116 -                Rank 2 : true
2026-03-01 21:34:43,905 [INFO] ADCParametersView:116 -                Rank 3 : true
2026-03-01 21:34:43,906 [INFO] ADCParametersView:116 -                Rank 1 : true
2026-03-01 21:34:43,906 [INFO] ADCParametersView:116 -                Rank 2 : true
2026-03-01 21:34:43,906 [INFO] ADCParametersView:116 -                Rank 3 : true
2026-03-01 21:34:43,906 [INFO] ADCParametersView:116 -                Rank 4 : true
2026-03-01 21:34:46,324 [INFO] ADCParametersView:116 -                Rank 1 : true
2026-03-01 21:34:46,324 [INFO] ADCParametersView:116 -                Rank 2 : true
2026-03-01 21:34:46,324 [INFO] ADCParametersView:116 -                Rank 3 : true
2026-03-01 21:34:46,324 [INFO] ADCParametersView:116 -                Rank 4 : true
2026-03-01 21:34:46,327 [INFO] ADCParametersView:116 -                Rank 1 : true
2026-03-01 21:34:46,327 [INFO] ADCParametersView:116 -                Rank 2 : true
2026-03-01 21:34:46,327 [INFO] ADCParametersView:116 -                Rank 3 : true
2026-03-01 21:34:46,327 [INFO] ADCParametersView:116 -                Rank 4 : true
2026-03-01 21:34:46,327 [INFO] ADCParametersView:116 -                Rank 1 : true
2026-03-01 21:34:46,327 [INFO] ADCParametersView:116 -                Rank 2 : true
2026-03-01 21:34:46,328 [INFO] ADCParametersView:116 -                Rank 3 : true
2026-03-01 21:34:46,328 [INFO] ADCParametersView:116 -                Rank 4 : true
2026-03-01 21:34:46,328 [INFO] ADCParametersView:116 -                Rank 1 : true
2026-03-01 21:34:46,328 [INFO] ADCParametersView:116 -                Rank 2 : true
2026-03-01 21:34:46,328 [INFO] ADCParametersView:116 -                Rank 3 : true
2026-03-01 21:34:46,328 [INFO] ADCParametersView:116 -                Rank 4 : true
2026-03-01 21:34:46,328 [INFO] ADCParametersView:116 -                Rank 1 : true
2026-03-01 21:34:46,328 [INFO] ADCParametersView:116 -                Rank 2 : true
2026-03-01 21:34:46,328 [INFO] ADCParametersView:116 -                Rank 3 : true
2026-03-01 21:34:46,328 [INFO] ADCParametersView:116 -                Rank 4 : true
2026-03-01 21:34:46,328 [INFO] ADCParametersView:116 -                Rank 1 : true
2026-03-01 21:34:46,328 [INFO] ADCParametersView:116 -                Rank 2 : true
2026-03-01 21:34:46,328 [INFO] ADCParametersView:116 -                Rank 3 : true
2026-03-01 21:34:46,328 [INFO] ADCParametersView:116 -                Rank 4 : true
2026-03-01 21:34:46,328 [INFO] ADCParametersView:116 -                Rank 1 : true
2026-03-01 21:34:46,328 [INFO] ADCParametersView:116 -                Rank 2 : true
2026-03-01 21:34:46,328 [INFO] ADCParametersView:116 -                Rank 3 : true
2026-03-01 21:34:46,328 [INFO] ADCParametersView:116 -                Rank 4 : true
2026-03-01 21:34:46,328 [INFO] ADCParametersView:116 -                Rank 1 : true
2026-03-01 21:34:46,328 [INFO] ADCParametersView:116 -                Rank 2 : true
2026-03-01 21:34:46,328 [INFO] ADCParametersView:116 -                Rank 3 : true
2026-03-01 21:34:46,328 [INFO] ADCParametersView:116 -                Rank 4 : true
2026-03-01 21:34:46,328 [INFO] ADCParametersView:116 -                Rank 1 : true
2026-03-01 21:34:46,328 [INFO] ADCParametersView:116 -                Rank 2 : true
2026-03-01 21:34:46,328 [INFO] ADCParametersView:116 -                Rank 3 : true
2026-03-01 21:34:46,328 [INFO] ADCParametersView:116 -                Rank 4 : true
2026-03-01 21:34:46,328 [INFO] ADCParametersView:116 -                Rank 1 : true
2026-03-01 21:34:46,328 [INFO] ADCParametersView:116 -                Rank 2 : true
2026-03-01 21:34:46,328 [INFO] ADCParametersView:116 -                Rank 3 : true
2026-03-01 21:34:46,328 [INFO] ADCParametersView:116 -                Rank 4 : true
2026-03-01 21:34:46,328 [INFO] ADCParametersView:116 -                Rank 1 : true
2026-03-01 21:34:46,328 [INFO] ADCParametersView:116 -                Rank 2 : true
2026-03-01 21:34:46,328 [INFO] ADCParametersView:116 -                Rank 3 : true
2026-03-01 21:34:46,328 [INFO] ADCParametersView:116 -                Rank 4 : true
2026-03-01 21:34:46,330 [INFO] ADCParametersView:116 -                Rank 1 : true
2026-03-01 21:34:46,330 [INFO] ADCParametersView:116 -                Rank 2 : true
2026-03-01 21:34:46,330 [INFO] ADCParametersView:116 -                Rank 3 : true
2026-03-01 21:34:46,330 [INFO] ADCParametersView:116 -                Rank 4 : true
2026-03-01 21:34:46,330 [INFO] ADCParametersView:116 -                Rank 1 : true
2026-03-01 21:34:46,330 [INFO] ADCParametersView:116 -                Rank 2 : true
2026-03-01 21:34:46,330 [INFO] ADCParametersView:116 -                Rank 3 : true
2026-03-01 21:34:46,330 [INFO] ADCParametersView:116 -                Rank 4 : true
2026-03-01 21:34:46,330 [INFO] ADCParametersView:116 -                Rank 1 : true
2026-03-01 21:34:46,330 [INFO] ADCParametersView:116 -                Rank 2 : true
2026-03-01 21:34:46,330 [INFO] ADCParametersView:116 -                Rank 3 : true
2026-03-01 21:34:46,330 [INFO] ADCParametersView:116 -                Rank 4 : true
2026-03-01 21:34:46,330 [INFO] ADCParametersView:116 -                Rank 1 : true
2026-03-01 21:34:46,330 [INFO] ADCParametersView:116 -                Rank 2 : true
2026-03-01 21:34:46,330 [INFO] ADCParametersView:116 -                Rank 3 : true
2026-03-01 21:34:46,330 [INFO] ADCParametersView:116 -                Rank 4 : true
2026-03-01 21:34:46,330 [INFO] ADCParametersView:116 -                Rank 1 : true
2026-03-01 21:34:46,330 [INFO] ADCParametersView:116 -                Rank 2 : true
2026-03-01 21:34:46,330 [INFO] ADCParametersView:116 -                Rank 3 : true
2026-03-01 21:34:46,330 [INFO] ADCParametersView:116 -                Rank 4 : true
2026-03-01 21:34:46,330 [INFO] ADCParametersView:116 -                Rank 1 : true
2026-03-01 21:34:46,330 [INFO] ADCParametersView:116 -                Rank 2 : true
2026-03-01 21:34:46,330 [INFO] ADCParametersView:116 -                Rank 3 : true
2026-03-01 21:34:46,330 [INFO] ADCParametersView:116 -                Rank 4 : true
2026-03-01 21:34:46,330 [INFO] ADCParametersView:116 -                Rank 1 : true
2026-03-01 21:34:46,330 [INFO] ADCParametersView:116 -                Rank 2 : true
2026-03-01 21:34:46,331 [INFO] ADCParametersView:116 -                Rank 3 : true
2026-03-01 21:34:46,331 [INFO] ADCParametersView:116 -                Rank 4 : true
2026-03-01 21:34:46,331 [INFO] ADCParametersView:116 -                Rank 1 : true
2026-03-01 21:34:46,331 [INFO] ADCParametersView:116 -                Rank 2 : true
2026-03-01 21:34:46,331 [INFO] ADCParametersView:116 -                Rank 3 : true
2026-03-01 21:34:46,331 [INFO] ADCParametersView:116 -                Rank 4 : true
2026-03-01 21:34:46,331 [INFO] ADCParametersView:116 -                Rank 1 : true
2026-03-01 21:34:46,331 [INFO] ADCParametersView:116 -                Rank 2 : true
2026-03-01 21:34:46,331 [INFO] ADCParametersView:116 -                Rank 3 : true
2026-03-01 21:34:46,331 [INFO] ADCParametersView:116 -                Rank 4 : true
2026-03-01 21:34:46,331 [INFO] ADCParametersView:116 -                Rank 1 : true
2026-03-01 21:34:46,331 [INFO] ADCParametersView:116 -                Rank 2 : true
2026-03-01 21:34:46,331 [INFO] ADCParametersView:116 -                Rank 3 : true
2026-03-01 21:34:46,331 [INFO] ADCParametersView:116 -                Rank 4 : true
2026-03-01 21:34:46,331 [INFO] ADCParametersView:116 -                Rank 2 : true
2026-03-01 21:34:46,331 [INFO] ADCParametersView:116 -                Rank 3 : true
2026-03-01 21:34:46,331 [INFO] ADCParametersView:116 -                Rank 4 : true
2026-03-01 21:34:46,332 [INFO] ADCParametersView:116 -                Rank 3 : true
2026-03-01 21:34:46,332 [INFO] ADCParametersView:116 -                Rank 4 : true
2026-03-01 21:34:46,332 [INFO] ADCParametersView:116 -                Rank 4 : true
2026-03-01 21:34:46,367 [INFO] ADCParametersView:116 -                Rank 1 : true
2026-03-01 21:34:46,368 [INFO] ADCParametersView:116 -                Rank 1 : true
2026-03-01 21:34:46,368 [INFO] ADCParametersView:116 -                Rank 2 : true
2026-03-01 21:34:46,368 [INFO] ADCParametersView:116 -                Rank 1 : true
2026-03-01 21:34:46,368 [INFO] ADCParametersView:116 -                Rank 2 : true
2026-03-01 21:34:46,368 [INFO] ADCParametersView:116 -                Rank 3 : true
2026-03-01 21:34:46,368 [INFO] ADCParametersView:116 -                Rank 1 : true
2026-03-01 21:34:46,368 [INFO] ADCParametersView:116 -                Rank 2 : true
2026-03-01 21:34:46,368 [INFO] ADCParametersView:116 -                Rank 3 : true
2026-03-01 21:34:46,368 [INFO] ADCParametersView:116 -                Rank 4 : true
2026-03-01 21:34:46,960 [INFO] NvicIntPanel:101 - NVIC parent = com.st.microxplorer.plugins.ip.nvic.MultiNvicIntPanel[,0,0,848x458,layout=javax.swing.BoxLayout,alignmentX=0.0,alignmentY=0.0,border=,flags=9,maximumSize=,minimumSize=,preferredSize=]
2026-03-01 21:34:50,747 [INFO] ADCParametersView:116 -                Rank 1 : true
2026-03-01 21:34:50,747 [INFO] ADCParametersView:116 -                Rank 2 : true
2026-03-01 21:34:50,747 [INFO] ADCParametersView:116 -                Rank 3 : true
2026-03-01 21:34:50,747 [INFO] ADCParametersView:116 -                Rank 4 : true
2026-03-01 21:34:50,748 [INFO] ADCParametersView:116 -                Rank 1 : true
2026-03-01 21:34:50,748 [INFO] ADCParametersView:116 -                Rank 2 : true
2026-03-01 21:34:50,748 [INFO] ADCParametersView:116 -                Rank 3 : true
2026-03-01 21:34:50,748 [INFO] ADCParametersView:116 -                Rank 4 : true
2026-03-01 21:34:50,748 [INFO] ADCParametersView:116 -                Rank 1 : true
2026-03-01 21:34:50,748 [INFO] ADCParametersView:116 -                Rank 2 : true
2026-03-01 21:34:50,748 [INFO] ADCParametersView:116 -                Rank 3 : true
2026-03-01 21:34:50,748 [INFO] ADCParametersView:116 -                Rank 4 : true
2026-03-01 21:34:50,748 [INFO] ADCParametersView:116 -                Rank 1 : true
2026-03-01 21:34:50,748 [INFO] ADCParametersView:116 -                Rank 2 : true
2026-03-01 21:34:50,749 [INFO] ADCParametersView:116 -                Rank 3 : true
2026-03-01 21:34:50,749 [INFO] ADCParametersView:116 -                Rank 4 : true
2026-03-01 21:34:50,749 [INFO] ADCParametersView:116 -                Rank 1 : true
2026-03-01 21:34:50,749 [INFO] ADCParametersView:116 -                Rank 2 : true
2026-03-01 21:34:50,749 [INFO] ADCParametersView:116 -                Rank 3 : true
2026-03-01 21:34:50,749 [INFO] ADCParametersView:116 -                Rank 4 : true
2026-03-01 21:34:50,749 [INFO] ADCParametersView:116 -                Rank 1 : true
2026-03-01 21:34:50,749 [INFO] ADCParametersView:116 -                Rank 2 : true
2026-03-01 21:34:50,749 [INFO] ADCParametersView:116 -                Rank 3 : true
2026-03-01 21:34:50,749 [INFO] ADCParametersView:116 -                Rank 4 : true
2026-03-01 21:34:50,749 [INFO] ADCParametersView:116 -                Rank 1 : true
2026-03-01 21:34:50,749 [INFO] ADCParametersView:116 -                Rank 2 : true
2026-03-01 21:34:50,749 [INFO] ADCParametersView:116 -                Rank 3 : true
2026-03-01 21:34:50,749 [INFO] ADCParametersView:116 -                Rank 4 : true
2026-03-01 21:34:50,749 [INFO] ADCParametersView:116 -                Rank 1 : true
2026-03-01 21:34:50,749 [INFO] ADCParametersView:116 -                Rank 2 : true
2026-03-01 21:34:50,749 [INFO] ADCParametersView:116 -                Rank 3 : true
2026-03-01 21:34:50,749 [INFO] ADCParametersView:116 -                Rank 4 : true
2026-03-01 21:34:50,749 [INFO] ADCParametersView:116 -                Rank 1 : true
2026-03-01 21:34:50,749 [INFO] ADCParametersView:116 -                Rank 2 : true
2026-03-01 21:34:50,749 [INFO] ADCParametersView:116 -                Rank 3 : true
2026-03-01 21:34:50,749 [INFO] ADCParametersView:116 -                Rank 4 : true
2026-03-01 21:34:50,749 [INFO] ADCParametersView:116 -                Rank 1 : true
2026-03-01 21:34:50,749 [INFO] ADCParametersView:116 -                Rank 2 : true
2026-03-01 21:34:50,749 [INFO] ADCParametersView:116 -                Rank 3 : true
2026-03-01 21:34:50,749 [INFO] ADCParametersView:116 -                Rank 4 : true
2026-03-01 21:34:50,749 [INFO] ADCParametersView:116 -                Rank 1 : true
2026-03-01 21:34:50,749 [INFO] ADCParametersView:116 -                Rank 2 : true
2026-03-01 21:34:50,749 [INFO] ADCParametersView:116 -                Rank 3 : true
2026-03-01 21:34:50,749 [INFO] ADCParametersView:116 -                Rank 4 : true
2026-03-01 21:34:50,749 [INFO] ADCParametersView:116 -                Rank 1 : true
2026-03-01 21:34:50,749 [INFO] ADCParametersView:116 -                Rank 2 : true
2026-03-01 21:34:50,749 [INFO] ADCParametersView:116 -                Rank 3 : true
2026-03-01 21:34:50,749 [INFO] ADCParametersView:116 -                Rank 4 : true
2026-03-01 21:34:50,749 [INFO] ADCParametersView:116 -                Rank 1 : true
2026-03-01 21:34:50,749 [INFO] ADCParametersView:116 -                Rank 2 : true
2026-03-01 21:34:50,750 [INFO] ADCParametersView:116 -                Rank 3 : true
2026-03-01 21:34:50,750 [INFO] ADCParametersView:116 -                Rank 4 : true
2026-03-01 21:34:50,750 [INFO] ADCParametersView:116 -                Rank 1 : true
2026-03-01 21:34:50,750 [INFO] ADCParametersView:116 -                Rank 2 : true
2026-03-01 21:34:50,750 [INFO] ADCParametersView:116 -                Rank 3 : true
2026-03-01 21:34:50,750 [INFO] ADCParametersView:116 -                Rank 4 : true
2026-03-01 21:34:50,750 [INFO] ADCParametersView:116 -                Rank 1 : true
2026-03-01 21:34:50,750 [INFO] ADCParametersView:116 -                Rank 2 : true
2026-03-01 21:34:50,750 [INFO] ADCParametersView:116 -                Rank 3 : true
2026-03-01 21:34:50,750 [INFO] ADCParametersView:116 -                Rank 4 : true
2026-03-01 21:34:50,750 [INFO] ADCParametersView:116 -                Rank 1 : true
2026-03-01 21:34:50,750 [INFO] ADCParametersView:116 -                Rank 2 : true
2026-03-01 21:34:50,750 [INFO] ADCParametersView:116 -                Rank 3 : true
2026-03-01 21:34:50,750 [INFO] ADCParametersView:116 -                Rank 4 : true
2026-03-01 21:34:50,750 [INFO] ADCParametersView:116 -                Rank 1 : true
2026-03-01 21:34:50,750 [INFO] ADCParametersView:116 -                Rank 2 : true
2026-03-01 21:34:50,750 [INFO] ADCParametersView:116 -                Rank 3 : true
2026-03-01 21:34:50,750 [INFO] ADCParametersView:116 -                Rank 4 : true
2026-03-01 21:34:50,750 [INFO] ADCParametersView:116 -                Rank 1 : true
2026-03-01 21:34:50,750 [INFO] ADCParametersView:116 -                Rank 2 : true
2026-03-01 21:34:50,750 [INFO] ADCParametersView:116 -                Rank 3 : true
2026-03-01 21:34:50,750 [INFO] ADCParametersView:116 -                Rank 4 : true
2026-03-01 21:34:50,750 [INFO] ADCParametersView:116 -                Rank 1 : true
2026-03-01 21:34:50,750 [INFO] ADCParametersView:116 -                Rank 2 : true
2026-03-01 21:34:50,750 [INFO] ADCParametersView:116 -                Rank 3 : true
2026-03-01 21:34:50,750 [INFO] ADCParametersView:116 -                Rank 4 : true
2026-03-01 21:34:50,750 [INFO] ADCParametersView:116 -                Rank 1 : true
2026-03-01 21:34:50,750 [INFO] ADCParametersView:116 -                Rank 2 : true
2026-03-01 21:34:50,750 [INFO] ADCParametersView:116 -                Rank 3 : true
2026-03-01 21:34:50,750 [INFO] ADCParametersView:116 -                Rank 4 : true
2026-03-01 21:34:50,750 [INFO] ADCParametersView:116 -                Rank 1 : true
2026-03-01 21:34:50,750 [INFO] ADCParametersView:116 -                Rank 2 : true
2026-03-01 21:34:50,750 [INFO] ADCParametersView:116 -                Rank 3 : true
2026-03-01 21:34:50,750 [INFO] ADCParametersView:116 -                Rank 4 : true
2026-03-01 21:34:50,750 [INFO] ADCParametersView:116 -                Rank 2 : true
2026-03-01 21:34:50,750 [INFO] ADCParametersView:116 -                Rank 3 : true
2026-03-01 21:34:50,750 [INFO] ADCParametersView:116 -                Rank 4 : true
2026-03-01 21:34:50,750 [INFO] ADCParametersView:116 -                Rank 3 : true
2026-03-01 21:34:50,750 [INFO] ADCParametersView:116 -                Rank 4 : true
2026-03-01 21:34:50,752 [INFO] ADCParametersView:116 -                Rank 4 : true
2026-03-01 21:34:50,772 [INFO] ADCParametersView:116 -                Rank 1 : true
2026-03-01 21:34:50,772 [INFO] ADCParametersView:116 -                Rank 1 : true
2026-03-01 21:34:50,772 [INFO] ADCParametersView:116 -                Rank 2 : true
2026-03-01 21:34:50,772 [INFO] ADCParametersView:116 -                Rank 1 : true
2026-03-01 21:34:50,772 [INFO] ADCParametersView:116 -                Rank 2 : true
2026-03-01 21:34:50,772 [INFO] ADCParametersView:116 -                Rank 3 : true
2026-03-01 21:34:50,772 [INFO] ADCParametersView:116 -                Rank 1 : true
2026-03-01 21:34:50,772 [INFO] ADCParametersView:116 -                Rank 2 : true
2026-03-01 21:34:50,772 [INFO] ADCParametersView:116 -                Rank 3 : true
2026-03-01 21:34:50,772 [INFO] ADCParametersView:116 -                Rank 4 : true
2026-03-01 21:34:52,570 [INFO] ADCParametersView:116 -                Rank 1 : true
2026-03-01 21:34:52,570 [INFO] ADCParametersView:116 -                Rank 2 : true
2026-03-01 21:34:52,570 [INFO] ADCParametersView:116 -                Rank 3 : true
2026-03-01 21:34:52,570 [INFO] ADCParametersView:116 -                Rank 4 : true
2026-03-01 21:34:52,573 [INFO] ADCParametersView:116 -                Rank 1 : true
2026-03-01 21:34:52,573 [INFO] ADCParametersView:116 -                Rank 2 : true
2026-03-01 21:34:52,573 [INFO] ADCParametersView:116 -                Rank 3 : true
2026-03-01 21:34:52,573 [INFO] ADCParametersView:116 -                Rank 4 : true
2026-03-01 21:34:52,573 [INFO] ADCParametersView:116 -                Rank 1 : true
2026-03-01 21:34:52,573 [INFO] ADCParametersView:116 -                Rank 2 : true
2026-03-01 21:34:52,573 [INFO] ADCParametersView:116 -                Rank 3 : true
2026-03-01 21:34:52,573 [INFO] ADCParametersView:116 -                Rank 4 : true
2026-03-01 21:34:52,573 [INFO] ADCParametersView:116 -                Rank 1 : true
2026-03-01 21:34:52,573 [INFO] ADCParametersView:116 -                Rank 2 : true
2026-03-01 21:34:52,573 [INFO] ADCParametersView:116 -                Rank 3 : true
2026-03-01 21:34:52,573 [INFO] ADCParametersView:116 -                Rank 4 : true
2026-03-01 21:34:52,573 [INFO] ADCParametersView:116 -                Rank 1 : true
2026-03-01 21:34:52,573 [INFO] ADCParametersView:116 -                Rank 2 : true
2026-03-01 21:34:52,573 [INFO] ADCParametersView:116 -                Rank 3 : true
2026-03-01 21:34:52,573 [INFO] ADCParametersView:116 -                Rank 4 : true
2026-03-01 21:34:52,573 [INFO] ADCParametersView:116 -                Rank 1 : true
2026-03-01 21:34:52,573 [INFO] ADCParametersView:116 -                Rank 2 : true
2026-03-01 21:34:52,573 [INFO] ADCParametersView:116 -                Rank 3 : true
2026-03-01 21:34:52,573 [INFO] ADCParametersView:116 -                Rank 4 : true
2026-03-01 21:34:52,573 [INFO] ADCParametersView:116 -                Rank 1 : true
2026-03-01 21:34:52,573 [INFO] ADCParametersView:116 -                Rank 2 : true
2026-03-01 21:34:52,574 [INFO] ADCParametersView:116 -                Rank 3 : true
2026-03-01 21:34:52,574 [INFO] ADCParametersView:116 -                Rank 4 : true
2026-03-01 21:34:52,574 [INFO] ADCParametersView:116 -                Rank 1 : true
2026-03-01 21:34:52,574 [INFO] ADCParametersView:116 -                Rank 2 : true
2026-03-01 21:34:52,574 [INFO] ADCParametersView:116 -                Rank 3 : true
2026-03-01 21:34:52,574 [INFO] ADCParametersView:116 -                Rank 4 : true
2026-03-01 21:34:52,574 [INFO] ADCParametersView:116 -                Rank 1 : true
2026-03-01 21:34:52,574 [INFO] ADCParametersView:116 -                Rank 2 : true
2026-03-01 21:34:52,574 [INFO] ADCParametersView:116 -                Rank 3 : true
2026-03-01 21:34:52,574 [INFO] ADCParametersView:116 -                Rank 4 : true
2026-03-01 21:34:52,574 [INFO] ADCParametersView:116 -                Rank 1 : true
2026-03-01 21:34:52,574 [INFO] ADCParametersView:116 -                Rank 2 : true
2026-03-01 21:34:52,574 [INFO] ADCParametersView:116 -                Rank 3 : true
2026-03-01 21:34:52,574 [INFO] ADCParametersView:116 -                Rank 4 : true
2026-03-01 21:34:52,574 [INFO] ADCParametersView:116 -                Rank 1 : true
2026-03-01 21:34:52,574 [INFO] ADCParametersView:116 -                Rank 2 : true
2026-03-01 21:34:52,574 [INFO] ADCParametersView:116 -                Rank 3 : true
2026-03-01 21:34:52,574 [INFO] ADCParametersView:116 -                Rank 4 : true
2026-03-01 21:34:52,574 [INFO] ADCParametersView:116 -                Rank 1 : true
2026-03-01 21:34:52,574 [INFO] ADCParametersView:116 -                Rank 2 : true
2026-03-01 21:34:52,574 [INFO] ADCParametersView:116 -                Rank 3 : true
2026-03-01 21:34:52,574 [INFO] ADCParametersView:116 -                Rank 4 : true
2026-03-01 21:34:52,574 [INFO] ADCParametersView:116 -                Rank 1 : true
2026-03-01 21:34:52,574 [INFO] ADCParametersView:116 -                Rank 2 : true
2026-03-01 21:34:52,574 [INFO] ADCParametersView:116 -                Rank 3 : true
2026-03-01 21:34:52,574 [INFO] ADCParametersView:116 -                Rank 4 : true
2026-03-01 21:34:52,574 [INFO] ADCParametersView:116 -                Rank 1 : true
2026-03-01 21:34:52,574 [INFO] ADCParametersView:116 -                Rank 2 : true
2026-03-01 21:34:52,574 [INFO] ADCParametersView:116 -                Rank 3 : true
2026-03-01 21:34:52,574 [INFO] ADCParametersView:116 -                Rank 4 : true
2026-03-01 21:34:52,574 [INFO] ADCParametersView:116 -                Rank 1 : true
2026-03-01 21:34:52,574 [INFO] ADCParametersView:116 -                Rank 2 : true
2026-03-01 21:34:52,574 [INFO] ADCParametersView:116 -                Rank 3 : true
2026-03-01 21:34:52,574 [INFO] ADCParametersView:116 -                Rank 4 : true
2026-03-01 21:34:52,574 [INFO] ADCParametersView:116 -                Rank 1 : true
2026-03-01 21:34:52,574 [INFO] ADCParametersView:116 -                Rank 2 : true
2026-03-01 21:34:52,574 [INFO] ADCParametersView:116 -                Rank 3 : true
2026-03-01 21:34:52,574 [INFO] ADCParametersView:116 -                Rank 4 : true
2026-03-01 21:34:52,574 [INFO] ADCParametersView:116 -                Rank 1 : true
2026-03-01 21:34:52,574 [INFO] ADCParametersView:116 -                Rank 2 : true
2026-03-01 21:34:52,574 [INFO] ADCParametersView:116 -                Rank 3 : true
2026-03-01 21:34:52,574 [INFO] ADCParametersView:116 -                Rank 4 : true
2026-03-01 21:34:52,574 [INFO] ADCParametersView:116 -                Rank 1 : true
2026-03-01 21:34:52,574 [INFO] ADCParametersView:116 -                Rank 2 : true
2026-03-01 21:34:52,574 [INFO] ADCParametersView:116 -                Rank 3 : true
2026-03-01 21:34:52,574 [INFO] ADCParametersView:116 -                Rank 4 : true
2026-03-01 21:34:52,574 [INFO] ADCParametersView:116 -                Rank 1 : true
2026-03-01 21:34:52,575 [INFO] ADCParametersView:116 -                Rank 2 : true
2026-03-01 21:34:52,575 [INFO] ADCParametersView:116 -                Rank 3 : true
2026-03-01 21:34:52,575 [INFO] ADCParametersView:116 -                Rank 4 : true
2026-03-01 21:34:52,575 [INFO] ADCParametersView:116 -                Rank 1 : true
2026-03-01 21:34:52,575 [INFO] ADCParametersView:116 -                Rank 2 : true
2026-03-01 21:34:52,575 [INFO] ADCParametersView:116 -                Rank 3 : true
2026-03-01 21:34:52,575 [INFO] ADCParametersView:116 -                Rank 4 : true
2026-03-01 21:34:52,575 [INFO] ADCParametersView:116 -                Rank 1 : true
2026-03-01 21:34:52,575 [INFO] ADCParametersView:116 -                Rank 2 : true
2026-03-01 21:34:52,575 [INFO] ADCParametersView:116 -                Rank 3 : true
2026-03-01 21:34:52,575 [INFO] ADCParametersView:116 -                Rank 4 : true
2026-03-01 21:34:52,575 [INFO] ADCParametersView:116 -                Rank 2 : true
2026-03-01 21:34:52,575 [INFO] ADCParametersView:116 -                Rank 3 : true
2026-03-01 21:34:52,575 [INFO] ADCParametersView:116 -                Rank 4 : true
2026-03-01 21:34:52,575 [INFO] ADCParametersView:116 -                Rank 3 : true
2026-03-01 21:34:52,575 [INFO] ADCParametersView:116 -                Rank 4 : true
2026-03-01 21:34:52,575 [INFO] ADCParametersView:116 -                Rank 4 : true
2026-03-01 21:34:52,594 [INFO] ADCParametersView:116 -                Rank 1 : true
2026-03-01 21:34:52,594 [INFO] ADCParametersView:116 -                Rank 1 : true
2026-03-01 21:34:52,594 [INFO] ADCParametersView:116 -                Rank 2 : true
2026-03-01 21:34:52,595 [INFO] ADCParametersView:116 -                Rank 1 : true
2026-03-01 21:34:52,595 [INFO] ADCParametersView:116 -                Rank 2 : true
2026-03-01 21:34:52,595 [INFO] ADCParametersView:116 -                Rank 3 : true
2026-03-01 21:34:52,595 [INFO] ADCParametersView:116 -                Rank 1 : true
2026-03-01 21:34:52,595 [INFO] ADCParametersView:116 -                Rank 2 : true
2026-03-01 21:34:52,595 [INFO] ADCParametersView:116 -                Rank 3 : true
2026-03-01 21:34:52,595 [INFO] ADCParametersView:116 -                Rank 4 : true
