2026-02-04 19:49:25,243 [INFO] Activator:176 - 


2026-02-04 19:49:25,248 [INFO] Activator:177 - !SESSION log4j initialized
2026-02-04 19:49:34,369 [INFO] LogOutputStream:77 - [STDOUT_REDIRECT] 
2026-02-04 19:49:44,019 [INFO] ApplicationProperties:184 - Using Application install path: D:\Programy\STM32CubeIDE_1.19.0\STM32CubeIDE\plugins\com.st.stm32cube.common.mx_6.15.0.202507011659
2026-02-04 19:49:44,042 [INFO] DbMcusXml:78 - Set database path to: D:\Programy\STM32CubeIDE_1.19.0\STM32CubeIDE\plugins\com.st.stm32cube.common.mx_6.15.0.202507011659\\db\/mcu/
2026-02-04 19:49:44,042 [INFO] ApiDb:274 - Set plugin database path to: D:\Programy\STM32CubeIDE_1.19.0\STM32CubeIDE\plugins\com.st.stm32cube.common.mx_6.15.0.202507011659\\db\/plugins/boardmanager/
2026-02-04 19:49:44,043 [WARN] ApiDb:259 - Overriding images path with different value:  => D:\Programy\STM32CubeIDE_1.19.0\STM32CubeIDE\plugins\com.st.stm32cube.common.mx_6.15.0.202507011659\\db\/plugins/mcufinder/images/
2026-02-04 19:49:44,051 [INFO] ApiDb:250 - Set database path to: C:\Users\kujon\.stmcufinder\plugins\mcufinder//mcu/
2026-02-04 19:49:44,053 [INFO] DbMcusAds:125 - Set database path to: C:\Users\kujon\.stmcufinder\plugins\mcufinder//mcu/
2026-02-04 19:49:44,056 [INFO] CrossReferenceDbSqlite:203 - Set database path to: C:\Users\kujon\.stmcufinder\plugins\mcufinder//mcu/cs/
2026-02-04 19:49:44,191 [INFO] RulesReader:64 - Compatibility file has been processed (317 Rules)
2026-02-04 19:49:44,289 [INFO] DbMcusXml:78 - Set database path to: D:\Programy\STM32CubeIDE_1.19.0\STM32CubeIDE\plugins\com.st.stm32cube.common.mx_6.15.0.202507011659\\db\/mcu/
2026-02-04 19:49:44,289 [INFO] ApiDb:274 - Set plugin database path to: D:\Programy\STM32CubeIDE_1.19.0\STM32CubeIDE\plugins\com.st.stm32cube.common.mx_6.15.0.202507011659\\db\/plugins/boardmanager/
2026-02-04 19:49:44,289 [INFO] ApiDb:261 - Set plugin images path to: D:\Programy\STM32CubeIDE_1.19.0\STM32CubeIDE\plugins\com.st.stm32cube.common.mx_6.15.0.202507011659\\db\/plugins/mcufinder/images/
2026-02-04 19:49:44,290 [WARN] DbFile:41 - Overriding database path with different value: C:\Users\kujon\.stmcufinder\plugins\mcufinder/ => C:\Users\kujon\.stmcufinder\plugins\mcufinder
2026-02-04 19:49:44,290 [INFO] ApiDb:250 - Set database path to: C:\Users\kujon\.stmcufinder\plugins\mcufinder//mcu/
2026-02-04 19:49:44,290 [WARN] DbFile:41 - Overriding database path with different value: C:\Users\kujon\.stmcufinder\plugins\mcufinder/ => C:\Users\kujon\.stmcufinder\plugins\mcufinder
2026-02-04 19:49:44,290 [INFO] DbMcusAds:125 - Set database path to: C:\Users\kujon\.stmcufinder\plugins\mcufinder//mcu/
2026-02-04 19:49:44,290 [WARN] DbFile:41 - Overriding database path with different value: C:\Users\kujon\.stmcufinder\plugins\mcufinder/ => C:\Users\kujon\.stmcufinder\plugins\mcufinder
2026-02-04 19:49:44,290 [WARN] DbFile:41 - Overriding database path with different value: C:\Users\kujon\.stmcufinder\plugins\mcufinder/ => C:\Users\kujon\.stmcufinder\plugins\mcufinder
2026-02-04 19:49:44,290 [INFO] CrossReferenceDbSqlite:203 - Set database path to: C:\Users\kujon\.stmcufinder\plugins\mcufinder//mcu/cs/
2026-02-04 19:49:44,392 [INFO] MainPanel:274 - HeapMemory: 268435456
2026-02-04 19:49:44,543 [INFO] DbMcusXml:78 - Set database path to: D:\Programy\STM32CubeIDE_1.19.0\STM32CubeIDE\plugins\com.st.stm32cube.common.mx_6.15.0.202507011659\\db\/mcu/
2026-02-04 19:49:44,543 [INFO] ApiDb:274 - Set plugin database path to: D:\Programy\STM32CubeIDE_1.19.0\STM32CubeIDE\plugins\com.st.stm32cube.common.mx_6.15.0.202507011659\\db\/plugins/boardmanager/
2026-02-04 19:49:44,543 [INFO] ApiDb:261 - Set plugin images path to: D:\Programy\STM32CubeIDE_1.19.0\STM32CubeIDE\plugins\com.st.stm32cube.common.mx_6.15.0.202507011659\\db\/plugins/mcufinder/images/
2026-02-04 19:49:44,543 [WARN] DbFile:41 - Overriding database path with different value: C:\Users\kujon\.stmcufinder\plugins\mcufinder/ => C:\Users\kujon\.stmcufinder\plugins\mcufinder
2026-02-04 19:49:44,543 [INFO] ApiDb:250 - Set database path to: C:\Users\kujon\.stmcufinder\plugins\mcufinder//mcu/
2026-02-04 19:49:44,544 [WARN] DbFile:41 - Overriding database path with different value: C:\Users\kujon\.stmcufinder\plugins\mcufinder/ => C:\Users\kujon\.stmcufinder\plugins\mcufinder
2026-02-04 19:49:44,544 [INFO] DbMcusAds:125 - Set database path to: C:\Users\kujon\.stmcufinder\plugins\mcufinder//mcu/
2026-02-04 19:49:44,544 [WARN] DbFile:41 - Overriding database path with different value: C:\Users\kujon\.stmcufinder\plugins\mcufinder/ => C:\Users\kujon\.stmcufinder\plugins\mcufinder
2026-02-04 19:49:44,544 [WARN] DbFile:41 - Overriding database path with different value: C:\Users\kujon\.stmcufinder\plugins\mcufinder/ => C:\Users\kujon\.stmcufinder\plugins\mcufinder
2026-02-04 19:49:44,544 [INFO] CrossReferenceDbSqlite:203 - Set database path to: C:\Users\kujon\.stmcufinder\plugins\mcufinder//mcu/cs/
2026-02-04 19:49:44,565 [INFO] ApplicationProperties:184 - Using Application install path: D:\Programy\STM32CubeIDE_1.19.0\STM32CubeIDE\plugins\com.st.stm32cube.common.mx_6.15.0.202507011659
2026-02-04 19:49:44,566 [INFO] PluginManage:196 - Search for loadable plugins [exclusion list=, ]
2026-02-04 19:49:44,568 [INFO] PluginManage:310 - Check plugin analytics
2026-02-04 19:49:44,855 [INFO] AnalyticsPlugin:253 - Accepted Software Licenses: 
2026-02-04 19:49:44,855 [INFO] AnalyticsPlugin:255 - Accepted CMSIS Pack Licenses: 
2026-02-04 19:49:44,855 [INFO] AnalyticsPlugin:257 - Accepted Firmware Licenses: 
2026-02-04 19:49:44,860 [INFO] PluginManage:359 - Loaded plugin analytics (category:tool,tabindex:-1)
2026-02-04 19:49:44,860 [INFO] PluginManage:310 - Check plugin cadmodel
2026-02-04 19:49:44,891 [INFO] CADModel:105 - Init CAD model plugin
2026-02-04 19:49:44,891 [INFO] PluginManage:359 - Loaded plugin cadmodel (category:power,tabindex:5)
2026-02-04 19:49:44,891 [INFO] PluginManage:310 - Check plugin clock
2026-02-04 19:49:44,924 [INFO] PluginManage:359 - Loaded plugin clock (category:base,tabindex:2)
2026-02-04 19:49:44,924 [INFO] PluginManage:310 - Check plugin ddr
2026-02-04 19:49:44,927 [INFO] PluginManage:359 - Loaded plugin ddr (category:tool,tabindex:6)
2026-02-04 19:49:44,927 [INFO] PluginManage:310 - Check plugin filemanager
2026-02-04 19:49:45,111 [INFO] PluginManage:359 - Loaded plugin filemanager (category:base,tabindex:10)
2026-02-04 19:49:45,113 [INFO] PluginManage:310 - Check plugin ipmanager
2026-02-04 19:49:45,121 [INFO] PluginManage:359 - Loaded plugin ipmanager (category:base,tabindex:5)
2026-02-04 19:49:45,121 [INFO] PluginManage:310 - Check plugin lpbam
2026-02-04 19:49:45,148 [INFO] PluginManage:359 - Loaded plugin lpbam (category:base,tabindex:0)
2026-02-04 19:49:45,149 [INFO] PluginManage:310 - Check plugin memorymap
2026-02-04 19:49:45,178 [INFO] PluginManage:359 - Loaded plugin memorymap (category:base,tabindex:4)
2026-02-04 19:49:45,179 [INFO] PluginManage:310 - Check plugin pinoutandconfiguration
2026-02-04 19:49:45,207 [INFO] PluginManage:359 - Loaded plugin pinoutandconfiguration (category:base,tabindex:1)
2026-02-04 19:49:45,207 [INFO] PluginManage:310 - Check plugin pinoutconfig
2026-02-04 19:49:45,348 [WARN] SupportedApi:132 - Cannot load RTOS API schema: s4s-elt-must-match.1: The content of 'definitions' must match (annotation?, (simpleType | complexType)?, (unique | key | keyref)*)). A problem was found starting at: attribute.
2026-02-04 19:49:45,528 [INFO] PluginManage:359 - Loaded plugin pinoutconfig (category:base,tabindex:0)
2026-02-04 19:49:45,528 [INFO] PluginManage:310 - Check plugin power
2026-02-04 19:49:45,556 [INFO] PluginManage:359 - Loaded plugin power (category:power,tabindex:4)
2026-02-04 19:49:45,556 [INFO] PluginManage:310 - Check plugin projectmanager
2026-02-04 19:49:45,576 [INFO] PluginManage:359 - Loaded plugin projectmanager (category:projectmanager,tabindex:4)
2026-02-04 19:49:45,576 [INFO] PluginManage:310 - Check plugin rif
2026-02-04 19:49:45,605 [INFO] PluginManage:359 - Loaded plugin rif (category:base,tabindex:3)
2026-02-04 19:49:45,605 [INFO] PluginManage:310 - Check plugin thirdparty
2026-02-04 19:49:46,049 [INFO] PluginManage:359 - Loaded plugin thirdparty (category:base,tabindex:-1)
2026-02-04 19:49:46,049 [WARN] IntegrityCheckThread:84 - waiting for thirdparty lock release [integrity check]
2026-02-04 19:49:46,049 [INFO] PluginManage:310 - Check plugin tools
2026-02-04 19:49:46,049 [INFO] IntegrityCheckThread:86 - entering critical section [integrity check]
2026-02-04 19:49:46,049 [INFO] ThirdPartyUpdaterWithRetryManager:70 - Updater plugin not ready yet. [1/15]
2026-02-04 19:49:46,110 [INFO] PluginManage:359 - Loaded plugin tools (category:base,tabindex:7)
2026-02-04 19:49:46,110 [INFO] PluginManage:310 - Check plugin tutovideos
2026-02-04 19:49:46,393 [INFO] PluginManage:359 - Loaded plugin tutovideos (category:base,tabindex:-1)
2026-02-04 19:49:46,393 [INFO] PluginManage:310 - Check plugin updater
2026-02-04 19:49:46,419 [INFO] PluginManage:359 - Loaded plugin updater (category:base,tabindex:12)
2026-02-04 19:49:46,419 [INFO] PluginManage:310 - Check plugin userauth
2026-02-04 19:49:46,425 [INFO] UserAuth:118 - Init User Auth plugin
2026-02-04 19:49:46,426 [INFO] PluginManage:359 - Loaded plugin userauth (category:base,tabindex:14)
2026-02-04 19:49:46,427 [INFO] PluginManage:283 - PluginManage : Loaded plugins [18]
2026-02-04 19:49:46,726 [INFO] PinOutPanel:1589 - setPackage(No Configuration,No Configuration)
2026-02-04 19:49:46,845 [INFO] CADModel:165 - CPN selected for project level
2026-02-04 19:49:46,845 [INFO] CADModel:114 - Register for checkConnection events
2026-02-04 19:49:46,888 [INFO] IPUIPlugin:80 - create IPUIPlugin
2026-02-04 19:49:46,889 [INFO] PluginManager:220 - loadIPPluginJar : add adc
2026-02-04 19:49:46,961 [INFO] IPUIPlugin:80 - create IPUIPlugin
2026-02-04 19:49:46,961 [INFO] PluginManager:220 - loadIPPluginJar : add aes
2026-02-04 19:49:47,047 [INFO] IPUIPlugin:80 - create IPUIPlugin
2026-02-04 19:49:47,047 [INFO] PluginManager:220 - loadIPPluginJar : add can
2026-02-04 19:49:47,094 [INFO] IPUIPlugin:80 - create IPUIPlugin
2026-02-04 19:49:47,094 [INFO] PluginManager:220 - loadIPPluginJar : add comp
2026-02-04 19:49:47,154 [INFO] IPUIPlugin:80 - create IPUIPlugin
2026-02-04 19:49:47,154 [INFO] PluginManager:220 - loadIPPluginJar : add cryp
2026-02-04 19:49:47,174 [INFO] IPUIPlugin:80 - create IPUIPlugin
2026-02-04 19:49:47,174 [INFO] PluginManager:220 - loadIPPluginJar : add ddr_ctrl_phy
2026-02-04 19:49:47,228 [INFO] IPUIPlugin:80 - create IPUIPlugin
2026-02-04 19:49:47,228 [INFO] PluginManager:220 - loadIPPluginJar : add dfsdm
2026-02-04 19:49:47,249 [INFO] IPUIPlugin:80 - create IPUIPlugin
2026-02-04 19:49:47,249 [INFO] PluginManager:220 - loadIPPluginJar : add dma
2026-02-04 19:49:47,315 [INFO] IPUIPlugin:80 - create IPUIPlugin
2026-02-04 19:49:47,315 [INFO] PluginManager:220 - loadIPPluginJar : add dma3
2026-02-04 19:49:47,387 [INFO] IPUIPlugin:80 - create IPUIPlugin
2026-02-04 19:49:47,387 [INFO] PluginManager:220 - loadIPPluginJar : add extmemmanager
2026-02-04 19:49:47,426 [INFO] IPUIPlugin:80 - create IPUIPlugin
2026-02-04 19:49:47,426 [INFO] PluginManager:220 - loadIPPluginJar : add fatfs
2026-02-04 19:49:47,498 [INFO] IPUIPlugin:80 - create IPUIPlugin
2026-02-04 19:49:47,498 [INFO] PluginManager:220 - loadIPPluginJar : add fmc
2026-02-04 19:49:47,521 [INFO] IPUIPlugin:80 - create IPUIPlugin
2026-02-04 19:49:47,521 [INFO] PluginManager:220 - loadIPPluginJar : add freertos
2026-02-04 19:49:47,559 [INFO] IPUIPlugin:80 - create IPUIPlugin
2026-02-04 19:49:47,559 [INFO] PluginManager:220 - loadIPPluginJar : add genericplugin
2026-02-04 19:49:47,726 [INFO] IPUIPlugin:80 - create IPUIPlugin
2026-02-04 19:49:47,726 [INFO] PluginManager:220 - loadIPPluginJar : add gfxmmu
2026-02-04 19:49:47,959 [INFO] IPUIPlugin:80 - create IPUIPlugin
2026-02-04 19:49:47,959 [INFO] PluginManager:220 - loadIPPluginJar : add gic
2026-02-04 19:49:47,978 [INFO] IPUIPlugin:80 - create IPUIPlugin
2026-02-04 19:49:47,978 [INFO] PluginManager:220 - loadIPPluginJar : add gpio
2026-02-04 19:49:48,124 [INFO] IPUIPlugin:80 - create IPUIPlugin
2026-02-04 19:49:48,124 [INFO] PluginManager:220 - loadIPPluginJar : add gtzc
2026-02-04 19:49:48,186 [INFO] IPUIPlugin:80 - create IPUIPlugin
2026-02-04 19:49:48,186 [INFO] PluginManager:220 - loadIPPluginJar : add hash
2026-02-04 19:49:48,278 [INFO] IPUIPlugin:80 - create IPUIPlugin
2026-02-04 19:49:48,278 [INFO] PluginManager:220 - loadIPPluginJar : add i2c
2026-02-04 19:49:48,349 [INFO] IPUIPlugin:80 - create IPUIPlugin
2026-02-04 19:49:48,349 [INFO] PluginManager:220 - loadIPPluginJar : add i2s
2026-02-04 19:49:48,416 [INFO] IPUIPlugin:80 - create IPUIPlugin
2026-02-04 19:49:48,416 [INFO] PluginManager:220 - loadIPPluginJar : add i3c
2026-02-04 19:49:48,579 [INFO] IPUIPlugin:80 - create IPUIPlugin
2026-02-04 19:49:48,579 [INFO] PluginManager:220 - loadIPPluginJar : add ipddr
2026-02-04 19:49:48,739 [INFO] IPUIPlugin:80 - create IPUIPlugin
2026-02-04 19:49:48,739 [INFO] PluginManager:220 - loadIPPluginJar : add linkedlist
2026-02-04 19:49:48,806 [INFO] IPUIPlugin:80 - create IPUIPlugin
2026-02-04 19:49:48,806 [INFO] PluginManager:220 - loadIPPluginJar : add lorawan
2026-02-04 19:49:48,872 [INFO] IPUIPlugin:80 - create IPUIPlugin
2026-02-04 19:49:48,872 [INFO] PluginManager:220 - loadIPPluginJar : add ltdc
2026-02-04 19:49:48,894 [INFO] IPUIPlugin:80 - create IPUIPlugin
2026-02-04 19:49:48,895 [INFO] PluginManager:220 - loadIPPluginJar : add mdma
2026-02-04 19:49:48,915 [INFO] IPUIPlugin:80 - create IPUIPlugin
2026-02-04 19:49:48,915 [INFO] PluginManager:220 - loadIPPluginJar : add nvic
2026-02-04 19:49:48,981 [INFO] IPUIPlugin:80 - create IPUIPlugin
2026-02-04 19:49:48,981 [INFO] PluginManager:220 - loadIPPluginJar : add opamp
2026-02-04 19:49:49,054 [INFO] ThirdPartyUpdaterWithRetryManager:70 - Updater plugin not ready yet. [2/15]
2026-02-04 19:49:49,100 [INFO] IPUIPlugin:80 - create IPUIPlugin
2026-02-04 19:49:49,100 [INFO] PluginManager:220 - loadIPPluginJar : add openamp
2026-02-04 19:49:49,178 [INFO] IPUIPlugin:80 - create IPUIPlugin
2026-02-04 19:49:49,178 [INFO] PluginManager:220 - loadIPPluginJar : add pdm2pcm
2026-02-04 19:49:49,200 [INFO] IPUIPlugin:80 - create IPUIPlugin
2026-02-04 19:49:49,203 [INFO] PluginManager:220 - loadIPPluginJar : add plateformsettings
2026-02-04 19:49:49,247 [INFO] IPUIPlugin:80 - create IPUIPlugin
2026-02-04 19:49:49,247 [INFO] PluginManager:220 - loadIPPluginJar : add quadspi
2026-02-04 19:49:49,294 [INFO] IPUIPlugin:80 - create IPUIPlugin
2026-02-04 19:49:49,294 [INFO] PluginManager:220 - loadIPPluginJar : add radio
2026-02-04 19:49:49,316 [INFO] IPUIPlugin:80 - create IPUIPlugin
2026-02-04 19:49:49,316 [INFO] PluginManager:220 - loadIPPluginJar : add resmgrutility
2026-02-04 19:49:49,396 [INFO] IPUIPlugin:80 - create IPUIPlugin
2026-02-04 19:49:49,396 [INFO] PluginManager:220 - loadIPPluginJar : add sai
2026-02-04 19:49:49,463 [INFO] IPUIPlugin:80 - create IPUIPlugin
2026-02-04 19:49:49,463 [INFO] PluginManager:220 - loadIPPluginJar : add spi
2026-02-04 19:49:49,584 [INFO] IPUIPlugin:80 - create IPUIPlugin
2026-02-04 19:49:49,584 [INFO] PluginManager:220 - loadIPPluginJar : add stm32_wpan
2026-02-04 19:49:49,630 [INFO] IPUIPlugin:80 - create IPUIPlugin
2026-02-04 19:49:49,631 [INFO] PluginManager:220 - loadIPPluginJar : add tim
2026-02-04 19:49:49,729 [INFO] IPUIPlugin:80 - create IPUIPlugin
2026-02-04 19:49:49,730 [INFO] PluginManager:220 - loadIPPluginJar : add touchsensing
2026-02-04 19:49:49,767 [INFO] IPUIPlugin:80 - create IPUIPlugin
2026-02-04 19:49:49,768 [INFO] PluginManager:220 - loadIPPluginJar : add tracer_emb
2026-02-04 19:49:49,808 [INFO] IPUIPlugin:80 - create IPUIPlugin
2026-02-04 19:49:49,809 [INFO] PluginManager:220 - loadIPPluginJar : add ts
2026-02-04 19:49:49,854 [INFO] IPUIPlugin:80 - create IPUIPlugin
2026-02-04 19:49:49,854 [INFO] PluginManager:220 - loadIPPluginJar : add tsc
2026-02-04 19:49:49,894 [INFO] IPUIPlugin:80 - create IPUIPlugin
2026-02-04 19:49:49,895 [INFO] PluginManager:220 - loadIPPluginJar : add ucpd
2026-02-04 19:49:49,966 [INFO] IPUIPlugin:80 - create IPUIPlugin
2026-02-04 19:49:49,966 [INFO] PluginManager:220 - loadIPPluginJar : add usart
2026-02-04 19:49:50,046 [INFO] IPUIPlugin:80 - create IPUIPlugin
2026-02-04 19:49:50,046 [INFO] PluginManager:220 - loadIPPluginJar : add usbx
2026-02-04 19:49:50,197 [FATAL] Updater:351 - Updater called before beeing initialized
2026-02-04 19:49:50,229 [INFO] RulesReader:64 - Compatibility file has been processed (317 Rules)
2026-02-04 19:49:50,246 [INFO] RulesReader:64 - Compatibility file has been processed (317 Rules)
2026-02-04 19:49:50,259 [INFO] CADModel:165 - CPN selected for project level
2026-02-04 19:49:50,259 [INFO] CADModel:114 - Register for checkConnection events
2026-02-04 19:49:50,260 [FATAL] Updater:351 - Updater called before beeing initialized
2026-02-04 19:49:50,260 [ERROR] CADModel:125 - Updater not yet initialized, retry later 
2026-02-04 19:49:50,446 [FATAL] Updater:351 - Updater called before beeing initialized
2026-02-04 19:49:50,449 [INFO] CADModel:165 - CPN selected for project level
2026-02-04 19:49:50,449 [INFO] CADModel:114 - Register for checkConnection events
2026-02-04 19:49:50,451 [FATAL] Updater:351 - Updater called before beeing initialized
2026-02-04 19:49:50,451 [ERROR] CADModel:125 - Updater not yet initialized, retry later 
2026-02-04 19:49:50,454 [FATAL] Updater:351 - Updater called before beeing initialized
2026-02-04 19:49:50,603 [FATAL] Updater:351 - Updater called before beeing initialized
2026-02-04 19:49:50,620 [INFO] DbMcusAds:53 - JSON generation date=Thu Oct 02 11:36:05 CEST 2025 (1759397765645)
2026-02-04 19:49:50,621 [FATAL] Updater:351 - Updater called before beeing initialized
2026-02-04 19:49:50,734 [WARN] DetailPanel:346 - Failed to get advertising image, set to default
2026-02-04 19:49:50,821 [FATAL] Updater:351 - Updater called before beeing initialized
2026-02-04 19:49:50,824 [FATAL] Updater:351 - Updater called before beeing initialized
2026-02-04 19:49:50,824 [FATAL] Updater:351 - Updater called before beeing initialized
2026-02-04 19:49:50,824 [WARN] DetailPanel:346 - Failed to get advertising image, set to default
2026-02-04 19:49:50,825 [FATAL] Updater:351 - Updater called before beeing initialized
2026-02-04 19:49:50,906 [ERROR] Updater:1198 - MainUpdater not yet initialized. External WinMGr cannot be set.
2026-02-04 19:49:50,923 [INFO] Updater:1134 - Updater Version found : 6.15.0
2026-02-04 19:49:50,945 [INFO] ApplicationProperties:184 - Using Application install path: D:\Programy\STM32CubeIDE_1.19.0\STM32CubeIDE\plugins\com.st.stm32cube.common.mx_6.15.0.202507011659
2026-02-04 19:49:52,068 [INFO] ThirdPartyUpdaterWithRetryManager:70 - Updater plugin not ready yet. [3/15]
2026-02-04 19:49:52,565 [ERROR] LogOutputStream:75 - [STDERR_REDIRECT] Feb 04, 2026 7:49:52 PM java.util.prefs.WindowsPreferences <init>
2026-02-04 19:49:52,566 [ERROR] LogOutputStream:75 - [STDERR_REDIRECT] WARNING: Could not open/create prefs root node Software\JavaSoft\Prefs at root 0xffffffff80000002. Windows RegCreateKeyEx(...) returned error code 5.
2026-02-04 19:49:52,567 [ERROR] LogOutputStream:75 - [STDERR_REDIRECT] 
2026-02-04 19:49:53,094 [INFO] MainUpdater:2872 - connection check result : 10
2026-02-04 19:49:53,094 [INFO] MainUpdater:289 - Updater Check For Update Now.
2026-02-04 19:49:53,094 [INFO] MicroXplorer:498 - Change Database Version : DB.6.0.150
2026-02-04 19:49:53,123 [INFO] McuFinderGlobals:63 - Set McuFinder mode to 2 (CubeIDE integrated)
2026-02-04 19:49:53,135 [INFO] UserAuth:487 - Internet connection configuration mode: 1
2026-02-04 19:49:53,190 [INFO] JxBrowserEngine:152 - Initiate JxBrowser Engine with user profile folder
2026-02-04 19:49:53,444 [INFO] CheckServerUpdateThread:120 - End of CheckServer Thread
2026-02-04 19:49:55,435 [INFO] WebApp:169 - Instantiating new browser for Auth
2026-02-04 19:49:55,619 [WARN] PackLoader:240 - Cannot read IP mode file for STMicroelectronics.FP-SNS-MOTENVWB1.1.4.0
2026-02-04 19:49:55,656 [WARN] PackLoader:240 - Cannot read IP mode file for STMicroelectronics.FP-ATR-ASTRA1.2.0.2
2026-02-04 19:49:55,687 [WARN] PackLoader:240 - Cannot read IP mode file for STMicroelectronics.X-CUBE-SMBUS.2.1.0
2026-02-04 19:49:55,709 [WARN] PackLoader:240 - Cannot read IP mode file for STMicroelectronics.X-CUBE-ST60.1.0.0
2026-02-04 19:49:55,787 [WARN] PackLoader:240 - Cannot read IP mode file for STMicroelectronics.X-CUBE-AZRTOS-F7.1.1.0
2026-02-04 19:49:55,834 [WARN] PackLoader:240 - Cannot read IP mode file for STMicroelectronics.X-CUBE-BLE1.6.2.4
2026-02-04 19:49:55,867 [WARN] PackLoader:240 - Cannot read IP mode file for STMicroelectronics.FP-SNS-MOTENV1.5.1.0
2026-02-04 19:49:55,908 [WARN] PackLoader:240 - Cannot read IP mode file for WES.I-CUBE-Cesium.1.4.0
2026-02-04 19:49:55,971 [WARN] PackLoader:240 - Cannot read IP mode file for Infineon.AIROC-Wi-Fi-Bluetooth-STM32.1.7.1
2026-02-04 19:49:56,057 [WARN] PackLoader:240 - Cannot read IP mode file for STMicroelectronics.X-CUBE-AZRTOS-H7.3.4.0
2026-02-04 19:49:56,097 [WARN] PackLoader:240 - Cannot read IP mode file for STMicroelectronics.X-CUBE-DISPLAY.3.0.0
2026-02-04 19:49:56,153 [WARN] PackLoader:240 - Cannot read IP mode file for STMicroelectronics.X-CUBE-NFC10.1.0.0
2026-02-04 19:49:56,188 [WARN] PackLoader:240 - Cannot read IP mode file for STMicroelectronics.X-CUBE-ST60.1.1.0
2026-02-04 19:49:56,225 [WARN] PackLoader:240 - Cannot read IP mode file for emotas.I-CUBE-CANOPEN.1.3.0
2026-02-04 19:49:56,265 [WARN] PackLoader:240 - Cannot read IP mode file for STMicroelectronics.X-CUBE-GNSS1.7.1.0
2026-02-04 19:49:56,307 [WARN] PackLoader:240 - Cannot read IP mode file for STMicroelectronics.FP-SNS-STBOX1.2.1.0
2026-02-04 19:49:56,376 [WARN] PackLoader:240 - Cannot read IP mode file for STMicroelectronics.FP-SNS-SMARTAG2.1.2.0
2026-02-04 19:49:56,409 [WARN] PackLoader:240 - Cannot read IP mode file for STMicroelectronics.FP-SNS-FLIGHT1.5.1.0
2026-02-04 19:49:56,454 [INFO] LogOutputStream:77 - [STDOUT_REDIRECT] 1 : Invalid condition id : UX_CORESTACK_Condition cause : null
2026-02-04 19:49:56,455 [INFO] LogOutputStream:77 - [STDOUT_REDIRECT] 1 : Invalid condition id : UX_CORESTACK_Condition cause : null
2026-02-04 19:49:56,457 [INFO] LogOutputStream:77 - [STDOUT_REDIRECT] 1 : Invalid condition id : UX_CORESTACK_Condition cause : null
2026-02-04 19:49:56,458 [INFO] LogOutputStream:77 - [STDOUT_REDIRECT] 1 : Invalid condition id : UX_CORESTACK_Condition cause : null
2026-02-04 19:49:56,461 [INFO] LogOutputStream:77 - [STDOUT_REDIRECT] 1 : Invalid condition id : UX_CORESTACK_Condition cause : null
2026-02-04 19:49:56,463 [WARN] PackLoader:240 - Cannot read IP mode file for STMicroelectronics.X-CUBE-AZRTOS-WL.2.0.0
2026-02-04 19:49:56,494 [WARN] PackLoader:240 - Cannot read IP mode file for STMicroelectronics.FP-SNS-MOTENV1.5.0.0
2026-02-04 19:49:56,553 [WARN] PackLoader:240 - Cannot read IP mode file for STMicroelectronics.X-CUBE-AZRTOS-H7RS.1.2.0
2026-02-04 19:49:56,585 [WARN] PackLoader:240 - Cannot read IP mode file for STMicroelectronics.X-CUBE-BLE2.3.3.0
2026-02-04 19:49:56,689 [WARN] PackLoader:240 - Cannot read IP mode file for STMicroelectronics.X-CUBE-TOF1.3.2.0
2026-02-04 19:49:56,748 [WARN] PackLoader:240 - Cannot read IP mode file for STMicroelectronics.X-CUBE-NFC9.1.0.0
2026-02-04 19:49:56,803 [WARN] PackLoader:240 - Cannot read IP mode file for wolfSSL.I-CUBE-wolfSSL.5.8.2
2026-02-04 19:49:56,855 [WARN] PackLoader:240 - Cannot read IP mode file for STMicroelectronics.X-CUBE-BLE1.7.1.0
2026-02-04 19:49:56,886 [WARN] PackLoader:240 - Cannot read IP mode file for wolfSSL.I-CUBE-wolfMQTT.1.19.2
2026-02-04 19:49:56,915 [WARN] PackLoader:240 - Cannot read IP mode file for STMicroelectronics.X-CUBE-FREERTOS.1.4.0
2026-02-04 19:49:56,953 [WARN] PackLoader:240 - Cannot read IP mode file for STMicroelectronics.X-CUBE-EEPRMA1.5.2.0
2026-02-04 19:49:56,971 [INFO] WebApp:463 - Apply proxy settings
2026-02-04 19:49:56,972 [INFO] WebApp:548 - Chromium requires no authentication
2026-02-04 19:49:56,991 [WARN] PackLoader:240 - Cannot read IP mode file for STMicroelectronics.X-CUBE-TOUCHGFX.4.21.1
2026-02-04 19:49:56,991 [INFO] WebApp:491 - Direct internet connection detected
2026-02-04 19:49:57,024 [WARN] PackLoader:240 - Cannot read IP mode file for STMicroelectronics.X-CUBE-ST67W61.1.1.0
2026-02-04 19:49:57,046 [INFO] WebApp:900 - Register for checkConnection events
2026-02-04 19:49:57,046 [INFO] WebApp:463 - Apply proxy settings
2026-02-04 19:49:57,047 [INFO] WebApp:548 - Chromium requires no authentication
2026-02-04 19:49:57,049 [INFO] WebApp:491 - Direct internet connection detected
2026-02-04 19:49:57,103 [WARN] PackLoader:240 - Cannot read IP mode file for STMicroelectronics.X-CUBE-MEMS1.12.0.0
2026-02-04 19:49:57,300 [INFO] WebApp:191 - Connection restablished
2026-02-04 19:49:57,334 [WARN] PackLoader:240 - Cannot read IP mode file for STMicroelectronics.X-CUBE-ALGOBUILD.1.3.0
2026-02-04 19:49:57,406 [WARN] PackLoader:240 - Cannot read IP mode file for STMicroelectronics.X-CUBE-AZRTOS-G0.1.1.0
2026-02-04 19:49:57,484 [WARN] PackLoader:240 - Cannot read IP mode file for STMicroelectronics.X-CUBE-SAFEA1.1.2.2
2026-02-04 19:49:57,559 [WARN] PackLoader:240 - Cannot read IP mode file for STMicroelectronics.X-CUBE-NFC4.3.0.0
2026-02-04 19:49:57,626 [WARN] PackLoader:240 - Cannot read IP mode file for EmbeddedOffice.I-CUBE-FS-RTOS.1.0.1
2026-02-04 19:49:57,669 [WARN] PackLoader:240 - Cannot read IP mode file for STMicroelectronics.X-CUBE-WB05N.2.0.0
2026-02-04 19:49:57,724 [WARN] PackLoader:240 - Cannot read IP mode file for wolfSSL.I-CUBE-wolfTPM.3.8.0
2026-02-04 19:49:57,806 [WARN] PackLoader:240 - Cannot read IP mode file for STMicroelectronics.X-CUBE-BLEMGR.1.3.0
2026-02-04 19:49:57,861 [WARN] PackLoader:240 - Cannot read IP mode file for STMicroelectronics.X-CUBE-TCPP.4.2.0
2026-02-04 19:49:57,916 [WARN] PackLoader:240 - Cannot read IP mode file for RealThread.X-CUBE-RT-Thread_Nano.4.1.1
2026-02-04 19:49:57,956 [WARN] PackLoader:240 - Cannot read IP mode file for STMicroelectronics.FP-ATR-SIGFOX1.3.2.0
2026-02-04 19:49:57,998 [WARN] PackLoader:240 - Cannot read IP mode file for ITTIA_DB.I-CUBE-ITTIADB.8.9.0
2026-02-04 19:49:58,015 [INFO] WebApp:225 - Starting web application
2026-02-04 19:49:58,016 [INFO] WebApp:593 - Web application path used D:\Programy\STM32CubeIDE_1.19.0\STM32CubeIDE\plugins\com.st.stm32cube.common.mx_6.15.0.202507011659\db\plugins\mcufinder\reactClient1\index.html
2026-02-04 19:49:58,040 [WARN] PackLoader:240 - Cannot read IP mode file for STMicroelectronics.X-CUBE-NFC6.3.2.0
2026-02-04 19:49:58,133 [WARN] PackLoader:240 - Cannot read IP mode file for STMicroelectronics.X-CUBE-MEMS1.9.5.0
2026-02-04 19:49:58,299 [WARN] PackLoader:240 - Cannot read IP mode file for STMicroelectronics.X-CUBE-ST67W61.1.0.0
2026-02-04 19:49:58,312 [INFO] UserAuth:487 - Internet connection configuration mode: 1
2026-02-04 19:49:58,340 [WARN] PackLoader:240 - Cannot read IP mode file for STMicroelectronics.X-CUBE-AI.10.2.0
2026-02-04 19:49:58,403 [WARN] PackLoader:240 - Cannot read IP mode file for SEGGER.I-CUBE-embOS.1.3.1
2026-02-04 19:49:58,479 [WARN] PackLoader:240 - Cannot read IP mode file for STMicroelectronics.X-CUBE-ALGOBUILD.1.4.0
2026-02-04 19:49:58,563 [WARN] PackLoader:240 - Cannot read IP mode file for STMicroelectronics.X-CUBE-MEMS1.11.3.0
2026-02-04 19:49:58,759 [WARN] PackLoader:240 - Cannot read IP mode file for STMicroelectronics.X-CUBE-PM33A1.1.0.0
2026-02-04 19:49:58,821 [WARN] PackLoader:240 - Cannot read IP mode file for STMicroelectronics.X-CUBE-GNSS1.6.0.0
2026-02-04 19:49:58,905 [WARN] PackLoader:240 - Cannot read IP mode file for STMicroelectronics.X-CUBE-AZRTOS-F4.1.1.0
2026-02-04 19:49:58,962 [WARN] PackLoader:240 - Cannot read IP mode file for Avnet-IotConnect.X-CUBE-IoTC-DA16k-PMOD.1.0.0
2026-02-04 19:49:58,995 [WARN] PackLoader:240 - Cannot read IP mode file for STMicroelectronics.X-CUBE-ISPU.2.1.0
2026-02-04 19:49:59,038 [WARN] PackLoader:240 - Cannot read IP mode file for STMicroelectronics.X-CUBE-IPS.3.2.0
2026-02-04 19:49:59,074 [WARN] PackLoader:240 - Cannot read IP mode file for STMicroelectronics.X-CUBE-NFC12.1.0.0
2026-02-04 19:49:59,142 [WARN] PackLoader:240 - Cannot read IP mode file for STMicroelectronics.X-CUBE-AZRTOS-L5.2.0.0
2026-02-04 19:49:59,182 [WARN] PackLoader:240 - Cannot read IP mode file for STMicroelectronics.X-CUBE-NFC6.3.1.0
2026-02-04 19:49:59,213 [WARN] PackLoader:240 - Cannot read IP mode file for emotas.I-CUBE-CANOPEN.1.1.3
2026-02-04 19:49:59,239 [WARN] PackLoader:240 - Cannot read IP mode file for wolfSSL.I-CUBE-wolfSSL.5.5.4
2026-02-04 19:49:59,272 [WARN] PackLoader:240 - Cannot read IP mode file for STMicroelectronics.X-CUBE-FREERTOS.1.3.1
2026-02-04 19:49:59,307 [WARN] PackLoader:240 - Cannot read IP mode file for STMicroelectronics.X-CUBE-NFC7.1.0.0
2026-02-04 19:49:59,353 [WARN] PackLoader:240 - Cannot read IP mode file for STMicroelectronics.X-CUBE-TOUCHGFX.4.26.0
2026-02-04 19:49:59,385 [WARN] PackLoader:240 - Cannot read IP mode file for STMicroelectronics.X-CUBE-EEPRMA1.4.1.0
2026-02-04 19:49:59,425 [WARN] PackLoader:240 - Cannot read IP mode file for STMicroelectronics.FP-SNS-STAIOTCFT.1.0.0
2026-02-04 19:49:59,464 [WARN] PackLoader:240 - Cannot read IP mode file for STMicroelectronics.X-CUBE-DPower.1.3.0
2026-02-04 19:49:59,519 [WARN] ConditionMgr:438 - getConditionDescription Invalid condition id : LAN8742 Phy interface Condition cause : null
2026-02-04 19:49:59,521 [WARN] PackLoader:240 - Cannot read IP mode file for STMicroelectronics.X-CUBE-AZRTOS-L4.2.0.0
2026-02-04 19:49:59,524 [WARN] ConditionMgr:1044 - genDependencies : Invalid condition id : LAN8742 Phy interface Condition cause : null
2026-02-04 19:49:59,524 [WARN] ConditionMgr:1044 - genDependencies : Invalid condition id : LAN8742 Phy interface Condition cause : null
2026-02-04 19:49:59,525 [WARN] ConditionMgr:1044 - genDependencies : Invalid condition id : LAN8742 Phy interface Condition cause : null
2026-02-04 19:49:59,563 [WARN] PackLoader:240 - Cannot read IP mode file for STMicroelectronics.X-CUBE-SFXS2LP1.4.0.0
2026-02-04 19:49:59,624 [WARN] PackLoader:240 - Cannot read IP mode file for STMicroelectronics.X-CUBE-AZRTOS-H7.3.0.0
2026-02-04 19:49:59,663 [WARN] PackLoader:240 - Cannot read IP mode file for STMicroelectronics.X-CUBE-ST67W61.1.2.0
2026-02-04 19:49:59,696 [WARN] PackLoader:240 - Cannot read IP mode file for STMicroelectronics.X-CUBE-ISPU.1.1.0
2026-02-04 19:49:59,732 [WARN] PackLoader:240 - Cannot read IP mode file for RoweBots.I-CUBE-UNISONRTOS.5.5.0-4
2026-02-04 19:49:59,769 [WARN] PackLoader:240 - Cannot read IP mode file for STMicroelectronics.X-CUBE-BLEMGR.4.1.0
2026-02-04 19:49:59,808 [WARN] PackLoader:240 - Cannot read IP mode file for STMicroelectronics.X-CUBE-AI.8.0.0
2026-02-04 19:49:59,859 [WARN] ConditionMgr:438 - getConditionDescription Invalid condition id : UX DEVICE CLASS RTOS Condition cause : null
2026-02-04 19:49:59,861 [WARN] ConditionMgr:438 - getConditionDescription Invalid condition id : UX DEVICE CLASS RTOS Condition cause : null
2026-02-04 19:49:59,864 [WARN] PackLoader:240 - Cannot read IP mode file for STMicroelectronics.X-CUBE-AZRTOS-WB.2.0.0
2026-02-04 19:49:59,865 [WARN] ConditionMgr:1044 - genDependencies : Invalid condition id : UX DEVICE CLASS RTOS Condition cause : null
2026-02-04 19:49:59,865 [WARN] ConditionMgr:1044 - genDependencies : Invalid condition id : UX DEVICE CLASS RTOS Condition cause : null
2026-02-04 19:49:59,865 [WARN] ConditionMgr:1044 - genDependencies : Invalid condition id : UX DEVICE CLASS RTOS Condition cause : null
2026-02-04 19:49:59,866 [WARN] ConditionMgr:1044 - genDependencies : Invalid condition id : UX DEVICE CLASS RTOS Condition cause : null
2026-02-04 19:49:59,866 [WARN] ConditionMgr:1044 - genDependencies : Invalid condition id : UX DEVICE CLASS RTOS Condition cause : null
2026-02-04 19:49:59,898 [WARN] PackLoader:240 - Cannot read IP mode file for STMicroelectronics.X-CUBE-GNSS1.7.0.1
2026-02-04 19:49:59,929 [WARN] PackLoader:240 - Cannot read IP mode file for STMicroelectronics.X-CUBE-TOUCHGFX.4.25.0
2026-02-04 19:49:59,964 [WARN] ConditionMgr:438 - getConditionDescription Invalid condition id : Cortex-A Device cause : null
2026-02-04 19:50:00,009 [WARN] ConditionMgr:1044 - genDependencies : Invalid condition id : Cortex-A Device cause : null
2026-02-04 19:50:00,014 [WARN] ConditionMgr:1044 - genDependencies : Invalid condition id : Cortex-A Device cause : null
2026-02-04 19:50:00,014 [WARN] ConditionMgr:1044 - genDependencies : Invalid condition id : Cortex-A Device cause : null
2026-02-04 19:50:00,065 [WARN] PackLoader:240 - Cannot read IP mode file for STMicroelectronics.X-CUBE-STSE01.2.0.0
2026-02-04 19:50:00,138 [WARN] PackLoader:240 - Cannot read IP mode file for STMicroelectronics.X-CUBE-AZRTOS-L5.1.1.0
2026-02-04 19:50:00,192 [WARN] PackLoader:240 - Cannot read IP mode file for STMicroelectronics.X-CUBE-SUBG2.5.0.0
2026-02-04 19:50:00,274 [WARN] PackLoader:240 - Cannot read IP mode file for STMicroelectronics.X-CUBE-AZRTOS-H7RS.1.1.0
2026-02-04 19:50:00,334 [WARN] PackLoader:240 - Cannot read IP mode file for Cesanta.I-CUBE-Mongoose.7.13.0
2026-02-04 19:50:00,406 [WARN] PackLoader:240 - Cannot read IP mode file for STMicroelectronics.X-CUBE-AZRTOS-G4.2.0.0
2026-02-04 19:50:00,893 [WARN] PackLoader:240 - Cannot read IP mode file for STMicroelectronics.FP-ATR-ASTRA1.1.1.1
2026-02-04 19:50:00,926 [WARN] PackLoader:240 - Cannot read IP mode file for wolfSSL.I-CUBE-wolfSSH.1.4.20
2026-02-04 19:50:00,955 [WARN] PackLoader:240 - Cannot read IP mode file for STMicroelectronics.X-CUBE-NFC7.2.0.0
2026-02-04 19:50:01,004 [WARN] PackLoader:240 - Cannot read IP mode file for STMicroelectronics.X-CUBE-AZRTOS-G4.1.0.0
2026-02-04 19:50:01,056 [WARN] PackLoader:240 - Cannot read IP mode file for STMicroelectronics.X-CUBE-AZRTOS-L4.1.0.0
2026-02-04 19:50:01,098 [WARN] PackLoader:240 - Cannot read IP mode file for STMicroelectronics.X-CUBE-IPS.3.1.0
2026-02-04 19:50:01,135 [WARN] PackLoader:240 - Cannot read IP mode file for STMicroelectronics.X-CUBE-ALS.1.0.2
2026-02-04 19:50:01,167 [WARN] PackLoader:240 - Cannot read IP mode file for STMicroelectronics.X-CUBE-AZRTOS-WL.1.0.0
2026-02-04 19:50:01,195 [WARN] PackLoader:240 - Cannot read IP mode file for STMicroelectronics.X-CUBE-STSE01.1.0.0
2026-02-04 19:50:01,222 [WARN] PackLoader:240 - Cannot read IP mode file for portGmbH.I-Cube-SoM-uGOAL.1.1.0
2026-02-04 19:50:01,247 [WARN] PackLoader:240 - Cannot read IP mode file for STMicroelectronics.X-CUBE-ALS.1.0.1
2026-02-04 19:50:01,280 [WARN] PackLoader:240 - Cannot read IP mode file for STMicroelectronics.X-CUBE-AZRTOS-WB.1.1.0
2026-02-04 19:50:01,315 [WARN] PackLoader:240 - Cannot read IP mode file for STMicroelectronics.X-CUBE-TOF1.3.4.3
2026-02-04 19:50:01,325 [INFO] ThirdParty:978 - Integrity check success = true
2026-02-04 19:50:01,325 [INFO] IntegrityCheckThread:100 - exiting critical section [integrity check]
2026-02-04 19:50:01,325 [INFO] IntegrityCheckThread:103 - End integrity checks thread
2026-02-04 19:53:33,888 [ERROR] LogOutputStream:75 - [STDERR_REDIRECT] 
2026-02-04 19:53:33,889 [ERROR] LogOutputStream:75 - [STDERR_REDIRECT] 
