2026-02-20 18:52:13,218 [INFO] NvicIntPanel:101 - NVIC parent = com.st.microxplorer.plugins.ip.nvic.MultiNvicIntPanel[,0,0,0x0,invalid,layout=javax.swing.BoxLayout,alignmentX=0.0,alignmentY=0.0,border=,flags=9,maximumSize=,minimumSize=,preferredSize=]
2026-02-20 18:52:21,467 [INFO] NvicIntPanel:101 - NVIC parent = com.st.microxplorer.plugins.ip.nvic.MultiNvicIntPanel[,0,0,0x0,invalid,layout=javax.swing.BoxLayout,alignmentX=0.0,alignmentY=0.0,border=,flags=9,maximumSize=,minimumSize=,preferredSize=]
2026-02-20 18:52:21,676 [INFO] NvicIntPanel:101 - NVIC parent = com.st.microxplorer.plugins.ip.nvic.MultiNvicIntPanel[,0,0,0x0,invalid,layout=javax.swing.BoxLayout,alignmentX=0.0,alignmentY=0.0,border=,flags=9,maximumSize=,minimumSize=,preferredSize=]
2026-02-20 18:52:26,720 [INFO] UtilMem:75 - End SaveConfig() Used Memory: 657327048 Bytes (1073741824)
2026-02-20 18:52:28,141 [INFO] UtilMem:75 - End SaveConfig() Used Memory: 679347144 Bytes (1073741824)
2026-02-20 18:52:30,919 [INFO] UtilMem:75 - End SaveConfig() Used Memory: 710278088 Bytes (1073741824)
2026-02-20 18:52:31,667 [INFO] BlockDiagram:2775 - set Specific Code input for plugin: SPI
2026-02-20 18:52:31,667 [INFO] BlockDiagram:2775 - set Specific Code input for plugin: SPI
2026-02-20 18:52:31,667 [INFO] BlockDiagram:2775 - set Specific Code input for plugin: TIM1_8G4
2026-02-20 18:52:31,667 [INFO] BlockDiagram:2775 - set Specific Code input for plugin: SYS
2026-02-20 18:52:31,667 [INFO] BlockDiagram:2775 - set Specific Code input for plugin: ADC
2026-02-20 18:52:31,668 [INFO] BlockDiagram:2775 - set Specific Code input for plugin: RCC
2026-02-20 18:52:31,668 [INFO] BlockDiagram:2775 - set Specific Code input for plugin: I2C
2026-02-20 18:52:31,668 [INFO] BlockDiagram:2775 - set Specific Code input for plugin: STMicroelectronics.X-CUBE-AZRTOS-G4.2.0.0
2026-02-20 18:52:31,668 [INFO] BlockDiagram:2775 - set Specific Code input for plugin: NVIC
2026-02-20 18:52:31,668 [INFO] BlockDiagram:2775 - set Specific Code input for plugin: USART
2026-02-20 18:52:31,668 [INFO] BlockDiagram:2775 - set Specific Code input for plugin: USART
2026-02-20 18:52:31,668 [INFO] BlockDiagram:2775 - set Specific Code input for plugin: DMA
2026-02-20 18:52:31,668 [INFO] BlockDiagram:2775 - set Specific Code input for plugin: TIM1_8G4
2026-02-20 18:52:31,668 [INFO] BlockDiagram:2775 - set Specific Code input for plugin: CORDIC
2026-02-20 18:52:31,669 [INFO] BlockDiagram:2775 - set Specific Code input for plugin: GPIO
2026-02-20 18:52:31,674 [WARN] IP:2250 - TX_NO_TIMER not found: check if there is a RefParameter without a condition.
2026-02-20 18:52:31,675 [WARN] IP:2250 - ALIGN_TYPE_VAL not found: check if there is a RefParameter without a condition.
2026-02-20 18:52:31,675 [WARN] IP:2250 - TX_BASEPRI_VALUE not found: check if there is a RefParameter without a condition.
2026-02-20 18:52:31,675 [WARN] IP:2250 - TX_APP_THREAD_ENTRY not found: check if there is a RefParameter without a condition.
2026-02-20 18:52:31,675 [WARN] IP:2250 - TX_APP_THREAD_NAME not found: check if there is a RefParameter without a condition.
2026-02-20 18:52:31,675 [WARN] IP:2250 - TX_APP_THREAD_PRIO not found: check if there is a RefParameter without a condition.
2026-02-20 18:52:31,675 [WARN] IP:2250 - TX_APP_STACK_SIZE not found: check if there is a RefParameter without a condition.
2026-02-20 18:52:31,676 [WARN] IP:2250 - TX_SEMAPHORE_NAME not found: check if there is a RefParameter without a condition.
2026-02-20 18:52:31,676 [WARN] IP:2250 - TX_SEMAPHORE_COUNT not found: check if there is a RefParameter without a condition.
2026-02-20 18:52:31,676 [WARN] IP:2250 - TX_MUTEX_NAME not found: check if there is a RefParameter without a condition.
2026-02-20 18:52:31,676 [WARN] IP:2250 - TX_Mutex_INHERITANCE not found: check if there is a RefParameter without a condition.
2026-02-20 18:52:31,676 [WARN] IP:2250 - TX_MSG_QUEUE_NAME not found: check if there is a RefParameter without a condition.
2026-02-20 18:52:31,676 [WARN] IP:2250 - TX_MSG_SIZE_WORDS not found: check if there is a RefParameter without a condition.
2026-02-20 18:52:31,676 [WARN] IP:2250 - TX_NB_MSG not found: check if there is a RefParameter without a condition.
2026-02-20 18:52:31,681 [WARN] ThirdPartyIpManager:480 - Condition 'CM4 IAR Condition' not fulfilled in pack 'STMicroelectronics.X-CUBE-AZRTOS-G4.2.0.0'
2026-02-20 18:52:31,682 [WARN] ThirdPartyIpManager:480 - Condition 'CM4 IAR Condition' not fulfilled in pack 'STMicroelectronics.X-CUBE-AZRTOS-G4.2.0.0'
2026-02-20 18:52:31,682 [WARN] ThirdPartyIpManager:480 - Condition 'CM4 IAR Condition' not fulfilled in pack 'STMicroelectronics.X-CUBE-AZRTOS-G4.2.0.0'
2026-02-20 18:52:31,683 [WARN] ThirdPartyIpManager:480 - Condition 'CM4 IAR Condition' not fulfilled in pack 'STMicroelectronics.X-CUBE-AZRTOS-G4.2.0.0'
2026-02-20 18:52:31,684 [WARN] ThirdPartyIpManager:480 - Condition 'CM4 IAR Condition' not fulfilled in pack 'STMicroelectronics.X-CUBE-AZRTOS-G4.2.0.0'
2026-02-20 18:52:31,685 [WARN] ThirdPartyIpManager:480 - Condition 'CM4 IAR Condition' not fulfilled in pack 'STMicroelectronics.X-CUBE-AZRTOS-G4.2.0.0'
2026-02-20 18:52:31,685 [WARN] ThirdPartyIpManager:480 - Condition 'CM4 IAR Condition' not fulfilled in pack 'STMicroelectronics.X-CUBE-AZRTOS-G4.2.0.0'
2026-02-20 18:52:31,685 [WARN] ThirdPartyIpManager:480 - Condition 'CM4 IAR Condition' not fulfilled in pack 'STMicroelectronics.X-CUBE-AZRTOS-G4.2.0.0'
2026-02-20 18:52:31,685 [WARN] ThirdPartyIpManager:480 - Condition 'CM4 IAR Condition' not fulfilled in pack 'STMicroelectronics.X-CUBE-AZRTOS-G4.2.0.0'
2026-02-20 18:52:31,685 [WARN] ThirdPartyIpManager:480 - Condition 'CM4 IAR Condition' not fulfilled in pack 'STMicroelectronics.X-CUBE-AZRTOS-G4.2.0.0'
2026-02-20 18:52:31,685 [WARN] ThirdPartyIpManager:480 - Condition 'CM4 IAR Condition' not fulfilled in pack 'STMicroelectronics.X-CUBE-AZRTOS-G4.2.0.0'
2026-02-20 18:52:31,687 [WARN] ThirdPartyIpManager:480 - Condition 'CM4 ARMC6 Condition' not fulfilled in pack 'STMicroelectronics.X-CUBE-AZRTOS-G4.2.0.0'
2026-02-20 18:52:31,687 [WARN] ThirdPartyIpManager:480 - Condition 'CM4 ARMC6 Condition' not fulfilled in pack 'STMicroelectronics.X-CUBE-AZRTOS-G4.2.0.0'
2026-02-20 18:52:31,687 [WARN] ThirdPartyIpManager:480 - Condition 'CM4 ARMC6 Condition' not fulfilled in pack 'STMicroelectronics.X-CUBE-AZRTOS-G4.2.0.0'
2026-02-20 18:52:31,687 [WARN] ThirdPartyIpManager:480 - Condition 'CM4 ARMC6 Condition' not fulfilled in pack 'STMicroelectronics.X-CUBE-AZRTOS-G4.2.0.0'
2026-02-20 18:52:31,687 [WARN] ThirdPartyIpManager:480 - Condition 'CM4 ARMC6 Condition' not fulfilled in pack 'STMicroelectronics.X-CUBE-AZRTOS-G4.2.0.0'
2026-02-20 18:52:31,687 [WARN] ThirdPartyIpManager:480 - Condition 'CM4 ARMC6 Condition' not fulfilled in pack 'STMicroelectronics.X-CUBE-AZRTOS-G4.2.0.0'
2026-02-20 18:52:31,688 [WARN] ThirdPartyIpManager:480 - Condition 'CM4 ARMC6 Condition' not fulfilled in pack 'STMicroelectronics.X-CUBE-AZRTOS-G4.2.0.0'
2026-02-20 18:52:31,688 [WARN] ThirdPartyIpManager:480 - Condition 'CM4 ARMC6 Condition' not fulfilled in pack 'STMicroelectronics.X-CUBE-AZRTOS-G4.2.0.0'
2026-02-20 18:52:31,688 [WARN] ThirdPartyIpManager:480 - Condition 'CM4 ARMC6 Condition' not fulfilled in pack 'STMicroelectronics.X-CUBE-AZRTOS-G4.2.0.0'
2026-02-20 18:52:31,688 [WARN] ThirdPartyIpManager:480 - Condition 'CM4 ARMC6 Condition' not fulfilled in pack 'STMicroelectronics.X-CUBE-AZRTOS-G4.2.0.0'
2026-02-20 18:52:31,691 [INFO] CodeGenerator:892 - code generatio: config db path: D:\Programy\STM32CubeIDE_1.19.0\STM32CubeIDE\plugins\com.st.stm32cube.common.mx_6.15.0.202507011659\\db\
2026-02-20 18:52:31,880 [INFO] IP:3329 - RTE Config file name : RTE_Component
2026-02-20 18:52:31,880 [INFO] IP:3347 - RTE template : RTE_Components.ftl
2026-02-20 18:52:31,907 [INFO] CodeEngine:265 - oldGeneratedFile, D:\Projekty\TrinityTrack6000\MainControlBoard\STM32\STM32G473CET6\MXTmpFiles\license.tmp_save
2026-02-20 18:52:32,632 [INFO] CodeEngine:289 - Generated code: D:\Projekty\TrinityTrack6000\MainControlBoard\STM32\STM32G473CET6\MXTmpFiles\license.tmp
2026-02-20 18:52:32,945 [INFO] CodeEngine:265 - oldGeneratedFile, D:\Projekty\TrinityTrack6000\MainControlBoard\STM32\STM32G473CET6\MXTmpFiles\gpio.tmp_save
2026-02-20 18:52:33,234 [INFO] CodeEngine:289 - Generated code: D:\Projekty\TrinityTrack6000\MainControlBoard\STM32\STM32G473CET6\MXTmpFiles\gpio.tmp
2026-02-20 18:52:42,936 [INFO] Middleware:1452 - No code input for Bsp Dependency
2026-02-20 18:52:42,960 [INFO] Middleware:1452 - No code input for Bsp Dependency
2026-02-20 18:52:42,975 [INFO] CodeEngine:265 - oldGeneratedFile, D:\Projekty\TrinityTrack6000\MainControlBoard\STM32\STM32G473CET6\Core\Inc\tx_user.h_save
2026-02-20 18:52:43,299 [INFO] CodeEngine:289 - Generated code: D:\Projekty\TrinityTrack6000\MainControlBoard\STM32\STM32G473CET6\Core\Inc\tx_user.h
2026-02-20 18:52:43,313 [INFO] CodeEngine:265 - oldGeneratedFile, D:\Projekty\TrinityTrack6000\MainControlBoard\STM32\STM32G473CET6\Core\Src\tx_initialize_low_level.S_save
2026-02-20 18:52:43,630 [INFO] CodeEngine:289 - Generated code: D:\Projekty\TrinityTrack6000\MainControlBoard\STM32\STM32G473CET6\Core\Src\tx_initialize_low_level.S
2026-02-20 18:52:43,644 [INFO] CodeEngine:265 - oldGeneratedFile, D:\Projekty\TrinityTrack6000\MainControlBoard\STM32\STM32G473CET6\AZURE_RTOS\App\app_azure_rtos_config.h_save
2026-02-20 18:52:43,785 [INFO] CodeEngine:289 - Generated code: D:\Projekty\TrinityTrack6000\MainControlBoard\STM32\STM32G473CET6\AZURE_RTOS\App\app_azure_rtos_config.h
2026-02-20 18:52:43,803 [INFO] CodeEngine:265 - oldGeneratedFile, D:\Projekty\TrinityTrack6000\MainControlBoard\STM32\STM32G473CET6\Core\Src\app_threadx.c_save
2026-02-20 18:52:43,963 [INFO] CodeEngine:289 - Generated code: D:\Projekty\TrinityTrack6000\MainControlBoard\STM32\STM32G473CET6\Core\Src\app_threadx.c
2026-02-20 18:52:43,988 [INFO] CodeEngine:265 - oldGeneratedFile, D:\Projekty\TrinityTrack6000\MainControlBoard\STM32\STM32G473CET6\Core\Inc\app_threadx.h_save
2026-02-20 18:52:44,190 [INFO] CodeEngine:289 - Generated code: D:\Projekty\TrinityTrack6000\MainControlBoard\STM32\STM32G473CET6\Core\Inc\app_threadx.h
2026-02-20 18:52:44,203 [INFO] CodeEngine:265 - oldGeneratedFile, D:\Projekty\TrinityTrack6000\MainControlBoard\STM32\STM32G473CET6\AZURE_RTOS\App\app_azure_rtos.c_save
2026-02-20 18:52:44,381 [INFO] CodeEngine:289 - Generated code: D:\Projekty\TrinityTrack6000\MainControlBoard\STM32\STM32G473CET6\AZURE_RTOS\App\app_azure_rtos.c
2026-02-20 18:52:44,383 [INFO] CodeEngine:265 - oldGeneratedFile, D:\Projekty\TrinityTrack6000\MainControlBoard\STM32\STM32G473CET6\AZURE_RTOS\App\app_azure_rtos.h_save
2026-02-20 18:52:44,503 [INFO] CodeEngine:289 - Generated code: D:\Projekty\TrinityTrack6000\MainControlBoard\STM32\STM32G473CET6\AZURE_RTOS\App\app_azure_rtos.h
2026-02-20 18:52:45,243 [INFO] CodeEngine:265 - oldGeneratedFile, D:\Projekty\TrinityTrack6000\MainControlBoard\STM32\STM32G473CET6\MXTmpFiles\dma.tmp_save
2026-02-20 18:52:45,403 [INFO] CodeEngine:289 - Generated code: D:\Projekty\TrinityTrack6000\MainControlBoard\STM32\STM32G473CET6\MXTmpFiles\dma.tmp
2026-02-20 18:52:45,416 [INFO] CodeEngine:265 - oldGeneratedFile, D:\Projekty\TrinityTrack6000\MainControlBoard\STM32\STM32G473CET6\MXTmpFiles\dma_GV.tmp_save
2026-02-20 18:52:45,485 [INFO] CodeEngine:289 - Generated code: D:\Projekty\TrinityTrack6000\MainControlBoard\STM32\STM32G473CET6\MXTmpFiles\dma_GV.tmp
2026-02-20 18:52:45,522 [INFO] CodeEngine:265 - oldGeneratedFile, D:\Projekty\TrinityTrack6000\MainControlBoard\STM32\STM32G473CET6\Core\Src\stm32g4xx_it.c_save
2026-02-20 18:52:45,793 [INFO] CodeEngine:289 - Generated code: D:\Projekty\TrinityTrack6000\MainControlBoard\STM32\STM32G473CET6\Core\Src\stm32g4xx_it.c
2026-02-20 18:52:45,806 [INFO] CodeEngine:265 - oldGeneratedFile, D:\Projekty\TrinityTrack6000\MainControlBoard\STM32\STM32G473CET6\Core\Inc\stm32g4xx_it.h_save
2026-02-20 18:52:45,933 [INFO] CodeEngine:289 - Generated code: D:\Projekty\TrinityTrack6000\MainControlBoard\STM32\STM32G473CET6\Core\Inc\stm32g4xx_it.h
2026-02-20 18:52:45,972 [INFO] IP:3329 - RTE Config file name : RTE_Component
2026-02-20 18:52:45,972 [INFO] IP:3347 - RTE template : RTE_Components.ftl
2026-02-20 18:52:45,977 [INFO] CodeGenerator:2312 - Add RTE Code Input 
2026-02-20 18:52:46,074 [INFO] CodeEngine:265 - oldGeneratedFile, D:\Projekty\TrinityTrack6000\MainControlBoard\STM32\STM32G473CET6\Core\Inc\RTE_Components.h_save
2026-02-20 18:52:46,337 [INFO] CodeEngine:289 - Generated code: D:\Projekty\TrinityTrack6000\MainControlBoard\STM32\STM32G473CET6\Core\Inc\RTE_Components.h
2026-02-20 18:52:46,363 [INFO] CodeEngine:265 - oldGeneratedFile, D:\Projekty\TrinityTrack6000\MainControlBoard\STM32\STM32G473CET6\Core\Src\stm32g4xx_hal_msp.c_save
2026-02-20 18:52:46,733 [INFO] CodeEngine:289 - Generated code: D:\Projekty\TrinityTrack6000\MainControlBoard\STM32\STM32G473CET6\Core\Src\stm32g4xx_hal_msp.c
2026-02-20 18:52:46,756 [INFO] CodeEngine:265 - oldGeneratedFile, D:\Projekty\TrinityTrack6000\MainControlBoard\STM32\STM32G473CET6\MXTmpFiles\system.tmp_save
2026-02-20 18:52:46,873 [INFO] CodeEngine:289 - Generated code: D:\Projekty\TrinityTrack6000\MainControlBoard\STM32\STM32G473CET6\MXTmpFiles\system.tmp
2026-02-20 18:52:46,905 [INFO] CodeEngine:265 - oldGeneratedFile, D:\Projekty\TrinityTrack6000\MainControlBoard\STM32\STM32G473CET6\Core\Src\stm32g4xx_hal_timebase_tim.c_save
2026-02-20 18:52:47,091 [INFO] CodeEngine:289 - Generated code: D:\Projekty\TrinityTrack6000\MainControlBoard\STM32\STM32G473CET6\Core\Src\stm32g4xx_hal_timebase_tim.c
2026-02-20 18:52:47,131 [INFO] CodeEngine:321 - oldGeneratedFile, D:\Projekty\TrinityTrack6000\MainControlBoard\STM32\STM32G473CET6\Core\Inc\stm32g4xx_hal_conf.h_save
2026-02-20 18:52:47,439 [INFO] CodeEngine:345 - Generated code: D:\Projekty\TrinityTrack6000\MainControlBoard\STM32\STM32G473CET6\Core\Inc\stm32g4xx_hal_conf.h
2026-02-20 18:52:47,495 [WARN] IPConfigManager:3238 - Warning: the RefConfig RCC_CommonPeriphClockConfig is not available in your config.xml file
2026-02-20 18:52:47,527 [INFO] ApiDbMcu:532 - Load IP Config File for ADC1
2026-02-20 18:52:47,531 [INFO] ApiDbMcu:532 - Load IP Config File for CORDIC
2026-02-20 18:52:47,539 [INFO] ApiDbMcu:532 - Load IP Config File for I2C2
2026-02-20 18:52:47,547 [INFO] ApiDbMcu:532 - Load IP Config File for SPI1
2026-02-20 18:52:47,550 [INFO] ApiDbMcu:532 - Load IP Config File for SPI2
2026-02-20 18:52:47,573 [INFO] ApiDbMcu:532 - Load IP Config File for TIM3
2026-02-20 18:52:47,593 [INFO] ApiDbMcu:532 - Load IP Config File for TIM8
2026-02-20 18:52:47,603 [INFO] ApiDbMcu:532 - Load IP Config File for USART1
2026-02-20 18:52:47,617 [INFO] ApiDbMcu:532 - Load IP Config File for USART2
2026-02-20 18:52:47,619 [INFO] ApiDbMcu:532 - Load IP Config File for RCC
2026-02-20 18:52:47,623 [WARN] IPConfigManager:3811 - IP not found : TIM
2026-02-20 18:52:47,623 [WARN] CodeGenerator:4259 - IP not found : null
2026-02-20 18:52:47,635 [INFO] CodeEngine:265 - oldGeneratedFile, D:\Projekty\TrinityTrack6000\MainControlBoard\STM32\STM32G473CET6\Core\Inc\main.h_save
2026-02-20 18:52:47,829 [INFO] CodeEngine:289 - Generated code: D:\Projekty\TrinityTrack6000\MainControlBoard\STM32\STM32G473CET6\Core\Inc\main.h
2026-02-20 18:52:47,844 [INFO] CodeEngine:265 - oldGeneratedFile, D:\Projekty\TrinityTrack6000\MainControlBoard\STM32\STM32G473CET6\Core\Src\main.c_save
2026-02-20 18:52:48,128 [INFO] CodeEngine:289 - Generated code: D:\Projekty\TrinityTrack6000\MainControlBoard\STM32\STM32G473CET6\Core\Src\main.c
2026-02-20 18:52:49,207 [INFO] ProjectBuilder:3606 - Time for Copy HAL[1] : 434mS.
2026-02-20 18:52:49,207 [ERROR] Middleware:2950 - Invalid RefComponent list
2026-02-20 18:52:49,207 [ERROR] Middleware:2950 - Invalid RefComponent list
2026-02-20 18:52:49,207 [ERROR] Middleware:2950 - Invalid RefComponent list
2026-02-20 18:52:49,207 [ERROR] Middleware:2950 - Invalid RefComponent list
2026-02-20 18:52:49,207 [ERROR] Middleware:2950 - Invalid RefComponent list
2026-02-20 18:52:49,207 [ERROR] Middleware:2950 - Invalid RefComponent list
2026-02-20 18:52:49,207 [ERROR] Middleware:2950 - Invalid RefComponent list
2026-02-20 18:52:49,207 [ERROR] Middleware:2950 - Invalid RefComponent list
2026-02-20 18:52:49,207 [ERROR] Middleware:2950 - Invalid RefComponent list
2026-02-20 18:52:49,207 [ERROR] Middleware:2950 - Invalid RefComponent list
2026-02-20 18:52:49,207 [ERROR] Middleware:2950 - Invalid RefComponent list
2026-02-20 18:52:49,207 [ERROR] Middleware:2950 - Invalid RefComponent list
2026-02-20 18:52:49,207 [ERROR] Middleware:2950 - Invalid RefComponent list
2026-02-20 18:52:49,207 [ERROR] Middleware:2950 - Invalid RefComponent list
2026-02-20 18:52:49,207 [ERROR] Middleware:2950 - Invalid RefComponent list
2026-02-20 18:52:49,213 [ERROR] Middleware:2950 - Invalid RefComponent list
2026-02-20 18:52:49,213 [ERROR] Middleware:2950 - Invalid RefComponent list
2026-02-20 18:52:49,213 [ERROR] Middleware:2950 - Invalid RefComponent list
2026-02-20 18:52:49,213 [ERROR] Middleware:2950 - Invalid RefComponent list
2026-02-20 18:52:49,213 [ERROR] Middleware:2950 - Invalid RefComponent list
2026-02-20 18:52:49,213 [ERROR] Middleware:2950 - Invalid RefComponent list
2026-02-20 18:52:49,213 [ERROR] Middleware:2950 - Invalid RefComponent list
2026-02-20 18:52:49,213 [ERROR] Middleware:2950 - Invalid RefComponent list
2026-02-20 18:52:49,213 [ERROR] Middleware:2950 - Invalid RefComponent list
2026-02-20 18:52:49,213 [ERROR] Middleware:2950 - Invalid RefComponent list
2026-02-20 18:52:49,213 [ERROR] Middleware:2950 - Invalid RefComponent list
2026-02-20 18:52:49,213 [ERROR] Middleware:2950 - Invalid RefComponent list
2026-02-20 18:52:49,213 [ERROR] Middleware:2950 - Invalid RefComponent list
2026-02-20 18:52:49,213 [ERROR] Middleware:2950 - Invalid RefComponent list
2026-02-20 18:52:49,213 [ERROR] Middleware:2950 - Invalid RefComponent list
2026-02-20 18:52:49,213 [ERROR] Middleware:2950 - Invalid RefComponent list
2026-02-20 18:52:49,213 [ERROR] Middleware:2950 - Invalid RefComponent list
2026-02-20 18:52:49,213 [ERROR] Middleware:2950 - Invalid RefComponent list
2026-02-20 18:52:49,213 [ERROR] Middleware:2950 - Invalid RefComponent list
2026-02-20 18:52:49,213 [ERROR] Middleware:2950 - Invalid RefComponent list
2026-02-20 18:52:49,213 [ERROR] Middleware:2950 - Invalid RefComponent list
2026-02-20 18:52:49,213 [ERROR] Middleware:2950 - Invalid RefComponent list
2026-02-20 18:52:49,213 [ERROR] Middleware:2950 - Invalid RefComponent list
2026-02-20 18:52:49,213 [ERROR] Middleware:2950 - Invalid RefComponent list
2026-02-20 18:52:49,213 [ERROR] Middleware:2950 - Invalid RefComponent list
2026-02-20 18:52:49,213 [ERROR] Middleware:2950 - Invalid RefComponent list
2026-02-20 18:52:49,213 [ERROR] Middleware:2950 - Invalid RefComponent list
2026-02-20 18:52:49,213 [ERROR] Middleware:2950 - Invalid RefComponent list
2026-02-20 18:52:49,213 [ERROR] Middleware:2950 - Invalid RefComponent list
2026-02-20 18:52:49,216 [ERROR] Middleware:2950 - Invalid RefComponent list
2026-02-20 18:52:49,217 [ERROR] Middleware:2950 - Invalid RefComponent list
2026-02-20 18:52:49,217 [ERROR] Middleware:2950 - Invalid RefComponent list
2026-02-20 18:52:49,217 [ERROR] Middleware:2950 - Invalid RefComponent list
2026-02-20 18:52:49,217 [ERROR] Middleware:2950 - Invalid RefComponent list
2026-02-20 18:52:49,217 [ERROR] Middleware:2950 - Invalid RefComponent list
2026-02-20 18:52:49,217 [ERROR] Middleware:2950 - Invalid RefComponent list
2026-02-20 18:52:49,217 [ERROR] Middleware:2950 - Invalid RefComponent list
2026-02-20 18:52:49,217 [ERROR] Middleware:2950 - Invalid RefComponent list
2026-02-20 18:52:49,217 [ERROR] Middleware:2950 - Invalid RefComponent list
2026-02-20 18:52:49,217 [ERROR] Middleware:2950 - Invalid RefComponent list
2026-02-20 18:52:49,217 [ERROR] Middleware:2950 - Invalid RefComponent list
2026-02-20 18:52:49,217 [ERROR] Middleware:2950 - Invalid RefComponent list
2026-02-20 18:52:49,217 [ERROR] Middleware:2950 - Invalid RefComponent list
2026-02-20 18:52:49,217 [ERROR] Middleware:2950 - Invalid RefComponent list
2026-02-20 18:52:49,217 [ERROR] Middleware:2950 - Invalid RefComponent list
2026-02-20 18:52:49,217 [ERROR] Middleware:2950 - Invalid RefComponent list
2026-02-20 18:52:49,217 [ERROR] Middleware:2950 - Invalid RefComponent list
2026-02-20 18:52:49,217 [ERROR] Middleware:2950 - Invalid RefComponent list
2026-02-20 18:52:49,217 [ERROR] Middleware:2950 - Invalid RefComponent list
2026-02-20 18:52:49,217 [ERROR] Middleware:2950 - Invalid RefComponent list
2026-02-20 18:52:49,217 [ERROR] Middleware:2950 - Invalid RefComponent list
2026-02-20 18:52:49,217 [ERROR] Middleware:2950 - Invalid RefComponent list
2026-02-20 18:52:49,217 [ERROR] Middleware:2950 - Invalid RefComponent list
2026-02-20 18:52:49,217 [ERROR] Middleware:2950 - Invalid RefComponent list
2026-02-20 18:52:49,217 [ERROR] Middleware:2950 - Invalid RefComponent list
2026-02-20 18:52:49,217 [ERROR] Middleware:2950 - Invalid RefComponent list
2026-02-20 18:52:49,217 [ERROR] Middleware:2950 - Invalid RefComponent list
2026-02-20 18:52:49,217 [ERROR] Middleware:2950 - Invalid RefComponent list
2026-02-20 18:52:49,217 [ERROR] Middleware:2950 - Invalid RefComponent list
2026-02-20 18:52:49,217 [ERROR] Middleware:2950 - Invalid RefComponent list
2026-02-20 18:52:49,217 [ERROR] Middleware:2950 - Invalid RefComponent list
2026-02-20 18:52:49,217 [ERROR] Middleware:2950 - Invalid RefComponent list
2026-02-20 18:52:49,217 [ERROR] Middleware:2950 - Invalid RefComponent list
2026-02-20 18:52:49,217 [ERROR] Middleware:2950 - Invalid RefComponent list
2026-02-20 18:52:49,217 [ERROR] Middleware:2950 - Invalid RefComponent list
2026-02-20 18:52:49,217 [ERROR] Middleware:2950 - Invalid RefComponent list
2026-02-20 18:52:49,217 [ERROR] Middleware:2950 - Invalid RefComponent list
2026-02-20 18:52:49,217 [ERROR] Middleware:2950 - Invalid RefComponent list
2026-02-20 18:52:49,217 [ERROR] Middleware:2950 - Invalid RefComponent list
2026-02-20 18:52:49,217 [ERROR] Middleware:2950 - Invalid RefComponent list
2026-02-20 18:52:49,217 [ERROR] Middleware:2950 - Invalid RefComponent list
2026-02-20 18:52:49,217 [ERROR] Middleware:2950 - Invalid RefComponent list
2026-02-20 18:52:49,217 [ERROR] Middleware:2950 - Invalid RefComponent list
2026-02-20 18:52:49,217 [WARN] ThirdPartyIpManager:480 - Condition 'CM4 IAR Condition' not fulfilled in pack 'STMicroelectronics.X-CUBE-AZRTOS-G4.2.0.0'
2026-02-20 18:52:49,217 [WARN] ThirdPartyIpManager:480 - Condition 'CM4 IAR Condition' not fulfilled in pack 'STMicroelectronics.X-CUBE-AZRTOS-G4.2.0.0'
2026-02-20 18:52:49,217 [WARN] ThirdPartyIpManager:480 - Condition 'CM4 IAR Condition' not fulfilled in pack 'STMicroelectronics.X-CUBE-AZRTOS-G4.2.0.0'
2026-02-20 18:52:49,223 [WARN] ThirdPartyIpManager:480 - Condition 'CM4 IAR Condition' not fulfilled in pack 'STMicroelectronics.X-CUBE-AZRTOS-G4.2.0.0'
2026-02-20 18:52:49,223 [WARN] ThirdPartyIpManager:480 - Condition 'CM4 IAR Condition' not fulfilled in pack 'STMicroelectronics.X-CUBE-AZRTOS-G4.2.0.0'
2026-02-20 18:52:49,223 [WARN] ThirdPartyIpManager:480 - Condition 'CM4 IAR Condition' not fulfilled in pack 'STMicroelectronics.X-CUBE-AZRTOS-G4.2.0.0'
2026-02-20 18:52:49,223 [WARN] ThirdPartyIpManager:480 - Condition 'CM4 IAR Condition' not fulfilled in pack 'STMicroelectronics.X-CUBE-AZRTOS-G4.2.0.0'
2026-02-20 18:52:49,223 [WARN] ThirdPartyIpManager:480 - Condition 'CM4 IAR Condition' not fulfilled in pack 'STMicroelectronics.X-CUBE-AZRTOS-G4.2.0.0'
2026-02-20 18:52:49,223 [WARN] ThirdPartyIpManager:480 - Condition 'CM4 IAR Condition' not fulfilled in pack 'STMicroelectronics.X-CUBE-AZRTOS-G4.2.0.0'
2026-02-20 18:52:49,223 [WARN] ThirdPartyIpManager:480 - Condition 'CM4 IAR Condition' not fulfilled in pack 'STMicroelectronics.X-CUBE-AZRTOS-G4.2.0.0'
2026-02-20 18:52:49,223 [WARN] ThirdPartyIpManager:480 - Condition 'CM4 IAR Condition' not fulfilled in pack 'STMicroelectronics.X-CUBE-AZRTOS-G4.2.0.0'
2026-02-20 18:52:49,223 [WARN] ThirdPartyIpManager:480 - Condition 'CM4 ARMC6 Condition' not fulfilled in pack 'STMicroelectronics.X-CUBE-AZRTOS-G4.2.0.0'
2026-02-20 18:52:49,223 [WARN] ThirdPartyIpManager:480 - Condition 'CM4 ARMC6 Condition' not fulfilled in pack 'STMicroelectronics.X-CUBE-AZRTOS-G4.2.0.0'
2026-02-20 18:52:49,223 [WARN] ThirdPartyIpManager:480 - Condition 'CM4 ARMC6 Condition' not fulfilled in pack 'STMicroelectronics.X-CUBE-AZRTOS-G4.2.0.0'
2026-02-20 18:52:49,223 [WARN] ThirdPartyIpManager:480 - Condition 'CM4 ARMC6 Condition' not fulfilled in pack 'STMicroelectronics.X-CUBE-AZRTOS-G4.2.0.0'
2026-02-20 18:52:49,223 [WARN] ThirdPartyIpManager:480 - Condition 'CM4 ARMC6 Condition' not fulfilled in pack 'STMicroelectronics.X-CUBE-AZRTOS-G4.2.0.0'
2026-02-20 18:52:49,223 [WARN] ThirdPartyIpManager:480 - Condition 'CM4 ARMC6 Condition' not fulfilled in pack 'STMicroelectronics.X-CUBE-AZRTOS-G4.2.0.0'
2026-02-20 18:52:49,223 [WARN] ThirdPartyIpManager:480 - Condition 'CM4 ARMC6 Condition' not fulfilled in pack 'STMicroelectronics.X-CUBE-AZRTOS-G4.2.0.0'
2026-02-20 18:52:49,223 [WARN] ThirdPartyIpManager:480 - Condition 'CM4 ARMC6 Condition' not fulfilled in pack 'STMicroelectronics.X-CUBE-AZRTOS-G4.2.0.0'
2026-02-20 18:52:49,223 [WARN] ThirdPartyIpManager:480 - Condition 'CM4 ARMC6 Condition' not fulfilled in pack 'STMicroelectronics.X-CUBE-AZRTOS-G4.2.0.0'
2026-02-20 18:52:49,226 [WARN] ThirdPartyIpManager:480 - Condition 'CM4 ARMC6 Condition' not fulfilled in pack 'STMicroelectronics.X-CUBE-AZRTOS-G4.2.0.0'
2026-02-20 18:52:49,577 [INFO] ProjectBuilder:9437 - Time for Copy ThirdParty[1] : 350mS.
2026-02-20 18:52:49,588 [INFO] ProjectBuilder:5216 - Project Generator version: 4.7.0-B52
2026-02-20 18:52:49,693 [INFO] ConfigFileManager:1595 - The Die is : DIE469
2026-02-20 18:52:49,713 [INFO] ApiDbMcu:532 - Load IP Config File for FATFS
2026-02-20 18:52:49,738 [INFO] ApiDbMcu:532 - Load IP Config File for FREERTOS
2026-02-20 18:52:49,754 [INFO] ApiDbMcu:532 - Load IP Config File for USBPD
2026-02-20 18:52:49,783 [INFO] ApiDbMcu:532 - Load IP Config File for USB_DEVICE
