2025-12-14 11:32:38,862 [INFO] Activator:176 - 


2025-12-14 11:32:38,867 [INFO] Activator:177 - !SESSION log4j initialized
2025-12-14 11:32:46,622 [INFO] LogOutputStream:77 - [STDOUT_REDIRECT] 
2025-12-14 11:32:49,216 [INFO] ApplicationProperties:184 - Using Application install path: D:\Programy\STM32CubeIDE_1.19.0\STM32CubeIDE\plugins\com.st.stm32cube.common.mx_6.15.0.202507011659
2025-12-14 11:32:49,236 [INFO] DbMcusXml:78 - Set database path to: D:\Programy\STM32CubeIDE_1.19.0\STM32CubeIDE\plugins\com.st.stm32cube.common.mx_6.15.0.202507011659\\db\/mcu/
2025-12-14 11:32:49,236 [INFO] ApiDb:274 - Set plugin database path to: D:\Programy\STM32CubeIDE_1.19.0\STM32CubeIDE\plugins\com.st.stm32cube.common.mx_6.15.0.202507011659\\db\/plugins/boardmanager/
2025-12-14 11:32:49,236 [WARN] ApiDb:259 - Overriding images path with different value:  => D:\Programy\STM32CubeIDE_1.19.0\STM32CubeIDE\plugins\com.st.stm32cube.common.mx_6.15.0.202507011659\\db\/plugins/mcufinder/images/
2025-12-14 11:32:49,246 [INFO] ApiDb:250 - Set database path to: C:\Users\kujon\.stmcufinder\plugins\mcufinder//mcu/
2025-12-14 11:32:49,247 [INFO] DbMcusAds:125 - Set database path to: C:\Users\kujon\.stmcufinder\plugins\mcufinder//mcu/
2025-12-14 11:32:49,250 [INFO] CrossReferenceDbSqlite:203 - Set database path to: C:\Users\kujon\.stmcufinder\plugins\mcufinder//mcu/cs/
2025-12-14 11:32:49,372 [INFO] RulesReader:64 - Compatibility file has been processed (317 Rules)
2025-12-14 11:32:49,460 [INFO] DbMcusXml:78 - Set database path to: D:\Programy\STM32CubeIDE_1.19.0\STM32CubeIDE\plugins\com.st.stm32cube.common.mx_6.15.0.202507011659\\db\/mcu/
2025-12-14 11:32:49,460 [INFO] ApiDb:274 - Set plugin database path to: D:\Programy\STM32CubeIDE_1.19.0\STM32CubeIDE\plugins\com.st.stm32cube.common.mx_6.15.0.202507011659\\db\/plugins/boardmanager/
2025-12-14 11:32:49,460 [INFO] ApiDb:261 - Set plugin images path to: D:\Programy\STM32CubeIDE_1.19.0\STM32CubeIDE\plugins\com.st.stm32cube.common.mx_6.15.0.202507011659\\db\/plugins/mcufinder/images/
2025-12-14 11:32:49,461 [WARN] DbFile:41 - Overriding database path with different value: C:\Users\kujon\.stmcufinder\plugins\mcufinder/ => C:\Users\kujon\.stmcufinder\plugins\mcufinder
2025-12-14 11:32:49,461 [INFO] ApiDb:250 - Set database path to: C:\Users\kujon\.stmcufinder\plugins\mcufinder//mcu/
2025-12-14 11:32:49,461 [WARN] DbFile:41 - Overriding database path with different value: C:\Users\kujon\.stmcufinder\plugins\mcufinder/ => C:\Users\kujon\.stmcufinder\plugins\mcufinder
2025-12-14 11:32:49,461 [INFO] DbMcusAds:125 - Set database path to: C:\Users\kujon\.stmcufinder\plugins\mcufinder//mcu/
2025-12-14 11:32:49,461 [WARN] DbFile:41 - Overriding database path with different value: C:\Users\kujon\.stmcufinder\plugins\mcufinder/ => C:\Users\kujon\.stmcufinder\plugins\mcufinder
2025-12-14 11:32:49,461 [WARN] DbFile:41 - Overriding database path with different value: C:\Users\kujon\.stmcufinder\plugins\mcufinder/ => C:\Users\kujon\.stmcufinder\plugins\mcufinder
2025-12-14 11:32:49,461 [INFO] CrossReferenceDbSqlite:203 - Set database path to: C:\Users\kujon\.stmcufinder\plugins\mcufinder//mcu/cs/
2025-12-14 11:32:49,545 [INFO] MainPanel:274 - HeapMemory: 268435456
2025-12-14 11:32:49,666 [INFO] DbMcusXml:78 - Set database path to: D:\Programy\STM32CubeIDE_1.19.0\STM32CubeIDE\plugins\com.st.stm32cube.common.mx_6.15.0.202507011659\\db\/mcu/
2025-12-14 11:32:49,666 [INFO] ApiDb:274 - Set plugin database path to: D:\Programy\STM32CubeIDE_1.19.0\STM32CubeIDE\plugins\com.st.stm32cube.common.mx_6.15.0.202507011659\\db\/plugins/boardmanager/
2025-12-14 11:32:49,666 [INFO] ApiDb:261 - Set plugin images path to: D:\Programy\STM32CubeIDE_1.19.0\STM32CubeIDE\plugins\com.st.stm32cube.common.mx_6.15.0.202507011659\\db\/plugins/mcufinder/images/
2025-12-14 11:32:49,666 [WARN] DbFile:41 - Overriding database path with different value: C:\Users\kujon\.stmcufinder\plugins\mcufinder/ => C:\Users\kujon\.stmcufinder\plugins\mcufinder
2025-12-14 11:32:49,666 [INFO] ApiDb:250 - Set database path to: C:\Users\kujon\.stmcufinder\plugins\mcufinder//mcu/
2025-12-14 11:32:49,666 [WARN] DbFile:41 - Overriding database path with different value: C:\Users\kujon\.stmcufinder\plugins\mcufinder/ => C:\Users\kujon\.stmcufinder\plugins\mcufinder
2025-12-14 11:32:49,666 [INFO] DbMcusAds:125 - Set database path to: C:\Users\kujon\.stmcufinder\plugins\mcufinder//mcu/
2025-12-14 11:32:49,666 [WARN] DbFile:41 - Overriding database path with different value: C:\Users\kujon\.stmcufinder\plugins\mcufinder/ => C:\Users\kujon\.stmcufinder\plugins\mcufinder
2025-12-14 11:32:49,667 [WARN] DbFile:41 - Overriding database path with different value: C:\Users\kujon\.stmcufinder\plugins\mcufinder/ => C:\Users\kujon\.stmcufinder\plugins\mcufinder
2025-12-14 11:32:49,667 [INFO] CrossReferenceDbSqlite:203 - Set database path to: C:\Users\kujon\.stmcufinder\plugins\mcufinder//mcu/cs/
2025-12-14 11:32:49,686 [INFO] ApplicationProperties:184 - Using Application install path: D:\Programy\STM32CubeIDE_1.19.0\STM32CubeIDE\plugins\com.st.stm32cube.common.mx_6.15.0.202507011659
2025-12-14 11:32:49,688 [INFO] PluginManage:196 - Search for loadable plugins [exclusion list=, ]
2025-12-14 11:32:49,688 [INFO] PluginManage:310 - Check plugin analytics
2025-12-14 11:32:49,893 [INFO] AnalyticsPlugin:253 - Accepted Software Licenses: 
2025-12-14 11:32:49,895 [INFO] AnalyticsPlugin:255 - Accepted CMSIS Pack Licenses: 
2025-12-14 11:32:49,895 [INFO] AnalyticsPlugin:257 - Accepted Firmware Licenses: 
2025-12-14 11:32:49,897 [INFO] PluginManage:359 - Loaded plugin analytics (category:tool,tabindex:-1)
2025-12-14 11:32:49,897 [INFO] PluginManage:310 - Check plugin cadmodel
2025-12-14 11:32:49,920 [INFO] CADModel:105 - Init CAD model plugin
2025-12-14 11:32:49,920 [INFO] PluginManage:359 - Loaded plugin cadmodel (category:power,tabindex:5)
2025-12-14 11:32:49,920 [INFO] PluginManage:310 - Check plugin clock
2025-12-14 11:32:49,946 [INFO] PluginManage:359 - Loaded plugin clock (category:base,tabindex:2)
2025-12-14 11:32:49,946 [INFO] PluginManage:310 - Check plugin ddr
2025-12-14 11:32:49,948 [INFO] PluginManage:359 - Loaded plugin ddr (category:tool,tabindex:6)
2025-12-14 11:32:49,949 [INFO] PluginManage:310 - Check plugin filemanager
2025-12-14 11:32:50,107 [INFO] PluginManage:359 - Loaded plugin filemanager (category:base,tabindex:10)
2025-12-14 11:32:50,107 [INFO] PluginManage:310 - Check plugin ipmanager
2025-12-14 11:32:50,114 [INFO] PluginManage:359 - Loaded plugin ipmanager (category:base,tabindex:5)
2025-12-14 11:32:50,114 [INFO] PluginManage:310 - Check plugin lpbam
2025-12-14 11:32:50,136 [INFO] PluginManage:359 - Loaded plugin lpbam (category:base,tabindex:0)
2025-12-14 11:32:50,137 [INFO] PluginManage:310 - Check plugin memorymap
2025-12-14 11:32:50,167 [INFO] PluginManage:359 - Loaded plugin memorymap (category:base,tabindex:4)
2025-12-14 11:32:50,168 [INFO] PluginManage:310 - Check plugin pinoutandconfiguration
2025-12-14 11:32:50,190 [INFO] PluginManage:359 - Loaded plugin pinoutandconfiguration (category:base,tabindex:1)
2025-12-14 11:32:50,191 [INFO] PluginManage:310 - Check plugin pinoutconfig
2025-12-14 11:32:50,295 [WARN] SupportedApi:132 - Cannot load RTOS API schema: s4s-elt-must-match.1: The content of 'definitions' must match (annotation?, (simpleType | complexType)?, (unique | key | keyref)*)). A problem was found starting at: attribute.
2025-12-14 11:32:50,435 [INFO] PluginManage:359 - Loaded plugin pinoutconfig (category:base,tabindex:0)
2025-12-14 11:32:50,435 [INFO] PluginManage:310 - Check plugin power
2025-12-14 11:32:50,463 [INFO] PluginManage:359 - Loaded plugin power (category:power,tabindex:4)
2025-12-14 11:32:50,463 [INFO] PluginManage:310 - Check plugin projectmanager
2025-12-14 11:32:50,481 [INFO] PluginManage:359 - Loaded plugin projectmanager (category:projectmanager,tabindex:4)
2025-12-14 11:32:50,481 [INFO] PluginManage:310 - Check plugin rif
2025-12-14 11:32:50,509 [INFO] PluginManage:359 - Loaded plugin rif (category:base,tabindex:3)
2025-12-14 11:32:50,509 [INFO] PluginManage:310 - Check plugin thirdparty
2025-12-14 11:32:50,877 [INFO] PluginManage:359 - Loaded plugin thirdparty (category:base,tabindex:-1)
2025-12-14 11:32:50,878 [INFO] PluginManage:310 - Check plugin tools
2025-12-14 11:32:50,878 [WARN] IntegrityCheckThread:84 - waiting for thirdparty lock release [integrity check]
2025-12-14 11:32:50,878 [INFO] IntegrityCheckThread:86 - entering critical section [integrity check]
2025-12-14 11:32:50,878 [INFO] ThirdPartyUpdaterWithRetryManager:70 - Updater plugin not ready yet. [1/15]
2025-12-14 11:32:50,932 [INFO] PluginManage:359 - Loaded plugin tools (category:base,tabindex:7)
2025-12-14 11:32:50,933 [INFO] PluginManage:310 - Check plugin tutovideos
2025-12-14 11:32:51,161 [INFO] PluginManage:359 - Loaded plugin tutovideos (category:base,tabindex:-1)
2025-12-14 11:32:51,161 [INFO] PluginManage:310 - Check plugin updater
2025-12-14 11:32:51,183 [INFO] PluginManage:359 - Loaded plugin updater (category:base,tabindex:12)
2025-12-14 11:32:51,183 [INFO] PluginManage:310 - Check plugin userauth
2025-12-14 11:32:51,189 [INFO] UserAuth:118 - Init User Auth plugin
2025-12-14 11:32:51,189 [INFO] PluginManage:359 - Loaded plugin userauth (category:base,tabindex:14)
2025-12-14 11:32:51,190 [INFO] PluginManage:283 - PluginManage : Loaded plugins [18]
2025-12-14 11:32:51,417 [INFO] PinOutPanel:1589 - setPackage(No Configuration,No Configuration)
2025-12-14 11:32:51,512 [INFO] CADModel:165 - CPN selected for project level
2025-12-14 11:32:51,513 [INFO] CADModel:114 - Register for checkConnection events
2025-12-14 11:32:51,548 [INFO] IPUIPlugin:80 - create IPUIPlugin
2025-12-14 11:32:51,548 [INFO] PluginManager:220 - loadIPPluginJar : add adc
2025-12-14 11:32:51,603 [INFO] IPUIPlugin:80 - create IPUIPlugin
2025-12-14 11:32:51,604 [INFO] PluginManager:220 - loadIPPluginJar : add aes
2025-12-14 11:32:51,662 [INFO] IPUIPlugin:80 - create IPUIPlugin
2025-12-14 11:32:51,663 [INFO] PluginManager:220 - loadIPPluginJar : add can
2025-12-14 11:32:51,700 [INFO] IPUIPlugin:80 - create IPUIPlugin
2025-12-14 11:32:51,700 [INFO] PluginManager:220 - loadIPPluginJar : add comp
2025-12-14 11:32:51,748 [INFO] IPUIPlugin:80 - create IPUIPlugin
2025-12-14 11:32:51,748 [INFO] PluginManager:220 - loadIPPluginJar : add cryp
2025-12-14 11:32:51,767 [INFO] IPUIPlugin:80 - create IPUIPlugin
2025-12-14 11:32:51,767 [INFO] PluginManager:220 - loadIPPluginJar : add ddr_ctrl_phy
2025-12-14 11:32:51,812 [INFO] IPUIPlugin:80 - create IPUIPlugin
2025-12-14 11:32:51,812 [INFO] PluginManager:220 - loadIPPluginJar : add dfsdm
2025-12-14 11:32:51,830 [INFO] IPUIPlugin:80 - create IPUIPlugin
2025-12-14 11:32:51,831 [INFO] PluginManager:220 - loadIPPluginJar : add dma
2025-12-14 11:32:51,889 [INFO] IPUIPlugin:80 - create IPUIPlugin
2025-12-14 11:32:51,889 [INFO] PluginManager:220 - loadIPPluginJar : add dma3
2025-12-14 11:32:51,951 [INFO] IPUIPlugin:80 - create IPUIPlugin
2025-12-14 11:32:51,951 [INFO] PluginManager:220 - loadIPPluginJar : add extmemmanager
2025-12-14 11:32:51,984 [INFO] IPUIPlugin:80 - create IPUIPlugin
2025-12-14 11:32:51,984 [INFO] PluginManager:220 - loadIPPluginJar : add fatfs
2025-12-14 11:32:52,048 [INFO] IPUIPlugin:80 - create IPUIPlugin
2025-12-14 11:32:52,048 [INFO] PluginManager:220 - loadIPPluginJar : add fmc
2025-12-14 11:32:52,068 [INFO] IPUIPlugin:80 - create IPUIPlugin
2025-12-14 11:32:52,069 [INFO] PluginManager:220 - loadIPPluginJar : add freertos
2025-12-14 11:32:52,100 [INFO] IPUIPlugin:80 - create IPUIPlugin
2025-12-14 11:32:52,100 [INFO] PluginManager:220 - loadIPPluginJar : add genericplugin
2025-12-14 11:32:52,235 [INFO] IPUIPlugin:80 - create IPUIPlugin
2025-12-14 11:32:52,235 [INFO] PluginManager:220 - loadIPPluginJar : add gfxmmu
2025-12-14 11:32:52,426 [INFO] IPUIPlugin:80 - create IPUIPlugin
2025-12-14 11:32:52,426 [INFO] PluginManager:220 - loadIPPluginJar : add gic
2025-12-14 11:32:52,443 [INFO] IPUIPlugin:80 - create IPUIPlugin
2025-12-14 11:32:52,443 [INFO] PluginManager:220 - loadIPPluginJar : add gpio
2025-12-14 11:32:52,569 [INFO] IPUIPlugin:80 - create IPUIPlugin
2025-12-14 11:32:52,569 [INFO] PluginManager:220 - loadIPPluginJar : add gtzc
2025-12-14 11:32:52,616 [INFO] IPUIPlugin:80 - create IPUIPlugin
2025-12-14 11:32:52,616 [INFO] PluginManager:220 - loadIPPluginJar : add hash
2025-12-14 11:32:52,691 [INFO] IPUIPlugin:80 - create IPUIPlugin
2025-12-14 11:32:52,691 [INFO] PluginManager:220 - loadIPPluginJar : add i2c
2025-12-14 11:32:52,756 [INFO] IPUIPlugin:80 - create IPUIPlugin
2025-12-14 11:32:52,756 [INFO] PluginManager:220 - loadIPPluginJar : add i2s
2025-12-14 11:32:52,819 [INFO] IPUIPlugin:80 - create IPUIPlugin
2025-12-14 11:32:52,819 [INFO] PluginManager:220 - loadIPPluginJar : add i3c
2025-12-14 11:32:52,975 [INFO] IPUIPlugin:80 - create IPUIPlugin
2025-12-14 11:32:52,975 [INFO] PluginManager:220 - loadIPPluginJar : add ipddr
2025-12-14 11:32:53,110 [INFO] IPUIPlugin:80 - create IPUIPlugin
2025-12-14 11:32:53,110 [INFO] PluginManager:220 - loadIPPluginJar : add linkedlist
2025-12-14 11:32:53,163 [INFO] IPUIPlugin:80 - create IPUIPlugin
2025-12-14 11:32:53,163 [INFO] PluginManager:220 - loadIPPluginJar : add lorawan
2025-12-14 11:32:53,217 [INFO] IPUIPlugin:80 - create IPUIPlugin
2025-12-14 11:32:53,217 [INFO] PluginManager:220 - loadIPPluginJar : add ltdc
2025-12-14 11:32:53,236 [INFO] IPUIPlugin:80 - create IPUIPlugin
2025-12-14 11:32:53,236 [INFO] PluginManager:220 - loadIPPluginJar : add mdma
2025-12-14 11:32:53,253 [INFO] IPUIPlugin:80 - create IPUIPlugin
2025-12-14 11:32:53,253 [INFO] PluginManager:220 - loadIPPluginJar : add nvic
2025-12-14 11:32:53,313 [INFO] IPUIPlugin:80 - create IPUIPlugin
2025-12-14 11:32:53,313 [INFO] PluginManager:220 - loadIPPluginJar : add opamp
2025-12-14 11:32:53,404 [INFO] IPUIPlugin:80 - create IPUIPlugin
2025-12-14 11:32:53,404 [INFO] PluginManager:220 - loadIPPluginJar : add openamp
2025-12-14 11:32:53,467 [INFO] IPUIPlugin:80 - create IPUIPlugin
2025-12-14 11:32:53,467 [INFO] PluginManager:220 - loadIPPluginJar : add pdm2pcm
2025-12-14 11:32:53,486 [INFO] IPUIPlugin:80 - create IPUIPlugin
2025-12-14 11:32:53,490 [INFO] PluginManager:220 - loadIPPluginJar : add plateformsettings
2025-12-14 11:32:53,528 [INFO] IPUIPlugin:80 - create IPUIPlugin
2025-12-14 11:32:53,529 [INFO] PluginManager:220 - loadIPPluginJar : add quadspi
2025-12-14 11:32:53,569 [INFO] IPUIPlugin:80 - create IPUIPlugin
2025-12-14 11:32:53,569 [INFO] PluginManager:220 - loadIPPluginJar : add radio
2025-12-14 11:32:53,587 [INFO] IPUIPlugin:80 - create IPUIPlugin
2025-12-14 11:32:53,587 [INFO] PluginManager:220 - loadIPPluginJar : add resmgrutility
2025-12-14 11:32:53,652 [INFO] IPUIPlugin:80 - create IPUIPlugin
2025-12-14 11:32:53,652 [INFO] PluginManager:220 - loadIPPluginJar : add sai
2025-12-14 11:32:53,705 [INFO] IPUIPlugin:80 - create IPUIPlugin
2025-12-14 11:32:53,705 [INFO] PluginManager:220 - loadIPPluginJar : add spi
2025-12-14 11:32:53,807 [INFO] IPUIPlugin:80 - create IPUIPlugin
2025-12-14 11:32:53,808 [INFO] PluginManager:220 - loadIPPluginJar : add stm32_wpan
2025-12-14 11:32:53,843 [INFO] IPUIPlugin:80 - create IPUIPlugin
2025-12-14 11:32:53,844 [INFO] PluginManager:220 - loadIPPluginJar : add tim
2025-12-14 11:32:53,880 [INFO] ThirdPartyUpdaterWithRetryManager:70 - Updater plugin not ready yet. [2/15]
2025-12-14 11:32:53,925 [INFO] IPUIPlugin:80 - create IPUIPlugin
2025-12-14 11:32:53,926 [INFO] PluginManager:220 - loadIPPluginJar : add touchsensing
2025-12-14 11:32:53,959 [INFO] IPUIPlugin:80 - create IPUIPlugin
2025-12-14 11:32:53,959 [INFO] PluginManager:220 - loadIPPluginJar : add tracer_emb
2025-12-14 11:32:53,994 [INFO] IPUIPlugin:80 - create IPUIPlugin
2025-12-14 11:32:53,995 [INFO] PluginManager:220 - loadIPPluginJar : add ts
2025-12-14 11:32:54,028 [INFO] IPUIPlugin:80 - create IPUIPlugin
2025-12-14 11:32:54,028 [INFO] PluginManager:220 - loadIPPluginJar : add tsc
2025-12-14 11:32:54,060 [INFO] IPUIPlugin:80 - create IPUIPlugin
2025-12-14 11:32:54,060 [INFO] PluginManager:220 - loadIPPluginJar : add ucpd
2025-12-14 11:32:54,123 [INFO] IPUIPlugin:80 - create IPUIPlugin
2025-12-14 11:32:54,123 [INFO] PluginManager:220 - loadIPPluginJar : add usart
2025-12-14 11:32:54,183 [INFO] IPUIPlugin:80 - create IPUIPlugin
2025-12-14 11:32:54,183 [INFO] PluginManager:220 - loadIPPluginJar : add usbx
2025-12-14 11:32:54,316 [FATAL] Updater:351 - Updater called before beeing initialized
2025-12-14 11:32:54,343 [INFO] RulesReader:64 - Compatibility file has been processed (317 Rules)
2025-12-14 11:32:54,354 [INFO] RulesReader:64 - Compatibility file has been processed (317 Rules)
2025-12-14 11:32:54,364 [INFO] CADModel:165 - CPN selected for project level
2025-12-14 11:32:54,364 [INFO] CADModel:114 - Register for checkConnection events
2025-12-14 11:32:54,364 [FATAL] Updater:351 - Updater called before beeing initialized
2025-12-14 11:32:54,364 [ERROR] CADModel:125 - Updater not yet initialized, retry later 
2025-12-14 11:32:54,515 [FATAL] Updater:351 - Updater called before beeing initialized
2025-12-14 11:32:54,517 [INFO] CADModel:165 - CPN selected for project level
2025-12-14 11:32:54,517 [INFO] CADModel:114 - Register for checkConnection events
2025-12-14 11:32:54,517 [FATAL] Updater:351 - Updater called before beeing initialized
2025-12-14 11:32:54,517 [ERROR] CADModel:125 - Updater not yet initialized, retry later 
2025-12-14 11:32:54,520 [FATAL] Updater:351 - Updater called before beeing initialized
2025-12-14 11:32:54,667 [FATAL] Updater:351 - Updater called before beeing initialized
2025-12-14 11:32:54,685 [INFO] DbMcusAds:53 - JSON generation date=Thu Oct 02 11:36:05 CEST 2025 (1759397765645)
2025-12-14 11:32:54,685 [FATAL] Updater:351 - Updater called before beeing initialized
2025-12-14 11:32:54,785 [WARN] DetailPanel:346 - Failed to get advertising image, set to default
2025-12-14 11:32:54,907 [FATAL] Updater:351 - Updater called before beeing initialized
2025-12-14 11:32:54,909 [FATAL] Updater:351 - Updater called before beeing initialized
2025-12-14 11:32:54,910 [FATAL] Updater:351 - Updater called before beeing initialized
2025-12-14 11:32:54,910 [WARN] DetailPanel:346 - Failed to get advertising image, set to default
2025-12-14 11:32:54,911 [FATAL] Updater:351 - Updater called before beeing initialized
2025-12-14 11:32:54,977 [ERROR] Updater:1198 - MainUpdater not yet initialized. External WinMGr cannot be set.
2025-12-14 11:32:54,990 [INFO] Updater:1134 - Updater Version found : 6.15.0
2025-12-14 11:32:55,007 [INFO] ApplicationProperties:184 - Using Application install path: D:\Programy\STM32CubeIDE_1.19.0\STM32CubeIDE\plugins\com.st.stm32cube.common.mx_6.15.0.202507011659
2025-12-14 11:32:56,589 [ERROR] LogOutputStream:75 - [STDERR_REDIRECT] Dec 14, 2025 11:32:56 AM java.util.prefs.WindowsPreferences <init>
2025-12-14 11:32:56,590 [ERROR] LogOutputStream:75 - [STDERR_REDIRECT] WARNING: Could not open/create prefs root node Software\JavaSoft\Prefs at root 0xffffffff80000002. Windows RegCreateKeyEx(...) returned error code 5.
2025-12-14 11:32:56,590 [ERROR] LogOutputStream:75 - [STDERR_REDIRECT] 
2025-12-14 11:32:56,881 [INFO] ThirdPartyUpdaterWithRetryManager:70 - Updater plugin not ready yet. [3/15]
2025-12-14 11:32:56,945 [INFO] MainUpdater:2872 - connection check result : 10
2025-12-14 11:32:56,945 [INFO] MainUpdater:3604 - Updater definition file requires update
2025-12-14 11:32:56,946 [INFO] MainUpdater:289 - Updater Check For Update Now.
2025-12-14 11:32:56,947 [INFO] MicroXplorer:498 - Change Database Version : DB.6.0.150
2025-12-14 11:32:56,968 [INFO] McuFinderGlobals:63 - Set McuFinder mode to 2 (CubeIDE integrated)
2025-12-14 11:32:56,976 [INFO] UserAuth:487 - Internet connection configuration mode: 1
2025-12-14 11:32:57,015 [INFO] JxBrowserEngine:152 - Initiate JxBrowser Engine with user profile folder
2025-12-14 11:32:57,070 [INFO] ServerAccessManage:452 - Complete download http(s) 200
2025-12-14 11:32:57,071 [INFO] ServerAccessManage:509 - Download File updaters.zip
2025-12-14 11:32:57,176 [INFO] FileExtend:248 - Unzip File : updaters.zip
2025-12-14 11:32:57,176 [INFO] FileExtend:263 - Standard Zip Deflate
2025-12-14 11:32:58,568 [INFO] ServerAccessManage:452 - Complete download http(s) 200
2025-12-14 11:32:58,568 [INFO] ServerAccessManage:509 - Download File PacksControlFlags.xml
2025-12-14 11:32:58,759 [INFO] ServerAccessManage:452 - Complete download http(s) 200
2025-12-14 11:32:58,759 [INFO] ServerAccessManage:509 - Download File cubemx.pidx
2025-12-14 11:32:59,153 [INFO] LoadServerUpdatesThread:375 - End of LoadServerUpdate Thread
2025-12-14 11:32:59,360 [INFO] CheckServerUpdateThread:120 - End of CheckServer Thread
2025-12-14 11:32:59,658 [INFO] WebApp:169 - Instantiating new browser for Auth
2025-12-14 11:33:00,256 [WARN] PackLoader:240 - Cannot read IP mode file for STMicroelectronics.FP-SNS-MOTENVWB1.1.4.0
2025-12-14 11:33:00,281 [WARN] PackLoader:240 - Cannot read IP mode file for STMicroelectronics.FP-ATR-ASTRA1.2.0.2
2025-12-14 11:33:00,305 [WARN] PackLoader:240 - Cannot read IP mode file for STMicroelectronics.X-CUBE-SMBUS.2.1.0
2025-12-14 11:33:00,328 [WARN] PackLoader:240 - Cannot read IP mode file for STMicroelectronics.X-CUBE-ST60.1.0.0
2025-12-14 11:33:00,377 [WARN] PackLoader:240 - Cannot read IP mode file for STMicroelectronics.X-CUBE-AZRTOS-F7.1.1.0
2025-12-14 11:33:00,421 [WARN] PackLoader:240 - Cannot read IP mode file for STMicroelectronics.X-CUBE-BLE1.6.2.4
2025-12-14 11:33:00,458 [WARN] PackLoader:240 - Cannot read IP mode file for STMicroelectronics.FP-SNS-MOTENV1.5.1.0
2025-12-14 11:33:00,511 [WARN] PackLoader:240 - Cannot read IP mode file for WES.I-CUBE-Cesium.1.4.0
2025-12-14 11:33:00,565 [WARN] PackLoader:240 - Cannot read IP mode file for Infineon.AIROC-Wi-Fi-Bluetooth-STM32.1.7.1
2025-12-14 11:33:00,619 [INFO] WebApp:463 - Apply proxy settings
2025-12-14 11:33:00,620 [INFO] WebApp:548 - Chromium requires no authentication
2025-12-14 11:33:00,639 [INFO] WebApp:491 - Direct internet connection detected
2025-12-14 11:33:00,643 [WARN] PackLoader:240 - Cannot read IP mode file for STMicroelectronics.X-CUBE-AZRTOS-H7.3.4.0
2025-12-14 11:33:00,701 [WARN] PackLoader:240 - Cannot read IP mode file for STMicroelectronics.X-CUBE-DISPLAY.3.0.0
2025-12-14 11:33:00,704 [INFO] WebApp:900 - Register for checkConnection events
2025-12-14 11:33:00,705 [INFO] WebApp:463 - Apply proxy settings
2025-12-14 11:33:00,705 [INFO] WebApp:548 - Chromium requires no authentication
2025-12-14 11:33:00,706 [INFO] WebApp:491 - Direct internet connection detected
2025-12-14 11:33:00,736 [WARN] PackLoader:240 - Cannot read IP mode file for STMicroelectronics.X-CUBE-NFC10.1.0.0
2025-12-14 11:33:00,759 [WARN] PackLoader:240 - Cannot read IP mode file for STMicroelectronics.X-CUBE-ST60.1.1.0
2025-12-14 11:33:00,783 [WARN] PackLoader:240 - Cannot read IP mode file for emotas.I-CUBE-CANOPEN.1.3.0
2025-12-14 11:33:00,803 [WARN] PackLoader:240 - Cannot read IP mode file for STMicroelectronics.X-CUBE-GNSS1.7.1.0
2025-12-14 11:33:00,825 [WARN] PackLoader:240 - Cannot read IP mode file for STMicroelectronics.FP-SNS-STBOX1.2.1.0
2025-12-14 11:33:00,856 [WARN] PackLoader:240 - Cannot read IP mode file for STMicroelectronics.FP-SNS-SMARTAG2.1.2.0
2025-12-14 11:33:00,882 [INFO] WebApp:191 - Connection restablished
2025-12-14 11:33:00,892 [WARN] PackLoader:240 - Cannot read IP mode file for STMicroelectronics.FP-SNS-FLIGHT1.5.1.0
2025-12-14 11:33:00,930 [INFO] LogOutputStream:77 - [STDOUT_REDIRECT] 1 : Invalid condition id : UX_CORESTACK_Condition cause : null
2025-12-14 11:33:00,932 [INFO] LogOutputStream:77 - [STDOUT_REDIRECT] 1 : Invalid condition id : UX_CORESTACK_Condition cause : null
2025-12-14 11:33:00,933 [INFO] LogOutputStream:77 - [STDOUT_REDIRECT] 1 : Invalid condition id : UX_CORESTACK_Condition cause : null
2025-12-14 11:33:00,935 [INFO] LogOutputStream:77 - [STDOUT_REDIRECT] 1 : Invalid condition id : UX_CORESTACK_Condition cause : null
2025-12-14 11:33:00,937 [INFO] LogOutputStream:77 - [STDOUT_REDIRECT] 1 : Invalid condition id : UX_CORESTACK_Condition cause : null
2025-12-14 11:33:00,942 [WARN] PackLoader:240 - Cannot read IP mode file for STMicroelectronics.X-CUBE-AZRTOS-WL.2.0.0
2025-12-14 11:33:00,977 [WARN] PackLoader:240 - Cannot read IP mode file for STMicroelectronics.FP-SNS-MOTENV1.5.0.0
2025-12-14 11:33:01,062 [WARN] PackLoader:240 - Cannot read IP mode file for STMicroelectronics.X-CUBE-AZRTOS-H7RS.1.2.0
2025-12-14 11:33:01,093 [INFO] WebApp:225 - Starting web application
2025-12-14 11:33:01,094 [INFO] WebApp:593 - Web application path used D:\Programy\STM32CubeIDE_1.19.0\STM32CubeIDE\plugins\com.st.stm32cube.common.mx_6.15.0.202507011659\db\plugins\mcufinder\reactClient1\index.html
2025-12-14 11:33:01,103 [WARN] PackLoader:240 - Cannot read IP mode file for STMicroelectronics.X-CUBE-BLE2.3.3.0
2025-12-14 11:33:01,397 [WARN] PackLoader:240 - Cannot read IP mode file for STMicroelectronics.X-CUBE-TOF1.3.2.0
2025-12-14 11:33:01,466 [INFO] UserAuth:487 - Internet connection configuration mode: 1
2025-12-14 11:33:01,479 [WARN] PackLoader:240 - Cannot read IP mode file for STMicroelectronics.X-CUBE-NFC9.1.0.0
2025-12-14 11:33:01,521 [WARN] PackLoader:240 - Cannot read IP mode file for wolfSSL.I-CUBE-wolfSSL.5.8.2
2025-12-14 11:33:01,567 [WARN] PackLoader:240 - Cannot read IP mode file for STMicroelectronics.X-CUBE-BLE1.7.1.0
2025-12-14 11:33:01,606 [WARN] PackLoader:240 - Cannot read IP mode file for wolfSSL.I-CUBE-wolfMQTT.1.19.2
2025-12-14 11:33:01,665 [WARN] PackLoader:240 - Cannot read IP mode file for STMicroelectronics.X-CUBE-FREERTOS.1.4.0
2025-12-14 11:33:01,701 [WARN] PackLoader:240 - Cannot read IP mode file for STMicroelectronics.X-CUBE-EEPRMA1.5.2.0
2025-12-14 11:33:01,745 [WARN] PackLoader:240 - Cannot read IP mode file for STMicroelectronics.X-CUBE-TOUCHGFX.4.21.1
2025-12-14 11:33:01,781 [WARN] PackLoader:240 - Cannot read IP mode file for STMicroelectronics.X-CUBE-ST67W61.1.1.0
2025-12-14 11:33:01,855 [WARN] PackLoader:240 - Cannot read IP mode file for STMicroelectronics.X-CUBE-MEMS1.12.0.0
2025-12-14 11:33:01,950 [WARN] PackLoader:240 - Cannot read IP mode file for STMicroelectronics.X-CUBE-ALGOBUILD.1.3.0
2025-12-14 11:33:01,988 [WARN] PackLoader:240 - Cannot read IP mode file for STMicroelectronics.X-CUBE-AZRTOS-G0.1.1.0
2025-12-14 11:33:02,011 [WARN] PackLoader:240 - Cannot read IP mode file for STMicroelectronics.X-CUBE-SAFEA1.1.2.2
2025-12-14 11:33:02,040 [WARN] PackLoader:240 - Cannot read IP mode file for STMicroelectronics.X-CUBE-NFC4.3.0.0
2025-12-14 11:33:02,068 [WARN] PackLoader:240 - Cannot read IP mode file for EmbeddedOffice.I-CUBE-FS-RTOS.1.0.1
2025-12-14 11:33:02,092 [WARN] PackLoader:240 - Cannot read IP mode file for STMicroelectronics.X-CUBE-WB05N.2.0.0
2025-12-14 11:33:02,119 [WARN] PackLoader:240 - Cannot read IP mode file for wolfSSL.I-CUBE-wolfTPM.3.8.0
2025-12-14 11:33:02,145 [WARN] PackLoader:240 - Cannot read IP mode file for STMicroelectronics.X-CUBE-BLEMGR.1.3.0
2025-12-14 11:33:02,169 [WARN] PackLoader:240 - Cannot read IP mode file for STMicroelectronics.X-CUBE-TCPP.4.2.0
2025-12-14 11:33:02,188 [WARN] PackLoader:240 - Cannot read IP mode file for RealThread.X-CUBE-RT-Thread_Nano.4.1.1
2025-12-14 11:33:02,205 [WARN] PackLoader:240 - Cannot read IP mode file for STMicroelectronics.FP-ATR-SIGFOX1.3.2.0
2025-12-14 11:33:02,243 [WARN] PackLoader:240 - Cannot read IP mode file for ITTIA_DB.I-CUBE-ITTIADB.8.9.0
2025-12-14 11:33:02,286 [WARN] PackLoader:240 - Cannot read IP mode file for STMicroelectronics.X-CUBE-MEMS1.9.5.0
2025-12-14 11:33:02,368 [WARN] PackLoader:240 - Cannot read IP mode file for STMicroelectronics.X-CUBE-ST67W61.1.0.0
2025-12-14 11:33:02,388 [WARN] PackLoader:240 - Cannot read IP mode file for STMicroelectronics.X-CUBE-AI.10.2.0
2025-12-14 11:33:02,423 [WARN] PackLoader:240 - Cannot read IP mode file for SEGGER.I-CUBE-embOS.1.3.1
2025-12-14 11:33:02,470 [WARN] PackLoader:240 - Cannot read IP mode file for STMicroelectronics.X-CUBE-ALGOBUILD.1.4.0
2025-12-14 11:33:02,522 [WARN] PackLoader:240 - Cannot read IP mode file for STMicroelectronics.X-CUBE-MEMS1.11.3.0
2025-12-14 11:33:02,634 [WARN] PackLoader:240 - Cannot read IP mode file for STMicroelectronics.X-CUBE-PM33A1.1.0.0
2025-12-14 11:33:02,654 [WARN] PackLoader:240 - Cannot read IP mode file for STMicroelectronics.X-CUBE-GNSS1.6.0.0
2025-12-14 11:33:02,687 [WARN] PackLoader:240 - Cannot read IP mode file for STMicroelectronics.X-CUBE-AZRTOS-F4.1.1.0
2025-12-14 11:33:02,706 [WARN] PackLoader:240 - Cannot read IP mode file for Avnet-IotConnect.X-CUBE-IoTC-DA16k-PMOD.1.0.0
2025-12-14 11:33:02,726 [WARN] PackLoader:240 - Cannot read IP mode file for STMicroelectronics.X-CUBE-ISPU.2.1.0
2025-12-14 11:33:02,755 [WARN] PackLoader:240 - Cannot read IP mode file for STMicroelectronics.X-CUBE-IPS.3.2.0
2025-12-14 11:33:02,789 [WARN] PackLoader:240 - Cannot read IP mode file for STMicroelectronics.X-CUBE-NFC12.1.0.0
2025-12-14 11:33:02,824 [WARN] PackLoader:240 - Cannot read IP mode file for STMicroelectronics.X-CUBE-AZRTOS-L5.2.0.0
2025-12-14 11:33:02,851 [WARN] PackLoader:240 - Cannot read IP mode file for STMicroelectronics.X-CUBE-NFC6.3.1.0
2025-12-14 11:33:02,874 [WARN] PackLoader:240 - Cannot read IP mode file for emotas.I-CUBE-CANOPEN.1.1.3
2025-12-14 11:33:02,893 [WARN] PackLoader:240 - Cannot read IP mode file for wolfSSL.I-CUBE-wolfSSL.5.5.4
2025-12-14 11:33:02,920 [WARN] PackLoader:240 - Cannot read IP mode file for STMicroelectronics.X-CUBE-FREERTOS.1.3.1
2025-12-14 11:33:02,941 [WARN] PackLoader:240 - Cannot read IP mode file for STMicroelectronics.X-CUBE-NFC7.1.0.0
2025-12-14 11:33:02,969 [WARN] PackLoader:240 - Cannot read IP mode file for STMicroelectronics.X-CUBE-TOUCHGFX.4.26.0
2025-12-14 11:33:02,991 [WARN] PackLoader:240 - Cannot read IP mode file for STMicroelectronics.X-CUBE-EEPRMA1.4.1.0
2025-12-14 11:33:03,014 [WARN] PackLoader:240 - Cannot read IP mode file for STMicroelectronics.FP-SNS-STAIOTCFT.1.0.0
2025-12-14 11:33:03,038 [WARN] PackLoader:240 - Cannot read IP mode file for STMicroelectronics.X-CUBE-DPower.1.3.0
2025-12-14 11:33:03,072 [WARN] ConditionMgr:438 - getConditionDescription Invalid condition id : LAN8742 Phy interface Condition cause : null
2025-12-14 11:33:03,072 [WARN] PackLoader:240 - Cannot read IP mode file for STMicroelectronics.X-CUBE-AZRTOS-L4.2.0.0
2025-12-14 11:33:03,073 [WARN] ConditionMgr:1044 - genDependencies : Invalid condition id : LAN8742 Phy interface Condition cause : null
2025-12-14 11:33:03,073 [WARN] ConditionMgr:1044 - genDependencies : Invalid condition id : LAN8742 Phy interface Condition cause : null
2025-12-14 11:33:03,074 [WARN] ConditionMgr:1044 - genDependencies : Invalid condition id : LAN8742 Phy interface Condition cause : null
2025-12-14 11:33:03,093 [WARN] PackLoader:240 - Cannot read IP mode file for STMicroelectronics.X-CUBE-SFXS2LP1.4.0.0
2025-12-14 11:33:03,128 [WARN] PackLoader:240 - Cannot read IP mode file for STMicroelectronics.X-CUBE-AZRTOS-H7.3.0.0
2025-12-14 11:33:03,150 [WARN] PackLoader:240 - Cannot read IP mode file for STMicroelectronics.X-CUBE-ISPU.1.1.0
2025-12-14 11:33:03,170 [WARN] PackLoader:240 - Cannot read IP mode file for RoweBots.I-CUBE-UNISONRTOS.5.5.0-4
2025-12-14 11:33:03,194 [WARN] PackLoader:240 - Cannot read IP mode file for STMicroelectronics.X-CUBE-BLEMGR.4.1.0
2025-12-14 11:33:03,213 [WARN] PackLoader:240 - Cannot read IP mode file for STMicroelectronics.X-CUBE-AI.8.0.0
2025-12-14 11:33:03,240 [WARN] ConditionMgr:438 - getConditionDescription Invalid condition id : UX DEVICE CLASS RTOS Condition cause : null
2025-12-14 11:33:03,241 [WARN] ConditionMgr:438 - getConditionDescription Invalid condition id : UX DEVICE CLASS RTOS Condition cause : null
2025-12-14 11:33:03,242 [WARN] PackLoader:240 - Cannot read IP mode file for STMicroelectronics.X-CUBE-AZRTOS-WB.2.0.0
2025-12-14 11:33:03,242 [WARN] ConditionMgr:1044 - genDependencies : Invalid condition id : UX DEVICE CLASS RTOS Condition cause : null
2025-12-14 11:33:03,242 [WARN] ConditionMgr:1044 - genDependencies : Invalid condition id : UX DEVICE CLASS RTOS Condition cause : null
2025-12-14 11:33:03,243 [WARN] ConditionMgr:1044 - genDependencies : Invalid condition id : UX DEVICE CLASS RTOS Condition cause : null
2025-12-14 11:33:03,243 [WARN] ConditionMgr:1044 - genDependencies : Invalid condition id : UX DEVICE CLASS RTOS Condition cause : null
2025-12-14 11:33:03,243 [WARN] ConditionMgr:1044 - genDependencies : Invalid condition id : UX DEVICE CLASS RTOS Condition cause : null
2025-12-14 11:33:03,262 [WARN] PackLoader:240 - Cannot read IP mode file for STMicroelectronics.X-CUBE-GNSS1.7.0.1
2025-12-14 11:33:03,281 [WARN] PackLoader:240 - Cannot read IP mode file for STMicroelectronics.X-CUBE-TOUCHGFX.4.25.0
2025-12-14 11:33:03,296 [WARN] ConditionMgr:438 - getConditionDescription Invalid condition id : Cortex-A Device cause : null
2025-12-14 11:33:03,320 [WARN] ConditionMgr:1044 - genDependencies : Invalid condition id : Cortex-A Device cause : null
2025-12-14 11:33:03,321 [WARN] ConditionMgr:1044 - genDependencies : Invalid condition id : Cortex-A Device cause : null
2025-12-14 11:33:03,321 [WARN] ConditionMgr:1044 - genDependencies : Invalid condition id : Cortex-A Device cause : null
2025-12-14 11:33:03,348 [WARN] PackLoader:240 - Cannot read IP mode file for STMicroelectronics.X-CUBE-AZRTOS-L5.1.1.0
2025-12-14 11:33:03,373 [WARN] PackLoader:240 - Cannot read IP mode file for STMicroelectronics.X-CUBE-SUBG2.5.0.0
2025-12-14 11:33:03,405 [WARN] PackLoader:240 - Cannot read IP mode file for STMicroelectronics.X-CUBE-AZRTOS-H7RS.1.1.0
2025-12-14 11:33:03,425 [WARN] PackLoader:240 - Cannot read IP mode file for Cesanta.I-CUBE-Mongoose.7.13.0
2025-12-14 11:33:03,454 [WARN] PackLoader:240 - Cannot read IP mode file for STMicroelectronics.X-CUBE-AZRTOS-G4.2.0.0
2025-12-14 11:33:03,471 [WARN] PackLoader:240 - Cannot read IP mode file for STMicroelectronics.FP-ATR-ASTRA1.1.1.1
2025-12-14 11:33:03,488 [WARN] PackLoader:240 - Cannot read IP mode file for wolfSSL.I-CUBE-wolfSSH.1.4.20
2025-12-14 11:33:03,504 [WARN] PackLoader:240 - Cannot read IP mode file for STMicroelectronics.X-CUBE-NFC7.2.0.0
2025-12-14 11:33:03,534 [WARN] PackLoader:240 - Cannot read IP mode file for STMicroelectronics.X-CUBE-AZRTOS-G4.1.0.0
2025-12-14 11:33:03,567 [WARN] PackLoader:240 - Cannot read IP mode file for STMicroelectronics.X-CUBE-AZRTOS-L4.1.0.0
2025-12-14 11:33:03,591 [WARN] PackLoader:240 - Cannot read IP mode file for STMicroelectronics.X-CUBE-IPS.3.1.0
2025-12-14 11:33:03,621 [WARN] PackLoader:240 - Cannot read IP mode file for STMicroelectronics.X-CUBE-ALS.1.0.2
2025-12-14 11:33:03,651 [WARN] PackLoader:240 - Cannot read IP mode file for STMicroelectronics.X-CUBE-AZRTOS-WL.1.0.0
2025-12-14 11:33:03,673 [WARN] PackLoader:240 - Cannot read IP mode file for STMicroelectronics.X-CUBE-STSE01.1.0.0
2025-12-14 11:33:03,700 [WARN] PackLoader:240 - Cannot read IP mode file for portGmbH.I-Cube-SoM-uGOAL.1.1.0
2025-12-14 11:33:03,718 [WARN] PackLoader:240 - Cannot read IP mode file for STMicroelectronics.X-CUBE-ALS.1.0.1
2025-12-14 11:33:03,752 [WARN] PackLoader:240 - Cannot read IP mode file for STMicroelectronics.X-CUBE-AZRTOS-WB.1.1.0
2025-12-14 11:33:03,786 [WARN] PackLoader:240 - Cannot read IP mode file for STMicroelectronics.X-CUBE-TOF1.3.4.3
2025-12-14 11:33:03,794 [INFO] ThirdParty:978 - Integrity check success = true
2025-12-14 11:33:03,795 [INFO] IntegrityCheckThread:100 - exiting critical section [integrity check]
2025-12-14 11:33:03,795 [INFO] IntegrityCheckThread:103 - End integrity checks thread
2025-12-14 13:57:22,119 [ERROR] LogOutputStream:75 - [STDERR_REDIRECT] 
