2026-02-23 22:46:02,112 [INFO] NvicIntPanel:101 - NVIC parent = com.st.microxplorer.plugins.ip.nvic.MultiNvicIntPanel[,0,0,931x328,layout=javax.swing.BoxLayout,alignmentX=0.0,alignmentY=0.0,border=,flags=9,maximumSize=,minimumSize=,preferredSize=]
2026-02-23 22:46:05,365 [INFO] NvicIntPanel:101 - NVIC parent = com.st.microxplorer.plugins.ip.nvic.MultiNvicIntPanel[,0,0,0x0,invalid,layout=javax.swing.BoxLayout,alignmentX=0.0,alignmentY=0.0,border=,flags=9,maximumSize=,minimumSize=,preferredSize=]
2026-02-23 22:46:05,755 [INFO] NvicIntPanel:101 - NVIC parent = com.st.microxplorer.plugins.ip.nvic.MultiNvicIntPanel[,0,0,0x0,invalid,layout=javax.swing.BoxLayout,alignmentX=0.0,alignmentY=0.0,border=,flags=9,maximumSize=,minimumSize=,preferredSize=]
2026-02-23 22:46:06,465 [INFO] NvicIntPanel:101 - NVIC parent = com.st.microxplorer.plugins.ip.nvic.MultiNvicIntPanel[,0,0,0x0,invalid,layout=javax.swing.BoxLayout,alignmentX=0.0,alignmentY=0.0,border=,flags=9,maximumSize=,minimumSize=,preferredSize=]
2026-02-23 22:46:08,109 [INFO] UtilMem:75 - End SaveConfig() Used Memory: 1014564592 Bytes (1073741824)
2026-02-23 22:46:09,111 [INFO] UtilMem:75 - End SaveConfig() Used Memory: 722729616 Bytes (1073741824)
2026-02-23 22:46:11,748 [INFO] UtilMem:75 - End SaveConfig() Used Memory: 880020232 Bytes (1073741824)
2026-02-23 22:46:12,529 [INFO] BlockDiagram:2775 - set Specific Code input for plugin: SPI
2026-02-23 22:46:12,530 [INFO] BlockDiagram:2775 - set Specific Code input for plugin: SPI
2026-02-23 22:46:12,530 [INFO] BlockDiagram:2775 - set Specific Code input for plugin: TIM1_8G4
2026-02-23 22:46:12,530 [INFO] BlockDiagram:2775 - set Specific Code input for plugin: SYS
2026-02-23 22:46:12,530 [INFO] BlockDiagram:2775 - set Specific Code input for plugin: ADC
2026-02-23 22:46:12,530 [INFO] BlockDiagram:2775 - set Specific Code input for plugin: RCC
2026-02-23 22:46:12,530 [INFO] BlockDiagram:2775 - set Specific Code input for plugin: I2C
2026-02-23 22:46:12,530 [INFO] BlockDiagram:2775 - set Specific Code input for plugin: STMicroelectronics.X-CUBE-AZRTOS-G4.2.0.0
2026-02-23 22:46:12,531 [INFO] BlockDiagram:2775 - set Specific Code input for plugin: NVIC
2026-02-23 22:46:12,531 [INFO] BlockDiagram:2775 - set Specific Code input for plugin: USART
2026-02-23 22:46:12,531 [INFO] BlockDiagram:2775 - set Specific Code input for plugin: USART
2026-02-23 22:46:12,531 [INFO] BlockDiagram:2775 - set Specific Code input for plugin: DMA
2026-02-23 22:46:12,531 [INFO] BlockDiagram:2775 - set Specific Code input for plugin: TIM1_8G4
2026-02-23 22:46:12,531 [INFO] BlockDiagram:2775 - set Specific Code input for plugin: CORDIC
2026-02-23 22:46:12,533 [INFO] BlockDiagram:2775 - set Specific Code input for plugin: GPIO
2026-02-23 22:46:12,542 [WARN] IP:2250 - TX_NO_TIMER not found: check if there is a RefParameter without a condition.
2026-02-23 22:46:12,542 [WARN] IP:2250 - ALIGN_TYPE_VAL not found: check if there is a RefParameter without a condition.
2026-02-23 22:46:12,543 [WARN] IP:2250 - TX_BASEPRI_VALUE not found: check if there is a RefParameter without a condition.
2026-02-23 22:46:12,543 [WARN] IP:2250 - TX_APP_THREAD_ENTRY not found: check if there is a RefParameter without a condition.
2026-02-23 22:46:12,543 [WARN] IP:2250 - TX_APP_THREAD_NAME not found: check if there is a RefParameter without a condition.
2026-02-23 22:46:12,543 [WARN] IP:2250 - TX_APP_THREAD_PRIO not found: check if there is a RefParameter without a condition.
2026-02-23 22:46:12,543 [WARN] IP:2250 - TX_APP_STACK_SIZE not found: check if there is a RefParameter without a condition.
2026-02-23 22:46:12,543 [WARN] IP:2250 - TX_SEMAPHORE_NAME not found: check if there is a RefParameter without a condition.
2026-02-23 22:46:12,543 [WARN] IP:2250 - TX_SEMAPHORE_COUNT not found: check if there is a RefParameter without a condition.
2026-02-23 22:46:12,545 [WARN] IP:2250 - TX_MUTEX_NAME not found: check if there is a RefParameter without a condition.
2026-02-23 22:46:12,545 [WARN] IP:2250 - TX_Mutex_INHERITANCE not found: check if there is a RefParameter without a condition.
2026-02-23 22:46:12,545 [WARN] IP:2250 - TX_MSG_QUEUE_NAME not found: check if there is a RefParameter without a condition.
2026-02-23 22:46:12,546 [WARN] IP:2250 - TX_MSG_SIZE_WORDS not found: check if there is a RefParameter without a condition.
2026-02-23 22:46:12,546 [WARN] IP:2250 - TX_NB_MSG not found: check if there is a RefParameter without a condition.
2026-02-23 22:46:12,555 [WARN] ThirdPartyIpManager:480 - Condition 'CM4 IAR Condition' not fulfilled in pack 'STMicroelectronics.X-CUBE-AZRTOS-G4.2.0.0'
2026-02-23 22:46:12,555 [WARN] ThirdPartyIpManager:480 - Condition 'CM4 IAR Condition' not fulfilled in pack 'STMicroelectronics.X-CUBE-AZRTOS-G4.2.0.0'
2026-02-23 22:46:12,555 [WARN] ThirdPartyIpManager:480 - Condition 'CM4 IAR Condition' not fulfilled in pack 'STMicroelectronics.X-CUBE-AZRTOS-G4.2.0.0'
2026-02-23 22:46:12,556 [WARN] ThirdPartyIpManager:480 - Condition 'CM4 IAR Condition' not fulfilled in pack 'STMicroelectronics.X-CUBE-AZRTOS-G4.2.0.0'
2026-02-23 22:46:12,556 [WARN] ThirdPartyIpManager:480 - Condition 'CM4 IAR Condition' not fulfilled in pack 'STMicroelectronics.X-CUBE-AZRTOS-G4.2.0.0'
2026-02-23 22:46:12,556 [WARN] ThirdPartyIpManager:480 - Condition 'CM4 IAR Condition' not fulfilled in pack 'STMicroelectronics.X-CUBE-AZRTOS-G4.2.0.0'
2026-02-23 22:46:12,557 [WARN] ThirdPartyIpManager:480 - Condition 'CM4 IAR Condition' not fulfilled in pack 'STMicroelectronics.X-CUBE-AZRTOS-G4.2.0.0'
2026-02-23 22:46:12,557 [WARN] ThirdPartyIpManager:480 - Condition 'CM4 IAR Condition' not fulfilled in pack 'STMicroelectronics.X-CUBE-AZRTOS-G4.2.0.0'
2026-02-23 22:46:12,557 [WARN] ThirdPartyIpManager:480 - Condition 'CM4 IAR Condition' not fulfilled in pack 'STMicroelectronics.X-CUBE-AZRTOS-G4.2.0.0'
2026-02-23 22:46:12,557 [WARN] ThirdPartyIpManager:480 - Condition 'CM4 IAR Condition' not fulfilled in pack 'STMicroelectronics.X-CUBE-AZRTOS-G4.2.0.0'
2026-02-23 22:46:12,557 [WARN] ThirdPartyIpManager:480 - Condition 'CM4 IAR Condition' not fulfilled in pack 'STMicroelectronics.X-CUBE-AZRTOS-G4.2.0.0'
2026-02-23 22:46:12,559 [WARN] ThirdPartyIpManager:480 - Condition 'CM4 ARMC6 Condition' not fulfilled in pack 'STMicroelectronics.X-CUBE-AZRTOS-G4.2.0.0'
2026-02-23 22:46:12,559 [WARN] ThirdPartyIpManager:480 - Condition 'CM4 ARMC6 Condition' not fulfilled in pack 'STMicroelectronics.X-CUBE-AZRTOS-G4.2.0.0'
2026-02-23 22:46:12,559 [WARN] ThirdPartyIpManager:480 - Condition 'CM4 ARMC6 Condition' not fulfilled in pack 'STMicroelectronics.X-CUBE-AZRTOS-G4.2.0.0'
2026-02-23 22:46:12,559 [WARN] ThirdPartyIpManager:480 - Condition 'CM4 ARMC6 Condition' not fulfilled in pack 'STMicroelectronics.X-CUBE-AZRTOS-G4.2.0.0'
2026-02-23 22:46:12,559 [WARN] ThirdPartyIpManager:480 - Condition 'CM4 ARMC6 Condition' not fulfilled in pack 'STMicroelectronics.X-CUBE-AZRTOS-G4.2.0.0'
2026-02-23 22:46:12,559 [WARN] ThirdPartyIpManager:480 - Condition 'CM4 ARMC6 Condition' not fulfilled in pack 'STMicroelectronics.X-CUBE-AZRTOS-G4.2.0.0'
2026-02-23 22:46:12,559 [WARN] ThirdPartyIpManager:480 - Condition 'CM4 ARMC6 Condition' not fulfilled in pack 'STMicroelectronics.X-CUBE-AZRTOS-G4.2.0.0'
2026-02-23 22:46:12,559 [WARN] ThirdPartyIpManager:480 - Condition 'CM4 ARMC6 Condition' not fulfilled in pack 'STMicroelectronics.X-CUBE-AZRTOS-G4.2.0.0'
2026-02-23 22:46:12,559 [WARN] ThirdPartyIpManager:480 - Condition 'CM4 ARMC6 Condition' not fulfilled in pack 'STMicroelectronics.X-CUBE-AZRTOS-G4.2.0.0'
2026-02-23 22:46:12,559 [WARN] ThirdPartyIpManager:480 - Condition 'CM4 ARMC6 Condition' not fulfilled in pack 'STMicroelectronics.X-CUBE-AZRTOS-G4.2.0.0'
2026-02-23 22:46:12,564 [INFO] CodeGenerator:892 - code generatio: config db path: D:\Programy\STM32CubeIDE_1.19.0\STM32CubeIDE\plugins\com.st.stm32cube.common.mx_6.15.0.202507011659\\db\
2026-02-23 22:46:12,959 [INFO] IP:3329 - RTE Config file name : RTE_Component
2026-02-23 22:46:12,959 [INFO] IP:3347 - RTE template : RTE_Components.ftl
2026-02-23 22:46:12,994 [INFO] CodeEngine:265 - oldGeneratedFile, D:\Projekty\TrinityTrack6000\MainControlBoard\STM32\STM32G473CET6\MXTmpFiles\license.tmp_save
2026-02-23 22:46:13,779 [INFO] CodeEngine:289 - Generated code: D:\Projekty\TrinityTrack6000\MainControlBoard\STM32\STM32G473CET6\MXTmpFiles\license.tmp
2026-02-23 22:46:14,081 [INFO] CodeEngine:265 - oldGeneratedFile, D:\Projekty\TrinityTrack6000\MainControlBoard\STM32\STM32G473CET6\MXTmpFiles\gpio.tmp_save
2026-02-23 22:46:14,370 [INFO] CodeEngine:289 - Generated code: D:\Projekty\TrinityTrack6000\MainControlBoard\STM32\STM32G473CET6\MXTmpFiles\gpio.tmp
2026-02-23 22:46:24,879 [INFO] Middleware:1452 - No code input for Bsp Dependency
2026-02-23 22:46:24,902 [INFO] Middleware:1452 - No code input for Bsp Dependency
2026-02-23 22:46:24,918 [INFO] CodeEngine:265 - oldGeneratedFile, D:\Projekty\TrinityTrack6000\MainControlBoard\STM32\STM32G473CET6\Core\Inc\tx_user.h_save
2026-02-23 22:46:25,272 [INFO] CodeEngine:289 - Generated code: D:\Projekty\TrinityTrack6000\MainControlBoard\STM32\STM32G473CET6\Core\Inc\tx_user.h
2026-02-23 22:46:25,287 [INFO] CodeEngine:265 - oldGeneratedFile, D:\Projekty\TrinityTrack6000\MainControlBoard\STM32\STM32G473CET6\Core\Src\tx_initialize_low_level.S_save
2026-02-23 22:46:25,473 [INFO] CodeEngine:289 - Generated code: D:\Projekty\TrinityTrack6000\MainControlBoard\STM32\STM32G473CET6\Core\Src\tx_initialize_low_level.S
2026-02-23 22:46:25,487 [INFO] CodeEngine:265 - oldGeneratedFile, D:\Projekty\TrinityTrack6000\MainControlBoard\STM32\STM32G473CET6\AZURE_RTOS\App\app_azure_rtos_config.h_save
2026-02-23 22:46:25,617 [INFO] CodeEngine:289 - Generated code: D:\Projekty\TrinityTrack6000\MainControlBoard\STM32\STM32G473CET6\AZURE_RTOS\App\app_azure_rtos_config.h
2026-02-23 22:46:25,629 [INFO] CodeEngine:265 - oldGeneratedFile, D:\Projekty\TrinityTrack6000\MainControlBoard\STM32\STM32G473CET6\Core\Src\app_threadx.c_save
2026-02-23 22:46:25,769 [INFO] CodeEngine:289 - Generated code: D:\Projekty\TrinityTrack6000\MainControlBoard\STM32\STM32G473CET6\Core\Src\app_threadx.c
2026-02-23 22:46:25,781 [INFO] CodeEngine:265 - oldGeneratedFile, D:\Projekty\TrinityTrack6000\MainControlBoard\STM32\STM32G473CET6\Core\Inc\app_threadx.h_save
2026-02-23 22:46:25,899 [INFO] CodeEngine:289 - Generated code: D:\Projekty\TrinityTrack6000\MainControlBoard\STM32\STM32G473CET6\Core\Inc\app_threadx.h
2026-02-23 22:46:25,913 [INFO] CodeEngine:265 - oldGeneratedFile, D:\Projekty\TrinityTrack6000\MainControlBoard\STM32\STM32G473CET6\AZURE_RTOS\App\app_azure_rtos.c_save
2026-02-23 22:46:26,129 [INFO] CodeEngine:289 - Generated code: D:\Projekty\TrinityTrack6000\MainControlBoard\STM32\STM32G473CET6\AZURE_RTOS\App\app_azure_rtos.c
2026-02-23 22:46:26,143 [INFO] CodeEngine:265 - oldGeneratedFile, D:\Projekty\TrinityTrack6000\MainControlBoard\STM32\STM32G473CET6\AZURE_RTOS\App\app_azure_rtos.h_save
2026-02-23 22:46:26,291 [INFO] CodeEngine:289 - Generated code: D:\Projekty\TrinityTrack6000\MainControlBoard\STM32\STM32G473CET6\AZURE_RTOS\App\app_azure_rtos.h
2026-02-23 22:46:27,259 [INFO] CodeEngine:265 - oldGeneratedFile, D:\Projekty\TrinityTrack6000\MainControlBoard\STM32\STM32G473CET6\MXTmpFiles\dma.tmp_save
2026-02-23 22:46:27,447 [INFO] CodeEngine:289 - Generated code: D:\Projekty\TrinityTrack6000\MainControlBoard\STM32\STM32G473CET6\MXTmpFiles\dma.tmp
2026-02-23 22:46:27,471 [INFO] CodeEngine:265 - oldGeneratedFile, D:\Projekty\TrinityTrack6000\MainControlBoard\STM32\STM32G473CET6\MXTmpFiles\dma_GV.tmp_save
2026-02-23 22:46:27,550 [INFO] CodeEngine:289 - Generated code: D:\Projekty\TrinityTrack6000\MainControlBoard\STM32\STM32G473CET6\MXTmpFiles\dma_GV.tmp
2026-02-23 22:46:27,596 [INFO] CodeEngine:265 - oldGeneratedFile, D:\Projekty\TrinityTrack6000\MainControlBoard\STM32\STM32G473CET6\Core\Src\stm32g4xx_it.c_save
2026-02-23 22:46:28,020 [INFO] CodeEngine:289 - Generated code: D:\Projekty\TrinityTrack6000\MainControlBoard\STM32\STM32G473CET6\Core\Src\stm32g4xx_it.c
2026-02-23 22:46:28,034 [INFO] CodeEngine:265 - oldGeneratedFile, D:\Projekty\TrinityTrack6000\MainControlBoard\STM32\STM32G473CET6\Core\Inc\stm32g4xx_it.h_save
2026-02-23 22:46:28,192 [INFO] CodeEngine:289 - Generated code: D:\Projekty\TrinityTrack6000\MainControlBoard\STM32\STM32G473CET6\Core\Inc\stm32g4xx_it.h
2026-02-23 22:46:28,198 [INFO] IP:3329 - RTE Config file name : RTE_Component
2026-02-23 22:46:28,198 [INFO] IP:3347 - RTE template : RTE_Components.ftl
2026-02-23 22:46:28,199 [INFO] CodeGenerator:2312 - Add RTE Code Input 
2026-02-23 22:46:28,210 [INFO] CodeEngine:265 - oldGeneratedFile, D:\Projekty\TrinityTrack6000\MainControlBoard\STM32\STM32G473CET6\Core\Inc\RTE_Components.h_save
2026-02-23 22:46:28,377 [INFO] CodeEngine:289 - Generated code: D:\Projekty\TrinityTrack6000\MainControlBoard\STM32\STM32G473CET6\Core\Inc\RTE_Components.h
2026-02-23 22:46:28,401 [INFO] CodeEngine:265 - oldGeneratedFile, D:\Projekty\TrinityTrack6000\MainControlBoard\STM32\STM32G473CET6\Core\Src\stm32g4xx_hal_msp.c_save
2026-02-23 22:46:28,770 [INFO] CodeEngine:289 - Generated code: D:\Projekty\TrinityTrack6000\MainControlBoard\STM32\STM32G473CET6\Core\Src\stm32g4xx_hal_msp.c
2026-02-23 22:46:28,779 [INFO] CodeEngine:265 - oldGeneratedFile, D:\Projekty\TrinityTrack6000\MainControlBoard\STM32\STM32G473CET6\MXTmpFiles\system.tmp_save
2026-02-23 22:46:28,880 [INFO] CodeEngine:289 - Generated code: D:\Projekty\TrinityTrack6000\MainControlBoard\STM32\STM32G473CET6\MXTmpFiles\system.tmp
2026-02-23 22:46:28,900 [INFO] CodeEngine:265 - oldGeneratedFile, D:\Projekty\TrinityTrack6000\MainControlBoard\STM32\STM32G473CET6\Core\Src\stm32g4xx_hal_timebase_tim.c_save
2026-02-23 22:46:29,022 [INFO] CodeEngine:289 - Generated code: D:\Projekty\TrinityTrack6000\MainControlBoard\STM32\STM32G473CET6\Core\Src\stm32g4xx_hal_timebase_tim.c
2026-02-23 22:46:29,037 [INFO] CodeEngine:321 - oldGeneratedFile, D:\Projekty\TrinityTrack6000\MainControlBoard\STM32\STM32G473CET6\Core\Inc\stm32g4xx_hal_conf.h_save
2026-02-23 22:46:29,218 [INFO] CodeEngine:345 - Generated code: D:\Projekty\TrinityTrack6000\MainControlBoard\STM32\STM32G473CET6\Core\Inc\stm32g4xx_hal_conf.h
2026-02-23 22:46:29,264 [WARN] IPConfigManager:3238 - Warning: the RefConfig RCC_CommonPeriphClockConfig is not available in your config.xml file
2026-02-23 22:46:29,281 [INFO] ApiDbMcu:532 - Load IP Config File for ADC1
2026-02-23 22:46:29,284 [INFO] ApiDbMcu:532 - Load IP Config File for CORDIC
2026-02-23 22:46:29,289 [INFO] ApiDbMcu:532 - Load IP Config File for I2C2
2026-02-23 22:46:29,293 [INFO] ApiDbMcu:532 - Load IP Config File for SPI1
2026-02-23 22:46:29,298 [INFO] ApiDbMcu:532 - Load IP Config File for SPI2
2026-02-23 22:46:29,319 [INFO] ApiDbMcu:532 - Load IP Config File for TIM3
2026-02-23 22:46:29,340 [INFO] ApiDbMcu:532 - Load IP Config File for TIM8
2026-02-23 22:46:29,351 [INFO] ApiDbMcu:532 - Load IP Config File for USART1
2026-02-23 22:46:29,362 [INFO] ApiDbMcu:532 - Load IP Config File for USART2
2026-02-23 22:46:29,366 [INFO] ApiDbMcu:532 - Load IP Config File for RCC
2026-02-23 22:46:29,377 [WARN] IPConfigManager:3811 - IP not found : TIM
2026-02-23 22:46:29,380 [WARN] CodeGenerator:4259 - IP not found : null
2026-02-23 22:46:29,397 [INFO] CodeEngine:265 - oldGeneratedFile, D:\Projekty\TrinityTrack6000\MainControlBoard\STM32\STM32G473CET6\Core\Inc\main.h_save
2026-02-23 22:46:29,610 [INFO] CodeEngine:289 - Generated code: D:\Projekty\TrinityTrack6000\MainControlBoard\STM32\STM32G473CET6\Core\Inc\main.h
2026-02-23 22:46:29,643 [INFO] CodeEngine:265 - oldGeneratedFile, D:\Projekty\TrinityTrack6000\MainControlBoard\STM32\STM32G473CET6\Core\Src\main.c_save
2026-02-23 22:46:29,923 [INFO] CodeEngine:289 - Generated code: D:\Projekty\TrinityTrack6000\MainControlBoard\STM32\STM32G473CET6\Core\Src\main.c
2026-02-23 22:46:30,802 [INFO] ProjectBuilder:3606 - Time for Copy HAL[1] : 438mS.
2026-02-23 22:46:30,803 [ERROR] Middleware:2950 - Invalid RefComponent list
2026-02-23 22:46:30,803 [ERROR] Middleware:2950 - Invalid RefComponent list
2026-02-23 22:46:30,803 [ERROR] Middleware:2950 - Invalid RefComponent list
2026-02-23 22:46:30,803 [ERROR] Middleware:2950 - Invalid RefComponent list
2026-02-23 22:46:30,803 [ERROR] Middleware:2950 - Invalid RefComponent list
2026-02-23 22:46:30,803 [ERROR] Middleware:2950 - Invalid RefComponent list
2026-02-23 22:46:30,803 [ERROR] Middleware:2950 - Invalid RefComponent list
2026-02-23 22:46:30,804 [ERROR] Middleware:2950 - Invalid RefComponent list
2026-02-23 22:46:30,804 [ERROR] Middleware:2950 - Invalid RefComponent list
2026-02-23 22:46:30,804 [ERROR] Middleware:2950 - Invalid RefComponent list
2026-02-23 22:46:30,804 [ERROR] Middleware:2950 - Invalid RefComponent list
2026-02-23 22:46:30,804 [ERROR] Middleware:2950 - Invalid RefComponent list
2026-02-23 22:46:30,804 [ERROR] Middleware:2950 - Invalid RefComponent list
2026-02-23 22:46:30,804 [ERROR] Middleware:2950 - Invalid RefComponent list
2026-02-23 22:46:30,804 [ERROR] Middleware:2950 - Invalid RefComponent list
2026-02-23 22:46:30,804 [ERROR] Middleware:2950 - Invalid RefComponent list
2026-02-23 22:46:30,805 [ERROR] Middleware:2950 - Invalid RefComponent list
2026-02-23 22:46:30,805 [ERROR] Middleware:2950 - Invalid RefComponent list
2026-02-23 22:46:30,805 [ERROR] Middleware:2950 - Invalid RefComponent list
2026-02-23 22:46:30,805 [ERROR] Middleware:2950 - Invalid RefComponent list
2026-02-23 22:46:30,805 [ERROR] Middleware:2950 - Invalid RefComponent list
2026-02-23 22:46:30,805 [ERROR] Middleware:2950 - Invalid RefComponent list
2026-02-23 22:46:30,805 [ERROR] Middleware:2950 - Invalid RefComponent list
2026-02-23 22:46:30,805 [ERROR] Middleware:2950 - Invalid RefComponent list
2026-02-23 22:46:30,806 [ERROR] Middleware:2950 - Invalid RefComponent list
2026-02-23 22:46:30,806 [ERROR] Middleware:2950 - Invalid RefComponent list
2026-02-23 22:46:30,806 [ERROR] Middleware:2950 - Invalid RefComponent list
2026-02-23 22:46:30,806 [ERROR] Middleware:2950 - Invalid RefComponent list
2026-02-23 22:46:30,806 [ERROR] Middleware:2950 - Invalid RefComponent list
2026-02-23 22:46:30,807 [ERROR] Middleware:2950 - Invalid RefComponent list
2026-02-23 22:46:30,807 [ERROR] Middleware:2950 - Invalid RefComponent list
2026-02-23 22:46:30,807 [ERROR] Middleware:2950 - Invalid RefComponent list
2026-02-23 22:46:30,808 [ERROR] Middleware:2950 - Invalid RefComponent list
2026-02-23 22:46:30,808 [ERROR] Middleware:2950 - Invalid RefComponent list
2026-02-23 22:46:30,808 [ERROR] Middleware:2950 - Invalid RefComponent list
2026-02-23 22:46:30,808 [ERROR] Middleware:2950 - Invalid RefComponent list
2026-02-23 22:46:30,808 [ERROR] Middleware:2950 - Invalid RefComponent list
2026-02-23 22:46:30,808 [ERROR] Middleware:2950 - Invalid RefComponent list
2026-02-23 22:46:30,808 [ERROR] Middleware:2950 - Invalid RefComponent list
2026-02-23 22:46:30,808 [ERROR] Middleware:2950 - Invalid RefComponent list
2026-02-23 22:46:30,808 [ERROR] Middleware:2950 - Invalid RefComponent list
2026-02-23 22:46:30,808 [ERROR] Middleware:2950 - Invalid RefComponent list
2026-02-23 22:46:30,810 [ERROR] Middleware:2950 - Invalid RefComponent list
2026-02-23 22:46:30,810 [ERROR] Middleware:2950 - Invalid RefComponent list
2026-02-23 22:46:30,810 [ERROR] Middleware:2950 - Invalid RefComponent list
2026-02-23 22:46:30,810 [ERROR] Middleware:2950 - Invalid RefComponent list
2026-02-23 22:46:30,810 [ERROR] Middleware:2950 - Invalid RefComponent list
2026-02-23 22:46:30,810 [ERROR] Middleware:2950 - Invalid RefComponent list
2026-02-23 22:46:30,811 [ERROR] Middleware:2950 - Invalid RefComponent list
2026-02-23 22:46:30,811 [ERROR] Middleware:2950 - Invalid RefComponent list
2026-02-23 22:46:30,811 [ERROR] Middleware:2950 - Invalid RefComponent list
2026-02-23 22:46:30,811 [ERROR] Middleware:2950 - Invalid RefComponent list
2026-02-23 22:46:30,811 [ERROR] Middleware:2950 - Invalid RefComponent list
2026-02-23 22:46:30,811 [ERROR] Middleware:2950 - Invalid RefComponent list
2026-02-23 22:46:30,811 [ERROR] Middleware:2950 - Invalid RefComponent list
2026-02-23 22:46:30,811 [ERROR] Middleware:2950 - Invalid RefComponent list
2026-02-23 22:46:30,811 [ERROR] Middleware:2950 - Invalid RefComponent list
2026-02-23 22:46:30,811 [ERROR] Middleware:2950 - Invalid RefComponent list
2026-02-23 22:46:30,811 [ERROR] Middleware:2950 - Invalid RefComponent list
2026-02-23 22:46:30,811 [ERROR] Middleware:2950 - Invalid RefComponent list
2026-02-23 22:46:30,812 [ERROR] Middleware:2950 - Invalid RefComponent list
2026-02-23 22:46:30,812 [ERROR] Middleware:2950 - Invalid RefComponent list
2026-02-23 22:46:30,812 [ERROR] Middleware:2950 - Invalid RefComponent list
2026-02-23 22:46:30,812 [ERROR] Middleware:2950 - Invalid RefComponent list
2026-02-23 22:46:30,812 [ERROR] Middleware:2950 - Invalid RefComponent list
2026-02-23 22:46:30,812 [ERROR] Middleware:2950 - Invalid RefComponent list
2026-02-23 22:46:30,812 [ERROR] Middleware:2950 - Invalid RefComponent list
2026-02-23 22:46:30,812 [ERROR] Middleware:2950 - Invalid RefComponent list
2026-02-23 22:46:30,813 [ERROR] Middleware:2950 - Invalid RefComponent list
2026-02-23 22:46:30,813 [ERROR] Middleware:2950 - Invalid RefComponent list
2026-02-23 22:46:30,813 [ERROR] Middleware:2950 - Invalid RefComponent list
2026-02-23 22:46:30,813 [ERROR] Middleware:2950 - Invalid RefComponent list
2026-02-23 22:46:30,813 [ERROR] Middleware:2950 - Invalid RefComponent list
2026-02-23 22:46:30,813 [ERROR] Middleware:2950 - Invalid RefComponent list
2026-02-23 22:46:30,813 [ERROR] Middleware:2950 - Invalid RefComponent list
2026-02-23 22:46:30,813 [ERROR] Middleware:2950 - Invalid RefComponent list
2026-02-23 22:46:30,814 [ERROR] Middleware:2950 - Invalid RefComponent list
2026-02-23 22:46:30,814 [ERROR] Middleware:2950 - Invalid RefComponent list
2026-02-23 22:46:30,814 [ERROR] Middleware:2950 - Invalid RefComponent list
2026-02-23 22:46:30,815 [ERROR] Middleware:2950 - Invalid RefComponent list
2026-02-23 22:46:30,815 [ERROR] Middleware:2950 - Invalid RefComponent list
2026-02-23 22:46:30,815 [ERROR] Middleware:2950 - Invalid RefComponent list
2026-02-23 22:46:30,815 [ERROR] Middleware:2950 - Invalid RefComponent list
2026-02-23 22:46:30,815 [ERROR] Middleware:2950 - Invalid RefComponent list
2026-02-23 22:46:30,815 [ERROR] Middleware:2950 - Invalid RefComponent list
2026-02-23 22:46:30,815 [ERROR] Middleware:2950 - Invalid RefComponent list
2026-02-23 22:46:30,815 [ERROR] Middleware:2950 - Invalid RefComponent list
2026-02-23 22:46:30,815 [ERROR] Middleware:2950 - Invalid RefComponent list
2026-02-23 22:46:30,817 [WARN] ThirdPartyIpManager:480 - Condition 'CM4 IAR Condition' not fulfilled in pack 'STMicroelectronics.X-CUBE-AZRTOS-G4.2.0.0'
2026-02-23 22:46:30,817 [WARN] ThirdPartyIpManager:480 - Condition 'CM4 IAR Condition' not fulfilled in pack 'STMicroelectronics.X-CUBE-AZRTOS-G4.2.0.0'
2026-02-23 22:46:30,818 [WARN] ThirdPartyIpManager:480 - Condition 'CM4 IAR Condition' not fulfilled in pack 'STMicroelectronics.X-CUBE-AZRTOS-G4.2.0.0'
2026-02-23 22:46:30,818 [WARN] ThirdPartyIpManager:480 - Condition 'CM4 IAR Condition' not fulfilled in pack 'STMicroelectronics.X-CUBE-AZRTOS-G4.2.0.0'
2026-02-23 22:46:30,818 [WARN] ThirdPartyIpManager:480 - Condition 'CM4 IAR Condition' not fulfilled in pack 'STMicroelectronics.X-CUBE-AZRTOS-G4.2.0.0'
2026-02-23 22:46:30,818 [WARN] ThirdPartyIpManager:480 - Condition 'CM4 IAR Condition' not fulfilled in pack 'STMicroelectronics.X-CUBE-AZRTOS-G4.2.0.0'
2026-02-23 22:46:30,818 [WARN] ThirdPartyIpManager:480 - Condition 'CM4 IAR Condition' not fulfilled in pack 'STMicroelectronics.X-CUBE-AZRTOS-G4.2.0.0'
2026-02-23 22:46:30,818 [WARN] ThirdPartyIpManager:480 - Condition 'CM4 IAR Condition' not fulfilled in pack 'STMicroelectronics.X-CUBE-AZRTOS-G4.2.0.0'
2026-02-23 22:46:30,818 [WARN] ThirdPartyIpManager:480 - Condition 'CM4 IAR Condition' not fulfilled in pack 'STMicroelectronics.X-CUBE-AZRTOS-G4.2.0.0'
2026-02-23 22:46:30,818 [WARN] ThirdPartyIpManager:480 - Condition 'CM4 IAR Condition' not fulfilled in pack 'STMicroelectronics.X-CUBE-AZRTOS-G4.2.0.0'
2026-02-23 22:46:30,819 [WARN] ThirdPartyIpManager:480 - Condition 'CM4 IAR Condition' not fulfilled in pack 'STMicroelectronics.X-CUBE-AZRTOS-G4.2.0.0'
2026-02-23 22:46:30,820 [WARN] ThirdPartyIpManager:480 - Condition 'CM4 ARMC6 Condition' not fulfilled in pack 'STMicroelectronics.X-CUBE-AZRTOS-G4.2.0.0'
2026-02-23 22:46:30,820 [WARN] ThirdPartyIpManager:480 - Condition 'CM4 ARMC6 Condition' not fulfilled in pack 'STMicroelectronics.X-CUBE-AZRTOS-G4.2.0.0'
2026-02-23 22:46:30,820 [WARN] ThirdPartyIpManager:480 - Condition 'CM4 ARMC6 Condition' not fulfilled in pack 'STMicroelectronics.X-CUBE-AZRTOS-G4.2.0.0'
2026-02-23 22:46:30,820 [WARN] ThirdPartyIpManager:480 - Condition 'CM4 ARMC6 Condition' not fulfilled in pack 'STMicroelectronics.X-CUBE-AZRTOS-G4.2.0.0'
2026-02-23 22:46:30,820 [WARN] ThirdPartyIpManager:480 - Condition 'CM4 ARMC6 Condition' not fulfilled in pack 'STMicroelectronics.X-CUBE-AZRTOS-G4.2.0.0'
2026-02-23 22:46:30,821 [WARN] ThirdPartyIpManager:480 - Condition 'CM4 ARMC6 Condition' not fulfilled in pack 'STMicroelectronics.X-CUBE-AZRTOS-G4.2.0.0'
2026-02-23 22:46:30,821 [WARN] ThirdPartyIpManager:480 - Condition 'CM4 ARMC6 Condition' not fulfilled in pack 'STMicroelectronics.X-CUBE-AZRTOS-G4.2.0.0'
2026-02-23 22:46:30,821 [WARN] ThirdPartyIpManager:480 - Condition 'CM4 ARMC6 Condition' not fulfilled in pack 'STMicroelectronics.X-CUBE-AZRTOS-G4.2.0.0'
2026-02-23 22:46:30,821 [WARN] ThirdPartyIpManager:480 - Condition 'CM4 ARMC6 Condition' not fulfilled in pack 'STMicroelectronics.X-CUBE-AZRTOS-G4.2.0.0'
2026-02-23 22:46:30,821 [WARN] ThirdPartyIpManager:480 - Condition 'CM4 ARMC6 Condition' not fulfilled in pack 'STMicroelectronics.X-CUBE-AZRTOS-G4.2.0.0'
2026-02-23 22:46:31,221 [INFO] ProjectBuilder:9437 - Time for Copy ThirdParty[1] : 395mS.
2026-02-23 22:46:31,237 [INFO] ProjectBuilder:5216 - Project Generator version: 4.7.0-B52
2026-02-23 22:46:31,401 [INFO] ConfigFileManager:1595 - The Die is : DIE469
2026-02-23 22:46:31,420 [INFO] ApiDbMcu:532 - Load IP Config File for FATFS
2026-02-23 22:46:31,445 [INFO] ApiDbMcu:532 - Load IP Config File for FREERTOS
2026-02-23 22:46:31,469 [INFO] ApiDbMcu:532 - Load IP Config File for USBPD
2026-02-23 22:46:31,507 [INFO] ApiDbMcu:532 - Load IP Config File for USB_DEVICE
